Model comparasions/processedDataSets/Combined_Data.csv
,SELL_ID,SELL_CATEGORY,ITEM_NAME,CALENDAR_DATE,PRICE,QUANTITY,YEAR,HOLIDAY,IS_WEEKEND,IS_SCHOOLBREAK,AVERAGE_TEMPERATURE,IS_OUTDOOR
0,1070,0,BURGER,1/1/12,15.5,46,2012,New Year,1,0,24.8,0
8,1070,0,BURGER,1/1/13,15.5,60,2013,New Year,0,0,30.2,1
16,1070,0,BURGER,1/1/14,15.5,72,2014,New Year,0,0,19.4,0
24,1070,0,BURGER,1/1/15,14.0,66,2015,New Year,0,0,37.4,1
32,1070,0,BURGER,1/10/12,15.5,108,2012,No Holiday,0,0,24.8,0
40,1070,0,BURGER,1/10/13,15.5,104,2013,No Holiday,0,0,28.4,0
48,1070,0,BURGER,1/10/14,15.5,102,2014,No Holiday,0,0,24.8,0
56,1070,0,BURGER,1/10/15,14.0,80,2015,No Holiday,1,0,28.4,0
64,1070,0,BURGER,1/11/12,15.5,104,2012,No Holiday,0,0,21.2,0
72,1070,0,BURGER,1/11/13,15.5,102,2013,No Holiday,0,0,24.8,0
80,1070,0,BURGER,1/11/14,15.5,76,2014,No Holiday,1,0,30.2,0
88,1070,0,BURGER,1/11/15,14.0,72,2015,No Holiday,1,0,32.0,1
96,1070,0,BURGER,1/12/12,15.5,102,2012,No Holiday,0,0,24.8,0
104,1070,0,BURGER,1/12/13,15.5,74,2013,No Holiday,1,0,28.4,0
112,1070,0,BURGER,1/12/14,15.5,76,2014,No Holiday,1,0,28.4,0
120,1070,0,BURGER,1/12/15,14.0,122,2015,No Holiday,0,0,26.6,0
128,1070,0,BURGER,1/13/12,15.5,100,2012,No Holiday,0,0,26.6,0
136,1070,0,BURGER,1/13/13,15.5,70,2013,No Holiday,1,0,30.2,0
144,1070,0,BURGER,1/13/14,15.5,104,2014,No Holiday,0,0,28.4,0
152,1070,0,BURGER,1/13/15,14.0,116,2015,No Holiday,0,0,28.4,0
160,1070,0,BURGER,1/14/12,15.5,74,2012,No Holiday,1,0,23.0,0
168,1070,0,BURGER,1/14/13,15.5,100,2013,No Holiday,0,1,30.2,0
176,1070,0,BURGER,1/14/14,15.5,86,2014,No Holiday,0,0,28.4,1
184,1070,0,BURGER,1/14/15,14.0,122,2015,No Holiday,0,0,30.2,0
192,1070,0,BURGER,1/15/12,15.5,60,2012,No Holiday,1,0,32.0,1
200,1070,0,BURGER,1/15/13,15.5,100,2013,No Holiday,0,1,30.2,0
208,1070,0,BURGER,1/15/14,15.5,104,2014,No Holiday,0,0,26.6,0
216,1070,0,BURGER,1/15/15,14.0,104,2015,No Holiday,0,0,32.0,1
224,1070,0,BURGER,1/16/12,15.5,104,2012,No Holiday,0,0,23.0,0
232,1070,0,BURGER,1/16/13,15.5,84,2013,No Holiday,0,1,30.2,1
240,1070,0,BURGER,1/16/14,15.5,100,2014,No Holiday,0,0,24.8,0
248,1070,0,BURGER,1/16/15,14.0,100,2015,No Holiday,0,0,32.0,1
256,1070,0,BURGER,1/17/12,15.5,106,2012,No Holiday,0,0,23.0,0
264,1070,0,BURGER,1/17/13,15.5,82,2013,No Holiday,0,1,30.2,1
272,1070,0,BURGER,1/17/14,15.5,106,2014,No Holiday,0,0,26.6,0
280,1070,0,BURGER,1/17/15,14.0,78,2015,No Holiday,1,0,30.2,0
288,1070,0,BURGER,1/18/12,15.5,108,2012,No Holiday,0,0,23.0,0
296,1070,0,BURGER,1/18/13,15.5,84,2013,No Holiday,0,1,32.0,1
304,1070,0,BURGER,1/18/14,15.5,70,2014,No Holiday,1,0,28.4,0
312,1070,0,BURGER,1/18/15,14.0,68,2015,No Holiday,1,0,33.8,1
320,1070,0,BURGER,1/19/12,15.5,100,2012,No Holiday,0,0,24.8,0
328,1070,0,BURGER,1/19/13,15.5,58,2013,No Holiday,1,1,28.4,1
336,1070,0,BURGER,1/19/14,15.5,56,2014,No Holiday,1,0,30.2,1
344,1070,0,BURGER,1/19/15,14.0,100,2015,No Holiday,0,1,33.8,1
352,1070,0,BURGER,1/2/12,15.5,70,2012,New Year,0,0,24.8,0
360,1070,0,BURGER,1/2/13,15.5,68,2013,New Year,0,0,28.4,0
368,1070,0,BURGER,1/2/14,15.5,76,2014,New Year,0,0,14.0,0
376,1070,0,BURGER,1/2/15,14.0,102,2015,No Holiday,0,0,37.4,1
384,1070,0,BURGER,1/20/12,15.5,100,2012,No Holiday,0,0,26.6,0
392,1070,0,BURGER,1/20/13,15.5,70,2013,No Holiday,1,1,23.0,0
400,1070,0,BURGER,1/20/14,15.5,104,2014,No Holiday,0,0,24.8,0
408,1070,0,BURGER,1/20/15,14.0,100,2015,No Holiday,0,1,30.2,1
416,1070,0,BURGER,1/21/12,15.5,70,2012,No Holiday,1,0,26.6,0
424,1070,0,BURGER,1/21/13,15.5,100,2013,No Holiday,0,1,19.4,0
432,1070,0,BURGER,1/21/14,15.5,104,2014,No Holiday,0,0,28.4,0
440,1070,0,BURGER,1/21/15,14.0,118,2015,No Holiday,0,1,32.0,0
448,1070,0,BURGER,1/22/12,15.5,74,2012,No Holiday,1,0,24.8,0
456,1070,0,BURGER,1/22/13,15.5,74,2013,Luner New Year,0,1,17.6,0
464,1070,0,BURGER,1/22/14,15.5,108,2014,No Holiday,0,0,28.4,0
472,1070,0,BURGER,1/22/15,14.0,100,2015,No Holiday,0,1,32.0,1
480,1070,0,BURGER,1/23/12,15.5,108,2012,No Holiday,0,0,23.0,0
488,1070,0,BURGER,1/23/13,15.5,68,2013,Luner New Year,0,1,21.2,0
496,1070,0,BURGER,1/23/14,15.5,106,2014,No Holiday,0,0,28.4,0
504,1070,0,BURGER,1/23/15,14.0,96,2015,No Holiday,0,1,32.0,1
512,1070,0,BURGER,1/24/12,15.5,100,2012,No Holiday,0,0,24.8,0
520,1070,0,BURGER,1/24/13,15.5,74,2013,Luner New Year,0,1,23.0,0
528,1070,0,BURGER,1/24/14,15.5,104,2014,No Holiday,0,0,26.6,0
536,1070,0,BURGER,1/24/15,14.0,70,2015,No Holiday,1,1,35.6,1
544,1070,0,BURGER,1/25/12,15.5,100,2012,No Holiday,0,0,23.0,0
552,1070,0,BURGER,1/25/13,15.5,68,2013,Luner New Year,0,1,23.0,0
560,1070,0,BURGER,1/25/14,15.5,74,2014,No Holiday,1,1,24.8,0
568,1070,0,BURGER,1/25/15,14.0,70,2015,No Holiday,1,1,33.8,1
576,1070,0,BURGER,1/26/12,15.5,106,2012,No Holiday,0,0,24.8,0
584,1070,0,BURGER,1/26/13,15.5,54,2013,Luner New Year,1,1,26.6,0
592,1070,0,BURGER,1/26/14,15.5,70,2014,No Holiday,1,1,26.6,0
600,1070,0,BURGER,1/26/15,14.0,104,2015,No Holiday,0,1,32.0,1
608,1070,0,BURGER,1/27/12,15.5,86,2012,No Holiday,0,0,32.0,1
616,1070,0,BURGER,1/27/13,15.5,46,2013,Luner New Year,1,1,26.6,0
624,1070,0,BURGER,1/27/14,15.5,108,2014,No Holiday,0,1,28.4,0
632,1070,0,BURGER,1/27/15,14.0,96,2015,No Holiday,0,1,35.6,1
640,1070,0,BURGER,1/28/12,15.5,62,2012,No Holiday,1,0,32.0,1
648,1070,0,BURGER,1/28/13,15.5,68,2013,Luner New Year,0,1,23.0,0
656,1070,0,BURGER,1/28/14,15.5,86,2014,No Holiday,0,1,32.0,1
664,1070,0,BURGER,1/28/15,14.0,96,2015,No Holiday,0,1,32.0,1
672,1070,0,BURGER,1/29/12,15.5,70,2012,No Holiday,1,0,23.0,0
680,1070,0,BURGER,1/29/13,15.5,108,2013,No Holiday,0,1,23.0,0
688,1070,0,BURGER,1/29/14,15.5,90,2014,No Holiday,0,1,32.0,1
696,1070,0,BURGER,1/29/15,14.0,96,2015,No Holiday,0,1,33.8,1
704,1070,0,BURGER,1/3/12,15.5,62,2012,New Year,0,0,32.0,1
712,1070,0,BURGER,1/3/13,15.5,70,2013,New Year,0,0,26.6,0
720,1070,0,BURGER,1/3/14,15.5,68,2014,New Year,0,0,17.6,0
728,1070,0,BURGER,1/3/15,14.0,68,2015,No Holiday,1,0,35.6,1
736,1070,0,BURGER,1/30/12,15.5,106,2012,No Holiday,0,0,28.4,0
744,1070,0,BURGER,1/30/13,15.5,104,2013,No Holiday,0,1,23.0,0
752,1070,0,BURGER,1/30/14,15.5,88,2014,No Holiday,0,1,30.2,1
760,1070,0,BURGER,1/30/15,14.0,96,2015,No Holiday,0,1,33.8,1
768,1070,0,BURGER,1/31/12,15.5,84,2012,No Holiday,0,0,32.0,1
776,1070,0,BURGER,1/31/13,15.5,108,2013,No Holiday,0,1,23.0,0
784,1070,0,BURGER,1/31/14,15.5,84,2014,No Holiday,0,1,30.2,1
792,1070,0,BURGER,1/31/15,14.0,50,2015,Luner New Year,1,1,33.8,1
800,1070,0,BURGER,1/4/12,15.5,88,2012,No Holiday,0,0,32.0,1
808,1070,0,BURGER,1/4/13,15.5,100,2013,No Holiday,0,0,24.8,0
816,1070,0,BURGER,1/4/14,15.5,74,2014,No Holiday,1,0,21.2,0
824,1070,0,BURGER,1/4/15,14.0,70,2015,No Holiday,1,0,32.0,1
832,1070,0,BURGER,1/5/12,15.5,104,2012,No Holiday,0,0,24.8,0
840,1070,0,BURGER,1/5/13,15.5,68,2013,No Holiday,1,0,26.6,0
848,1070,0,BURGER,1/5/14,15.5,70,2014,No Holiday,1,0,19.4,0
856,1070,0,BURGER,1/5/15,14.0,104,2015,No Holiday,0,0,33.8,1
864,1070,0,BURGER,1/6/12,15.5,100,2012,No Holiday,0,0,23.0,0
872,1070,0,BURGER,1/6/13,15.5,72,2013,No Holiday,1,0,26.6,0
880,1070,0,BURGER,1/6/14,15.5,108,2014,No Holiday,0,0,21.2,0
888,1070,0,BURGER,1/6/15,14.0,98,2015,No Holiday,0,0,32.0,1
896,1070,0,BURGER,1/7/12,15.5,70,2012,No Holiday,1,0,26.6,0
904,1070,0,BURGER,1/7/13,15.5,100,2013,No Holiday,0,0,26.6,0
912,1070,0,BURGER,1/7/14,15.5,100,2014,No Holiday,0,0,24.8,0
920,1070,0,BURGER,1/7/15,14.0,104,2015,No Holiday,0,0,32.0,1
928,1070,0,BURGER,1/8/12,15.5,70,2012,No Holiday,1,0,26.6,0
936,1070,0,BURGER,1/8/13,15.5,100,2013,No Holiday,0,0,26.6,0
944,1070,0,BURGER,1/8/14,15.5,104,2014,No Holiday,0,0,21.2,0
952,1070,0,BURGER,1/8/15,14.0,120,2015,No Holiday,0,0,24.8,0
960,1070,0,BURGER,1/9/12,15.5,106,2012,No Holiday,0,0,23.0,0
968,1070,0,BURGER,1/9/13,15.5,102,2013,No Holiday,0,0,28.4,0
976,1070,0,BURGER,1/9/14,15.5,102,2014,No Holiday,0,0,23.0,0
984,1070,0,BURGER,1/9/15,14.0,124,2015,No Holiday,0,0,24.8,0
992,1070,0,BURGER,10/1/12,15.0,58,2012,National Day,0,0,59.0,1
1000,1070,0,BURGER,10/1/13,14.0,66,2013,National Day,0,0,66.2,1
1008,1070,0,BURGER,10/1/14,15.5,64,2014,National Day,0,0,59.0,1
1016,1070,0,BURGER,10/10/12,15.0,94,2012,No Holiday,0,0,62.6,1
1024,1070,0,BURGER,10/10/13,14.0,96,2013,No Holiday,0,0,59.0,1
1032,1070,0,BURGER,10/10/14,15.5,88,2014,No Holiday,0,0,60.8,1
1040,1070,0,BURGER,10/11/12,15.0,92,2012,No Holiday,0,0,62.6,1
1048,1070,0,BURGER,10/11/13,14.0,100,2013,No Holiday,0,0,60.8,1
1056,1070,0,BURGER,10/11/14,15.5,60,2014,No Holiday,1,0,62.6,1
1064,1070,0,BURGER,10/12/12,15.0,88,2012,No Holiday,0,0,62.6,1
1072,1070,0,BURGER,10/12/13,14.0,64,2013,No Holiday,1,0,64.4,1
1080,1070,0,BURGER,10/12/14,15.5,58,2014,No Holiday,1,0,64.4,1
1088,1070,0,BURGER,10/13/12,15.0,64,2012,No Holiday,1,0,59.0,1
1096,1070,0,BURGER,10/13/13,14.0,70,2013,No Holiday,1,0,55.4,1
1104,1070,0,BURGER,10/13/14,15.5,88,2014,No Holiday,0,0,59.0,1
1112,1070,0,BURGER,10/14/12,15.0,64,2012,No Holiday,1,0,57.2,1
1120,1070,0,BURGER,10/14/13,14.0,104,2013,No Holiday,0,0,55.4,1
1128,1070,0,BURGER,10/14/14,15.5,90,2014,No Holiday,0,0,48.2,1
1136,1070,0,BURGER,10/15/12,15.0,86,2012,No Holiday,0,0,59.0,1
1144,1070,0,BURGER,10/15/13,14.0,96,2013,No Holiday,0,0,55.4,1
1152,1070,0,BURGER,10/15/14,15.5,84,2014,No Holiday,0,0,48.2,1
1160,1070,0,BURGER,10/16/12,15.0,94,2012,No Holiday,0,0,57.2,1
1168,1070,0,BURGER,10/16/13,14.0,98,2013,No Holiday,0,0,51.8,1
1176,1070,0,BURGER,10/16/14,15.5,90,2014,No Holiday,0,0,53.6,1
1184,1070,0,BURGER,10/17/12,15.0,94,2012,No Holiday,0,0,57.2,1
1192,1070,0,BURGER,10/17/13,14.0,100,2013,No Holiday,0,0,51.8,1
1200,1070,0,BURGER,10/17/14,15.5,86,2014,No Holiday,0,0,55.4,1
1208,1070,0,BURGER,10/18/12,15.0,90,2012,No Holiday,0,0,59.0,1
1216,1070,0,BURGER,10/18/13,14.0,96,2013,No Holiday,0,0,55.4,1
1224,1070,0,BURGER,10/18/14,15.5,62,2014,No Holiday,1,0,55.4,1
1232,1070,0,BURGER,10/19/12,15.0,90,2012,No Holiday,0,0,59.0,1
1240,1070,0,BURGER,10/19/13,14.0,70,2013,No Holiday,1,0,57.2,1
1248,1070,0,BURGER,10/19/14,15.5,62,2014,No Holiday,1,0,51.8,1
1256,1070,0,BURGER,10/2/12,15.0,58,2012,National Day,0,0,57.2,1
1264,1070,0,BURGER,10/2/13,14.0,66,2013,National Day,0,0,68.0,1
1272,1070,0,BURGER,10/2/14,15.5,58,2014,National Day,0,0,62.6,1
1280,1070,0,BURGER,10/20/12,15.0,64,2012,No Holiday,1,0,60.8,1
1288,1070,0,BURGER,10/20/13,14.0,68,2013,No Holiday,1,0,59.0,1
1296,1070,0,BURGER,10/20/14,15.5,90,2014,No Holiday,0,0,55.4,1
1304,1070,0,BURGER,10/21/12,15.0,64,2012,No Holiday,1,0,57.2,1
1312,1070,0,BURGER,10/21/13,14.0,100,2013,No Holiday,0,0,51.8,1
1320,1070,0,BURGER,10/21/14,15.5,88,2014,No Holiday,0,0,53.6,1
1328,1070,0,BURGER,10/22/12,15.0,90,2012,No Holiday,0,0,60.8,1
1336,1070,0,BURGER,10/22/13,14.0,102,2013,No Holiday,0,0,50.0,1
1344,1070,0,BURGER,10/22/14,15.5,86,2014,No Holiday,0,0,50.0,1
1352,1070,0,BURGER,10/23/12,15.0,90,2012,No Holiday,0,0,50.0,1
1360,1070,0,BURGER,10/23/13,14.0,100,2013,No Holiday,0,0,55.4,1
1368,1070,0,BURGER,10/23/14,15.5,90,2014,No Holiday,0,0,48.2,1
1376,1070,0,BURGER,10/24/12,15.0,88,2012,No Holiday,0,0,46.4,1
1384,1070,0,BURGER,10/24/13,14.0,102,2013,No Holiday,0,0,57.2,1
1392,1070,0,BURGER,10/24/14,15.5,86,2014,No Holiday,0,0,50.0,1
1400,1070,0,BURGER,10/25/12,15.0,86,2012,No Holiday,0,0,50.0,1
1408,1070,0,BURGER,10/25/13,14.0,98,2013,No Holiday,0,0,59.0,1
1416,1070,0,BURGER,10/25/14,15.5,62,2014,No Holiday,1,0,51.8,1
1424,1070,0,BURGER,10/26/12,15.0,92,2012,No Holiday,0,0,48.2,1
1432,1070,0,BURGER,10/26/13,14.0,72,2013,No Holiday,1,0,57.2,1
1440,1070,0,BURGER,10/26/14,15.5,64,2014,No Holiday,1,0,53.6,1
1448,1070,0,BURGER,10/27/12,15.0,64,2012,No Holiday,1,0,50.0,1
1456,1070,0,BURGER,10/27/13,14.0,66,2013,No Holiday,1,0,57.2,1
1464,1070,0,BURGER,10/27/14,15.5,82,2014,No Holiday,0,0,53.6,1
1472,1070,0,BURGER,10/28/12,15.0,62,2012,No Holiday,1,0,51.8,1
1480,1070,0,BURGER,10/28/13,14.0,104,2013,No Holiday,0,0,53.6,1
1488,1070,0,BURGER,10/28/14,15.5,90,2014,No Holiday,0,0,51.8,1
1496,1070,0,BURGER,10/29/12,15.0,92,2012,No Holiday,0,0,53.6,1
1504,1070,0,BURGER,10/29/13,14.0,102,2013,No Holiday,0,0,46.4,1
1512,1070,0,BURGER,10/29/14,15.5,82,2014,No Holiday,0,0,48.2,1
1520,1070,0,BURGER,10/3/12,15.0,64,2012,National Day,0,0,57.2,1
1528,1070,0,BURGER,10/3/13,14.0,70,2013,National Day,0,0,66.2,1
1536,1070,0,BURGER,10/3/14,15.5,56,2014,National Day,0,0,60.8,1
1544,1070,0,BURGER,10/30/12,15.0,86,2012,No Holiday,0,0,53.6,1
1552,1070,0,BURGER,10/30/13,14.0,104,2013,No Holiday,0,0,44.6,1
1560,1070,0,BURGER,10/30/14,15.5,82,2014,No Holiday,0,0,50.0,1
1568,1070,0,BURGER,10/31/12,15.0,94,2012,No Holiday,0,0,53.6,1
1576,1070,0,BURGER,10/31/13,14.0,98,2013,No Holiday,0,0,44.6,1
1584,1070,0,BURGER,10/31/14,15.5,86,2014,No Holiday,0,0,48.2,1
1592,1070,0,BURGER,10/4/12,15.0,66,2012,National Day,0,0,60.8,1
1600,1070,0,BURGER,10/4/13,14.0,70,2013,National Day,0,0,66.2,1
1608,1070,0,BURGER,10/4/14,15.5,44,2014,National Day,1,0,64.4,1
1616,1070,0,BURGER,10/5/12,15.0,60,2012,National Day,0,0,62.6,1
1624,1070,0,BURGER,10/5/13,14.0,48,2013,National Day,1,0,62.6,1
1632,1070,0,BURGER,10/5/14,15.5,42,2014,National Day,1,0,64.4,1
1640,1070,0,BURGER,10/6/12,15.0,42,2012,National Day,1,0,62.6,1
1648,1070,0,BURGER,10/6/13,14.0,50,2013,National Day,1,0,64.4,1
1656,1070,0,BURGER,10/6/14,15.5,58,2014,National Day,0,0,62.6,1
1664,1070,0,BURGER,10/7/12,15.0,48,2012,National Day,1,0,64.4,1
1672,1070,0,BURGER,10/7/13,14.0,66,2013,National Day,0,0,64.4,1
1680,1070,0,BURGER,10/7/14,15.5,76,2014,National Day,0,0,64.4,0
1688,1070,0,BURGER,10/8/12,15.0,86,2012,No Holiday,0,0,66.2,1
1696,1070,0,BURGER,10/8/13,14.0,100,2013,No Holiday,0,0,66.2,1
1704,1070,0,BURGER,10/8/14,15.5,104,2014,No Holiday,0,0,62.6,0
1712,1070,0,BURGER,10/9/12,15.0,94,2012,No Holiday,0,0,66.2,1
1720,1070,0,BURGER,10/9/13,14.0,98,2013,No Holiday,0,0,60.8,1
1728,1070,0,BURGER,10/9/14,15.5,90,2014,No Holiday,0,0,66.2,1
1736,1070,0,BURGER,11/1/12,15.0,94,2012,No Holiday,0,0,51.8,1
1744,1070,0,BURGER,11/1/13,14.0,96,2013,No Holiday,0,0,48.2,1
1752,1070,0,BURGER,11/1/14,15.5,60,2014,No Holiday,1,0,46.4,1
1760,1070,0,BURGER,11/10/12,15.0,60,2012,No Holiday,1,0,48.2,1
1768,1070,0,BURGER,11/10/13,14.0,72,2013,No Holiday,1,0,35.6,1
1776,1070,0,BURGER,11/10/14,15.5,86,2014,No Holiday,0,0,42.8,1
1784,1070,0,BURGER,11/11/12,15.0,62,2012,No Holiday,1,0,50.0,1
1792,1070,0,BURGER,11/11/13,14.0,102,2013,No Holiday,0,0,35.6,1
1800,1070,0,BURGER,11/11/14,15.5,86,2014,No Holiday,0,0,44.6,1
1808,1070,0,BURGER,11/12/12,15.0,90,2012,No Holiday,0,0,46.4,1
1816,1070,0,BURGER,11/12/13,14.0,96,2013,No Holiday,0,0,37.4,1
1824,1070,0,BURGER,11/12/14,15.5,84,2014,No Holiday,0,0,44.6,1
1832,1070,0,BURGER,11/13/12,15.0,86,2012,No Holiday,0,0,42.8,1
1840,1070,0,BURGER,11/13/13,14.0,98,2013,No Holiday,0,0,35.6,1
1848,1070,0,BURGER,11/13/14,15.5,82,2014,No Holiday,0,0,46.4,1
1856,1070,0,BURGER,11/14/12,15.0,88,2012,No Holiday,0,0,44.6,1
1864,1070,0,BURGER,11/14/13,14.0,104,2013,No Holiday,0,0,37.4,1
1872,1070,0,BURGER,11/14/14,15.5,88,2014,No Holiday,0,0,44.6,1
1880,1070,0,BURGER,11/15/12,15.0,86,2012,No Holiday,0,0,44.6,1
1888,1070,0,BURGER,11/15/13,14.0,96,2013,No Holiday,0,0,39.2,1
1896,1070,0,BURGER,11/15/14,15.5,62,2014,No Holiday,1,0,48.2,1
1904,1070,0,BURGER,11/16/12,15.0,86,2012,No Holiday,0,0,46.4,1
1912,1070,0,BURGER,11/16/13,14.0,70,2013,No Holiday,1,0,39.2,1
1920,1070,0,BURGER,11/16/14,15.5,62,2014,No Holiday,1,0,42.8,1
1928,1070,0,BURGER,11/17/12,15.0,62,2012,No Holiday,1,0,41.0,1
1936,1070,0,BURGER,11/17/13,14.0,72,2013,No Holiday,1,0,39.2,1
1944,1070,0,BURGER,11/17/14,15.5,88,2014,No Holiday,0,0,39.2,1
1952,1070,0,BURGER,11/18/12,15.0,66,2012,No Holiday,1,0,44.6,1
1960,1070,0,BURGER,11/18/13,14.0,100,2013,No Holiday,0,0,42.8,1
1968,1070,0,BURGER,11/18/14,15.5,82,2014,No Holiday,0,0,39.2,1
1976,1070,0,BURGER,11/19/12,15.0,92,2012,No Holiday,0,0,37.4,1
1984,1070,0,BURGER,11/19/13,14.0,98,2013,No Holiday,0,0,39.2,1
1992,1070,0,BURGER,11/19/14,15.5,86,2014,No Holiday,0,0,39.2,1
2000,1070,0,BURGER,11/2/12,15.0,94,2012,No Holiday,0,0,53.6,1
2008,1070,0,BURGER,11/2/13,14.0,72,2013,No Holiday,1,0,50.0,1
2016,1070,0,BURGER,11/2/14,15.5,60,2014,No Holiday,1,0,51.8,1
2024,1070,0,BURGER,11/20/12,15.0,92,2012,No Holiday,0,0,37.4,1
2032,1070,0,BURGER,11/20/13,14.0,104,2013,No Holiday,0,0,39.2,1
2040,1070,0,BURGER,11/20/14,15.5,84,2014,No Holiday,0,0,39.2,1
2048,1070,0,BURGER,11/21/12,15.0,86,2012,No Holiday,0,0,41.0,1
2056,1070,0,BURGER,11/21/13,14.0,104,2013,No Holiday,0,0,41.0,1
2064,1070,0,BURGER,11/21/14,15.5,84,2014,No Holiday,0,0,39.2,1
2072,1070,0,BURGER,11/22/12,15.0,94,2012,No Holiday,0,0,39.2,1
2080,1070,0,BURGER,11/22/13,14.0,98,2013,No Holiday,0,0,35.6,1
2088,1070,0,BURGER,11/22/14,15.5,56,2014,No Holiday,1,0,41.0,1
2096,1070,0,BURGER,11/23/12,15.0,90,2012,No Holiday,0,0,33.8,1
2104,1070,0,BURGER,11/23/13,14.0,64,2013,No Holiday,1,0,32.0,1
2112,1070,0,BURGER,11/23/14,15.5,58,2014,No Holiday,1,0,44.6,1
2120,1070,0,BURGER,11/24/12,15.0,64,2012,No Holiday,1,0,35.6,1
2128,1070,0,BURGER,11/24/13,14.0,72,2013,No Holiday,1,0,35.6,1
2136,1070,0,BURGER,11/24/14,15.5,90,2014,No Holiday,0,0,39.2,1
2144,1070,0,BURGER,11/25/12,15.0,66,2012,No Holiday,1,0,37.4,1
2152,1070,0,BURGER,11/25/13,14.0,104,2013,No Holiday,0,0,37.4,1
2160,1070,0,BURGER,11/25/14,15.5,82,2014,No Holiday,0,0,35.6,1
2168,1070,0,BURGER,11/26/12,15.0,86,2012,No Holiday,0,0,39.2,1
2176,1070,0,BURGER,11/26/13,14.0,96,2013,No Holiday,0,0,33.8,1
2184,1070,0,BURGER,11/26/14,15.5,88,2014,No Holiday,0,0,33.8,1
2192,1070,0,BURGER,11/27/12,15.0,90,2012,No Holiday,0,0,37.4,1
2200,1070,0,BURGER,11/27/13,14.0,102,2013,No Holiday,0,0,35.6,1
2208,1070,0,BURGER,11/27/14,15.5,88,2014,No Holiday,0,0,28.4,1
2216,1070,0,BURGER,11/28/12,15.0,94,2012,No Holiday,0,0,35.6,1
2224,1070,0,BURGER,11/28/13,14.0,124,2013,No Holiday,0,0,32.0,0
2232,1070,0,BURGER,11/28/14,15.5,86,2014,No Holiday,0,0,33.8,1
2240,1070,0,BURGER,11/29/12,15.0,92,2012,No Holiday,0,0,32.0,1
2248,1070,0,BURGER,11/29/13,14.0,98,2013,No Holiday,0,0,32.0,1
2256,1070,0,BURGER,11/29/14,15.5,58,2014,No Holiday,1,0,41.0,1
2264,1070,0,BURGER,11/3/12,15.0,58,2012,No Holiday,1,0,51.8,1
2272,1070,0,BURGER,11/3/13,14.0,70,2013,No Holiday,1,0,41.0,1
