Model comparasions/processedDataSets/Combined_Data.csv
,SELL_ID,SELL_CATEGORY,ITEM_NAME,CALENDAR_DATE,PRICE,QUANTITY,YEAR,HOLIDAY,IS_WEEKEND,IS_SCHOOLBREAK,AVERAGE_TEMPERATURE,IS_OUTDOOR
2280,1070,0,BURGER,11/3/14,15.5,88,2014,No Holiday,0,0,50.0,1
2288,1070,0,BURGER,11/30/12,15.0,90,2012,No Holiday,0,0,32.0,1
2296,1070,0,BURGER,11/30/13,14.0,78,2013,No Holiday,1,0,28.4,0
2304,1070,0,BURGER,11/30/14,15.5,60,2014,No Holiday,1,0,37.4,1
2312,1070,0,BURGER,11/4/12,15.0,64,2012,No Holiday,1,0,51.8,1
2320,1070,0,BURGER,11/4/13,14.0,102,2013,No Holiday,0,0,35.6,1
2328,1070,0,BURGER,11/4/14,15.5,84,2014,No Holiday,0,0,51.8,1
2336,1070,0,BURGER,11/5/12,15.0,88,2012,No Holiday,0,0,53.6,1
2344,1070,0,BURGER,11/5/13,14.0,102,2013,No Holiday,0,0,39.2,1
2352,1070,0,BURGER,11/5/14,15.5,86,2014,No Holiday,0,0,50.0,1
2360,1070,0,BURGER,11/6/12,15.0,86,2012,No Holiday,0,0,51.8,1
2368,1070,0,BURGER,11/6/13,14.0,96,2013,No Holiday,0,0,41.0,1
2376,1070,0,BURGER,11/6/14,15.5,82,2014,No Holiday,0,0,50.0,1
2384,1070,0,BURGER,11/7/12,15.0,86,2012,No Holiday,0,0,50.0,1
2392,1070,0,BURGER,11/7/13,14.0,104,2013,No Holiday,0,0,41.0,1
2400,1070,0,BURGER,11/7/14,15.5,84,2014,No Holiday,0,0,48.2,1
2408,1070,0,BURGER,11/8/12,15.0,88,2012,No Holiday,0,0,46.4,1
2416,1070,0,BURGER,11/8/13,14.0,104,2013,No Holiday,0,0,42.8,1
2424,1070,0,BURGER,11/8/14,15.5,56,2014,No Holiday,1,0,48.2,1
2432,1070,0,BURGER,11/9/12,15.0,90,2012,No Holiday,0,0,46.4,1
2440,1070,0,BURGER,11/9/13,14.0,64,2013,No Holiday,1,0,42.8,1
2448,1070,0,BURGER,11/9/14,15.5,62,2014,No Holiday,1,0,46.4,1
2456,1070,0,BURGER,12/1/12,15.0,60,2012,No Holiday,1,0,33.8,1
2464,1070,0,BURGER,12/1/13,14.0,80,2013,No Holiday,1,0,28.4,0
2472,1070,0,BURGER,12/1/14,15.5,86,2014,No Holiday,0,0,39.2,1
2480,1070,0,BURGER,12/10/12,15.0,92,2012,No Holiday,0,0,32.0,1
2488,1070,0,BURGER,12/10/13,14.0,116,2013,No Holiday,0,0,24.8,0
2496,1070,0,BURGER,12/10/14,15.5,86,2014,No Holiday,0,0,33.8,1
2504,1070,0,BURGER,12/11/12,15.0,86,2012,No Holiday,0,0,33.8,1
2512,1070,0,BURGER,12/11/13,14.0,122,2013,No Holiday,0,0,26.6,0
2520,1070,0,BURGER,12/11/14,15.5,82,2014,No Holiday,0,0,33.8,1
2528,1070,0,BURGER,12/12/12,15.0,90,2012,No Holiday,0,0,35.6,1
2536,1070,0,BURGER,12/12/13,14.0,98,2013,No Holiday,0,0,30.2,1
2544,1070,0,BURGER,12/12/14,15.5,102,2014,No Holiday,0,0,30.2,0
2552,1070,0,BURGER,12/13/12,15.0,90,2012,No Holiday,0,0,32.0,1
2560,1070,0,BURGER,12/13/13,14.0,104,2013,No Holiday,0,0,30.2,1
2568,1070,0,BURGER,12/13/14,15.5,60,2014,No Holiday,1,0,32.0,1
2576,1070,0,BURGER,12/14/12,15.0,106,2012,No Holiday,0,0,28.4,0
2584,1070,0,BURGER,12/14/13,14.0,64,2013,No Holiday,1,0,30.2,1
2592,1070,0,BURGER,12/14/14,15.5,68,2014,No Holiday,1,0,32.0,0
2600,1070,0,BURGER,12/15/12,15.0,78,2012,No Holiday,1,0,24.8,0
2608,1070,0,BURGER,12/15/13,14.0,66,2013,No Holiday,1,0,32.0,1
2616,1070,0,BURGER,12/15/14,15.5,82,2014,No Holiday,0,0,32.0,1
2624,1070,0,BURGER,12/16/12,15.0,74,2012,No Holiday,1,0,26.6,0
2632,1070,0,BURGER,12/16/13,14.0,102,2013,No Holiday,0,0,32.0,1
2640,1070,0,BURGER,12/16/14,14.0,98,2014,No Holiday,0,0,30.2,1
2648,1070,0,BURGER,12/17/12,15.0,110,2012,No Holiday,0,0,26.6,0
2656,1070,0,BURGER,12/17/13,14.0,116,2013,No Holiday,0,0,23.0,0
2664,1070,0,BURGER,12/17/14,14.0,124,2014,No Holiday,0,0,28.4,0
2672,1070,0,BURGER,12/18/12,15.0,110,2012,No Holiday,0,0,28.4,0
2680,1070,0,BURGER,12/18/13,14.0,118,2013,No Holiday,0,0,26.6,0
2688,1070,0,BURGER,12/18/14,14.0,116,2014,No Holiday,0,0,28.4,0
2696,1070,0,BURGER,12/19/12,15.0,86,2012,No Holiday,0,0,30.2,1
2704,1070,0,BURGER,12/19/13,14.0,124,2013,No Holiday,0,0,26.6,0
2712,1070,0,BURGER,12/19/14,14.0,122,2014,No Holiday,0,0,26.6,0
2720,1070,0,BURGER,12/2/12,15.0,66,2012,No Holiday,1,0,32.0,1
2728,1070,0,BURGER,12/2/13,14.0,96,2013,No Holiday,0,0,30.2,1
2736,1070,0,BURGER,12/2/14,15.5,90,2014,No Holiday,0,0,41.0,1
2744,1070,0,BURGER,12/20/12,15.0,94,2012,No Holiday,0,0,30.2,1
2752,1070,0,BURGER,12/20/13,14.0,102,2013,No Holiday,0,0,26.6,1
2760,1070,0,BURGER,12/20/14,14.0,78,2014,No Holiday,1,0,28.4,0
2768,1070,0,BURGER,12/21/12,15.0,110,2012,No Holiday,0,0,28.4,0
2776,1070,0,BURGER,12/21/13,15.5,72,2013,No Holiday,1,0,24.8,0
2784,1070,0,BURGER,12/21/14,14.0,84,2014,No Holiday,1,0,28.4,0
2792,1070,0,BURGER,12/22/12,15.0,78,2012,No Holiday,1,0,28.4,0
2800,1070,0,BURGER,12/22/13,15.5,60,2013,No Holiday,1,0,32.0,1
2808,1070,0,BURGER,12/22/14,14.0,116,2014,No Holiday,0,0,30.2,0
2816,1070,0,BURGER,12/23/12,15.0,58,2012,No Holiday,1,0,30.2,1
2824,1070,0,BURGER,12/23/13,15.5,102,2013,No Holiday,0,0,14.0,0
2832,1070,0,BURGER,12/23/14,14.0,122,2014,No Holiday,0,0,30.2,0
2840,1070,0,BURGER,12/24/12,15.0,110,2012,No Holiday,0,0,30.2,0
2848,1070,0,BURGER,12/24/13,15.5,108,2013,No Holiday,0,0,21.2,0
2856,1070,0,BURGER,12/24/14,14.0,116,2014,No Holiday,0,0,30.2,0
2864,1070,0,BURGER,12/25/12,15.0,112,2012,No Holiday,0,0,30.2,0
2872,1070,0,BURGER,12/25/13,15.5,108,2013,No Holiday,0,0,21.2,0
2880,1070,0,BURGER,12/25/14,14.0,100,2014,No Holiday,0,0,32.0,1
2888,1070,0,BURGER,12/26/12,15.0,90,2012,No Holiday,0,0,30.2,1
2896,1070,0,BURGER,12/26/13,15.5,104,2013,No Holiday,0,0,21.2,0
2904,1070,0,BURGER,12/26/14,14.0,120,2014,No Holiday,0,0,26.6,0
2912,1070,0,BURGER,12/27/12,15.5,88,2012,No Holiday,0,0,30.2,1
2920,1070,0,BURGER,12/27/13,15.5,108,2013,No Holiday,0,0,21.2,0
2928,1070,0,BURGER,12/27/14,14.0,82,2014,No Holiday,1,0,28.4,0
2936,1070,0,BURGER,12/28/12,15.5,108,2012,No Holiday,0,0,30.2,0
2944,1070,0,BURGER,12/28/13,15.5,68,2013,No Holiday,1,0,21.2,0
2952,1070,0,BURGER,12/28/14,14.0,80,2014,No Holiday,1,0,28.4,0
2960,1070,0,BURGER,12/29/12,15.5,58,2012,No Holiday,1,0,26.6,1
2968,1070,0,BURGER,12/29/13,15.5,68,2013,No Holiday,1,0,21.2,0
2976,1070,0,BURGER,12/29/14,14.0,120,2014,No Holiday,0,0,32.0,0
2984,1070,0,BURGER,12/3/12,15.0,92,2012,No Holiday,0,0,32.0,1
2992,1070,0,BURGER,12/3/13,14.0,120,2013,No Holiday,0,0,28.4,0
3000,1070,0,BURGER,12/3/14,15.5,90,2014,No Holiday,0,0,42.8,1
3008,1070,0,BURGER,12/30/12,15.5,62,2012,No Holiday,1,0,28.4,1
3016,1070,0,BURGER,12/30/13,15.5,106,2013,No Holiday,0,0,21.2,0
3024,1070,0,BURGER,12/30/14,14.0,96,2014,No Holiday,0,0,33.8,1
3032,1070,0,BURGER,12/31/12,15.5,102,2012,No Holiday,0,0,30.2,0
3040,1070,0,BURGER,12/31/13,15.5,104,2013,No Holiday,0,0,21.2,0
3048,1070,0,BURGER,12/31/14,14.0,96,2014,No Holiday,0,0,35.6,1
3056,1070,0,BURGER,12/4/12,15.0,88,2012,No Holiday,0,0,33.8,1
3064,1070,0,BURGER,12/4/13,14.0,96,2013,No Holiday,0,0,28.4,1
3072,1070,0,BURGER,12/4/14,15.5,84,2014,No Holiday,0,0,42.8,1
3080,1070,0,BURGER,12/5/12,15.0,90,2012,No Holiday,0,0,32.0,1
3088,1070,0,BURGER,12/5/13,14.0,118,2013,No Holiday,0,0,23.0,0
3096,1070,0,BURGER,12/5/14,15.5,88,2014,No Holiday,0,0,39.2,1
3104,1070,0,BURGER,12/6/12,15.0,94,2012,No Holiday,0,0,32.0,1
3112,1070,0,BURGER,12/6/13,14.0,118,2013,No Holiday,0,0,24.8,0
3120,1070,0,BURGER,12/6/14,15.5,64,2014,No Holiday,1,0,39.2,1
3128,1070,0,BURGER,12/7/12,15.0,110,2012,No Holiday,0,0,30.2,0
3136,1070,0,BURGER,12/7/13,14.0,84,2013,No Holiday,1,0,23.0,0
3144,1070,0,BURGER,12/7/14,15.5,64,2014,No Holiday,1,0,39.2,1
3152,1070,0,BURGER,12/8/12,15.0,76,2012,No Holiday,1,0,24.8,0
3160,1070,0,BURGER,12/8/13,14.0,80,2013,No Holiday,1,0,21.2,0
3168,1070,0,BURGER,12/8/14,15.5,86,2014,No Holiday,0,0,39.2,1
3176,1070,0,BURGER,12/9/12,15.0,58,2012,No Holiday,1,0,28.4,1
3184,1070,0,BURGER,12/9/13,14.0,120,2013,No Holiday,0,0,26.6,0
3192,1070,0,BURGER,12/9/14,15.5,82,2014,No Holiday,0,0,33.8,1
3200,1070,0,BURGER,2/1/12,15.5,90,2012,No Holiday,0,0,32.0,1
3208,1070,0,BURGER,2/1/13,15.5,102,2013,No Holiday,0,1,19.4,0
3216,1070,0,BURGER,2/1/14,15.5,72,2014,No Holiday,1,1,28.4,0
3224,1070,0,BURGER,2/1/15,14.0,44,2015,Luner New Year,1,1,35.6,1
3232,1070,0,BURGER,2/10/12,15.5,90,2012,No Holiday,0,0,32.0,1
3240,1070,0,BURGER,2/10/13,15.5,72,2013,No Holiday,1,0,28.4,0
3248,1070,0,BURGER,2/10/14,15.5,68,2014,Luner New Year,0,1,26.6,0
3256,1070,0,BURGER,2/10/15,14.0,116,2015,No Holiday,0,1,23.0,0
3264,1070,0,BURGER,2/11/12,15.5,76,2012,No Holiday,1,0,24.8,0
3272,1070,0,BURGER,2/11/13,15.5,106,2013,No Holiday,0,0,32.0,0
3280,1070,0,BURGER,2/11/14,15.5,70,2014,Luner New Year,0,1,26.6,0
3288,1070,0,BURGER,2/11/15,14.0,118,2015,No Holiday,0,1,24.8,0
3296,1070,0,BURGER,2/12/12,15.5,72,2012,No Holiday,1,0,24.8,0
3304,1070,0,BURGER,2/12/13,15.5,90,2013,No Holiday,0,0,32.0,1
3312,1070,0,BURGER,2/12/14,15.5,74,2014,Luner New Year,0,1,28.4,0
3320,1070,0,BURGER,2/12/15,14.0,118,2015,No Holiday,0,1,28.4,0
3328,1070,0,BURGER,2/13/12,15.5,90,2012,No Holiday,0,0,32.0,1
3336,1070,0,BURGER,2/13/13,15.5,86,2013,No Holiday,0,0,33.8,1
3344,1070,0,BURGER,2/13/14,15.5,64,2014,Luner New Year,0,1,33.8,1
3352,1070,0,BURGER,2/13/15,14.0,124,2015,No Holiday,0,1,26.6,0
3360,1070,0,BURGER,2/14/12,15.5,82,2012,No Holiday,0,0,32.0,1
3368,1070,0,BURGER,2/14/13,15.5,106,2013,No Holiday,0,0,30.2,0
3376,1070,0,BURGER,2/14/14,15.5,76,2014,Luner New Year,0,1,30.2,0
3384,1070,0,BURGER,2/14/15,14.0,64,2015,No Holiday,1,1,30.2,1
3392,1070,0,BURGER,2/15/12,15.5,86,2012,No Holiday,0,0,32.0,1
3400,1070,0,BURGER,2/15/13,15.5,84,2013,No Holiday,0,0,32.0,1
3408,1070,0,BURGER,2/15/14,15.5,54,2014,Luner New Year,1,1,30.2,0
3416,1070,0,BURGER,2/15/15,14.0,68,2015,No Holiday,1,1,32.0,1
3424,1070,0,BURGER,2/16/12,15.5,86,2012,No Holiday,0,0,32.0,1
3432,1070,0,BURGER,2/16/13,15.5,72,2013,No Holiday,1,0,28.4,0
3440,1070,0,BURGER,2/16/14,15.5,62,2014,No Holiday,1,1,32.0,1
3448,1070,0,BURGER,2/16/15,14.0,102,2015,No Holiday,0,1,32.0,1
3456,1070,0,BURGER,2/17/12,15.5,84,2012,No Holiday,0,0,32.0,1
3464,1070,0,BURGER,2/17/13,15.5,74,2013,No Holiday,1,0,28.4,0
3472,1070,0,BURGER,2/17/14,15.5,84,2014,No Holiday,0,1,33.8,1
3480,1070,0,BURGER,2/17/15,14.0,96,2015,No Holiday,0,0,32.0,1
3488,1070,0,BURGER,2/18/12,15.5,62,2012,No Holiday,1,0,32.0,1
3496,1070,0,BURGER,2/18/13,15.5,100,2013,No Holiday,0,0,30.2,0
3504,1070,0,BURGER,2/18/14,15.5,100,2014,No Holiday,0,1,28.4,0
3512,1070,0,BURGER,2/18/15,14.0,102,2015,No Holiday,0,0,30.2,1
3520,1070,0,BURGER,2/19/12,15.5,60,2012,No Holiday,1,0,37.4,1
3528,1070,0,BURGER,2/19/13,15.5,86,2013,No Holiday,0,0,32.0,1
3536,1070,0,BURGER,2/19/14,15.5,100,2014,No Holiday,0,1,28.4,0
3544,1070,0,BURGER,2/19/15,14.0,100,2015,No Holiday,0,0,32.0,1
3552,1070,0,BURGER,2/2/12,15.5,64,2012,Luner New Year,0,0,32.0,1
3560,1070,0,BURGER,2/2/13,15.5,70,2013,No Holiday,1,1,21.2,0
3568,1070,0,BURGER,2/2/14,15.5,74,2014,No Holiday,1,1,28.4,0
3576,1070,0,BURGER,2/2/15,14.0,68,2015,Luner New Year,0,1,35.6,1
3584,1070,0,BURGER,2/20/12,15.5,88,2012,No Holiday,0,0,37.4,1
3592,1070,0,BURGER,2/20/13,15.5,86,2013,No Holiday,0,0,35.6,1
3600,1070,0,BURGER,2/20/14,15.5,108,2014,No Holiday,0,0,30.2,0
3608,1070,0,BURGER,2/20/15,14.0,102,2015,No Holiday,0,0,32.0,1
3616,1070,0,BURGER,2/21/12,15.5,90,2012,No Holiday,0,0,39.2,1
3624,1070,0,BURGER,2/21/13,15.5,88,2013,No Holiday,0,0,33.8,1
3632,1070,0,BURGER,2/21/14,15.5,86,2014,No Holiday,0,0,33.8,1
3640,1070,0,BURGER,2/21/15,14.0,70,2015,No Holiday,1,0,32.0,1
3648,1070,0,BURGER,2/22/12,15.5,90,2012,No Holiday,0,0,39.2,1
3656,1070,0,BURGER,2/22/13,15.5,84,2013,No Holiday,0,0,35.6,1
3664,1070,0,BURGER,2/22/14,15.5,56,2014,No Holiday,1,0,33.8,1
3672,1070,0,BURGER,2/22/15,14.0,70,2015,No Holiday,1,0,35.6,1
3680,1070,0,BURGER,2/23/12,15.5,88,2012,No Holiday,0,0,42.8,1
3688,1070,0,BURGER,2/23/13,15.5,60,2013,No Holiday,1,0,33.8,1
3696,1070,0,BURGER,2/23/14,15.5,56,2014,No Holiday,1,0,37.4,1
3704,1070,0,BURGER,2/23/15,14.0,96,2015,No Holiday,0,0,33.8,1
3712,1070,0,BURGER,2/24/12,15.5,82,2012,No Holiday,0,0,39.2,1
3720,1070,0,BURGER,2/24/13,15.5,56,2013,No Holiday,1,0,32.0,1
3728,1070,0,BURGER,2/24/14,15.5,82,2014,No Holiday,0,0,33.8,1
3736,1070,0,BURGER,2/24/15,14.0,104,2015,No Holiday,0,0,39.2,1
3744,1070,0,BURGER,2/25/12,15.5,62,2012,No Holiday,1,0,37.4,1
3752,1070,0,BURGER,2/25/13,15.5,82,2013,No Holiday,0,0,32.0,1
3760,1070,0,BURGER,2/25/14,15.5,84,2014,No Holiday,0,0,28.4,1
3768,1070,0,BURGER,2/25/15,14.0,96,2015,No Holiday,0,0,41.0,1
3776,1070,0,BURGER,2/26/12,15.5,60,2012,No Holiday,1,0,32.0,1
3784,1070,0,BURGER,2/26/13,15.5,90,2013,No Holiday,0,0,32.0,1
3792,1070,0,BURGER,2/26/14,15.5,90,2014,No Holiday,0,0,37.4,1
3800,1070,0,BURGER,2/26/15,14.0,96,2015,No Holiday,0,0,41.0,1
3808,1070,0,BURGER,2/27/12,15.5,82,2012,No Holiday,0,0,30.2,1
3816,1070,0,BURGER,2/27/13,15.5,90,2013,No Holiday,0,0,35.6,1
3824,1070,0,BURGER,2/27/14,15.5,86,2014,No Holiday,0,0,42.8,1
3832,1070,0,BURGER,2/27/15,14.0,100,2015,No Holiday,0,0,37.4,1
3840,1070,0,BURGER,2/28/12,15.5,86,2012,No Holiday,0,0,33.8,1
3848,1070,0,BURGER,2/28/13,15.5,84,2013,No Holiday,0,0,35.6,1
3856,1070,0,BURGER,2/28/14,15.5,86,2014,No Holiday,0,0,41.0,1
3864,1070,0,BURGER,2/28/15,14.0,66,2015,No Holiday,1,0,33.8,1
3872,1070,0,BURGER,2/3/12,15.5,62,2012,Luner New Year,0,0,32.0,1
3880,1070,0,BURGER,2/3/13,15.5,74,2013,No Holiday,1,1,26.6,0
3888,1070,0,BURGER,2/3/14,15.5,88,2014,No Holiday,0,1,28.4,1
3896,1070,0,BURGER,2/3/15,14.0,84,2015,Luner New Year,0,1,26.6,0
3904,1070,0,BURGER,2/4/12,15.5,42,2012,Luner New Year,1,0,32.0,1
3912,1070,0,BURGER,2/4/13,15.5,104,2013,No Holiday,0,1,30.2,0
3920,1070,0,BURGER,2/4/14,15.5,106,2014,No Holiday,0,1,28.4,0
3928,1070,0,BURGER,2/4/15,14.0,84,2015,Luner New Year,0,1,26.6,0
3936,1070,0,BURGER,2/5/12,15.5,38,2012,Luner New Year,1,0,32.0,1
3944,1070,0,BURGER,2/5/13,15.5,100,2013,No Holiday,0,1,30.2,0
3952,1070,0,BURGER,2/5/14,15.5,106,2014,No Holiday,0,1,28.4,0
3960,1070,0,BURGER,2/5/15,14.0,64,2015,Luner New Year,0,1,28.4,1
3968,1070,0,BURGER,2/6/12,15.5,56,2012,Luner New Year,0,0,32.0,1
3976,1070,0,BURGER,2/6/13,15.5,104,2013,No Holiday,0,1,19.4,0
3984,1070,0,BURGER,2/6/14,15.5,106,2014,No Holiday,0,1,24.8,0
3992,1070,0,BURGER,2/6/15,14.0,66,2015,Luner New Year,0,1,28.4,1
4000,1070,0,BURGER,2/7/12,15.5,56,2012,Luner New Year,0,0,32.0,1
4008,1070,0,BURGER,2/7/13,15.5,106,2013,No Holiday,0,0,23.0,0
4016,1070,0,BURGER,2/7/14,15.5,104,2014,No Holiday,0,1,19.4,0
4024,1070,0,BURGER,2/7/15,14.0,70,2015,No Holiday,1,1,26.6,1
4032,1070,0,BURGER,2/8/12,15.5,60,2012,Luner New Year,0,0,32.0,1
4040,1070,0,BURGER,2/8/13,15.5,100,2013,No Holiday,0,0,26.6,0
4048,1070,0,BURGER,2/8/14,15.5,72,2014,No Holiday,1,1,23.0,0
4056,1070,0,BURGER,2/8/15,14.0,84,2015,No Holiday,1,1,24.8,0
4064,1070,0,BURGER,2/9/12,15.5,88,2012,No Holiday,0,0,32.0,1
4072,1070,0,BURGER,2/9/13,15.5,74,2013,No Holiday,1,0,28.4,0
4080,1070,0,BURGER,2/9/14,15.5,54,2014,Luner New Year,1,1,26.6,0
4088,1070,0,BURGER,2/9/15,14.0,120,2015,No Holiday,0,1,21.2,0
4096,1070,0,BURGER,3/1/12,15.5,84,2012,No Holiday,0,0,33.8,1
4104,1070,0,BURGER,3/1/13,12.64,42,2013,No Holiday,0,0,39.2,1
4105,1070,0,BURGER,3/1/13,12.64,42,2013,No Holiday,0,0,32.0,1
4106,1070,0,BURGER,3/1/13,15.5,180,2013,No Holiday,0,0,39.2,1
4107,1070,0,BURGER,3/1/13,15.5,180,2013,No Holiday,0,0,32.0,1
4136,1070,0,BURGER,3/1/14,15.5,62,2014,No Holiday,1,0,33.8,1
4144,1070,0,BURGER,3/1/15,14.0,68,2015,No Holiday,1,0,39.2,1
4152,1070,0,BURGER,3/10/12,15.5,56,2012,No Holiday,1,0,46.4,1
4160,1070,0,BURGER,3/10/13,15.5,60,2013,No Holiday,1,0,33.8,1
4168,1070,0,BURGER,3/10/14,15.5,82,2014,No Holiday,0,0,39.2,1
4176,1070,0,BURGER,3/10/15,14.0,98,2015,No Holiday,0,0,42.8,1
4184,1070,0,BURGER,3/11/12,15.5,64,2012,No Holiday,1,0,50.0,1
4192,1070,0,BURGER,3/11/13,15.5,106,2013,No Holiday,0,0,32.0,0
4200,1070,0,BURGER,3/11/14,15.5,82,2014,No Holiday,0,0,46.4,1
4208,1070,0,BURGER,3/11/15,14.0,98,2015,No Holiday,0,0,44.6,1
4216,1070,0,BURGER,3/12/12,15.5,84,2012,No Holiday,0,0,55.4,1
4224,1070,0,BURGER,3/12/13,15.5,90,2013,No Holiday,0,0,37.4,1
4232,1070,0,BURGER,3/12/14,15.5,84,2014,No Holiday,0,0,39.2,1
4240,1070,0,BURGER,3/12/15,14.0,98,2015,No Holiday,0,0,39.2,1
4248,1070,0,BURGER,3/13/12,15.5,88,2012,No Holiday,0,0,50.0,1
4256,1070,0,BURGER,3/13/13,15.5,88,2013,No Holiday,0,0,42.8,1
4264,1070,0,BURGER,3/13/14,15.5,84,2014,No Holiday,0,0,37.4,1
4272,1070,0,BURGER,3/13/15,14.0,98,2015,No Holiday,0,0,46.4,1
4280,1070,0,BURGER,3/14/12,15.5,84,2012,No Holiday,0,0,41.0,1
4288,1070,0,BURGER,3/14/13,15.5,84,2013,No Holiday,0,0,42.8,1
4296,1070,0,BURGER,3/14/14,15.5,86,2014,No Holiday,0,0,41.0,1
4304,1070,0,BURGER,3/14/15,14.0,68,2015,No Holiday,1,0,48.2,1
4312,1070,0,BURGER,3/15/12,15.5,86,2012,No Holiday,0,0,37.4,1
4320,1070,0,BURGER,3/15/13,15.5,82,2013,No Holiday,0,0,44.6,1
4328,1070,0,BURGER,3/15/14,15.5,62,2014,No Holiday,1,0,46.4,1
4336,1070,0,BURGER,3/15/15,14.0,66,2015,No Holiday,1,0,53.6,1
4344,1070,0,BURGER,3/16/12,15.5,88,2012,No Holiday,0,0,42.8,1
4352,1070,0,BURGER,3/16/13,15.5,62,2013,No Holiday,1,0,48.2,1
4360,1070,0,BURGER,3/16/14,15.5,58,2014,No Holiday,1,0,48.2,1
4368,1070,0,BURGER,3/16/15,14.0,102,2015,No Holiday,0,0,51.8,1
4376,1070,0,BURGER,3/17/12,15.5,56,2012,No Holiday,1,0,50.0,1
4384,1070,0,BURGER,3/17/13,15.5,64,2013,No Holiday,1,0,42.8,1
4392,1070,0,BURGER,3/17/14,15.5,88,2014,No Holiday,0,0,53.6,1
4400,1070,0,BURGER,3/17/15,14.0,98,2015,No Holiday,0,0,53.6,1
4408,1070,0,BURGER,3/18/12,15.5,60,2012,No Holiday,1,0,44.6,1
4416,1070,0,BURGER,3/18/13,15.5,86,2013,No Holiday,0,0,35.6,1
4424,1070,0,BURGER,3/18/14,15.5,84,2014,No Holiday,0,0,42.8,1
4432,1070,0,BURGER,3/18/15,14.0,104,2015,No Holiday,0,0,51.8,1
4440,1070,0,BURGER,3/19/12,15.5,88,2012,No Holiday,0,0,46.4,1
4448,1070,0,BURGER,3/19/13,15.5,84,2013,No Holiday,0,0,37.4,1
4456,1070,0,BURGER,3/19/14,15.5,84,2014,No Holiday,0,0,32.0,1
4464,1070,0,BURGER,3/19/15,14.0,98,2015,No Holiday,0,0,46.4,1
4472,1070,0,BURGER,3/2/12,15.5,86,2012,No Holiday,0,0,35.6,1
4480,1070,0,BURGER,3/2/13,15.5,58,2013,No Holiday,1,0,35.6,1
4488,1070,0,BURGER,3/2/14,15.5,56,2014,No Holiday,1,0,33.8,1
4496,1070,0,BURGER,3/2/15,14.0,96,2015,No Holiday,0,0,39.2,1
4504,1070,0,BURGER,3/20/12,15.5,84,2012,No Holiday,0,0,44.6,1
4512,1070,0,BURGER,3/20/13,15.5,84,2013,No Holiday,0,0,44.6,1
4520,1070,0,BURGER,3/20/14,15.5,90,2014,No Holiday,0,0,39.2,1
4528,1070,0,BURGER,3/20/15,14.0,100,2015,No Holiday,0,0,50.0,1
4536,1070,0,BURGER,3/21/12,15.5,90,2012,No Holiday,0,0,37.4,1
4544,1070,0,BURGER,3/21/13,15.5,84,2013,No Holiday,0,0,46.4,1
