Model comparasions/processedDataSets/Combined_Data.csv
,SELL_ID,SELL_CATEGORY,ITEM_NAME,CALENDAR_DATE,PRICE,QUANTITY,YEAR,HOLIDAY,IS_WEEKEND,IS_SCHOOLBREAK,AVERAGE_TEMPERATURE,IS_OUTDOOR
4552,1070,0,BURGER,3/21/14,15.5,90,2014,No Holiday,0,0,46.4,1
4560,1070,0,BURGER,3/21/15,14.0,68,2015,No Holiday,1,0,53.6,1
4568,1070,0,BURGER,3/22/12,15.5,90,2012,No Holiday,0,0,39.2,1
4576,1070,0,BURGER,3/22/13,15.5,84,2013,No Holiday,0,0,41.0,1
4584,1070,0,BURGER,3/22/14,15.5,60,2014,No Holiday,1,0,42.8,1
4592,1070,0,BURGER,3/22/15,14.0,64,2015,No Holiday,1,0,57.2,1
4600,1070,0,BURGER,3/23/12,15.5,90,2012,No Holiday,0,0,42.8,1
4608,1070,0,BURGER,3/23/13,15.5,64,2013,No Holiday,1,0,44.6,1
4616,1070,0,BURGER,3/23/14,15.5,58,2014,No Holiday,1,0,42.8,1
4624,1070,0,BURGER,3/23/15,14.0,104,2015,No Holiday,0,0,55.4,1
4632,1070,0,BURGER,3/24/12,15.5,56,2012,No Holiday,1,0,42.8,1
4640,1070,0,BURGER,3/24/13,15.5,56,2013,No Holiday,1,0,44.6,1
4648,1070,0,BURGER,3/24/14,15.5,88,2014,No Holiday,0,0,39.2,1
4656,1070,0,BURGER,3/24/15,14.0,102,2015,No Holiday,0,0,59.0,1
4664,1070,0,BURGER,3/25/12,15.5,62,2012,No Holiday,1,0,42.8,1
4672,1070,0,BURGER,3/25/13,15.5,82,2013,No Holiday,0,0,46.4,1
4680,1070,0,BURGER,3/25/14,15.5,84,2014,No Holiday,0,0,42.8,1
4688,1070,0,BURGER,3/25/15,14.0,104,2015,No Holiday,0,0,60.8,1
4696,1070,0,BURGER,3/26/12,15.5,90,2012,No Holiday,0,0,46.4,1
4704,1070,0,BURGER,3/26/13,15.5,88,2013,No Holiday,0,0,32.0,1
4712,1070,0,BURGER,3/26/14,15.5,90,2014,No Holiday,0,0,48.2,1
4720,1070,0,BURGER,3/26/15,14.0,98,2015,No Holiday,0,0,60.8,1
4728,1070,0,BURGER,3/27/12,15.5,90,2012,No Holiday,0,0,48.2,1
4736,1070,0,BURGER,3/27/13,15.5,82,2013,No Holiday,0,0,55.4,1
4744,1070,0,BURGER,3/27/14,15.5,88,2014,No Holiday,0,0,50.0,1
4752,1070,0,BURGER,3/27/15,14.0,104,2015,No Holiday,0,0,62.6,1
4760,1070,0,BURGER,3/28/12,15.5,88,2012,No Holiday,0,0,50.0,1
4768,1070,0,BURGER,3/28/13,15.5,86,2013,No Holiday,0,0,59.0,1
4776,1070,0,BURGER,3/28/14,15.5,82,2014,No Holiday,0,0,41.0,1
4784,1070,0,BURGER,3/28/15,14.0,70,2015,No Holiday,1,0,60.8,1
4792,1070,0,BURGER,3/29/12,15.5,86,2012,No Holiday,0,0,51.8,1
4800,1070,0,BURGER,3/29/13,15.5,82,2013,No Holiday,0,0,53.6,1
4808,1070,0,BURGER,3/29/14,15.5,56,2014,No Holiday,1,0,42.8,1
4816,1070,0,BURGER,3/29/15,14.0,66,2015,No Holiday,1,0,59.0,1
4824,1070,0,BURGER,3/3/12,15.5,64,2012,No Holiday,1,0,35.6,1
4832,1070,0,BURGER,3/3/13,15.5,56,2013,No Holiday,1,0,33.8,1
4840,1070,0,BURGER,3/3/14,15.5,88,2014,No Holiday,0,0,44.6,1
4848,1070,0,BURGER,3/3/15,14.0,102,2015,No Holiday,0,0,37.4,1
4856,1070,0,BURGER,3/30/12,15.5,84,2012,No Holiday,0,0,57.2,1
4864,1070,0,BURGER,3/30/13,15.5,62,2013,No Holiday,1,0,46.4,1
4872,1070,0,BURGER,3/30/14,15.5,56,2014,No Holiday,1,0,42.8,1
4880,1070,0,BURGER,3/30/15,14.0,98,2015,No Holiday,0,0,62.6,1
4888,1070,0,BURGER,3/31/12,15.5,60,2012,No Holiday,1,0,57.2,1
4896,1070,0,BURGER,3/31/13,15.5,56,2013,No Holiday,1,0,48.2,1
4904,1070,0,BURGER,3/31/14,15.5,88,2014,No Holiday,0,0,48.2,1
4912,1070,0,BURGER,3/31/15,14.0,104,2015,No Holiday,0,0,57.2,1
4920,1070,0,BURGER,3/4/12,15.5,62,2012,No Holiday,1,0,41.0,1
4928,1070,0,BURGER,3/4/13,15.5,86,2013,No Holiday,0,0,35.6,1
4936,1070,0,BURGER,3/4/14,15.5,84,2014,No Holiday,0,0,46.4,1
4944,1070,0,BURGER,3/4/15,14.0,96,2015,No Holiday,0,0,35.6,1
4952,1070,0,BURGER,3/5/12,15.5,88,2012,No Holiday,0,0,44.6,1
4960,1070,0,BURGER,3/5/13,15.5,84,2013,No Holiday,0,0,35.6,1
4968,1070,0,BURGER,3/5/14,15.5,82,2014,No Holiday,0,0,50.0,1
4976,1070,0,BURGER,3/5/15,14.0,98,2015,No Holiday,0,0,37.4,1
4984,1070,0,BURGER,3/6/12,15.5,86,2012,No Holiday,0,0,39.2,1
4992,1070,0,BURGER,3/6/13,15.5,88,2013,No Holiday,0,0,39.2,1
5000,1070,0,BURGER,3/6/14,15.5,86,2014,No Holiday,0,0,46.4,1
5008,1070,0,BURGER,3/6/15,14.0,100,2015,No Holiday,0,0,35.6,1
5016,1070,0,BURGER,3/7/12,15.5,84,2012,No Holiday,0,0,39.2,1
5024,1070,0,BURGER,3/7/13,15.5,86,2013,No Holiday,0,0,39.2,1
5032,1070,0,BURGER,3/7/14,15.5,88,2014,No Holiday,0,0,50.0,1
5040,1070,0,BURGER,3/7/15,14.0,68,2015,No Holiday,1,0,37.4,1
5048,1070,0,BURGER,3/8/12,15.5,86,2012,No Holiday,0,0,39.2,1
5056,1070,0,BURGER,3/8/13,15.5,90,2013,No Holiday,0,0,32.0,1
5064,1070,0,BURGER,3/8/14,15.5,64,2014,No Holiday,1,0,53.6,1
5072,1070,0,BURGER,3/8/15,14.0,64,2015,No Holiday,1,0,37.4,1
5080,1070,0,BURGER,3/9/12,15.5,90,2012,No Holiday,0,0,41.0,1
5088,1070,0,BURGER,3/9/13,15.5,58,2013,No Holiday,1,0,33.8,1
5096,1070,0,BURGER,3/9/14,15.5,56,2014,No Holiday,1,0,44.6,1
5104,1070,0,BURGER,3/9/15,14.0,100,2015,No Holiday,0,0,39.2,1
5112,1070,0,BURGER,4/1/12,15.5,58,2012,No Holiday,1,0,44.6,1
5120,1070,0,BURGER,4/1/13,15.5,82,2013,No Holiday,0,0,46.4,1
5128,1070,0,BURGER,4/1/14,15.5,84,2014,No Holiday,0,0,46.4,1
5136,1070,0,BURGER,4/1/15,14.0,104,2015,No Holiday,0,0,62.6,1
5144,1070,0,BURGER,4/10/12,15.5,88,2012,No Holiday,0,0,50.0,1
5152,1070,0,BURGER,4/10/13,15.5,84,2013,No Holiday,0,0,59.0,1
5160,1070,0,BURGER,4/10/14,15.5,86,2014,No Holiday,0,0,46.4,1
5168,1070,0,BURGER,4/10/15,14.0,96,2015,No Holiday,0,0,57.2,1
5176,1070,0,BURGER,4/11/12,15.5,84,2012,No Holiday,0,0,57.2,1
5184,1070,0,BURGER,4/11/13,15.5,84,2013,No Holiday,0,0,57.2,1
5192,1070,0,BURGER,4/11/14,15.5,88,2014,No Holiday,0,0,48.2,1
5200,1070,0,BURGER,4/11/15,14.0,70,2015,No Holiday,1,0,57.2,1
5208,1070,0,BURGER,4/12/12,15.5,82,2012,No Holiday,0,0,62.6,1
5216,1070,0,BURGER,4/12/13,15.5,88,2013,No Holiday,0,0,60.8,1
5224,1070,0,BURGER,4/12/14,15.5,62,2014,No Holiday,1,0,59.0,1
5232,1070,0,BURGER,4/12/15,14.0,64,2015,No Holiday,1,0,59.0,1
5240,1070,0,BURGER,4/13/12,15.5,90,2012,No Holiday,0,0,66.2,1
5248,1070,0,BURGER,4/13/13,15.5,64,2013,No Holiday,1,0,64.4,1
5256,1070,0,BURGER,4/13/14,15.5,64,2014,No Holiday,1,0,57.2,1
5264,1070,0,BURGER,4/13/15,14.0,100,2015,No Holiday,0,0,62.6,1
5272,1070,0,BURGER,4/14/12,15.5,64,2012,No Holiday,1,0,69.8,1
5280,1070,0,BURGER,4/14/13,15.5,62,2013,No Holiday,1,0,69.8,1
5288,1070,0,BURGER,4/14/14,15.5,86,2014,No Holiday,0,0,50.0,1
5296,1070,0,BURGER,4/14/15,14.0,98,2015,No Holiday,0,0,66.2,1
5304,1070,0,BURGER,4/15/12,15.5,58,2012,No Holiday,1,0,60.8,1
5312,1070,0,BURGER,4/15/13,15.5,84,2013,No Holiday,0,0,64.4,1
5320,1070,0,BURGER,4/15/14,15.5,86,2014,No Holiday,0,0,55.4,1
5328,1070,0,BURGER,4/15/15,16.0,84,2015,No Holiday,0,0,64.4,1
5336,1070,0,BURGER,4/16/12,15.5,82,2012,No Holiday,0,0,66.2,1
5344,1070,0,BURGER,4/16/13,15.5,82,2013,No Holiday,0,0,60.8,1
5352,1070,0,BURGER,4/16/14,15.5,88,2014,No Holiday,0,0,53.6,1
5360,1070,0,BURGER,4/16/15,16.0,80,2015,No Holiday,0,0,60.8,1
5368,1070,0,BURGER,4/17/12,15.5,82,2012,No Holiday,0,0,57.2,1
5376,1070,0,BURGER,4/17/13,15.5,84,2013,No Holiday,0,0,69.8,1
5384,1070,0,BURGER,4/17/14,15.5,88,2014,No Holiday,0,0,55.4,1
5392,1070,0,BURGER,4/17/15,16.0,78,2015,No Holiday,0,0,57.2,1
5400,1070,0,BURGER,4/18/12,15.5,90,2012,No Holiday,0,0,57.2,1
5408,1070,0,BURGER,4/18/13,15.5,82,2013,No Holiday,0,0,66.2,1
5416,1070,0,BURGER,4/18/14,15.5,84,2014,No Holiday,0,0,50.0,1
5424,1070,0,BURGER,4/18/15,16.0,62,2015,No Holiday,1,0,60.8,1
5432,1070,0,BURGER,4/19/12,15.5,88,2012,No Holiday,0,0,62.6,1
5440,1070,0,BURGER,4/19/13,15.5,88,2013,No Holiday,0,0,62.6,1
5448,1070,0,BURGER,4/19/14,15.5,56,2014,No Holiday,1,0,41.0,1
5456,1070,0,BURGER,4/19/15,16.0,56,2015,No Holiday,1,0,53.6,1
5464,1070,0,BURGER,4/2/12,15.5,82,2012,No Holiday,0,0,44.6,1
5472,1070,0,BURGER,4/2/13,15.5,60,2013,Qing Ming Festival,0,0,46.4,1
5480,1070,0,BURGER,4/2/14,15.5,84,2014,No Holiday,0,0,53.6,1
5488,1070,0,BURGER,4/2/15,14.0,96,2015,No Holiday,0,0,60.8,1
5496,1070,0,BURGER,4/20/12,15.5,86,2012,No Holiday,0,0,66.2,1
5504,1070,0,BURGER,4/20/13,15.5,58,2013,No Holiday,1,0,62.6,1
5512,1070,0,BURGER,4/20/14,14.5,62,2014,No Holiday,1,0,50.0,1
5520,1070,0,BURGER,4/20/15,16.0,86,2015,No Holiday,0,0,60.8,1
5528,1070,0,BURGER,4/21/12,15.5,56,2012,No Holiday,1,0,53.6,1
5536,1070,0,BURGER,4/21/13,15.5,60,2013,No Holiday,1,0,57.2,1
5544,1070,0,BURGER,4/21/14,14.5,98,2014,No Holiday,0,0,53.6,1
5552,1070,0,BURGER,4/21/15,16.0,84,2015,No Holiday,0,0,62.6,1
5560,1070,0,BURGER,4/22/12,15.5,64,2012,No Holiday,1,0,57.2,1
5568,1070,0,BURGER,4/22/13,15.5,82,2013,No Holiday,0,0,32.0,1
5576,1070,0,BURGER,4/22/14,14.5,90,2014,No Holiday,0,0,57.2,1
5584,1070,0,BURGER,4/22/15,16.0,80,2015,No Holiday,0,0,68.0,1
5592,1070,0,BURGER,4/23/12,15.5,90,2012,No Holiday,0,0,55.4,1
5600,1070,0,BURGER,4/23/13,15.5,82,2013,No Holiday,0,0,66.2,1
5608,1070,0,BURGER,4/23/14,14.5,94,2014,No Holiday,0,0,53.6,1
5616,1070,0,BURGER,4/23/15,16.0,86,2015,No Holiday,0,0,69.8,1
5624,1070,0,BURGER,4/24/12,15.5,82,2012,No Holiday,0,0,60.8,1
5632,1070,0,BURGER,4/24/13,15.5,90,2013,No Holiday,0,0,59.0,1
5640,1070,0,BURGER,4/24/14,14.5,98,2014,No Holiday,0,0,60.8,1
5648,1070,0,BURGER,4/24/15,16.0,82,2015,No Holiday,0,0,66.2,1
5656,1070,0,BURGER,4/25/12,15.5,88,2012,No Holiday,0,0,55.4,1
5664,1070,0,BURGER,4/25/13,16.5,80,2013,No Holiday,0,0,55.4,1
5672,1070,0,BURGER,4/25/14,14.5,94,2014,No Holiday,0,0,59.0,1
5680,1070,0,BURGER,4/25/15,16.0,56,2015,No Holiday,1,0,64.4,1
5688,1070,0,BURGER,4/26/12,15.5,82,2012,No Holiday,0,0,53.6,1
5696,1070,0,BURGER,4/26/13,16.5,82,2013,No Holiday,0,0,64.4,1
5704,1070,0,BURGER,4/26/14,14.5,64,2014,No Holiday,1,0,60.8,1
5712,1070,0,BURGER,4/26/15,16.0,58,2015,No Holiday,1,0,60.8,1
5720,1070,0,BURGER,4/27/12,15.5,88,2012,No Holiday,0,0,60.8,1
5728,1070,0,BURGER,4/27/13,16.5,54,2013,No Holiday,1,0,62.6,1
5736,1070,0,BURGER,4/27/14,14.5,64,2014,No Holiday,1,0,60.8,1
5744,1070,0,BURGER,4/27/15,16.0,78,2015,No Holiday,0,0,64.4,1
5752,1070,0,BURGER,4/28/12,15.5,62,2012,No Holiday,1,0,64.4,1
5760,1070,0,BURGER,4/28/13,16.5,58,2013,No Holiday,1,0,60.8,1
5768,1070,0,BURGER,4/28/14,14.5,96,2014,No Holiday,0,0,59.0,1
5776,1070,0,BURGER,4/28/15,16.0,84,2015,No Holiday,0,0,64.4,1
5784,1070,0,BURGER,4/29/12,15.5,58,2012,No Holiday,1,0,62.6,1
5792,1070,0,BURGER,4/29/13,16.5,56,2013,Labor Day,0,0,60.8,1
5800,1070,0,BURGER,4/29/14,14.5,70,2014,Labor Day,0,0,68.0,1
5808,1070,0,BURGER,4/29/15,16.0,84,2015,No Holiday,0,0,68.0,1
5816,1070,0,BURGER,4/3/12,15.5,64,2012,Qing Ming Festival,0,0,48.2,1
5824,1070,0,BURGER,4/3/13,15.5,64,2013,Qing Ming Festival,0,0,51.8,1
5832,1070,0,BURGER,4/3/14,15.5,90,2014,No Holiday,0,0,50.0,1
5840,1070,0,BURGER,4/3/15,14.0,100,2015,No Holiday,0,0,55.4,1
5848,1070,0,BURGER,4/30/12,15.5,64,2012,Labor Day,0,0,62.6,1
5856,1070,0,BURGER,4/30/13,16.5,50,2013,Labor Day,0,0,68.0,1
5864,1070,0,BURGER,4/30/14,14.5,66,2014,Labor Day,0,0,64.4,1
5872,1070,0,BURGER,4/30/15,16.0,78,2015,No Holiday,0,0,71.6,1
5880,1070,0,BURGER,4/4/12,15.5,58,2012,Qing Ming Festival,0,0,53.6,1
5888,1070,0,BURGER,4/4/13,15.5,62,2013,Qing Ming Festival,0,0,55.4,1
5896,1070,0,BURGER,4/4/14,15.5,62,2014,Qing Ming Festival,0,0,48.2,1
5904,1070,0,BURGER,4/4/15,14.0,70,2015,No Holiday,1,0,60.8,1
5912,1070,0,BURGER,4/5/12,15.5,62,2012,Qing Ming Festival,0,0,57.2,1
5920,1070,0,BURGER,4/5/13,15.5,84,2013,No Holiday,0,0,50.0,1
5928,1070,0,BURGER,4/5/14,15.5,42,2014,Qing Ming Festival,1,0,44.6,1
5936,1070,0,BURGER,4/5/15,14.0,44,2015,Qing Ming Festival,1,0,55.4,1
5944,1070,0,BURGER,4/6/12,15.5,82,2012,No Holiday,0,0,55.4,1
5952,1070,0,BURGER,4/6/13,15.5,56,2013,No Holiday,1,0,55.4,1
5960,1070,0,BURGER,4/6/14,15.5,38,2014,Qing Ming Festival,1,0,46.4,1
5968,1070,0,BURGER,4/6/15,14.0,70,2015,Qing Ming Festival,0,0,62.6,1
5976,1070,0,BURGER,4/7/12,15.5,64,2012,No Holiday,1,0,53.6,1
5984,1070,0,BURGER,4/7/13,15.5,58,2013,No Holiday,1,0,62.6,1
5992,1070,0,BURGER,4/7/14,15.5,90,2014,No Holiday,0,0,50.0,1
6000,1070,0,BURGER,4/7/15,14.0,66,2015,Qing Ming Festival,0,0,64.4,1
6008,1070,0,BURGER,4/8/12,15.5,64,2012,No Holiday,1,0,55.4,1
6016,1070,0,BURGER,4/8/13,15.5,88,2013,No Holiday,0,0,59.0,1
6024,1070,0,BURGER,4/8/14,15.5,84,2014,No Holiday,0,0,46.4,1
6032,1070,0,BURGER,4/8/15,14.0,98,2015,No Holiday,0,0,64.4,1
6040,1070,0,BURGER,4/9/12,15.5,86,2012,No Holiday,0,0,60.8,1
6048,1070,0,BURGER,4/9/13,15.5,88,2013,No Holiday,0,0,66.2,1
6056,1070,0,BURGER,4/9/14,15.5,90,2014,No Holiday,0,0,46.4,1
6064,1070,0,BURGER,4/9/15,14.0,102,2015,No Holiday,0,0,66.2,1
6072,1070,0,BURGER,5/1/12,15.0,64,2012,Labor Day,0,0,66.2,1
6080,1070,0,BURGER,5/1/13,16.5,50,2013,Labor Day,0,0,64.4,1
6088,1070,0,BURGER,5/1/14,14.5,66,2014,Labor Day,0,0,64.4,1
6096,1070,0,BURGER,5/1/15,16.0,56,2015,Labor Day,0,0,68.0,1
6104,1070,0,BURGER,5/10/12,15.0,88,2012,No Holiday,0,0,66.2,1
6112,1070,0,BURGER,5/10/13,16.5,76,2013,No Holiday,0,0,75.2,1
6120,1070,0,BURGER,5/10/14,14.5,68,2014,No Holiday,1,0,71.6,1
6128,1070,0,BURGER,5/10/15,16.0,56,2015,No Holiday,1,0,59.0,1
6136,1070,0,BURGER,5/11/12,15.0,94,2012,No Holiday,0,0,68.0,1
6144,1070,0,BURGER,5/11/13,16.5,54,2013,No Holiday,1,0,66.2,1
6152,1070,0,BURGER,5/11/14,14.5,62,2014,No Holiday,1,0,75.2,1
6160,1070,0,BURGER,5/11/15,16.0,78,2015,No Holiday,0,0,51.8,1
6168,1070,0,BURGER,5/12/12,15.0,60,2012,No Holiday,1,0,64.4,1
6176,1070,0,BURGER,5/12/13,16.5,58,2013,No Holiday,1,0,64.4,1
6184,1070,0,BURGER,5/12/14,14.5,96,2014,No Holiday,0,0,73.4,1
6192,1070,0,BURGER,5/12/15,16.0,84,2015,No Holiday,0,0,71.6,1
6200,1070,0,BURGER,5/13/12,15.0,58,2012,No Holiday,1,0,69.8,1
6208,1070,0,BURGER,5/13/13,16.5,80,2013,No Holiday,0,0,68.0,1
6216,1070,0,BURGER,5/13/14,14.5,90,2014,No Holiday,0,0,73.4,1
6224,1070,0,BURGER,5/13/15,16.0,78,2015,No Holiday,0,0,73.4,1
6232,1070,0,BURGER,5/14/12,15.0,94,2012,No Holiday,0,0,71.6,1
6240,1070,0,BURGER,5/14/13,16.5,74,2013,No Holiday,0,0,66.2,1
6248,1070,0,BURGER,5/14/14,14.5,90,2014,No Holiday,0,0,71.6,1
6256,1070,0,BURGER,5/14/15,16.0,80,2015,No Holiday,0,0,62.6,1
6264,1070,0,BURGER,5/15/12,15.0,86,2012,No Holiday,0,0,66.2,1
6272,1070,0,BURGER,5/15/13,16.5,80,2013,No Holiday,0,0,68.0,1
6280,1070,0,BURGER,5/15/14,14.5,92,2014,No Holiday,0,0,71.6,1
6288,1070,0,BURGER,5/15/15,16.0,78,2015,No Holiday,0,0,71.6,1
6296,1070,0,BURGER,5/16/12,15.0,88,2012,No Holiday,0,0,69.8,1
6304,1070,0,BURGER,5/16/13,16.5,74,2013,No Holiday,0,0,69.8,1
6312,1070,0,BURGER,5/16/14,14.5,92,2014,No Holiday,0,0,68.0,1
6320,1070,0,BURGER,5/16/15,16.0,56,2015,No Holiday,1,0,69.8,1
6328,1070,0,BURGER,5/17/12,15.0,90,2012,No Holiday,0,0,71.6,1
6336,1070,0,BURGER,5/17/13,16.5,76,2013,No Holiday,0,0,73.4,1
6344,1070,0,BURGER,5/17/14,14.5,64,2014,No Holiday,1,0,69.8,1
6352,1070,0,BURGER,5/17/15,16.0,58,2015,No Holiday,1,0,71.6,1
6360,1070,0,BURGER,5/18/12,15.0,92,2012,No Holiday,0,0,75.2,1
6368,1070,0,BURGER,5/18/13,16.5,54,2013,No Holiday,1,0,77.0,1
1,2051,2,BURGER,1/1/12,12.73,22,2012,New Year,1,0,24.8,0
9,2051,2,BURGER,1/1/13,13.13,22,2013,New Year,0,0,30.2,1
17,2051,2,BURGER,1/1/14,13.27,22,2014,New Year,0,0,19.4,0
25,2051,2,BURGER,1/1/15,11.53,24,2015,New Year,0,0,37.4,1
33,2051,2,BURGER,1/10/12,12.73,40,2012,No Holiday,0,0,24.8,0
41,2051,2,BURGER,1/10/13,13.13,32,2013,No Holiday,0,0,28.4,0
49,2051,2,BURGER,1/10/14,13.27,38,2014,No Holiday,0,0,24.8,0
57,2051,2,BURGER,1/10/15,11.53,24,2015,No Holiday,1,0,28.4,0
65,2051,2,BURGER,1/11/12,12.73,32,2012,No Holiday,0,0,21.2,0
73,2051,2,BURGER,1/11/13,13.13,36,2013,No Holiday,0,0,24.8,0
81,2051,2,BURGER,1/11/14,13.27,28,2014,No Holiday,1,0,30.2,0
89,2051,2,BURGER,1/11/15,11.53,20,2015,No Holiday,1,0,32.0,1
97,2051,2,BURGER,1/12/12,12.73,32,2012,No Holiday,0,0,24.8,0
105,2051,2,BURGER,1/12/13,13.13,22,2013,No Holiday,1,0,28.4,0
113,2051,2,BURGER,1/12/14,13.27,22,2014,No Holiday,1,0,28.4,0
121,2051,2,BURGER,1/12/15,11.53,38,2015,No Holiday,0,0,26.6,0
129,2051,2,BURGER,1/13/12,12.73,40,2012,No Holiday,0,0,26.6,0
137,2051,2,BURGER,1/13/13,13.13,26,2013,No Holiday,1,0,30.2,0
145,2051,2,BURGER,1/13/14,13.27,38,2014,No Holiday,0,0,28.4,0
153,2051,2,BURGER,1/13/15,11.53,38,2015,No Holiday,0,0,28.4,0
161,2051,2,BURGER,1/14/12,12.73,24,2012,No Holiday,1,0,23.0,0
169,2051,2,BURGER,1/14/13,13.13,36,2013,No Holiday,0,1,30.2,0
177,2051,2,BURGER,1/14/14,13.27,24,2014,No Holiday,0,0,28.4,1
185,2051,2,BURGER,1/14/15,11.53,42,2015,No Holiday,0,0,30.2,0
193,2051,2,BURGER,1/15/12,12.73,22,2012,No Holiday,1,0,32.0,1
201,2051,2,BURGER,1/15/13,13.13,32,2013,No Holiday,0,1,30.2,0
209,2051,2,BURGER,1/15/14,13.27,36,2014,No Holiday,0,0,26.6,0
217,2051,2,BURGER,1/15/15,11.53,36,2015,No Holiday,0,0,32.0,1
225,2051,2,BURGER,1/16/12,12.73,40,2012,No Holiday,0,0,23.0,0
233,2051,2,BURGER,1/16/13,13.13,32,2013,No Holiday,0,1,30.2,1
241,2051,2,BURGER,1/16/14,13.27,38,2014,No Holiday,0,0,24.8,0
249,2051,2,BURGER,1/16/15,11.53,32,2015,No Holiday,0,0,32.0,1
257,2051,2,BURGER,1/17/12,12.73,38,2012,No Holiday,0,0,23.0,0
265,2051,2,BURGER,1/17/13,13.13,26,2013,No Holiday,0,1,30.2,1
273,2051,2,BURGER,1/17/14,13.27,36,2014,No Holiday,0,0,26.6,0
281,2051,2,BURGER,1/17/15,11.53,24,2015,No Holiday,1,0,30.2,0
289,2051,2,BURGER,1/18/12,12.73,40,2012,No Holiday,0,0,23.0,0
297,2051,2,BURGER,1/18/13,13.13,32,2013,No Holiday,0,1,32.0,1
305,2051,2,BURGER,1/18/14,13.27,24,2014,No Holiday,1,0,28.4,0
313,2051,2,BURGER,1/18/15,11.53,20,2015,No Holiday,1,0,33.8,1
321,2051,2,BURGER,1/19/12,12.73,32,2012,No Holiday,0,0,24.8,0
329,2051,2,BURGER,1/19/13,13.13,22,2013,No Holiday,1,1,28.4,1
337,2051,2,BURGER,1/19/14,13.27,26,2014,No Holiday,1,0,30.2,1
345,2051,2,BURGER,1/19/15,11.53,38,2015,No Holiday,0,1,33.8,1
353,2051,2,BURGER,1/2/12,12.73,22,2012,New Year,0,0,24.8,0
361,2051,2,BURGER,1/2/13,13.13,28,2013,New Year,0,0,28.4,0
369,2051,2,BURGER,1/2/14,13.27,22,2014,New Year,0,0,14.0,0
377,2051,2,BURGER,1/2/15,11.53,30,2015,No Holiday,0,0,37.4,1
385,2051,2,BURGER,1/20/12,12.73,36,2012,No Holiday,0,0,26.6,0
393,2051,2,BURGER,1/20/13,13.13,28,2013,No Holiday,1,1,23.0,0
401,2051,2,BURGER,1/20/14,13.27,38,2014,No Holiday,0,0,24.8,0
409,2051,2,BURGER,1/20/15,11.53,30,2015,No Holiday,0,1,30.2,1
417,2051,2,BURGER,1/21/12,12.73,22,2012,No Holiday,1,0,26.6,0
425,2051,2,BURGER,1/21/13,13.13,32,2013,No Holiday,0,1,19.4,0
433,2051,2,BURGER,1/21/14,13.27,32,2014,No Holiday,0,0,28.4,0
441,2051,2,BURGER,1/21/15,11.53,36,2015,No Holiday,0,1,32.0,0
449,2051,2,BURGER,1/22/12,12.73,30,2012,No Holiday,1,0,24.8,0
457,2051,2,BURGER,1/22/13,13.13,26,2013,Luner New Year,0,1,17.6,0
465,2051,2,BURGER,1/22/14,13.27,36,2014,No Holiday,0,0,28.4,0
