Model comparasions/processedDataSets/Combined_Data.csv
,SELL_ID,SELL_CATEGORY,ITEM_NAME,CALENDAR_DATE,PRICE,QUANTITY,YEAR,HOLIDAY,IS_WEEKEND,IS_SCHOOLBREAK,AVERAGE_TEMPERATURE,IS_OUTDOOR
473,2051,2,BURGER,1/22/15,11.53,30,2015,No Holiday,0,1,32.0,1
481,2051,2,BURGER,1/23/12,12.73,38,2012,No Holiday,0,0,23.0,0
489,2051,2,BURGER,1/23/13,13.13,20,2013,Luner New Year,0,1,21.2,0
497,2051,2,BURGER,1/23/14,13.27,32,2014,No Holiday,0,0,28.4,0
505,2051,2,BURGER,1/23/15,11.53,32,2015,No Holiday,0,1,32.0,1
513,2051,2,BURGER,1/24/12,12.73,36,2012,No Holiday,0,0,24.8,0
521,2051,2,BURGER,1/24/13,13.13,24,2013,Luner New Year,0,1,23.0,0
529,2051,2,BURGER,1/24/14,13.27,30,2014,No Holiday,0,0,26.6,0
537,2051,2,BURGER,1/24/15,11.53,20,2015,No Holiday,1,1,35.6,1
545,2051,2,BURGER,1/25/12,12.73,38,2012,No Holiday,0,0,23.0,0
553,2051,2,BURGER,1/25/13,13.13,20,2013,Luner New Year,0,1,23.0,0
561,2051,2,BURGER,1/25/14,13.27,28,2014,No Holiday,1,1,24.8,0
569,2051,2,BURGER,1/25/15,11.53,24,2015,No Holiday,1,1,33.8,1
577,2051,2,BURGER,1/26/12,12.73,38,2012,No Holiday,0,0,24.8,0
585,2051,2,BURGER,1/26/13,13.13,14,2013,Luner New Year,1,1,26.6,0
593,2051,2,BURGER,1/26/14,13.27,24,2014,No Holiday,1,1,26.6,0
601,2051,2,BURGER,1/26/15,11.53,38,2015,No Holiday,0,1,32.0,1
609,2051,2,BURGER,1/27/12,12.73,28,2012,No Holiday,0,0,32.0,1
617,2051,2,BURGER,1/27/13,13.13,22,2013,Luner New Year,1,1,26.6,0
625,2051,2,BURGER,1/27/14,13.27,36,2014,No Holiday,0,1,28.4,0
633,2051,2,BURGER,1/27/15,11.53,36,2015,No Holiday,0,1,35.6,1
641,2051,2,BURGER,1/28/12,12.73,24,2012,No Holiday,1,0,32.0,1
649,2051,2,BURGER,1/28/13,13.13,28,2013,Luner New Year,0,1,23.0,0
657,2051,2,BURGER,1/28/14,13.27,30,2014,No Holiday,0,1,32.0,1
665,2051,2,BURGER,1/28/15,11.53,38,2015,No Holiday,0,1,32.0,1
673,2051,2,BURGER,1/29/12,12.73,22,2012,No Holiday,1,0,23.0,0
681,2051,2,BURGER,1/29/13,13.13,32,2013,No Holiday,0,1,23.0,0
689,2051,2,BURGER,1/29/14,13.27,28,2014,No Holiday,0,1,32.0,1
697,2051,2,BURGER,1/29/15,11.53,34,2015,No Holiday,0,1,33.8,1
705,2051,2,BURGER,1/3/12,12.73,26,2012,New Year,0,0,32.0,1
713,2051,2,BURGER,1/3/13,13.13,28,2013,New Year,0,0,26.6,0
721,2051,2,BURGER,1/3/14,13.27,26,2014,New Year,0,0,17.6,0
729,2051,2,BURGER,1/3/15,11.53,20,2015,No Holiday,1,0,35.6,1
737,2051,2,BURGER,1/30/12,12.73,34,2012,No Holiday,0,0,28.4,0
745,2051,2,BURGER,1/30/13,13.13,38,2013,No Holiday,0,1,23.0,0
753,2051,2,BURGER,1/30/14,13.27,28,2014,No Holiday,0,1,30.2,1
761,2051,2,BURGER,1/30/15,11.53,36,2015,No Holiday,0,1,33.8,1
769,2051,2,BURGER,1/31/12,12.73,30,2012,No Holiday,0,0,32.0,1
777,2051,2,BURGER,1/31/13,13.13,34,2013,No Holiday,0,1,23.0,0
785,2051,2,BURGER,1/31/14,13.27,30,2014,No Holiday,0,1,30.2,1
793,2051,2,BURGER,1/31/15,11.53,16,2015,Luner New Year,1,1,33.8,1
801,2051,2,BURGER,1/4/12,12.73,26,2012,No Holiday,0,0,32.0,1
809,2051,2,BURGER,1/4/13,13.13,30,2013,No Holiday,0,0,24.8,0
817,2051,2,BURGER,1/4/14,13.27,22,2014,No Holiday,1,0,21.2,0
825,2051,2,BURGER,1/4/15,11.53,28,2015,No Holiday,1,0,32.0,1
833,2051,2,BURGER,1/5/12,12.73,36,2012,No Holiday,0,0,24.8,0
841,2051,2,BURGER,1/5/13,13.13,20,2013,No Holiday,1,0,26.6,0
849,2051,2,BURGER,1/5/14,13.27,26,2014,No Holiday,1,0,19.4,0
857,2051,2,BURGER,1/5/15,11.53,36,2015,No Holiday,0,0,33.8,1
865,2051,2,BURGER,1/6/12,12.73,38,2012,No Holiday,0,0,23.0,0
873,2051,2,BURGER,1/6/13,13.13,24,2013,No Holiday,1,0,26.6,0
881,2051,2,BURGER,1/6/14,13.27,30,2014,No Holiday,0,0,21.2,0
889,2051,2,BURGER,1/6/15,11.53,30,2015,No Holiday,0,0,32.0,1
897,2051,2,BURGER,1/7/12,12.73,24,2012,No Holiday,1,0,26.6,0
905,2051,2,BURGER,1/7/13,13.13,32,2013,No Holiday,0,0,26.6,0
913,2051,2,BURGER,1/7/14,13.27,38,2014,No Holiday,0,0,24.8,0
921,2051,2,BURGER,1/7/15,11.53,30,2015,No Holiday,0,0,32.0,1
929,2051,2,BURGER,1/8/12,12.73,26,2012,No Holiday,1,0,26.6,0
937,2051,2,BURGER,1/8/13,13.13,36,2013,No Holiday,0,0,26.6,0
945,2051,2,BURGER,1/8/14,13.27,38,2014,No Holiday,0,0,21.2,0
953,2051,2,BURGER,1/8/15,11.53,42,2015,No Holiday,0,0,24.8,0
961,2051,2,BURGER,1/9/12,12.73,34,2012,No Holiday,0,0,23.0,0
969,2051,2,BURGER,1/9/13,13.13,34,2013,No Holiday,0,0,28.4,0
977,2051,2,BURGER,1/9/14,13.27,38,2014,No Holiday,0,0,23.0,0
985,2051,2,BURGER,1/9/15,11.53,42,2015,No Holiday,0,0,24.8,0
993,2051,2,BURGER,10/1/12,12.35,24,2012,National Day,0,0,59.0,1
1001,2051,2,BURGER,10/1/13,10.97,26,2013,National Day,0,0,66.2,1
1009,2051,2,BURGER,10/1/14,12.87,24,2014,National Day,0,0,59.0,1
1017,2051,2,BURGER,10/10/12,12.35,36,2012,No Holiday,0,0,62.6,1
1025,2051,2,BURGER,10/10/13,10.97,36,2013,No Holiday,0,0,59.0,1
1033,2051,2,BURGER,10/10/14,12.87,34,2014,No Holiday,0,0,60.8,1
1041,2051,2,BURGER,10/11/12,12.35,30,2012,No Holiday,0,0,62.6,1
1049,2051,2,BURGER,10/11/13,10.97,34,2013,No Holiday,0,0,60.8,1
1057,2051,2,BURGER,10/11/14,12.87,18,2014,No Holiday,1,0,62.6,1
1065,2051,2,BURGER,10/12/12,12.35,30,2012,No Holiday,0,0,62.6,1
1073,2051,2,BURGER,10/12/13,10.97,24,2013,No Holiday,1,0,64.4,1
1081,2051,2,BURGER,10/12/14,12.87,18,2014,No Holiday,1,0,64.4,1
1089,2051,2,BURGER,10/13/12,12.35,22,2012,No Holiday,1,0,59.0,1
1097,2051,2,BURGER,10/13/13,10.97,28,2013,No Holiday,1,0,55.4,1
1105,2051,2,BURGER,10/13/14,12.87,30,2014,No Holiday,0,0,59.0,1
1113,2051,2,BURGER,10/14/12,12.35,24,2012,No Holiday,1,0,57.2,1
1121,2051,2,BURGER,10/14/13,10.97,32,2013,No Holiday,0,0,55.4,1
1129,2051,2,BURGER,10/14/14,12.87,32,2014,No Holiday,0,0,48.2,1
1137,2051,2,BURGER,10/15/12,12.35,28,2012,No Holiday,0,0,59.0,1
1145,2051,2,BURGER,10/15/13,10.97,36,2013,No Holiday,0,0,55.4,1
1153,2051,2,BURGER,10/15/14,12.87,30,2014,No Holiday,0,0,48.2,1
1161,2051,2,BURGER,10/16/12,12.35,28,2012,No Holiday,0,0,57.2,1
1169,2051,2,BURGER,10/16/13,10.97,38,2013,No Holiday,0,0,51.8,1
1177,2051,2,BURGER,10/16/14,12.87,26,2014,No Holiday,0,0,53.6,1
1185,2051,2,BURGER,10/17/12,12.35,34,2012,No Holiday,0,0,57.2,1
1193,2051,2,BURGER,10/17/13,10.97,36,2013,No Holiday,0,0,51.8,1
1201,2051,2,BURGER,10/17/14,12.87,34,2014,No Holiday,0,0,55.4,1
1209,2051,2,BURGER,10/18/12,12.35,34,2012,No Holiday,0,0,59.0,1
1217,2051,2,BURGER,10/18/13,10.97,34,2013,No Holiday,0,0,55.4,1
1225,2051,2,BURGER,10/18/14,12.87,18,2014,No Holiday,1,0,55.4,1
1233,2051,2,BURGER,10/19/12,12.35,28,2012,No Holiday,0,0,59.0,1
1241,2051,2,BURGER,10/19/13,10.97,26,2013,No Holiday,1,0,57.2,1
1249,2051,2,BURGER,10/19/14,12.87,18,2014,No Holiday,1,0,51.8,1
1257,2051,2,BURGER,10/2/12,12.35,18,2012,National Day,0,0,57.2,1
1265,2051,2,BURGER,10/2/13,10.97,28,2013,National Day,0,0,68.0,1
1273,2051,2,BURGER,10/2/14,12.87,18,2014,National Day,0,0,62.6,1
1281,2051,2,BURGER,10/20/12,12.35,24,2012,No Holiday,1,0,60.8,1
1289,2051,2,BURGER,10/20/13,10.97,22,2013,No Holiday,1,0,59.0,1
1297,2051,2,BURGER,10/20/14,12.87,30,2014,No Holiday,0,0,55.4,1
1305,2051,2,BURGER,10/21/12,12.35,20,2012,No Holiday,1,0,57.2,1
1313,2051,2,BURGER,10/21/13,10.97,34,2013,No Holiday,0,0,51.8,1
1321,2051,2,BURGER,10/21/14,12.87,28,2014,No Holiday,0,0,53.6,1
1329,2051,2,BURGER,10/22/12,12.35,34,2012,No Holiday,0,0,60.8,1
1337,2051,2,BURGER,10/22/13,10.97,36,2013,No Holiday,0,0,50.0,1
1345,2051,2,BURGER,10/22/14,12.87,28,2014,No Holiday,0,0,50.0,1
1353,2051,2,BURGER,10/23/12,12.35,32,2012,No Holiday,0,0,50.0,1
1361,2051,2,BURGER,10/23/13,10.97,32,2013,No Holiday,0,0,55.4,1
1369,2051,2,BURGER,10/23/14,12.87,28,2014,No Holiday,0,0,48.2,1
1377,2051,2,BURGER,10/24/12,12.35,28,2012,No Holiday,0,0,46.4,1
1385,2051,2,BURGER,10/24/13,10.97,34,2013,No Holiday,0,0,57.2,1
1393,2051,2,BURGER,10/24/14,12.87,34,2014,No Holiday,0,0,50.0,1
1401,2051,2,BURGER,10/25/12,12.35,32,2012,No Holiday,0,0,50.0,1
1409,2051,2,BURGER,10/25/13,10.97,40,2013,No Holiday,0,0,59.0,1
1417,2051,2,BURGER,10/25/14,12.87,26,2014,No Holiday,1,0,51.8,1
1425,2051,2,BURGER,10/26/12,12.35,32,2012,No Holiday,0,0,48.2,1
1433,2051,2,BURGER,10/26/13,10.97,22,2013,No Holiday,1,0,57.2,1
1441,2051,2,BURGER,10/26/14,12.87,22,2014,No Holiday,1,0,53.6,1
1449,2051,2,BURGER,10/27/12,12.35,24,2012,No Holiday,1,0,50.0,1
1457,2051,2,BURGER,10/27/13,10.97,30,2013,No Holiday,1,0,57.2,1
1465,2051,2,BURGER,10/27/14,12.87,34,2014,No Holiday,0,0,53.6,1
1473,2051,2,BURGER,10/28/12,12.35,18,2012,No Holiday,1,0,51.8,1
1481,2051,2,BURGER,10/28/13,10.97,36,2013,No Holiday,0,0,53.6,1
1489,2051,2,BURGER,10/28/14,12.87,32,2014,No Holiday,0,0,51.8,1
1497,2051,2,BURGER,10/29/12,12.35,34,2012,No Holiday,0,0,53.6,1
1505,2051,2,BURGER,10/29/13,10.97,40,2013,No Holiday,0,0,46.4,1
1513,2051,2,BURGER,10/29/14,12.87,30,2014,No Holiday,0,0,48.2,1
1521,2051,2,BURGER,10/3/12,12.35,26,2012,National Day,0,0,57.2,1
1529,2051,2,BURGER,10/3/13,10.97,22,2013,National Day,0,0,66.2,1
1537,2051,2,BURGER,10/3/14,12.87,22,2014,National Day,0,0,60.8,1
1545,2051,2,BURGER,10/30/12,12.35,34,2012,No Holiday,0,0,53.6,1
1553,2051,2,BURGER,10/30/13,10.97,38,2013,No Holiday,0,0,44.6,1
1561,2051,2,BURGER,10/30/14,12.87,32,2014,No Holiday,0,0,50.0,1
1569,2051,2,BURGER,10/31/12,12.35,32,2012,No Holiday,0,0,53.6,1
1577,2051,2,BURGER,10/31/13,10.97,40,2013,No Holiday,0,0,44.6,1
1585,2051,2,BURGER,10/31/14,12.87,32,2014,No Holiday,0,0,48.2,1
1593,2051,2,BURGER,10/4/12,12.35,20,2012,National Day,0,0,60.8,1
1601,2051,2,BURGER,10/4/13,10.97,22,2013,National Day,0,0,66.2,1
1609,2051,2,BURGER,10/4/14,12.87,20,2014,National Day,1,0,64.4,1
1617,2051,2,BURGER,10/5/12,12.35,24,2012,National Day,0,0,62.6,1
1625,2051,2,BURGER,10/5/13,10.97,22,2013,National Day,1,0,62.6,1
1633,2051,2,BURGER,10/5/14,12.87,14,2014,National Day,1,0,64.4,1
1641,2051,2,BURGER,10/6/12,12.35,16,2012,National Day,1,0,62.6,1
1649,2051,2,BURGER,10/6/13,10.97,20,2013,National Day,1,0,64.4,1
1657,2051,2,BURGER,10/6/14,12.87,24,2014,National Day,0,0,62.6,1
1665,2051,2,BURGER,10/7/12,12.35,14,2012,National Day,1,0,64.4,1
1673,2051,2,BURGER,10/7/13,10.97,28,2013,National Day,0,0,64.4,1
1681,2051,2,BURGER,10/7/14,12.87,22,2014,National Day,0,0,64.4,0
1689,2051,2,BURGER,10/8/12,12.35,32,2012,No Holiday,0,0,66.2,1
1697,2051,2,BURGER,10/8/13,10.97,38,2013,No Holiday,0,0,66.2,1
1705,2051,2,BURGER,10/8/14,12.87,32,2014,No Holiday,0,0,62.6,0
1713,2051,2,BURGER,10/9/12,12.35,36,2012,No Holiday,0,0,66.2,1
1721,2051,2,BURGER,10/9/13,10.97,40,2013,No Holiday,0,0,60.8,1
1729,2051,2,BURGER,10/9/14,12.87,34,2014,No Holiday,0,0,66.2,1
1737,2051,2,BURGER,11/1/12,12.35,30,2012,No Holiday,0,0,51.8,1
1745,2051,2,BURGER,11/1/13,10.97,38,2013,No Holiday,0,0,48.2,1
1753,2051,2,BURGER,11/1/14,12.87,20,2014,No Holiday,1,0,46.4,1
1761,2051,2,BURGER,11/10/12,12.35,20,2012,No Holiday,1,0,48.2,1
1769,2051,2,BURGER,11/10/13,10.97,24,2013,No Holiday,1,0,35.6,1
1777,2051,2,BURGER,11/10/14,12.87,30,2014,No Holiday,0,0,42.8,1
1785,2051,2,BURGER,11/11/12,12.35,22,2012,No Holiday,1,0,50.0,1
1793,2051,2,BURGER,11/11/13,10.97,34,2013,No Holiday,0,0,35.6,1
1801,2051,2,BURGER,11/11/14,12.87,26,2014,No Holiday,0,0,44.6,1
1809,2051,2,BURGER,11/12/12,12.35,28,2012,No Holiday,0,0,46.4,1
1817,2051,2,BURGER,11/12/13,10.97,40,2013,No Holiday,0,0,37.4,1
1825,2051,2,BURGER,11/12/14,12.87,34,2014,No Holiday,0,0,44.6,1
1833,2051,2,BURGER,11/13/12,12.35,32,2012,No Holiday,0,0,42.8,1
1841,2051,2,BURGER,11/13/13,10.97,40,2013,No Holiday,0,0,35.6,1
1849,2051,2,BURGER,11/13/14,12.87,26,2014,No Holiday,0,0,46.4,1
1857,2051,2,BURGER,11/14/12,12.35,34,2012,No Holiday,0,0,44.6,1
1865,2051,2,BURGER,11/14/13,10.97,34,2013,No Holiday,0,0,37.4,1
1873,2051,2,BURGER,11/14/14,12.87,34,2014,No Holiday,0,0,44.6,1
1881,2051,2,BURGER,11/15/12,12.35,36,2012,No Holiday,0,0,44.6,1
1889,2051,2,BURGER,11/15/13,10.97,40,2013,No Holiday,0,0,39.2,1
1897,2051,2,BURGER,11/15/14,12.87,24,2014,No Holiday,1,0,48.2,1
1905,2051,2,BURGER,11/16/12,12.35,34,2012,No Holiday,0,0,46.4,1
1913,2051,2,BURGER,11/16/13,10.97,22,2013,No Holiday,1,0,39.2,1
1921,2051,2,BURGER,11/16/14,12.87,18,2014,No Holiday,1,0,42.8,1
1929,2051,2,BURGER,11/17/12,12.35,26,2012,No Holiday,1,0,41.0,1
1937,2051,2,BURGER,11/17/13,10.97,30,2013,No Holiday,1,0,39.2,1
1945,2051,2,BURGER,11/17/14,12.87,30,2014,No Holiday,0,0,39.2,1
1953,2051,2,BURGER,11/18/12,12.35,18,2012,No Holiday,1,0,44.6,1
1961,2051,2,BURGER,11/18/13,10.97,40,2013,No Holiday,0,0,42.8,1
1969,2051,2,BURGER,11/18/14,12.87,28,2014,No Holiday,0,0,39.2,1
1977,2051,2,BURGER,11/19/12,12.35,34,2012,No Holiday,0,0,37.4,1
1985,2051,2,BURGER,11/19/13,10.97,34,2013,No Holiday,0,0,39.2,1
1993,2051,2,BURGER,11/19/14,12.87,30,2014,No Holiday,0,0,39.2,1
2001,2051,2,BURGER,11/2/12,12.35,36,2012,No Holiday,0,0,53.6,1
2009,2051,2,BURGER,11/2/13,10.97,22,2013,No Holiday,1,0,50.0,1
2017,2051,2,BURGER,11/2/14,12.87,26,2014,No Holiday,1,0,51.8,1
2025,2051,2,BURGER,11/20/12,12.35,36,2012,No Holiday,0,0,37.4,1
2033,2051,2,BURGER,11/20/13,10.97,36,2013,No Holiday,0,0,39.2,1
2041,2051,2,BURGER,11/20/14,12.87,26,2014,No Holiday,0,0,39.2,1
2049,2051,2,BURGER,11/21/12,12.35,36,2012,No Holiday,0,0,41.0,1
2057,2051,2,BURGER,11/21/13,10.97,34,2013,No Holiday,0,0,41.0,1
2065,2051,2,BURGER,11/21/14,12.87,28,2014,No Holiday,0,0,39.2,1
2073,2051,2,BURGER,11/22/12,12.35,32,2012,No Holiday,0,0,39.2,1
2081,2051,2,BURGER,11/22/13,10.97,34,2013,No Holiday,0,0,35.6,1
2089,2051,2,BURGER,11/22/14,12.87,22,2014,No Holiday,1,0,41.0,1
2097,2051,2,BURGER,11/23/12,12.35,28,2012,No Holiday,0,0,33.8,1
2105,2051,2,BURGER,11/23/13,10.97,22,2013,No Holiday,1,0,32.0,1
2113,2051,2,BURGER,11/23/14,12.87,18,2014,No Holiday,1,0,44.6,1
2121,2051,2,BURGER,11/24/12,12.35,20,2012,No Holiday,1,0,35.6,1
2129,2051,2,BURGER,11/24/13,10.97,26,2013,No Holiday,1,0,35.6,1
2137,2051,2,BURGER,11/24/14,12.87,34,2014,No Holiday,0,0,39.2,1
2145,2051,2,BURGER,11/25/12,12.35,24,2012,No Holiday,1,0,37.4,1
2153,2051,2,BURGER,11/25/13,10.97,34,2013,No Holiday,0,0,37.4,1
2161,2051,2,BURGER,11/25/14,12.87,26,2014,No Holiday,0,0,35.6,1
2169,2051,2,BURGER,11/26/12,12.35,32,2012,No Holiday,0,0,39.2,1
2177,2051,2,BURGER,11/26/13,10.97,32,2013,No Holiday,0,0,33.8,1
2185,2051,2,BURGER,11/26/14,12.87,28,2014,No Holiday,0,0,33.8,1
2193,2051,2,BURGER,11/27/12,12.35,36,2012,No Holiday,0,0,37.4,1
2201,2051,2,BURGER,11/27/13,10.97,36,2013,No Holiday,0,0,35.6,1
2209,2051,2,BURGER,11/27/14,12.87,34,2014,No Holiday,0,0,28.4,1
2217,2051,2,BURGER,11/28/12,12.35,30,2012,No Holiday,0,0,35.6,1
2225,2051,2,BURGER,11/28/13,10.97,46,2013,No Holiday,0,0,32.0,0
2233,2051,2,BURGER,11/28/14,12.87,32,2014,No Holiday,0,0,33.8,1
2241,2051,2,BURGER,11/29/12,12.35,32,2012,No Holiday,0,0,32.0,1
2249,2051,2,BURGER,11/29/13,10.97,36,2013,No Holiday,0,0,32.0,1
2257,2051,2,BURGER,11/29/14,12.87,26,2014,No Holiday,1,0,41.0,1
2265,2051,2,BURGER,11/3/12,12.35,24,2012,No Holiday,1,0,51.8,1
2273,2051,2,BURGER,11/3/13,10.97,26,2013,No Holiday,1,0,41.0,1
2281,2051,2,BURGER,11/3/14,12.87,26,2014,No Holiday,0,0,50.0,1
2289,2051,2,BURGER,11/30/12,12.35,28,2012,No Holiday,0,0,32.0,1
2297,2051,2,BURGER,11/30/13,10.97,32,2013,No Holiday,1,0,28.4,0
2305,2051,2,BURGER,11/30/14,12.87,18,2014,No Holiday,1,0,37.4,1
2313,2051,2,BURGER,11/4/12,12.35,26,2012,No Holiday,1,0,51.8,1
2321,2051,2,BURGER,11/4/13,10.97,34,2013,No Holiday,0,0,35.6,1
2329,2051,2,BURGER,11/4/14,12.87,32,2014,No Holiday,0,0,51.8,1
2337,2051,2,BURGER,11/5/12,12.35,34,2012,No Holiday,0,0,53.6,1
2345,2051,2,BURGER,11/5/13,10.97,36,2013,No Holiday,0,0,39.2,1
2353,2051,2,BURGER,11/5/14,12.87,30,2014,No Holiday,0,0,50.0,1
2361,2051,2,BURGER,11/6/12,12.35,32,2012,No Holiday,0,0,51.8,1
2369,2051,2,BURGER,11/6/13,10.97,32,2013,No Holiday,0,0,41.0,1
2377,2051,2,BURGER,11/6/14,12.87,30,2014,No Holiday,0,0,50.0,1
2385,2051,2,BURGER,11/7/12,12.35,32,2012,No Holiday,0,0,50.0,1
2393,2051,2,BURGER,11/7/13,10.97,38,2013,No Holiday,0,0,41.0,1
2401,2051,2,BURGER,11/7/14,12.87,32,2014,No Holiday,0,0,48.2,1
2409,2051,2,BURGER,11/8/12,12.35,34,2012,No Holiday,0,0,46.4,1
2417,2051,2,BURGER,11/8/13,10.97,40,2013,No Holiday,0,0,42.8,1
2425,2051,2,BURGER,11/8/14,12.87,22,2014,No Holiday,1,0,48.2,1
2433,2051,2,BURGER,11/9/12,12.35,30,2012,No Holiday,0,0,46.4,1
2441,2051,2,BURGER,11/9/13,10.97,28,2013,No Holiday,1,0,42.8,1
2449,2051,2,BURGER,11/9/14,12.87,26,2014,No Holiday,1,0,46.4,1
2457,2051,2,BURGER,12/1/12,12.35,22,2012,No Holiday,1,0,33.8,1
2465,2051,2,BURGER,12/1/13,10.97,34,2013,No Holiday,1,0,28.4,0
2473,2051,2,BURGER,12/1/14,12.87,26,2014,No Holiday,0,0,39.2,1
2481,2051,2,BURGER,12/10/12,12.35,34,2012,No Holiday,0,0,32.0,1
2489,2051,2,BURGER,12/10/13,10.97,40,2013,No Holiday,0,0,24.8,0
2497,2051,2,BURGER,12/10/14,12.87,34,2014,No Holiday,0,0,33.8,1
2505,2051,2,BURGER,12/11/12,12.35,36,2012,No Holiday,0,0,33.8,1
2513,2051,2,BURGER,12/11/13,10.97,46,2013,No Holiday,0,0,26.6,0
2521,2051,2,BURGER,12/11/14,12.87,34,2014,No Holiday,0,0,33.8,1
2529,2051,2,BURGER,12/12/12,12.35,36,2012,No Holiday,0,0,35.6,1
2537,2051,2,BURGER,12/12/13,10.97,40,2013,No Holiday,0,0,30.2,1
2545,2051,2,BURGER,12/12/14,12.87,38,2014,No Holiday,0,0,30.2,0
2553,2051,2,BURGER,12/13/12,12.35,28,2012,No Holiday,0,0,32.0,1
2561,2051,2,BURGER,12/13/13,10.97,38,2013,No Holiday,0,0,30.2,1
2569,2051,2,BURGER,12/13/14,12.87,22,2014,No Holiday,1,0,32.0,1
2577,2051,2,BURGER,12/14/12,12.35,40,2012,No Holiday,0,0,28.4,0
2585,2051,2,BURGER,12/14/13,10.97,24,2013,No Holiday,1,0,30.2,1
2593,2051,2,BURGER,12/14/14,12.87,28,2014,No Holiday,1,0,32.0,0
2601,2051,2,BURGER,12/15/12,12.35,22,2012,No Holiday,1,0,24.8,0
2609,2051,2,BURGER,12/15/13,10.97,22,2013,No Holiday,1,0,32.0,1
2617,2051,2,BURGER,12/15/14,12.87,28,2014,No Holiday,0,0,32.0,1
2625,2051,2,BURGER,12/16/12,12.35,24,2012,No Holiday,1,0,26.6,0
2633,2051,2,BURGER,12/16/13,10.97,32,2013,No Holiday,0,0,32.0,1
2641,2051,2,BURGER,12/16/14,11.53,38,2014,No Holiday,0,0,30.2,1
2649,2051,2,BURGER,12/17/12,12.35,36,2012,No Holiday,0,0,26.6,0
2657,2051,2,BURGER,12/17/13,10.97,40,2013,No Holiday,0,0,23.0,0
2665,2051,2,BURGER,12/17/14,11.53,44,2014,No Holiday,0,0,28.4,0
2673,2051,2,BURGER,12/18/12,12.35,38,2012,No Holiday,0,0,28.4,0
2681,2051,2,BURGER,12/18/13,10.97,42,2013,No Holiday,0,0,26.6,0
2689,2051,2,BURGER,12/18/14,11.53,42,2014,No Holiday,0,0,28.4,0
2697,2051,2,BURGER,12/19/12,12.35,28,2012,No Holiday,0,0,30.2,1
2705,2051,2,BURGER,12/19/13,10.97,44,2013,No Holiday,0,0,26.6,0
