Model comparasions/processedDataSets/Combined_Data.csv
,SELL_ID,SELL_CATEGORY,ITEM_NAME,CALENDAR_DATE,PRICE,QUANTITY,YEAR,HOLIDAY,IS_WEEKEND,IS_SCHOOLBREAK,AVERAGE_TEMPERATURE,IS_OUTDOOR
2713,2051,2,BURGER,12/19/14,11.53,38,2014,No Holiday,0,0,26.6,0
2721,2051,2,BURGER,12/2/12,12.35,26,2012,No Holiday,1,0,32.0,1
2729,2051,2,BURGER,12/2/13,10.97,40,2013,No Holiday,0,0,30.2,1
2737,2051,2,BURGER,12/2/14,12.87,26,2014,No Holiday,0,0,41.0,1
2745,2051,2,BURGER,12/20/12,12.35,32,2012,No Holiday,0,0,30.2,1
2753,2051,2,BURGER,12/20/13,10.97,40,2013,No Holiday,0,0,26.6,1
2761,2051,2,BURGER,12/20/14,11.53,30,2014,No Holiday,1,0,28.4,0
2769,2051,2,BURGER,12/21/12,12.35,38,2012,No Holiday,0,0,28.4,0
2777,2051,2,BURGER,12/21/13,13.27,22,2013,No Holiday,1,0,24.8,0
2785,2051,2,BURGER,12/21/14,11.53,26,2014,No Holiday,1,0,28.4,0
2793,2051,2,BURGER,12/22/12,12.35,28,2012,No Holiday,1,0,28.4,0
2801,2051,2,BURGER,12/22/13,13.27,26,2013,No Holiday,1,0,32.0,1
2809,2051,2,BURGER,12/22/14,11.53,38,2014,No Holiday,0,0,30.2,0
2817,2051,2,BURGER,12/23/12,12.35,22,2012,No Holiday,1,0,30.2,1
2825,2051,2,BURGER,12/23/13,13.27,36,2013,No Holiday,0,0,14.0,0
2833,2051,2,BURGER,12/23/14,11.53,36,2014,No Holiday,0,0,30.2,0
2841,2051,2,BURGER,12/24/12,12.35,38,2012,No Holiday,0,0,30.2,0
2849,2051,2,BURGER,12/24/13,13.27,30,2013,No Holiday,0,0,21.2,0
2857,2051,2,BURGER,12/24/14,11.53,36,2014,No Holiday,0,0,30.2,0
2865,2051,2,BURGER,12/25/12,12.35,40,2012,No Holiday,0,0,30.2,0
2873,2051,2,BURGER,12/25/13,13.27,36,2013,No Holiday,0,0,21.2,0
2881,2051,2,BURGER,12/25/14,11.53,30,2014,No Holiday,0,0,32.0,1
2889,2051,2,BURGER,12/26/12,12.35,34,2012,No Holiday,0,0,30.2,1
2897,2051,2,BURGER,12/26/13,13.27,36,2013,No Holiday,0,0,21.2,0
2905,2051,2,BURGER,12/26/14,11.53,36,2014,No Holiday,0,0,26.6,0
2913,2051,2,BURGER,12/27/12,13.13,24,2012,No Holiday,0,0,30.2,1
2921,2051,2,BURGER,12/27/13,13.27,36,2013,No Holiday,0,0,21.2,0
2929,2051,2,BURGER,12/27/14,11.53,32,2014,No Holiday,1,0,28.4,0
2937,2051,2,BURGER,12/28/12,13.13,32,2012,No Holiday,0,0,30.2,0
2945,2051,2,BURGER,12/28/13,13.27,20,2013,No Holiday,1,0,21.2,0
2953,2051,2,BURGER,12/28/14,11.53,24,2014,No Holiday,1,0,28.4,0
2961,2051,2,BURGER,12/29/12,13.13,26,2012,No Holiday,1,0,26.6,1
2969,2051,2,BURGER,12/29/13,13.27,26,2013,No Holiday,1,0,21.2,0
2977,2051,2,BURGER,12/29/14,11.53,38,2014,No Holiday,0,0,32.0,0
2985,2051,2,BURGER,12/3/12,12.35,32,2012,No Holiday,0,0,32.0,1
2993,2051,2,BURGER,12/3/13,10.97,46,2013,No Holiday,0,0,28.4,0
3001,2051,2,BURGER,12/3/14,12.87,26,2014,No Holiday,0,0,42.8,1
3009,2051,2,BURGER,12/30/12,13.13,24,2012,No Holiday,1,0,28.4,1
3017,2051,2,BURGER,12/30/13,13.27,34,2013,No Holiday,0,0,21.2,0
3025,2051,2,BURGER,12/30/14,11.53,30,2014,No Holiday,0,0,33.8,1
3033,2051,2,BURGER,12/31/12,13.13,38,2012,No Holiday,0,0,30.2,0
3041,2051,2,BURGER,12/31/13,13.27,32,2013,No Holiday,0,0,21.2,0
3049,2051,2,BURGER,12/31/14,11.53,32,2014,No Holiday,0,0,35.6,1
3057,2051,2,BURGER,12/4/12,12.35,32,2012,No Holiday,0,0,33.8,1
3065,2051,2,BURGER,12/4/13,10.97,32,2013,No Holiday,0,0,28.4,1
3073,2051,2,BURGER,12/4/14,12.87,30,2014,No Holiday,0,0,42.8,1
3081,2051,2,BURGER,12/5/12,12.35,28,2012,No Holiday,0,0,32.0,1
3089,2051,2,BURGER,12/5/13,10.97,38,2013,No Holiday,0,0,23.0,0
3097,2051,2,BURGER,12/5/14,12.87,26,2014,No Holiday,0,0,39.2,1
3105,2051,2,BURGER,12/6/12,12.35,34,2012,No Holiday,0,0,32.0,1
3113,2051,2,BURGER,12/6/13,10.97,42,2013,No Holiday,0,0,24.8,0
3121,2051,2,BURGER,12/6/14,12.87,18,2014,No Holiday,1,0,39.2,1
3129,2051,2,BURGER,12/7/12,12.35,40,2012,No Holiday,0,0,30.2,0
3137,2051,2,BURGER,12/7/13,10.97,32,2013,No Holiday,1,0,23.0,0
3145,2051,2,BURGER,12/7/14,12.87,20,2014,No Holiday,1,0,39.2,1
3153,2051,2,BURGER,12/8/12,12.35,26,2012,No Holiday,1,0,24.8,0
3161,2051,2,BURGER,12/8/13,10.97,26,2013,No Holiday,1,0,21.2,0
3169,2051,2,BURGER,12/8/14,12.87,30,2014,No Holiday,0,0,39.2,1
3177,2051,2,BURGER,12/9/12,12.35,20,2012,No Holiday,1,0,28.4,1
3185,2051,2,BURGER,12/9/13,10.97,40,2013,No Holiday,0,0,26.6,0
3193,2051,2,BURGER,12/9/14,12.87,30,2014,No Holiday,0,0,33.8,1
3201,2051,2,BURGER,2/1/12,12.73,28,2012,No Holiday,0,0,32.0,1
3209,2051,2,BURGER,2/1/13,13.13,34,2013,No Holiday,0,1,19.4,0
3217,2051,2,BURGER,2/1/14,13.27,26,2014,No Holiday,1,1,28.4,0
3225,2051,2,BURGER,2/1/15,11.53,18,2015,Luner New Year,1,1,35.6,1
3233,2051,2,BURGER,2/10/12,12.73,26,2012,No Holiday,0,0,32.0,1
3241,2051,2,BURGER,2/10/13,13.13,28,2013,No Holiday,1,0,28.4,0
3249,2051,2,BURGER,2/10/14,13.27,26,2014,Luner New Year,0,1,26.6,0
3257,2051,2,BURGER,2/10/15,11.53,38,2015,No Holiday,0,1,23.0,0
3265,2051,2,BURGER,2/11/12,12.73,26,2012,No Holiday,1,0,24.8,0
3273,2051,2,BURGER,2/11/13,13.13,30,2013,No Holiday,0,0,32.0,0
3281,2051,2,BURGER,2/11/14,13.27,20,2014,Luner New Year,0,1,26.6,0
3289,2051,2,BURGER,2/11/15,11.53,36,2015,No Holiday,0,1,24.8,0
3297,2051,2,BURGER,2/12/12,12.73,26,2012,No Holiday,1,0,24.8,0
3305,2051,2,BURGER,2/12/13,13.13,24,2013,No Holiday,0,0,32.0,1
3313,2051,2,BURGER,2/12/14,13.27,22,2014,Luner New Year,0,1,28.4,0
3321,2051,2,BURGER,2/12/15,11.53,38,2015,No Holiday,0,1,28.4,0
3329,2051,2,BURGER,2/13/12,12.73,30,2012,No Holiday,0,0,32.0,1
3337,2051,2,BURGER,2/13/13,13.13,30,2013,No Holiday,0,0,33.8,1
3345,2051,2,BURGER,2/13/14,13.27,26,2014,Luner New Year,0,1,33.8,1
3353,2051,2,BURGER,2/13/15,11.53,42,2015,No Holiday,0,1,26.6,0
3361,2051,2,BURGER,2/14/12,12.73,32,2012,No Holiday,0,0,32.0,1
3369,2051,2,BURGER,2/14/13,13.13,30,2013,No Holiday,0,0,30.2,0
3377,2051,2,BURGER,2/14/14,13.27,24,2014,Luner New Year,0,1,30.2,0
3385,2051,2,BURGER,2/14/15,11.53,20,2015,No Holiday,1,1,30.2,1
3393,2051,2,BURGER,2/15/12,12.73,30,2012,No Holiday,0,0,32.0,1
3401,2051,2,BURGER,2/15/13,13.13,26,2013,No Holiday,0,0,32.0,1
3409,2051,2,BURGER,2/15/14,13.27,20,2014,Luner New Year,1,1,30.2,0
3417,2051,2,BURGER,2/15/15,11.53,24,2015,No Holiday,1,1,32.0,1
3425,2051,2,BURGER,2/16/12,12.73,32,2012,No Holiday,0,0,32.0,1
3433,2051,2,BURGER,2/16/13,13.13,24,2013,No Holiday,1,0,28.4,0
3441,2051,2,BURGER,2/16/14,13.27,24,2014,No Holiday,1,1,32.0,1
3449,2051,2,BURGER,2/16/15,11.53,38,2015,No Holiday,0,1,32.0,1
3457,2051,2,BURGER,2/17/12,12.73,26,2012,No Holiday,0,0,32.0,1
3465,2051,2,BURGER,2/17/13,13.13,22,2013,No Holiday,1,0,28.4,0
3473,2051,2,BURGER,2/17/14,13.27,28,2014,No Holiday,0,1,33.8,1
3481,2051,2,BURGER,2/17/15,11.53,32,2015,No Holiday,0,0,32.0,1
3489,2051,2,BURGER,2/18/12,12.73,18,2012,No Holiday,1,0,32.0,1
3497,2051,2,BURGER,2/18/13,13.13,36,2013,No Holiday,0,0,30.2,0
3505,2051,2,BURGER,2/18/14,13.27,34,2014,No Holiday,0,1,28.4,0
3513,2051,2,BURGER,2/18/15,11.53,34,2015,No Holiday,0,0,30.2,1
3521,2051,2,BURGER,2/19/12,12.73,26,2012,No Holiday,1,0,37.4,1
3529,2051,2,BURGER,2/19/13,13.13,32,2013,No Holiday,0,0,32.0,1
3537,2051,2,BURGER,2/19/14,13.27,30,2014,No Holiday,0,1,28.4,0
3545,2051,2,BURGER,2/19/15,11.53,32,2015,No Holiday,0,0,32.0,1
3553,2051,2,BURGER,2/2/12,12.73,18,2012,Luner New Year,0,0,32.0,1
3561,2051,2,BURGER,2/2/13,13.13,22,2013,No Holiday,1,1,21.2,0
3569,2051,2,BURGER,2/2/14,13.27,24,2014,No Holiday,1,1,28.4,0
3577,2051,2,BURGER,2/2/15,11.53,26,2015,Luner New Year,0,1,35.6,1
3585,2051,2,BURGER,2/20/12,12.73,26,2012,No Holiday,0,0,37.4,1
3593,2051,2,BURGER,2/20/13,13.13,30,2013,No Holiday,0,0,35.6,1
3601,2051,2,BURGER,2/20/14,13.27,36,2014,No Holiday,0,0,30.2,0
3609,2051,2,BURGER,2/20/15,11.53,34,2015,No Holiday,0,0,32.0,1
3617,2051,2,BURGER,2/21/12,12.73,26,2012,No Holiday,0,0,39.2,1
3625,2051,2,BURGER,2/21/13,13.13,24,2013,No Holiday,0,0,33.8,1
3633,2051,2,BURGER,2/21/14,13.27,28,2014,No Holiday,0,0,33.8,1
3641,2051,2,BURGER,2/21/15,11.53,22,2015,No Holiday,1,0,32.0,1
3649,2051,2,BURGER,2/22/12,12.73,30,2012,No Holiday,0,0,39.2,1
3657,2051,2,BURGER,2/22/13,13.13,26,2013,No Holiday,0,0,35.6,1
3665,2051,2,BURGER,2/22/14,13.27,22,2014,No Holiday,1,0,33.8,1
3673,2051,2,BURGER,2/22/15,11.53,22,2015,No Holiday,1,0,35.6,1
3681,2051,2,BURGER,2/23/12,12.73,30,2012,No Holiday,0,0,42.8,1
3689,2051,2,BURGER,2/23/13,13.13,18,2013,No Holiday,1,0,33.8,1
3697,2051,2,BURGER,2/23/14,13.27,26,2014,No Holiday,1,0,37.4,1
3705,2051,2,BURGER,2/23/15,11.53,38,2015,No Holiday,0,0,33.8,1
3713,2051,2,BURGER,2/24/12,12.73,28,2012,No Holiday,0,0,39.2,1
3721,2051,2,BURGER,2/24/13,13.13,20,2013,No Holiday,1,0,32.0,1
3729,2051,2,BURGER,2/24/14,13.27,26,2014,No Holiday,0,0,33.8,1
3737,2051,2,BURGER,2/24/15,11.53,30,2015,No Holiday,0,0,39.2,1
3745,2051,2,BURGER,2/25/12,12.73,22,2012,No Holiday,1,0,37.4,1
3753,2051,2,BURGER,2/25/13,13.13,30,2013,No Holiday,0,0,32.0,1
3761,2051,2,BURGER,2/25/14,13.27,26,2014,No Holiday,0,0,28.4,1
3769,2051,2,BURGER,2/25/15,11.53,36,2015,No Holiday,0,0,41.0,1
3777,2051,2,BURGER,2/26/12,12.73,22,2012,No Holiday,1,0,32.0,1
3785,2051,2,BURGER,2/26/13,13.13,26,2013,No Holiday,0,0,32.0,1
3793,2051,2,BURGER,2/26/14,13.27,24,2014,No Holiday,0,0,37.4,1
3801,2051,2,BURGER,2/26/15,11.53,38,2015,No Holiday,0,0,41.0,1
3809,2051,2,BURGER,2/27/12,12.73,30,2012,No Holiday,0,0,30.2,1
3817,2051,2,BURGER,2/27/13,13.13,28,2013,No Holiday,0,0,35.6,1
3825,2051,2,BURGER,2/27/14,13.27,26,2014,No Holiday,0,0,42.8,1
3833,2051,2,BURGER,2/27/15,11.53,38,2015,No Holiday,0,0,37.4,1
3841,2051,2,BURGER,2/28/12,12.73,26,2012,No Holiday,0,0,33.8,1
3849,2051,2,BURGER,2/28/13,13.13,28,2013,No Holiday,0,0,35.6,1
3857,2051,2,BURGER,2/28/14,13.27,26,2014,No Holiday,0,0,41.0,1
3865,2051,2,BURGER,2/28/15,11.53,20,2015,No Holiday,1,0,33.8,1
3873,2051,2,BURGER,2/3/12,12.73,20,2012,Luner New Year,0,0,32.0,1
3881,2051,2,BURGER,2/3/13,13.13,24,2013,No Holiday,1,1,26.6,0
3889,2051,2,BURGER,2/3/14,13.27,30,2014,No Holiday,0,1,28.4,1
3897,2051,2,BURGER,2/3/15,11.53,24,2015,Luner New Year,0,1,26.6,0
3905,2051,2,BURGER,2/4/12,12.73,12,2012,Luner New Year,1,0,32.0,1
3913,2051,2,BURGER,2/4/13,13.13,32,2013,No Holiday,0,1,30.2,0
3921,2051,2,BURGER,2/4/14,13.27,34,2014,No Holiday,0,1,28.4,0
3929,2051,2,BURGER,2/4/15,11.53,24,2015,Luner New Year,0,1,26.6,0
3937,2051,2,BURGER,2/5/12,12.73,12,2012,Luner New Year,1,0,32.0,1
3945,2051,2,BURGER,2/5/13,13.13,38,2013,No Holiday,0,1,30.2,0
3953,2051,2,BURGER,2/5/14,13.27,36,2014,No Holiday,0,1,28.4,0
3961,2051,2,BURGER,2/5/15,11.53,24,2015,Luner New Year,0,1,28.4,1
3969,2051,2,BURGER,2/6/12,12.73,26,2012,Luner New Year,0,0,32.0,1
3977,2051,2,BURGER,2/6/13,13.13,36,2013,No Holiday,0,1,19.4,0
3985,2051,2,BURGER,2/6/14,13.27,38,2014,No Holiday,0,1,24.8,0
3993,2051,2,BURGER,2/6/15,11.53,26,2015,Luner New Year,0,1,28.4,1
4001,2051,2,BURGER,2/7/12,12.73,18,2012,Luner New Year,0,0,32.0,1
4009,2051,2,BURGER,2/7/13,13.13,38,2013,No Holiday,0,0,23.0,0
4017,2051,2,BURGER,2/7/14,13.27,30,2014,No Holiday,0,1,19.4,0
4025,2051,2,BURGER,2/7/15,11.53,26,2015,No Holiday,1,1,26.6,1
4033,2051,2,BURGER,2/8/12,12.73,20,2012,Luner New Year,0,0,32.0,1
4041,2051,2,BURGER,2/8/13,13.13,34,2013,No Holiday,0,0,26.6,0
4049,2051,2,BURGER,2/8/14,13.27,26,2014,No Holiday,1,1,23.0,0
4057,2051,2,BURGER,2/8/15,11.53,24,2015,No Holiday,1,1,24.8,0
4065,2051,2,BURGER,2/9/12,12.73,28,2012,No Holiday,0,0,32.0,1
4073,2051,2,BURGER,2/9/13,13.13,26,2013,No Holiday,1,0,28.4,0
4081,2051,2,BURGER,2/9/14,13.27,14,2014,Luner New Year,1,1,26.6,0
4089,2051,2,BURGER,2/9/15,11.53,44,2015,No Holiday,0,1,21.2,0
4097,2051,2,BURGER,3/1/12,12.73,32,2012,No Holiday,0,0,33.8,1
4108,2051,2,BURGER,3/1/13,12.64,38,2013,No Holiday,0,0,39.2,1
4109,2051,2,BURGER,3/1/13,12.64,38,2013,No Holiday,0,0,32.0,1
4110,2051,2,BURGER,3/1/13,15.5,178,2013,No Holiday,0,0,39.2,1
4111,2051,2,BURGER,3/1/13,15.5,178,2013,No Holiday,0,0,32.0,1
4137,2051,2,BURGER,3/1/14,13.27,26,2014,No Holiday,1,0,33.8,1
4145,2051,2,BURGER,3/1/15,11.53,26,2015,No Holiday,1,0,39.2,1
4153,2051,2,BURGER,3/10/12,12.73,22,2012,No Holiday,1,0,46.4,1
4161,2051,2,BURGER,3/10/13,13.13,24,2013,No Holiday,1,0,33.8,1
4169,2051,2,BURGER,3/10/14,13.27,32,2014,No Holiday,0,0,39.2,1
4177,2051,2,BURGER,3/10/15,11.53,36,2015,No Holiday,0,0,42.8,1
4185,2051,2,BURGER,3/11/12,12.73,20,2012,No Holiday,1,0,50.0,1
4193,2051,2,BURGER,3/11/13,13.13,32,2013,No Holiday,0,0,32.0,0
4201,2051,2,BURGER,3/11/14,13.27,24,2014,No Holiday,0,0,46.4,1
4209,2051,2,BURGER,3/11/15,11.53,36,2015,No Holiday,0,0,44.6,1
4217,2051,2,BURGER,3/12/12,12.73,34,2012,No Holiday,0,0,55.4,1
4225,2051,2,BURGER,3/12/13,13.13,32,2013,No Holiday,0,0,37.4,1
4233,2051,2,BURGER,3/12/14,13.27,24,2014,No Holiday,0,0,39.2,1
4241,2051,2,BURGER,3/12/15,11.53,32,2015,No Holiday,0,0,39.2,1
4249,2051,2,BURGER,3/13/12,12.73,28,2012,No Holiday,0,0,50.0,1
4257,2051,2,BURGER,3/13/13,13.13,24,2013,No Holiday,0,0,42.8,1
4265,2051,2,BURGER,3/13/14,13.27,28,2014,No Holiday,0,0,37.4,1
4273,2051,2,BURGER,3/13/15,11.53,34,2015,No Holiday,0,0,46.4,1
4281,2051,2,BURGER,3/14/12,12.73,28,2012,No Holiday,0,0,41.0,1
4289,2051,2,BURGER,3/14/13,13.13,24,2013,No Holiday,0,0,42.8,1
4297,2051,2,BURGER,3/14/14,13.27,30,2014,No Holiday,0,0,41.0,1
4305,2051,2,BURGER,3/14/15,11.53,26,2015,No Holiday,1,0,48.2,1
4313,2051,2,BURGER,3/15/12,12.73,26,2012,No Holiday,0,0,37.4,1
4321,2051,2,BURGER,3/15/13,13.13,26,2013,No Holiday,0,0,44.6,1
4329,2051,2,BURGER,3/15/14,13.27,22,2014,No Holiday,1,0,46.4,1
4337,2051,2,BURGER,3/15/15,11.53,24,2015,No Holiday,1,0,53.6,1
4345,2051,2,BURGER,3/16/12,12.73,32,2012,No Holiday,0,0,42.8,1
4353,2051,2,BURGER,3/16/13,13.13,20,2013,No Holiday,1,0,48.2,1
4361,2051,2,BURGER,3/16/14,13.27,26,2014,No Holiday,1,0,48.2,1
4369,2051,2,BURGER,3/16/15,11.53,32,2015,No Holiday,0,0,51.8,1
4377,2051,2,BURGER,3/17/12,12.73,22,2012,No Holiday,1,0,50.0,1
4385,2051,2,BURGER,3/17/13,13.13,20,2013,No Holiday,1,0,42.8,1
4393,2051,2,BURGER,3/17/14,13.27,30,2014,No Holiday,0,0,53.6,1
4401,2051,2,BURGER,3/17/15,11.53,32,2015,No Holiday,0,0,53.6,1
4409,2051,2,BURGER,3/18/12,12.73,20,2012,No Holiday,1,0,44.6,1
4417,2051,2,BURGER,3/18/13,13.13,30,2013,No Holiday,0,0,35.6,1
4425,2051,2,BURGER,3/18/14,13.27,32,2014,No Holiday,0,0,42.8,1
4433,2051,2,BURGER,3/18/15,11.53,38,2015,No Holiday,0,0,51.8,1
4441,2051,2,BURGER,3/19/12,12.73,30,2012,No Holiday,0,0,46.4,1
4449,2051,2,BURGER,3/19/13,13.13,30,2013,No Holiday,0,0,37.4,1
4457,2051,2,BURGER,3/19/14,13.27,26,2014,No Holiday,0,0,32.0,1
4465,2051,2,BURGER,3/19/15,11.53,36,2015,No Holiday,0,0,46.4,1
4473,2051,2,BURGER,3/2/12,12.73,34,2012,No Holiday,0,0,35.6,1
4481,2051,2,BURGER,3/2/13,13.13,18,2013,No Holiday,1,0,35.6,1
4489,2051,2,BURGER,3/2/14,13.27,26,2014,No Holiday,1,0,33.8,1
4497,2051,2,BURGER,3/2/15,11.53,38,2015,No Holiday,0,0,39.2,1
4505,2051,2,BURGER,3/20/12,12.73,30,2012,No Holiday,0,0,44.6,1
4513,2051,2,BURGER,3/20/13,13.13,30,2013,No Holiday,0,0,44.6,1
4521,2051,2,BURGER,3/20/14,13.27,28,2014,No Holiday,0,0,39.2,1
4529,2051,2,BURGER,3/20/15,11.53,38,2015,No Holiday,0,0,50.0,1
4537,2051,2,BURGER,3/21/12,12.73,28,2012,No Holiday,0,0,37.4,1
4545,2051,2,BURGER,3/21/13,13.13,28,2013,No Holiday,0,0,46.4,1
4553,2051,2,BURGER,3/21/14,13.27,30,2014,No Holiday,0,0,46.4,1
4561,2051,2,BURGER,3/21/15,11.53,28,2015,No Holiday,1,0,53.6,1
4569,2051,2,BURGER,3/22/12,12.73,28,2012,No Holiday,0,0,39.2,1
4577,2051,2,BURGER,3/22/13,13.13,32,2013,No Holiday,0,0,41.0,1
4585,2051,2,BURGER,3/22/14,13.27,24,2014,No Holiday,1,0,42.8,1
4593,2051,2,BURGER,3/22/15,11.53,28,2015,No Holiday,1,0,57.2,1
4601,2051,2,BURGER,3/23/12,12.73,34,2012,No Holiday,0,0,42.8,1
4609,2051,2,BURGER,3/23/13,13.13,26,2013,No Holiday,1,0,44.6,1
4617,2051,2,BURGER,3/23/14,13.27,22,2014,No Holiday,1,0,42.8,1
4625,2051,2,BURGER,3/23/15,11.53,36,2015,No Holiday,0,0,55.4,1
4633,2051,2,BURGER,3/24/12,12.73,20,2012,No Holiday,1,0,42.8,1
4641,2051,2,BURGER,3/24/13,13.13,24,2013,No Holiday,1,0,44.6,1
4649,2051,2,BURGER,3/24/14,13.27,32,2014,No Holiday,0,0,39.2,1
4657,2051,2,BURGER,3/24/15,11.53,36,2015,No Holiday,0,0,59.0,1
4665,2051,2,BURGER,3/25/12,12.73,24,2012,No Holiday,1,0,42.8,1
4673,2051,2,BURGER,3/25/13,13.13,28,2013,No Holiday,0,0,46.4,1
4681,2051,2,BURGER,3/25/14,13.27,30,2014,No Holiday,0,0,42.8,1
4689,2051,2,BURGER,3/25/15,11.53,38,2015,No Holiday,0,0,60.8,1
4697,2051,2,BURGER,3/26/12,12.73,28,2012,No Holiday,0,0,46.4,1
4705,2051,2,BURGER,3/26/13,13.13,28,2013,No Holiday,0,0,32.0,1
4713,2051,2,BURGER,3/26/14,13.27,26,2014,No Holiday,0,0,48.2,1
4721,2051,2,BURGER,3/26/15,11.53,30,2015,No Holiday,0,0,60.8,1
4729,2051,2,BURGER,3/27/12,12.73,34,2012,No Holiday,0,0,48.2,1
4737,2051,2,BURGER,3/27/13,13.13,24,2013,No Holiday,0,0,55.4,1
4745,2051,2,BURGER,3/27/14,13.27,26,2014,No Holiday,0,0,50.0,1
4753,2051,2,BURGER,3/27/15,11.53,38,2015,No Holiday,0,0,62.6,1
4761,2051,2,BURGER,3/28/12,12.73,34,2012,No Holiday,0,0,50.0,1
4769,2051,2,BURGER,3/28/13,13.13,28,2013,No Holiday,0,0,59.0,1
4777,2051,2,BURGER,3/28/14,13.27,28,2014,No Holiday,0,0,41.0,1
4785,2051,2,BURGER,3/28/15,11.53,20,2015,No Holiday,1,0,60.8,1
4793,2051,2,BURGER,3/29/12,12.73,30,2012,No Holiday,0,0,51.8,1
4801,2051,2,BURGER,3/29/13,13.13,28,2013,No Holiday,0,0,53.6,1
4809,2051,2,BURGER,3/29/14,13.27,22,2014,No Holiday,1,0,42.8,1
4817,2051,2,BURGER,3/29/15,11.53,28,2015,No Holiday,1,0,59.0,1
4825,2051,2,BURGER,3/3/12,12.73,26,2012,No Holiday,1,0,35.6,1
4833,2051,2,BURGER,3/3/13,13.13,22,2013,No Holiday,1,0,33.8,1
4841,2051,2,BURGER,3/3/14,13.27,32,2014,No Holiday,0,0,44.6,1
4849,2051,2,BURGER,3/3/15,11.53,36,2015,No Holiday,0,0,37.4,1
4857,2051,2,BURGER,3/30/12,12.73,34,2012,No Holiday,0,0,57.2,1
4865,2051,2,BURGER,3/30/13,13.13,22,2013,No Holiday,1,0,46.4,1
4873,2051,2,BURGER,3/30/14,13.27,20,2014,No Holiday,1,0,42.8,1
4881,2051,2,BURGER,3/30/15,11.53,36,2015,No Holiday,0,0,62.6,1
4889,2051,2,BURGER,3/31/12,12.73,20,2012,No Holiday,1,0,57.2,1
4897,2051,2,BURGER,3/31/13,13.13,26,2013,No Holiday,1,0,48.2,1
4905,2051,2,BURGER,3/31/14,13.27,30,2014,No Holiday,0,0,48.2,1
4913,2051,2,BURGER,3/31/15,11.53,30,2015,No Holiday,0,0,57.2,1
4921,2051,2,BURGER,3/4/12,12.73,26,2012,No Holiday,1,0,41.0,1
4929,2051,2,BURGER,3/4/13,13.13,30,2013,No Holiday,0,0,35.6,1
4937,2051,2,BURGER,3/4/14,13.27,28,2014,No Holiday,0,0,46.4,1
4945,2051,2,BURGER,3/4/15,11.53,38,2015,No Holiday,0,0,35.6,1
4953,2051,2,BURGER,3/5/12,12.73,34,2012,No Holiday,0,0,44.6,1
