Model comparasions/processedDataSets/Combined_Data.csv
,SELL_ID,SELL_CATEGORY,ITEM_NAME,CALENDAR_DATE,PRICE,QUANTITY,YEAR,HOLIDAY,IS_WEEKEND,IS_SCHOOLBREAK,AVERAGE_TEMPERATURE,IS_OUTDOOR
4961,2051,2,BURGER,3/5/13,13.13,28,2013,No Holiday,0,0,35.6,1
4969,2051,2,BURGER,3/5/14,13.27,28,2014,No Holiday,0,0,50.0,1
4977,2051,2,BURGER,3/5/15,11.53,32,2015,No Holiday,0,0,37.4,1
4985,2051,2,BURGER,3/6/12,12.73,26,2012,No Holiday,0,0,39.2,1
4993,2051,2,BURGER,3/6/13,13.13,30,2013,No Holiday,0,0,39.2,1
5001,2051,2,BURGER,3/6/14,13.27,24,2014,No Holiday,0,0,46.4,1
5009,2051,2,BURGER,3/6/15,11.53,30,2015,No Holiday,0,0,35.6,1
5017,2051,2,BURGER,3/7/12,12.73,34,2012,No Holiday,0,0,39.2,1
5025,2051,2,BURGER,3/7/13,13.13,28,2013,No Holiday,0,0,39.2,1
5033,2051,2,BURGER,3/7/14,13.27,24,2014,No Holiday,0,0,50.0,1
5041,2051,2,BURGER,3/7/15,11.53,22,2015,No Holiday,1,0,37.4,1
5049,2051,2,BURGER,3/8/12,12.73,28,2012,No Holiday,0,0,39.2,1
5057,2051,2,BURGER,3/8/13,13.13,28,2013,No Holiday,0,0,32.0,1
5065,2051,2,BURGER,3/8/14,13.27,24,2014,No Holiday,1,0,53.6,1
5073,2051,2,BURGER,3/8/15,11.53,22,2015,No Holiday,1,0,37.4,1
5081,2051,2,BURGER,3/9/12,12.73,34,2012,No Holiday,0,0,41.0,1
5089,2051,2,BURGER,3/9/13,13.13,22,2013,No Holiday,1,0,33.8,1
5097,2051,2,BURGER,3/9/14,13.27,22,2014,No Holiday,1,0,44.6,1
5105,2051,2,BURGER,3/9/15,11.53,38,2015,No Holiday,0,0,39.2,1
5113,2051,2,BURGER,4/1/12,12.73,20,2012,No Holiday,1,0,44.6,1
5121,2051,2,BURGER,4/1/13,13.13,32,2013,No Holiday,0,0,46.4,1
5129,2051,2,BURGER,4/1/14,13.27,24,2014,No Holiday,0,0,46.4,1
5137,2051,2,BURGER,4/1/15,11.53,30,2015,No Holiday,0,0,62.6,1
5145,2051,2,BURGER,4/10/12,12.73,28,2012,No Holiday,0,0,50.0,1
5153,2051,2,BURGER,4/10/13,13.13,28,2013,No Holiday,0,0,59.0,1
5161,2051,2,BURGER,4/10/14,13.27,32,2014,No Holiday,0,0,46.4,1
5169,2051,2,BURGER,4/10/15,11.53,38,2015,No Holiday,0,0,57.2,1
5177,2051,2,BURGER,4/11/12,12.73,34,2012,No Holiday,0,0,57.2,1
5185,2051,2,BURGER,4/11/13,13.13,30,2013,No Holiday,0,0,57.2,1
5193,2051,2,BURGER,4/11/14,13.27,26,2014,No Holiday,0,0,48.2,1
5201,2051,2,BURGER,4/11/15,11.53,24,2015,No Holiday,1,0,57.2,1
5209,2051,2,BURGER,4/12/12,12.73,30,2012,No Holiday,0,0,62.6,1
5217,2051,2,BURGER,4/12/13,13.13,28,2013,No Holiday,0,0,60.8,1
5225,2051,2,BURGER,4/12/14,13.27,20,2014,No Holiday,1,0,59.0,1
5233,2051,2,BURGER,4/12/15,11.53,22,2015,No Holiday,1,0,59.0,1
5241,2051,2,BURGER,4/13/12,12.73,30,2012,No Holiday,0,0,66.2,1
5249,2051,2,BURGER,4/13/13,13.13,22,2013,No Holiday,1,0,64.4,1
5257,2051,2,BURGER,4/13/14,13.27,22,2014,No Holiday,1,0,57.2,1
5265,2051,2,BURGER,4/13/15,11.53,32,2015,No Holiday,0,0,62.6,1
5273,2051,2,BURGER,4/14/12,12.73,22,2012,No Holiday,1,0,69.8,1
5281,2051,2,BURGER,4/14/13,13.13,18,2013,No Holiday,1,0,69.8,1
5289,2051,2,BURGER,4/14/14,13.27,28,2014,No Holiday,0,0,50.0,1
5297,2051,2,BURGER,4/14/15,11.53,30,2015,No Holiday,0,0,66.2,1
5305,2051,2,BURGER,4/15/12,12.73,22,2012,No Holiday,1,0,60.8,1
5313,2051,2,BURGER,4/15/13,13.13,28,2013,No Holiday,0,0,64.4,1
5321,2051,2,BURGER,4/15/14,13.27,24,2014,No Holiday,0,0,55.4,1
5329,2051,2,BURGER,4/15/15,12.66,26,2015,No Holiday,0,0,64.4,1
5337,2051,2,BURGER,4/16/12,12.73,30,2012,No Holiday,0,0,66.2,1
5345,2051,2,BURGER,4/16/13,13.13,24,2013,No Holiday,0,0,60.8,1
5353,2051,2,BURGER,4/16/14,13.27,26,2014,No Holiday,0,0,53.6,1
5361,2051,2,BURGER,4/16/15,12.66,28,2015,No Holiday,0,0,60.8,1
5369,2051,2,BURGER,4/17/12,12.73,28,2012,No Holiday,0,0,57.2,1
5377,2051,2,BURGER,4/17/13,13.13,28,2013,No Holiday,0,0,69.8,1
5385,2051,2,BURGER,4/17/14,13.27,24,2014,No Holiday,0,0,55.4,1
5393,2051,2,BURGER,4/17/15,12.66,30,2015,No Holiday,0,0,57.2,1
5401,2051,2,BURGER,4/18/12,12.73,32,2012,No Holiday,0,0,57.2,1
5409,2051,2,BURGER,4/18/13,13.13,32,2013,No Holiday,0,0,66.2,1
5417,2051,2,BURGER,4/18/14,13.27,32,2014,No Holiday,0,0,50.0,1
5425,2051,2,BURGER,4/18/15,12.66,22,2015,No Holiday,1,0,60.8,1
5433,2051,2,BURGER,4/19/12,12.73,30,2012,No Holiday,0,0,62.6,1
5441,2051,2,BURGER,4/19/13,13.13,32,2013,No Holiday,0,0,62.6,1
5449,2051,2,BURGER,4/19/14,13.27,24,2014,No Holiday,1,0,41.0,1
5457,2051,2,BURGER,4/19/15,12.66,26,2015,No Holiday,1,0,53.6,1
5465,2051,2,BURGER,4/2/12,12.73,26,2012,No Holiday,0,0,44.6,1
5473,2051,2,BURGER,4/2/13,13.13,18,2013,Qing Ming Festival,0,0,46.4,1
5481,2051,2,BURGER,4/2/14,13.27,32,2014,No Holiday,0,0,53.6,1
5489,2051,2,BURGER,4/2/15,11.53,30,2015,No Holiday,0,0,60.8,1
5497,2051,2,BURGER,4/20/12,12.73,28,2012,No Holiday,0,0,66.2,1
5505,2051,2,BURGER,4/20/13,13.13,22,2013,No Holiday,1,0,62.6,1
5513,2051,2,BURGER,4/20/14,12.14,24,2014,No Holiday,1,0,50.0,1
5521,2051,2,BURGER,4/20/15,12.66,28,2015,No Holiday,0,0,60.8,1
5529,2051,2,BURGER,4/21/12,12.73,20,2012,No Holiday,1,0,53.6,1
5537,2051,2,BURGER,4/21/13,13.13,26,2013,No Holiday,1,0,57.2,1
5545,2051,2,BURGER,4/21/14,12.14,28,2014,No Holiday,0,0,53.6,1
5553,2051,2,BURGER,4/21/15,12.66,28,2015,No Holiday,0,0,62.6,1
5561,2051,2,BURGER,4/22/12,12.73,26,2012,No Holiday,1,0,57.2,1
5569,2051,2,BURGER,4/22/13,13.13,24,2013,No Holiday,0,0,32.0,1
5577,2051,2,BURGER,4/22/14,12.14,30,2014,No Holiday,0,0,57.2,1
5585,2051,2,BURGER,4/22/15,12.66,34,2015,No Holiday,0,0,68.0,1
5593,2051,2,BURGER,4/23/12,12.73,28,2012,No Holiday,0,0,55.4,1
5601,2051,2,BURGER,4/23/13,13.13,30,2013,No Holiday,0,0,66.2,1
5609,2051,2,BURGER,4/23/14,12.14,36,2014,No Holiday,0,0,53.6,1
5617,2051,2,BURGER,4/23/15,12.66,26,2015,No Holiday,0,0,69.8,1
5625,2051,2,BURGER,4/24/12,12.73,32,2012,No Holiday,0,0,60.8,1
5633,2051,2,BURGER,4/24/13,13.13,30,2013,No Holiday,0,0,59.0,1
5641,2051,2,BURGER,4/24/14,12.14,36,2014,No Holiday,0,0,60.8,1
5649,2051,2,BURGER,4/24/15,12.66,28,2015,No Holiday,0,0,66.2,1
5657,2051,2,BURGER,4/25/12,12.73,28,2012,No Holiday,0,0,55.4,1
5665,2051,2,BURGER,4/25/13,13.08,28,2013,No Holiday,0,0,55.4,1
5673,2051,2,BURGER,4/25/14,12.14,32,2014,No Holiday,0,0,59.0,1
5681,2051,2,BURGER,4/25/15,12.66,18,2015,No Holiday,1,0,64.4,1
5689,2051,2,BURGER,4/26/12,12.73,30,2012,No Holiday,0,0,53.6,1
5697,2051,2,BURGER,4/26/13,13.08,34,2013,No Holiday,0,0,64.4,1
5705,2051,2,BURGER,4/26/14,12.14,22,2014,No Holiday,1,0,60.8,1
5713,2051,2,BURGER,4/26/15,12.66,22,2015,No Holiday,1,0,60.8,1
5721,2051,2,BURGER,4/27/12,12.73,28,2012,No Holiday,0,0,60.8,1
5729,2051,2,BURGER,4/27/13,13.08,22,2013,No Holiday,1,0,62.6,1
5737,2051,2,BURGER,4/27/14,12.14,20,2014,No Holiday,1,0,60.8,1
5745,2051,2,BURGER,4/27/15,12.66,28,2015,No Holiday,0,0,64.4,1
5753,2051,2,BURGER,4/28/12,12.73,20,2012,No Holiday,1,0,64.4,1
5761,2051,2,BURGER,4/28/13,13.08,18,2013,No Holiday,1,0,60.8,1
5769,2051,2,BURGER,4/28/14,12.14,36,2014,No Holiday,0,0,59.0,1
5777,2051,2,BURGER,4/28/15,12.66,28,2015,No Holiday,0,0,64.4,1
5785,2051,2,BURGER,4/29/12,12.73,20,2012,No Holiday,1,0,62.6,1
5793,2051,2,BURGER,4/29/13,13.08,24,2013,Labor Day,0,0,60.8,1
5801,2051,2,BURGER,4/29/14,12.14,20,2014,Labor Day,0,0,68.0,1
5809,2051,2,BURGER,4/29/15,12.66,28,2015,No Holiday,0,0,68.0,1
5817,2051,2,BURGER,4/3/12,12.73,26,2012,Qing Ming Festival,0,0,48.2,1
5825,2051,2,BURGER,4/3/13,13.13,26,2013,Qing Ming Festival,0,0,51.8,1
5833,2051,2,BURGER,4/3/14,13.27,24,2014,No Holiday,0,0,50.0,1
5841,2051,2,BURGER,4/3/15,11.53,30,2015,No Holiday,0,0,55.4,1
5849,2051,2,BURGER,4/30/12,12.73,22,2012,Labor Day,0,0,62.6,1
5857,2051,2,BURGER,4/30/13,13.08,20,2013,Labor Day,0,0,68.0,1
5865,2051,2,BURGER,4/30/14,12.14,22,2014,Labor Day,0,0,64.4,1
5873,2051,2,BURGER,4/30/15,12.66,30,2015,No Holiday,0,0,71.6,1
5881,2051,2,BURGER,4/4/12,12.73,22,2012,Qing Ming Festival,0,0,53.6,1
5889,2051,2,BURGER,4/4/13,13.13,24,2013,Qing Ming Festival,0,0,55.4,1
5897,2051,2,BURGER,4/4/14,13.27,24,2014,Qing Ming Festival,0,0,48.2,1
5905,2051,2,BURGER,4/4/15,11.53,24,2015,No Holiday,1,0,60.8,1
5913,2051,2,BURGER,4/5/12,12.73,26,2012,Qing Ming Festival,0,0,57.2,1
5921,2051,2,BURGER,4/5/13,13.13,30,2013,No Holiday,0,0,50.0,1
5929,2051,2,BURGER,4/5/14,13.27,20,2014,Qing Ming Festival,1,0,44.6,1
5937,2051,2,BURGER,4/5/15,11.53,20,2015,Qing Ming Festival,1,0,55.4,1
5945,2051,2,BURGER,4/6/12,12.73,28,2012,No Holiday,0,0,55.4,1
5953,2051,2,BURGER,4/6/13,13.13,18,2013,No Holiday,1,0,55.4,1
5961,2051,2,BURGER,4/6/14,13.27,16,2014,Qing Ming Festival,1,0,46.4,1
5969,2051,2,BURGER,4/6/15,11.53,22,2015,Qing Ming Festival,0,0,62.6,1
5977,2051,2,BURGER,4/7/12,12.73,26,2012,No Holiday,1,0,53.6,1
5985,2051,2,BURGER,4/7/13,13.13,24,2013,No Holiday,1,0,62.6,1
5993,2051,2,BURGER,4/7/14,13.27,30,2014,No Holiday,0,0,50.0,1
6001,2051,2,BURGER,4/7/15,11.53,20,2015,Qing Ming Festival,0,0,64.4,1
6009,2051,2,BURGER,4/8/12,12.73,20,2012,No Holiday,1,0,55.4,1
6017,2051,2,BURGER,4/8/13,13.13,30,2013,No Holiday,0,0,59.0,1
6025,2051,2,BURGER,4/8/14,13.27,32,2014,No Holiday,0,0,46.4,1
6033,2051,2,BURGER,4/8/15,11.53,30,2015,No Holiday,0,0,64.4,1
6041,2051,2,BURGER,4/9/12,12.73,30,2012,No Holiday,0,0,60.8,1
6049,2051,2,BURGER,4/9/13,13.13,26,2013,No Holiday,0,0,66.2,1
6057,2051,2,BURGER,4/9/14,13.27,28,2014,No Holiday,0,0,46.4,1
6065,2051,2,BURGER,4/9/15,11.53,36,2015,No Holiday,0,0,66.2,1
6073,2051,2,BURGER,5/1/12,11.49,22,2012,Labor Day,0,0,66.2,1
6081,2051,2,BURGER,5/1/13,13.08,26,2013,Labor Day,0,0,64.4,1
6089,2051,2,BURGER,5/1/14,12.14,24,2014,Labor Day,0,0,64.4,1
6097,2051,2,BURGER,5/1/15,12.66,24,2015,Labor Day,0,0,68.0,1
6105,2051,2,BURGER,5/10/12,11.49,36,2012,No Holiday,0,0,66.2,1
6113,2051,2,BURGER,5/10/13,13.08,34,2013,No Holiday,0,0,75.2,1
6121,2051,2,BURGER,5/10/14,12.14,28,2014,No Holiday,1,0,71.6,1
6129,2051,2,BURGER,5/10/15,12.66,26,2015,No Holiday,1,0,59.0,1
6137,2051,2,BURGER,5/11/12,11.49,36,2012,No Holiday,0,0,68.0,1
6145,2051,2,BURGER,5/11/13,13.08,26,2013,No Holiday,1,0,66.2,1
6153,2051,2,BURGER,5/11/14,12.14,22,2014,No Holiday,1,0,75.2,1
6161,2051,2,BURGER,5/11/15,12.66,28,2015,No Holiday,0,0,51.8,1
6169,2051,2,BURGER,5/12/12,11.49,26,2012,No Holiday,1,0,64.4,1
6177,2051,2,BURGER,5/12/13,13.08,22,2013,No Holiday,1,0,64.4,1
6185,2051,2,BURGER,5/12/14,12.14,28,2014,No Holiday,0,0,73.4,1
6193,2051,2,BURGER,5/12/15,12.66,26,2015,No Holiday,0,0,71.6,1
6201,2051,2,BURGER,5/13/12,11.49,28,2012,No Holiday,1,0,69.8,1
6209,2051,2,BURGER,5/13/13,13.08,32,2013,No Holiday,0,0,68.0,1
6217,2051,2,BURGER,5/13/14,12.14,32,2014,No Holiday,0,0,73.4,1
6225,2051,2,BURGER,5/13/15,12.66,26,2015,No Holiday,0,0,73.4,1
6233,2051,2,BURGER,5/14/12,11.49,36,2012,No Holiday,0,0,71.6,1
6241,2051,2,BURGER,5/14/13,13.08,30,2013,No Holiday,0,0,66.2,1
6249,2051,2,BURGER,5/14/14,12.14,32,2014,No Holiday,0,0,71.6,1
6257,2051,2,BURGER,5/14/15,12.66,30,2015,No Holiday,0,0,62.6,1
6265,2051,2,BURGER,5/15/12,11.49,32,2012,No Holiday,0,0,66.2,1
6273,2051,2,BURGER,5/15/13,13.08,28,2013,No Holiday,0,0,68.0,1
6281,2051,2,BURGER,5/15/14,12.14,36,2014,No Holiday,0,0,71.6,1
6289,2051,2,BURGER,5/15/15,12.66,34,2015,No Holiday,0,0,71.6,1
6297,2051,2,BURGER,5/16/12,11.49,32,2012,No Holiday,0,0,69.8,1
6305,2051,2,BURGER,5/16/13,13.08,30,2013,No Holiday,0,0,69.8,1
6313,2051,2,BURGER,5/16/14,12.14,28,2014,No Holiday,0,0,68.0,1
6321,2051,2,BURGER,5/16/15,12.66,26,2015,No Holiday,1,0,69.8,1
6329,2051,2,BURGER,5/17/12,11.49,32,2012,No Holiday,0,0,71.6,1
6337,2051,2,BURGER,5/17/13,13.08,26,2013,No Holiday,0,0,73.4,1
6345,2051,2,BURGER,5/17/14,12.14,20,2014,No Holiday,1,0,69.8,1
6353,2051,2,BURGER,5/17/15,12.66,22,2015,No Holiday,1,0,71.6,1
6361,2051,2,BURGER,5/18/12,11.49,38,2012,No Holiday,0,0,75.2,1
6369,2051,2,BURGER,5/18/13,13.08,20,2013,No Holiday,1,0,77.0,1
2,2051,2,COKE,1/1/12,12.73,22,2012,New Year,1,0,24.8,0
10,2051,2,COKE,1/1/13,13.13,22,2013,New Year,0,0,30.2,1
18,2051,2,COKE,1/1/14,13.27,22,2014,New Year,0,0,19.4,0
26,2051,2,COKE,1/1/15,11.53,24,2015,New Year,0,0,37.4,1
34,2051,2,COKE,1/10/12,12.73,40,2012,No Holiday,0,0,24.8,0
42,2051,2,COKE,1/10/13,13.13,32,2013,No Holiday,0,0,28.4,0
50,2051,2,COKE,1/10/14,13.27,38,2014,No Holiday,0,0,24.8,0
58,2051,2,COKE,1/10/15,11.53,24,2015,No Holiday,1,0,28.4,0
66,2051,2,COKE,1/11/12,12.73,32,2012,No Holiday,0,0,21.2,0
74,2051,2,COKE,1/11/13,13.13,36,2013,No Holiday,0,0,24.8,0
82,2051,2,COKE,1/11/14,13.27,28,2014,No Holiday,1,0,30.2,0
90,2051,2,COKE,1/11/15,11.53,20,2015,No Holiday,1,0,32.0,1
98,2051,2,COKE,1/12/12,12.73,32,2012,No Holiday,0,0,24.8,0
106,2051,2,COKE,1/12/13,13.13,22,2013,No Holiday,1,0,28.4,0
114,2051,2,COKE,1/12/14,13.27,22,2014,No Holiday,1,0,28.4,0
122,2051,2,COKE,1/12/15,11.53,38,2015,No Holiday,0,0,26.6,0
130,2051,2,COKE,1/13/12,12.73,40,2012,No Holiday,0,0,26.6,0
138,2051,2,COKE,1/13/13,13.13,26,2013,No Holiday,1,0,30.2,0
146,2051,2,COKE,1/13/14,13.27,38,2014,No Holiday,0,0,28.4,0
154,2051,2,COKE,1/13/15,11.53,38,2015,No Holiday,0,0,28.4,0
162,2051,2,COKE,1/14/12,12.73,24,2012,No Holiday,1,0,23.0,0
170,2051,2,COKE,1/14/13,13.13,36,2013,No Holiday,0,1,30.2,0
178,2051,2,COKE,1/14/14,13.27,24,2014,No Holiday,0,0,28.4,1
186,2051,2,COKE,1/14/15,11.53,42,2015,No Holiday,0,0,30.2,0
194,2051,2,COKE,1/15/12,12.73,22,2012,No Holiday,1,0,32.0,1
202,2051,2,COKE,1/15/13,13.13,32,2013,No Holiday,0,1,30.2,0
210,2051,2,COKE,1/15/14,13.27,36,2014,No Holiday,0,0,26.6,0
218,2051,2,COKE,1/15/15,11.53,36,2015,No Holiday,0,0,32.0,1
226,2051,2,COKE,1/16/12,12.73,40,2012,No Holiday,0,0,23.0,0
234,2051,2,COKE,1/16/13,13.13,32,2013,No Holiday,0,1,30.2,1
242,2051,2,COKE,1/16/14,13.27,38,2014,No Holiday,0,0,24.8,0
250,2051,2,COKE,1/16/15,11.53,32,2015,No Holiday,0,0,32.0,1
258,2051,2,COKE,1/17/12,12.73,38,2012,No Holiday,0,0,23.0,0
266,2051,2,COKE,1/17/13,13.13,26,2013,No Holiday,0,1,30.2,1
274,2051,2,COKE,1/17/14,13.27,36,2014,No Holiday,0,0,26.6,0
282,2051,2,COKE,1/17/15,11.53,24,2015,No Holiday,1,0,30.2,0
290,2051,2,COKE,1/18/12,12.73,40,2012,No Holiday,0,0,23.0,0
298,2051,2,COKE,1/18/13,13.13,32,2013,No Holiday,0,1,32.0,1
306,2051,2,COKE,1/18/14,13.27,24,2014,No Holiday,1,0,28.4,0
314,2051,2,COKE,1/18/15,11.53,20,2015,No Holiday,1,0,33.8,1
322,2051,2,COKE,1/19/12,12.73,32,2012,No Holiday,0,0,24.8,0
330,2051,2,COKE,1/19/13,13.13,22,2013,No Holiday,1,1,28.4,1
338,2051,2,COKE,1/19/14,13.27,26,2014,No Holiday,1,0,30.2,1
346,2051,2,COKE,1/19/15,11.53,38,2015,No Holiday,0,1,33.8,1
354,2051,2,COKE,1/2/12,12.73,22,2012,New Year,0,0,24.8,0
362,2051,2,COKE,1/2/13,13.13,28,2013,New Year,0,0,28.4,0
370,2051,2,COKE,1/2/14,13.27,22,2014,New Year,0,0,14.0,0
378,2051,2,COKE,1/2/15,11.53,30,2015,No Holiday,0,0,37.4,1
386,2051,2,COKE,1/20/12,12.73,36,2012,No Holiday,0,0,26.6,0
394,2051,2,COKE,1/20/13,13.13,28,2013,No Holiday,1,1,23.0,0
402,2051,2,COKE,1/20/14,13.27,38,2014,No Holiday,0,0,24.8,0
410,2051,2,COKE,1/20/15,11.53,30,2015,No Holiday,0,1,30.2,1
418,2051,2,COKE,1/21/12,12.73,22,2012,No Holiday,1,0,26.6,0
426,2051,2,COKE,1/21/13,13.13,32,2013,No Holiday,0,1,19.4,0
434,2051,2,COKE,1/21/14,13.27,32,2014,No Holiday,0,0,28.4,0
442,2051,2,COKE,1/21/15,11.53,36,2015,No Holiday,0,1,32.0,0
450,2051,2,COKE,1/22/12,12.73,30,2012,No Holiday,1,0,24.8,0
458,2051,2,COKE,1/22/13,13.13,26,2013,Luner New Year,0,1,17.6,0
466,2051,2,COKE,1/22/14,13.27,36,2014,No Holiday,0,0,28.4,0
474,2051,2,COKE,1/22/15,11.53,30,2015,No Holiday,0,1,32.0,1
482,2051,2,COKE,1/23/12,12.73,38,2012,No Holiday,0,0,23.0,0
490,2051,2,COKE,1/23/13,13.13,20,2013,Luner New Year,0,1,21.2,0
498,2051,2,COKE,1/23/14,13.27,32,2014,No Holiday,0,0,28.4,0
506,2051,2,COKE,1/23/15,11.53,32,2015,No Holiday,0,1,32.0,1
514,2051,2,COKE,1/24/12,12.73,36,2012,No Holiday,0,0,24.8,0
522,2051,2,COKE,1/24/13,13.13,24,2013,Luner New Year,0,1,23.0,0
530,2051,2,COKE,1/24/14,13.27,30,2014,No Holiday,0,0,26.6,0
538,2051,2,COKE,1/24/15,11.53,20,2015,No Holiday,1,1,35.6,1
546,2051,2,COKE,1/25/12,12.73,38,2012,No Holiday,0,0,23.0,0
554,2051,2,COKE,1/25/13,13.13,20,2013,Luner New Year,0,1,23.0,0
562,2051,2,COKE,1/25/14,13.27,28,2014,No Holiday,1,1,24.8,0
570,2051,2,COKE,1/25/15,11.53,24,2015,No Holiday,1,1,33.8,1
578,2051,2,COKE,1/26/12,12.73,38,2012,No Holiday,0,0,24.8,0
586,2051,2,COKE,1/26/13,13.13,14,2013,Luner New Year,1,1,26.6,0
594,2051,2,COKE,1/26/14,13.27,24,2014,No Holiday,1,1,26.6,0
602,2051,2,COKE,1/26/15,11.53,38,2015,No Holiday,0,1,32.0,1
610,2051,2,COKE,1/27/12,12.73,28,2012,No Holiday,0,0,32.0,1
618,2051,2,COKE,1/27/13,13.13,22,2013,Luner New Year,1,1,26.6,0
626,2051,2,COKE,1/27/14,13.27,36,2014,No Holiday,0,1,28.4,0
634,2051,2,COKE,1/27/15,11.53,36,2015,No Holiday,0,1,35.6,1
642,2051,2,COKE,1/28/12,12.73,24,2012,No Holiday,1,0,32.0,1
650,2051,2,COKE,1/28/13,13.13,28,2013,Luner New Year,0,1,23.0,0
658,2051,2,COKE,1/28/14,13.27,30,2014,No Holiday,0,1,32.0,1
666,2051,2,COKE,1/28/15,11.53,38,2015,No Holiday,0,1,32.0,1
674,2051,2,COKE,1/29/12,12.73,22,2012,No Holiday,1,0,23.0,0
682,2051,2,COKE,1/29/13,13.13,32,2013,No Holiday,0,1,23.0,0
690,2051,2,COKE,1/29/14,13.27,28,2014,No Holiday,0,1,32.0,1
698,2051,2,COKE,1/29/15,11.53,34,2015,No Holiday,0,1,33.8,1
706,2051,2,COKE,1/3/12,12.73,26,2012,New Year,0,0,32.0,1
714,2051,2,COKE,1/3/13,13.13,28,2013,New Year,0,0,26.6,0
722,2051,2,COKE,1/3/14,13.27,26,2014,New Year,0,0,17.6,0
730,2051,2,COKE,1/3/15,11.53,20,2015,No Holiday,1,0,35.6,1
738,2051,2,COKE,1/30/12,12.73,34,2012,No Holiday,0,0,28.4,0
746,2051,2,COKE,1/30/13,13.13,38,2013,No Holiday,0,1,23.0,0
754,2051,2,COKE,1/30/14,13.27,28,2014,No Holiday,0,1,30.2,1
762,2051,2,COKE,1/30/15,11.53,36,2015,No Holiday,0,1,33.8,1
770,2051,2,COKE,1/31/12,12.73,30,2012,No Holiday,0,0,32.0,1
778,2051,2,COKE,1/31/13,13.13,34,2013,No Holiday,0,1,23.0,0
786,2051,2,COKE,1/31/14,13.27,30,2014,No Holiday,0,1,30.2,1
794,2051,2,COKE,1/31/15,11.53,16,2015,Luner New Year,1,1,33.8,1
802,2051,2,COKE,1/4/12,12.73,26,2012,No Holiday,0,0,32.0,1
810,2051,2,COKE,1/4/13,13.13,30,2013,No Holiday,0,0,24.8,0
818,2051,2,COKE,1/4/14,13.27,22,2014,No Holiday,1,0,21.2,0
826,2051,2,COKE,1/4/15,11.53,28,2015,No Holiday,1,0,32.0,1
834,2051,2,COKE,1/5/12,12.73,36,2012,No Holiday,0,0,24.8,0
842,2051,2,COKE,1/5/13,13.13,20,2013,No Holiday,1,0,26.6,0
850,2051,2,COKE,1/5/14,13.27,26,2014,No Holiday,1,0,19.4,0
858,2051,2,COKE,1/5/15,11.53,36,2015,No Holiday,0,0,33.8,1
866,2051,2,COKE,1/6/12,12.73,38,2012,No Holiday,0,0,23.0,0
874,2051,2,COKE,1/6/13,13.13,24,2013,No Holiday,1,0,26.6,0
