Model comparasions/processedDataSets/Combined_Data.csv
,SELL_ID,SELL_CATEGORY,ITEM_NAME,CALENDAR_DATE,PRICE,QUANTITY,YEAR,HOLIDAY,IS_WEEKEND,IS_SCHOOLBREAK,AVERAGE_TEMPERATURE,IS_OUTDOOR
882,2051,2,COKE,1/6/14,13.27,30,2014,No Holiday,0,0,21.2,0
890,2051,2,COKE,1/6/15,11.53,30,2015,No Holiday,0,0,32.0,1
898,2051,2,COKE,1/7/12,12.73,24,2012,No Holiday,1,0,26.6,0
906,2051,2,COKE,1/7/13,13.13,32,2013,No Holiday,0,0,26.6,0
914,2051,2,COKE,1/7/14,13.27,38,2014,No Holiday,0,0,24.8,0
922,2051,2,COKE,1/7/15,11.53,30,2015,No Holiday,0,0,32.0,1
930,2051,2,COKE,1/8/12,12.73,26,2012,No Holiday,1,0,26.6,0
938,2051,2,COKE,1/8/13,13.13,36,2013,No Holiday,0,0,26.6,0
946,2051,2,COKE,1/8/14,13.27,38,2014,No Holiday,0,0,21.2,0
954,2051,2,COKE,1/8/15,11.53,42,2015,No Holiday,0,0,24.8,0
962,2051,2,COKE,1/9/12,12.73,34,2012,No Holiday,0,0,23.0,0
970,2051,2,COKE,1/9/13,13.13,34,2013,No Holiday,0,0,28.4,0
978,2051,2,COKE,1/9/14,13.27,38,2014,No Holiday,0,0,23.0,0
986,2051,2,COKE,1/9/15,11.53,42,2015,No Holiday,0,0,24.8,0
994,2051,2,COKE,10/1/12,12.35,24,2012,National Day,0,0,59.0,1
1002,2051,2,COKE,10/1/13,10.97,26,2013,National Day,0,0,66.2,1
1010,2051,2,COKE,10/1/14,12.87,24,2014,National Day,0,0,59.0,1
1018,2051,2,COKE,10/10/12,12.35,36,2012,No Holiday,0,0,62.6,1
1026,2051,2,COKE,10/10/13,10.97,36,2013,No Holiday,0,0,59.0,1
1034,2051,2,COKE,10/10/14,12.87,34,2014,No Holiday,0,0,60.8,1
1042,2051,2,COKE,10/11/12,12.35,30,2012,No Holiday,0,0,62.6,1
1050,2051,2,COKE,10/11/13,10.97,34,2013,No Holiday,0,0,60.8,1
1058,2051,2,COKE,10/11/14,12.87,18,2014,No Holiday,1,0,62.6,1
1066,2051,2,COKE,10/12/12,12.35,30,2012,No Holiday,0,0,62.6,1
1074,2051,2,COKE,10/12/13,10.97,24,2013,No Holiday,1,0,64.4,1
1082,2051,2,COKE,10/12/14,12.87,18,2014,No Holiday,1,0,64.4,1
1090,2051,2,COKE,10/13/12,12.35,22,2012,No Holiday,1,0,59.0,1
1098,2051,2,COKE,10/13/13,10.97,28,2013,No Holiday,1,0,55.4,1
1106,2051,2,COKE,10/13/14,12.87,30,2014,No Holiday,0,0,59.0,1
1114,2051,2,COKE,10/14/12,12.35,24,2012,No Holiday,1,0,57.2,1
1122,2051,2,COKE,10/14/13,10.97,32,2013,No Holiday,0,0,55.4,1
1130,2051,2,COKE,10/14/14,12.87,32,2014,No Holiday,0,0,48.2,1
1138,2051,2,COKE,10/15/12,12.35,28,2012,No Holiday,0,0,59.0,1
1146,2051,2,COKE,10/15/13,10.97,36,2013,No Holiday,0,0,55.4,1
1154,2051,2,COKE,10/15/14,12.87,30,2014,No Holiday,0,0,48.2,1
1162,2051,2,COKE,10/16/12,12.35,28,2012,No Holiday,0,0,57.2,1
1170,2051,2,COKE,10/16/13,10.97,38,2013,No Holiday,0,0,51.8,1
1178,2051,2,COKE,10/16/14,12.87,26,2014,No Holiday,0,0,53.6,1
1186,2051,2,COKE,10/17/12,12.35,34,2012,No Holiday,0,0,57.2,1
1194,2051,2,COKE,10/17/13,10.97,36,2013,No Holiday,0,0,51.8,1
1202,2051,2,COKE,10/17/14,12.87,34,2014,No Holiday,0,0,55.4,1
1210,2051,2,COKE,10/18/12,12.35,34,2012,No Holiday,0,0,59.0,1
1218,2051,2,COKE,10/18/13,10.97,34,2013,No Holiday,0,0,55.4,1
1226,2051,2,COKE,10/18/14,12.87,18,2014,No Holiday,1,0,55.4,1
1234,2051,2,COKE,10/19/12,12.35,28,2012,No Holiday,0,0,59.0,1
1242,2051,2,COKE,10/19/13,10.97,26,2013,No Holiday,1,0,57.2,1
1250,2051,2,COKE,10/19/14,12.87,18,2014,No Holiday,1,0,51.8,1
1258,2051,2,COKE,10/2/12,12.35,18,2012,National Day,0,0,57.2,1
1266,2051,2,COKE,10/2/13,10.97,28,2013,National Day,0,0,68.0,1
1274,2051,2,COKE,10/2/14,12.87,18,2014,National Day,0,0,62.6,1
1282,2051,2,COKE,10/20/12,12.35,24,2012,No Holiday,1,0,60.8,1
1290,2051,2,COKE,10/20/13,10.97,22,2013,No Holiday,1,0,59.0,1
1298,2051,2,COKE,10/20/14,12.87,30,2014,No Holiday,0,0,55.4,1
1306,2051,2,COKE,10/21/12,12.35,20,2012,No Holiday,1,0,57.2,1
1314,2051,2,COKE,10/21/13,10.97,34,2013,No Holiday,0,0,51.8,1
1322,2051,2,COKE,10/21/14,12.87,28,2014,No Holiday,0,0,53.6,1
1330,2051,2,COKE,10/22/12,12.35,34,2012,No Holiday,0,0,60.8,1
1338,2051,2,COKE,10/22/13,10.97,36,2013,No Holiday,0,0,50.0,1
1346,2051,2,COKE,10/22/14,12.87,28,2014,No Holiday,0,0,50.0,1
1354,2051,2,COKE,10/23/12,12.35,32,2012,No Holiday,0,0,50.0,1
1362,2051,2,COKE,10/23/13,10.97,32,2013,No Holiday,0,0,55.4,1
1370,2051,2,COKE,10/23/14,12.87,28,2014,No Holiday,0,0,48.2,1
1378,2051,2,COKE,10/24/12,12.35,28,2012,No Holiday,0,0,46.4,1
1386,2051,2,COKE,10/24/13,10.97,34,2013,No Holiday,0,0,57.2,1
1394,2051,2,COKE,10/24/14,12.87,34,2014,No Holiday,0,0,50.0,1
1402,2051,2,COKE,10/25/12,12.35,32,2012,No Holiday,0,0,50.0,1
1410,2051,2,COKE,10/25/13,10.97,40,2013,No Holiday,0,0,59.0,1
1418,2051,2,COKE,10/25/14,12.87,26,2014,No Holiday,1,0,51.8,1
1426,2051,2,COKE,10/26/12,12.35,32,2012,No Holiday,0,0,48.2,1
1434,2051,2,COKE,10/26/13,10.97,22,2013,No Holiday,1,0,57.2,1
1442,2051,2,COKE,10/26/14,12.87,22,2014,No Holiday,1,0,53.6,1
1450,2051,2,COKE,10/27/12,12.35,24,2012,No Holiday,1,0,50.0,1
1458,2051,2,COKE,10/27/13,10.97,30,2013,No Holiday,1,0,57.2,1
1466,2051,2,COKE,10/27/14,12.87,34,2014,No Holiday,0,0,53.6,1
1474,2051,2,COKE,10/28/12,12.35,18,2012,No Holiday,1,0,51.8,1
1482,2051,2,COKE,10/28/13,10.97,36,2013,No Holiday,0,0,53.6,1
1490,2051,2,COKE,10/28/14,12.87,32,2014,No Holiday,0,0,51.8,1
1498,2051,2,COKE,10/29/12,12.35,34,2012,No Holiday,0,0,53.6,1
1506,2051,2,COKE,10/29/13,10.97,40,2013,No Holiday,0,0,46.4,1
1514,2051,2,COKE,10/29/14,12.87,30,2014,No Holiday,0,0,48.2,1
1522,2051,2,COKE,10/3/12,12.35,26,2012,National Day,0,0,57.2,1
1530,2051,2,COKE,10/3/13,10.97,22,2013,National Day,0,0,66.2,1
1538,2051,2,COKE,10/3/14,12.87,22,2014,National Day,0,0,60.8,1
1546,2051,2,COKE,10/30/12,12.35,34,2012,No Holiday,0,0,53.6,1
1554,2051,2,COKE,10/30/13,10.97,38,2013,No Holiday,0,0,44.6,1
1562,2051,2,COKE,10/30/14,12.87,32,2014,No Holiday,0,0,50.0,1
1570,2051,2,COKE,10/31/12,12.35,32,2012,No Holiday,0,0,53.6,1
1578,2051,2,COKE,10/31/13,10.97,40,2013,No Holiday,0,0,44.6,1
1586,2051,2,COKE,10/31/14,12.87,32,2014,No Holiday,0,0,48.2,1
1594,2051,2,COKE,10/4/12,12.35,20,2012,National Day,0,0,60.8,1
1602,2051,2,COKE,10/4/13,10.97,22,2013,National Day,0,0,66.2,1
1610,2051,2,COKE,10/4/14,12.87,20,2014,National Day,1,0,64.4,1
1618,2051,2,COKE,10/5/12,12.35,24,2012,National Day,0,0,62.6,1
1626,2051,2,COKE,10/5/13,10.97,22,2013,National Day,1,0,62.6,1
1634,2051,2,COKE,10/5/14,12.87,14,2014,National Day,1,0,64.4,1
1642,2051,2,COKE,10/6/12,12.35,16,2012,National Day,1,0,62.6,1
1650,2051,2,COKE,10/6/13,10.97,20,2013,National Day,1,0,64.4,1
1658,2051,2,COKE,10/6/14,12.87,24,2014,National Day,0,0,62.6,1
1666,2051,2,COKE,10/7/12,12.35,14,2012,National Day,1,0,64.4,1
1674,2051,2,COKE,10/7/13,10.97,28,2013,National Day,0,0,64.4,1
1682,2051,2,COKE,10/7/14,12.87,22,2014,National Day,0,0,64.4,0
1690,2051,2,COKE,10/8/12,12.35,32,2012,No Holiday,0,0,66.2,1
1698,2051,2,COKE,10/8/13,10.97,38,2013,No Holiday,0,0,66.2,1
1706,2051,2,COKE,10/8/14,12.87,32,2014,No Holiday,0,0,62.6,0
1714,2051,2,COKE,10/9/12,12.35,36,2012,No Holiday,0,0,66.2,1
1722,2051,2,COKE,10/9/13,10.97,40,2013,No Holiday,0,0,60.8,1
1730,2051,2,COKE,10/9/14,12.87,34,2014,No Holiday,0,0,66.2,1
1738,2051,2,COKE,11/1/12,12.35,30,2012,No Holiday,0,0,51.8,1
1746,2051,2,COKE,11/1/13,10.97,38,2013,No Holiday,0,0,48.2,1
1754,2051,2,COKE,11/1/14,12.87,20,2014,No Holiday,1,0,46.4,1
1762,2051,2,COKE,11/10/12,12.35,20,2012,No Holiday,1,0,48.2,1
1770,2051,2,COKE,11/10/13,10.97,24,2013,No Holiday,1,0,35.6,1
1778,2051,2,COKE,11/10/14,12.87,30,2014,No Holiday,0,0,42.8,1
1786,2051,2,COKE,11/11/12,12.35,22,2012,No Holiday,1,0,50.0,1
1794,2051,2,COKE,11/11/13,10.97,34,2013,No Holiday,0,0,35.6,1
1802,2051,2,COKE,11/11/14,12.87,26,2014,No Holiday,0,0,44.6,1
1810,2051,2,COKE,11/12/12,12.35,28,2012,No Holiday,0,0,46.4,1
1818,2051,2,COKE,11/12/13,10.97,40,2013,No Holiday,0,0,37.4,1
1826,2051,2,COKE,11/12/14,12.87,34,2014,No Holiday,0,0,44.6,1
1834,2051,2,COKE,11/13/12,12.35,32,2012,No Holiday,0,0,42.8,1
1842,2051,2,COKE,11/13/13,10.97,40,2013,No Holiday,0,0,35.6,1
1850,2051,2,COKE,11/13/14,12.87,26,2014,No Holiday,0,0,46.4,1
1858,2051,2,COKE,11/14/12,12.35,34,2012,No Holiday,0,0,44.6,1
1866,2051,2,COKE,11/14/13,10.97,34,2013,No Holiday,0,0,37.4,1
1874,2051,2,COKE,11/14/14,12.87,34,2014,No Holiday,0,0,44.6,1
1882,2051,2,COKE,11/15/12,12.35,36,2012,No Holiday,0,0,44.6,1
1890,2051,2,COKE,11/15/13,10.97,40,2013,No Holiday,0,0,39.2,1
1898,2051,2,COKE,11/15/14,12.87,24,2014,No Holiday,1,0,48.2,1
1906,2051,2,COKE,11/16/12,12.35,34,2012,No Holiday,0,0,46.4,1
1914,2051,2,COKE,11/16/13,10.97,22,2013,No Holiday,1,0,39.2,1
1922,2051,2,COKE,11/16/14,12.87,18,2014,No Holiday,1,0,42.8,1
1930,2051,2,COKE,11/17/12,12.35,26,2012,No Holiday,1,0,41.0,1
1938,2051,2,COKE,11/17/13,10.97,30,2013,No Holiday,1,0,39.2,1
1946,2051,2,COKE,11/17/14,12.87,30,2014,No Holiday,0,0,39.2,1
1954,2051,2,COKE,11/18/12,12.35,18,2012,No Holiday,1,0,44.6,1
1962,2051,2,COKE,11/18/13,10.97,40,2013,No Holiday,0,0,42.8,1
1970,2051,2,COKE,11/18/14,12.87,28,2014,No Holiday,0,0,39.2,1
1978,2051,2,COKE,11/19/12,12.35,34,2012,No Holiday,0,0,37.4,1
1986,2051,2,COKE,11/19/13,10.97,34,2013,No Holiday,0,0,39.2,1
1994,2051,2,COKE,11/19/14,12.87,30,2014,No Holiday,0,0,39.2,1
2002,2051,2,COKE,11/2/12,12.35,36,2012,No Holiday,0,0,53.6,1
2010,2051,2,COKE,11/2/13,10.97,22,2013,No Holiday,1,0,50.0,1
2018,2051,2,COKE,11/2/14,12.87,26,2014,No Holiday,1,0,51.8,1
2026,2051,2,COKE,11/20/12,12.35,36,2012,No Holiday,0,0,37.4,1
2034,2051,2,COKE,11/20/13,10.97,36,2013,No Holiday,0,0,39.2,1
2042,2051,2,COKE,11/20/14,12.87,26,2014,No Holiday,0,0,39.2,1
2050,2051,2,COKE,11/21/12,12.35,36,2012,No Holiday,0,0,41.0,1
2058,2051,2,COKE,11/21/13,10.97,34,2013,No Holiday,0,0,41.0,1
2066,2051,2,COKE,11/21/14,12.87,28,2014,No Holiday,0,0,39.2,1
2074,2051,2,COKE,11/22/12,12.35,32,2012,No Holiday,0,0,39.2,1
2082,2051,2,COKE,11/22/13,10.97,34,2013,No Holiday,0,0,35.6,1
2090,2051,2,COKE,11/22/14,12.87,22,2014,No Holiday,1,0,41.0,1
2098,2051,2,COKE,11/23/12,12.35,28,2012,No Holiday,0,0,33.8,1
2106,2051,2,COKE,11/23/13,10.97,22,2013,No Holiday,1,0,32.0,1
2114,2051,2,COKE,11/23/14,12.87,18,2014,No Holiday,1,0,44.6,1
2122,2051,2,COKE,11/24/12,12.35,20,2012,No Holiday,1,0,35.6,1
2130,2051,2,COKE,11/24/13,10.97,26,2013,No Holiday,1,0,35.6,1
2138,2051,2,COKE,11/24/14,12.87,34,2014,No Holiday,0,0,39.2,1
2146,2051,2,COKE,11/25/12,12.35,24,2012,No Holiday,1,0,37.4,1
2154,2051,2,COKE,11/25/13,10.97,34,2013,No Holiday,0,0,37.4,1
2162,2051,2,COKE,11/25/14,12.87,26,2014,No Holiday,0,0,35.6,1
2170,2051,2,COKE,11/26/12,12.35,32,2012,No Holiday,0,0,39.2,1
2178,2051,2,COKE,11/26/13,10.97,32,2013,No Holiday,0,0,33.8,1
2186,2051,2,COKE,11/26/14,12.87,28,2014,No Holiday,0,0,33.8,1
2194,2051,2,COKE,11/27/12,12.35,36,2012,No Holiday,0,0,37.4,1
2202,2051,2,COKE,11/27/13,10.97,36,2013,No Holiday,0,0,35.6,1
2210,2051,2,COKE,11/27/14,12.87,34,2014,No Holiday,0,0,28.4,1
2218,2051,2,COKE,11/28/12,12.35,30,2012,No Holiday,0,0,35.6,1
2226,2051,2,COKE,11/28/13,10.97,46,2013,No Holiday,0,0,32.0,0
2234,2051,2,COKE,11/28/14,12.87,32,2014,No Holiday,0,0,33.8,1
2242,2051,2,COKE,11/29/12,12.35,32,2012,No Holiday,0,0,32.0,1
2250,2051,2,COKE,11/29/13,10.97,36,2013,No Holiday,0,0,32.0,1
2258,2051,2,COKE,11/29/14,12.87,26,2014,No Holiday,1,0,41.0,1
2266,2051,2,COKE,11/3/12,12.35,24,2012,No Holiday,1,0,51.8,1
2274,2051,2,COKE,11/3/13,10.97,26,2013,No Holiday,1,0,41.0,1
2282,2051,2,COKE,11/3/14,12.87,26,2014,No Holiday,0,0,50.0,1
2290,2051,2,COKE,11/30/12,12.35,28,2012,No Holiday,0,0,32.0,1
2298,2051,2,COKE,11/30/13,10.97,32,2013,No Holiday,1,0,28.4,0
2306,2051,2,COKE,11/30/14,12.87,18,2014,No Holiday,1,0,37.4,1
2314,2051,2,COKE,11/4/12,12.35,26,2012,No Holiday,1,0,51.8,1
2322,2051,2,COKE,11/4/13,10.97,34,2013,No Holiday,0,0,35.6,1
2330,2051,2,COKE,11/4/14,12.87,32,2014,No Holiday,0,0,51.8,1
2338,2051,2,COKE,11/5/12,12.35,34,2012,No Holiday,0,0,53.6,1
2346,2051,2,COKE,11/5/13,10.97,36,2013,No Holiday,0,0,39.2,1
2354,2051,2,COKE,11/5/14,12.87,30,2014,No Holiday,0,0,50.0,1
2362,2051,2,COKE,11/6/12,12.35,32,2012,No Holiday,0,0,51.8,1
2370,2051,2,COKE,11/6/13,10.97,32,2013,No Holiday,0,0,41.0,1
2378,2051,2,COKE,11/6/14,12.87,30,2014,No Holiday,0,0,50.0,1
2386,2051,2,COKE,11/7/12,12.35,32,2012,No Holiday,0,0,50.0,1
2394,2051,2,COKE,11/7/13,10.97,38,2013,No Holiday,0,0,41.0,1
2402,2051,2,COKE,11/7/14,12.87,32,2014,No Holiday,0,0,48.2,1
2410,2051,2,COKE,11/8/12,12.35,34,2012,No Holiday,0,0,46.4,1
2418,2051,2,COKE,11/8/13,10.97,40,2013,No Holiday,0,0,42.8,1
2426,2051,2,COKE,11/8/14,12.87,22,2014,No Holiday,1,0,48.2,1
2434,2051,2,COKE,11/9/12,12.35,30,2012,No Holiday,0,0,46.4,1
2442,2051,2,COKE,11/9/13,10.97,28,2013,No Holiday,1,0,42.8,1
2450,2051,2,COKE,11/9/14,12.87,26,2014,No Holiday,1,0,46.4,1
2458,2051,2,COKE,12/1/12,12.35,22,2012,No Holiday,1,0,33.8,1
2466,2051,2,COKE,12/1/13,10.97,34,2013,No Holiday,1,0,28.4,0
2474,2051,2,COKE,12/1/14,12.87,26,2014,No Holiday,0,0,39.2,1
2482,2051,2,COKE,12/10/12,12.35,34,2012,No Holiday,0,0,32.0,1
2490,2051,2,COKE,12/10/13,10.97,40,2013,No Holiday,0,0,24.8,0
2498,2051,2,COKE,12/10/14,12.87,34,2014,No Holiday,0,0,33.8,1
2506,2051,2,COKE,12/11/12,12.35,36,2012,No Holiday,0,0,33.8,1
2514,2051,2,COKE,12/11/13,10.97,46,2013,No Holiday,0,0,26.6,0
2522,2051,2,COKE,12/11/14,12.87,34,2014,No Holiday,0,0,33.8,1
2530,2051,2,COKE,12/12/12,12.35,36,2012,No Holiday,0,0,35.6,1
2538,2051,2,COKE,12/12/13,10.97,40,2013,No Holiday,0,0,30.2,1
2546,2051,2,COKE,12/12/14,12.87,38,2014,No Holiday,0,0,30.2,0
2554,2051,2,COKE,12/13/12,12.35,28,2012,No Holiday,0,0,32.0,1
2562,2051,2,COKE,12/13/13,10.97,38,2013,No Holiday,0,0,30.2,1
2570,2051,2,COKE,12/13/14,12.87,22,2014,No Holiday,1,0,32.0,1
2578,2051,2,COKE,12/14/12,12.35,40,2012,No Holiday,0,0,28.4,0
2586,2051,2,COKE,12/14/13,10.97,24,2013,No Holiday,1,0,30.2,1
2594,2051,2,COKE,12/14/14,12.87,28,2014,No Holiday,1,0,32.0,0
2602,2051,2,COKE,12/15/12,12.35,22,2012,No Holiday,1,0,24.8,0
2610,2051,2,COKE,12/15/13,10.97,22,2013,No Holiday,1,0,32.0,1
2618,2051,2,COKE,12/15/14,12.87,28,2014,No Holiday,0,0,32.0,1
2626,2051,2,COKE,12/16/12,12.35,24,2012,No Holiday,1,0,26.6,0
2634,2051,2,COKE,12/16/13,10.97,32,2013,No Holiday,0,0,32.0,1
2642,2051,2,COKE,12/16/14,11.53,38,2014,No Holiday,0,0,30.2,1
2650,2051,2,COKE,12/17/12,12.35,36,2012,No Holiday,0,0,26.6,0
2658,2051,2,COKE,12/17/13,10.97,40,2013,No Holiday,0,0,23.0,0
2666,2051,2,COKE,12/17/14,11.53,44,2014,No Holiday,0,0,28.4,0
2674,2051,2,COKE,12/18/12,12.35,38,2012,No Holiday,0,0,28.4,0
2682,2051,2,COKE,12/18/13,10.97,42,2013,No Holiday,0,0,26.6,0
2690,2051,2,COKE,12/18/14,11.53,42,2014,No Holiday,0,0,28.4,0
2698,2051,2,COKE,12/19/12,12.35,28,2012,No Holiday,0,0,30.2,1
2706,2051,2,COKE,12/19/13,10.97,44,2013,No Holiday,0,0,26.6,0
2714,2051,2,COKE,12/19/14,11.53,38,2014,No Holiday,0,0,26.6,0
2722,2051,2,COKE,12/2/12,12.35,26,2012,No Holiday,1,0,32.0,1
2730,2051,2,COKE,12/2/13,10.97,40,2013,No Holiday,0,0,30.2,1
2738,2051,2,COKE,12/2/14,12.87,26,2014,No Holiday,0,0,41.0,1
2746,2051,2,COKE,12/20/12,12.35,32,2012,No Holiday,0,0,30.2,1
2754,2051,2,COKE,12/20/13,10.97,40,2013,No Holiday,0,0,26.6,1
2762,2051,2,COKE,12/20/14,11.53,30,2014,No Holiday,1,0,28.4,0
2770,2051,2,COKE,12/21/12,12.35,38,2012,No Holiday,0,0,28.4,0
2778,2051,2,COKE,12/21/13,13.27,22,2013,No Holiday,1,0,24.8,0
2786,2051,2,COKE,12/21/14,11.53,26,2014,No Holiday,1,0,28.4,0
2794,2051,2,COKE,12/22/12,12.35,28,2012,No Holiday,1,0,28.4,0
2802,2051,2,COKE,12/22/13,13.27,26,2013,No Holiday,1,0,32.0,1
2810,2051,2,COKE,12/22/14,11.53,38,2014,No Holiday,0,0,30.2,0
2818,2051,2,COKE,12/23/12,12.35,22,2012,No Holiday,1,0,30.2,1
2826,2051,2,COKE,12/23/13,13.27,36,2013,No Holiday,0,0,14.0,0
2834,2051,2,COKE,12/23/14,11.53,36,2014,No Holiday,0,0,30.2,0
2842,2051,2,COKE,12/24/12,12.35,38,2012,No Holiday,0,0,30.2,0
2850,2051,2,COKE,12/24/13,13.27,30,2013,No Holiday,0,0,21.2,0
2858,2051,2,COKE,12/24/14,11.53,36,2014,No Holiday,0,0,30.2,0
2866,2051,2,COKE,12/25/12,12.35,40,2012,No Holiday,0,0,30.2,0
2874,2051,2,COKE,12/25/13,13.27,36,2013,No Holiday,0,0,21.2,0
2882,2051,2,COKE,12/25/14,11.53,30,2014,No Holiday,0,0,32.0,1
2890,2051,2,COKE,12/26/12,12.35,34,2012,No Holiday,0,0,30.2,1
2898,2051,2,COKE,12/26/13,13.27,36,2013,No Holiday,0,0,21.2,0
2906,2051,2,COKE,12/26/14,11.53,36,2014,No Holiday,0,0,26.6,0
2914,2051,2,COKE,12/27/12,13.13,24,2012,No Holiday,0,0,30.2,1
2922,2051,2,COKE,12/27/13,13.27,36,2013,No Holiday,0,0,21.2,0
2930,2051,2,COKE,12/27/14,11.53,32,2014,No Holiday,1,0,28.4,0
2938,2051,2,COKE,12/28/12,13.13,32,2012,No Holiday,0,0,30.2,0
2946,2051,2,COKE,12/28/13,13.27,20,2013,No Holiday,1,0,21.2,0
2954,2051,2,COKE,12/28/14,11.53,24,2014,No Holiday,1,0,28.4,0
2962,2051,2,COKE,12/29/12,13.13,26,2012,No Holiday,1,0,26.6,1
2970,2051,2,COKE,12/29/13,13.27,26,2013,No Holiday,1,0,21.2,0
2978,2051,2,COKE,12/29/14,11.53,38,2014,No Holiday,0,0,32.0,0
2986,2051,2,COKE,12/3/12,12.35,32,2012,No Holiday,0,0,32.0,1
2994,2051,2,COKE,12/3/13,10.97,46,2013,No Holiday,0,0,28.4,0
3002,2051,2,COKE,12/3/14,12.87,26,2014,No Holiday,0,0,42.8,1
3010,2051,2,COKE,12/30/12,13.13,24,2012,No Holiday,1,0,28.4,1
3018,2051,2,COKE,12/30/13,13.27,34,2013,No Holiday,0,0,21.2,0
3026,2051,2,COKE,12/30/14,11.53,30,2014,No Holiday,0,0,33.8,1
3034,2051,2,COKE,12/31/12,13.13,38,2012,No Holiday,0,0,30.2,0
3042,2051,2,COKE,12/31/13,13.27,32,2013,No Holiday,0,0,21.2,0
3050,2051,2,COKE,12/31/14,11.53,32,2014,No Holiday,0,0,35.6,1
3058,2051,2,COKE,12/4/12,12.35,32,2012,No Holiday,0,0,33.8,1
3066,2051,2,COKE,12/4/13,10.97,32,2013,No Holiday,0,0,28.4,1
3074,2051,2,COKE,12/4/14,12.87,30,2014,No Holiday,0,0,42.8,1
3082,2051,2,COKE,12/5/12,12.35,28,2012,No Holiday,0,0,32.0,1
3090,2051,2,COKE,12/5/13,10.97,38,2013,No Holiday,0,0,23.0,0
3098,2051,2,COKE,12/5/14,12.87,26,2014,No Holiday,0,0,39.2,1
3106,2051,2,COKE,12/6/12,12.35,34,2012,No Holiday,0,0,32.0,1
3114,2051,2,COKE,12/6/13,10.97,42,2013,No Holiday,0,0,24.8,0
3122,2051,2,COKE,12/6/14,12.87,18,2014,No Holiday,1,0,39.2,1
3130,2051,2,COKE,12/7/12,12.35,40,2012,No Holiday,0,0,30.2,0
3138,2051,2,COKE,12/7/13,10.97,32,2013,No Holiday,1,0,23.0,0
3146,2051,2,COKE,12/7/14,12.87,20,2014,No Holiday,1,0,39.2,1
3154,2051,2,COKE,12/8/12,12.35,26,2012,No Holiday,1,0,24.8,0
3162,2051,2,COKE,12/8/13,10.97,26,2013,No Holiday,1,0,21.2,0
3170,2051,2,COKE,12/8/14,12.87,30,2014,No Holiday,0,0,39.2,1
3178,2051,2,COKE,12/9/12,12.35,20,2012,No Holiday,1,0,28.4,1
