Model comparasions/processedDataSets/Combined_Data.csv
,SELL_ID,SELL_CATEGORY,ITEM_NAME,CALENDAR_DATE,PRICE,QUANTITY,YEAR,HOLIDAY,IS_WEEKEND,IS_SCHOOLBREAK,AVERAGE_TEMPERATURE,IS_OUTDOOR
3186,2051,2,COKE,12/9/13,10.97,40,2013,No Holiday,0,0,26.6,0
3194,2051,2,COKE,12/9/14,12.87,30,2014,No Holiday,0,0,33.8,1
3202,2051,2,COKE,2/1/12,12.73,28,2012,No Holiday,0,0,32.0,1
3210,2051,2,COKE,2/1/13,13.13,34,2013,No Holiday,0,1,19.4,0
3218,2051,2,COKE,2/1/14,13.27,26,2014,No Holiday,1,1,28.4,0
3226,2051,2,COKE,2/1/15,11.53,18,2015,Luner New Year,1,1,35.6,1
3234,2051,2,COKE,2/10/12,12.73,26,2012,No Holiday,0,0,32.0,1
3242,2051,2,COKE,2/10/13,13.13,28,2013,No Holiday,1,0,28.4,0
3250,2051,2,COKE,2/10/14,13.27,26,2014,Luner New Year,0,1,26.6,0
3258,2051,2,COKE,2/10/15,11.53,38,2015,No Holiday,0,1,23.0,0
3266,2051,2,COKE,2/11/12,12.73,26,2012,No Holiday,1,0,24.8,0
3274,2051,2,COKE,2/11/13,13.13,30,2013,No Holiday,0,0,32.0,0
3282,2051,2,COKE,2/11/14,13.27,20,2014,Luner New Year,0,1,26.6,0
3290,2051,2,COKE,2/11/15,11.53,36,2015,No Holiday,0,1,24.8,0
3298,2051,2,COKE,2/12/12,12.73,26,2012,No Holiday,1,0,24.8,0
3306,2051,2,COKE,2/12/13,13.13,24,2013,No Holiday,0,0,32.0,1
3314,2051,2,COKE,2/12/14,13.27,22,2014,Luner New Year,0,1,28.4,0
3322,2051,2,COKE,2/12/15,11.53,38,2015,No Holiday,0,1,28.4,0
3330,2051,2,COKE,2/13/12,12.73,30,2012,No Holiday,0,0,32.0,1
3338,2051,2,COKE,2/13/13,13.13,30,2013,No Holiday,0,0,33.8,1
3346,2051,2,COKE,2/13/14,13.27,26,2014,Luner New Year,0,1,33.8,1
3354,2051,2,COKE,2/13/15,11.53,42,2015,No Holiday,0,1,26.6,0
3362,2051,2,COKE,2/14/12,12.73,32,2012,No Holiday,0,0,32.0,1
3370,2051,2,COKE,2/14/13,13.13,30,2013,No Holiday,0,0,30.2,0
3378,2051,2,COKE,2/14/14,13.27,24,2014,Luner New Year,0,1,30.2,0
3386,2051,2,COKE,2/14/15,11.53,20,2015,No Holiday,1,1,30.2,1
3394,2051,2,COKE,2/15/12,12.73,30,2012,No Holiday,0,0,32.0,1
3402,2051,2,COKE,2/15/13,13.13,26,2013,No Holiday,0,0,32.0,1
3410,2051,2,COKE,2/15/14,13.27,20,2014,Luner New Year,1,1,30.2,0
3418,2051,2,COKE,2/15/15,11.53,24,2015,No Holiday,1,1,32.0,1
3426,2051,2,COKE,2/16/12,12.73,32,2012,No Holiday,0,0,32.0,1
3434,2051,2,COKE,2/16/13,13.13,24,2013,No Holiday,1,0,28.4,0
3442,2051,2,COKE,2/16/14,13.27,24,2014,No Holiday,1,1,32.0,1
3450,2051,2,COKE,2/16/15,11.53,38,2015,No Holiday,0,1,32.0,1
3458,2051,2,COKE,2/17/12,12.73,26,2012,No Holiday,0,0,32.0,1
3466,2051,2,COKE,2/17/13,13.13,22,2013,No Holiday,1,0,28.4,0
3474,2051,2,COKE,2/17/14,13.27,28,2014,No Holiday,0,1,33.8,1
3482,2051,2,COKE,2/17/15,11.53,32,2015,No Holiday,0,0,32.0,1
3490,2051,2,COKE,2/18/12,12.73,18,2012,No Holiday,1,0,32.0,1
3498,2051,2,COKE,2/18/13,13.13,36,2013,No Holiday,0,0,30.2,0
3506,2051,2,COKE,2/18/14,13.27,34,2014,No Holiday,0,1,28.4,0
3514,2051,2,COKE,2/18/15,11.53,34,2015,No Holiday,0,0,30.2,1
3522,2051,2,COKE,2/19/12,12.73,26,2012,No Holiday,1,0,37.4,1
3530,2051,2,COKE,2/19/13,13.13,32,2013,No Holiday,0,0,32.0,1
3538,2051,2,COKE,2/19/14,13.27,30,2014,No Holiday,0,1,28.4,0
3546,2051,2,COKE,2/19/15,11.53,32,2015,No Holiday,0,0,32.0,1
3554,2051,2,COKE,2/2/12,12.73,18,2012,Luner New Year,0,0,32.0,1
3562,2051,2,COKE,2/2/13,13.13,22,2013,No Holiday,1,1,21.2,0
3570,2051,2,COKE,2/2/14,13.27,24,2014,No Holiday,1,1,28.4,0
3578,2051,2,COKE,2/2/15,11.53,26,2015,Luner New Year,0,1,35.6,1
3586,2051,2,COKE,2/20/12,12.73,26,2012,No Holiday,0,0,37.4,1
3594,2051,2,COKE,2/20/13,13.13,30,2013,No Holiday,0,0,35.6,1
3602,2051,2,COKE,2/20/14,13.27,36,2014,No Holiday,0,0,30.2,0
3610,2051,2,COKE,2/20/15,11.53,34,2015,No Holiday,0,0,32.0,1
3618,2051,2,COKE,2/21/12,12.73,26,2012,No Holiday,0,0,39.2,1
3626,2051,2,COKE,2/21/13,13.13,24,2013,No Holiday,0,0,33.8,1
3634,2051,2,COKE,2/21/14,13.27,28,2014,No Holiday,0,0,33.8,1
3642,2051,2,COKE,2/21/15,11.53,22,2015,No Holiday,1,0,32.0,1
3650,2051,2,COKE,2/22/12,12.73,30,2012,No Holiday,0,0,39.2,1
3658,2051,2,COKE,2/22/13,13.13,26,2013,No Holiday,0,0,35.6,1
3666,2051,2,COKE,2/22/14,13.27,22,2014,No Holiday,1,0,33.8,1
3674,2051,2,COKE,2/22/15,11.53,22,2015,No Holiday,1,0,35.6,1
3682,2051,2,COKE,2/23/12,12.73,30,2012,No Holiday,0,0,42.8,1
3690,2051,2,COKE,2/23/13,13.13,18,2013,No Holiday,1,0,33.8,1
3698,2051,2,COKE,2/23/14,13.27,26,2014,No Holiday,1,0,37.4,1
3706,2051,2,COKE,2/23/15,11.53,38,2015,No Holiday,0,0,33.8,1
3714,2051,2,COKE,2/24/12,12.73,28,2012,No Holiday,0,0,39.2,1
3722,2051,2,COKE,2/24/13,13.13,20,2013,No Holiday,1,0,32.0,1
3730,2051,2,COKE,2/24/14,13.27,26,2014,No Holiday,0,0,33.8,1
3738,2051,2,COKE,2/24/15,11.53,30,2015,No Holiday,0,0,39.2,1
3746,2051,2,COKE,2/25/12,12.73,22,2012,No Holiday,1,0,37.4,1
3754,2051,2,COKE,2/25/13,13.13,30,2013,No Holiday,0,0,32.0,1
3762,2051,2,COKE,2/25/14,13.27,26,2014,No Holiday,0,0,28.4,1
3770,2051,2,COKE,2/25/15,11.53,36,2015,No Holiday,0,0,41.0,1
3778,2051,2,COKE,2/26/12,12.73,22,2012,No Holiday,1,0,32.0,1
3786,2051,2,COKE,2/26/13,13.13,26,2013,No Holiday,0,0,32.0,1
3794,2051,2,COKE,2/26/14,13.27,24,2014,No Holiday,0,0,37.4,1
3802,2051,2,COKE,2/26/15,11.53,38,2015,No Holiday,0,0,41.0,1
3810,2051,2,COKE,2/27/12,12.73,30,2012,No Holiday,0,0,30.2,1
3818,2051,2,COKE,2/27/13,13.13,28,2013,No Holiday,0,0,35.6,1
3826,2051,2,COKE,2/27/14,13.27,26,2014,No Holiday,0,0,42.8,1
3834,2051,2,COKE,2/27/15,11.53,38,2015,No Holiday,0,0,37.4,1
3842,2051,2,COKE,2/28/12,12.73,26,2012,No Holiday,0,0,33.8,1
3850,2051,2,COKE,2/28/13,13.13,28,2013,No Holiday,0,0,35.6,1
3858,2051,2,COKE,2/28/14,13.27,26,2014,No Holiday,0,0,41.0,1
3866,2051,2,COKE,2/28/15,11.53,20,2015,No Holiday,1,0,33.8,1
3874,2051,2,COKE,2/3/12,12.73,20,2012,Luner New Year,0,0,32.0,1
3882,2051,2,COKE,2/3/13,13.13,24,2013,No Holiday,1,1,26.6,0
3890,2051,2,COKE,2/3/14,13.27,30,2014,No Holiday,0,1,28.4,1
3898,2051,2,COKE,2/3/15,11.53,24,2015,Luner New Year,0,1,26.6,0
3906,2051,2,COKE,2/4/12,12.73,12,2012,Luner New Year,1,0,32.0,1
3914,2051,2,COKE,2/4/13,13.13,32,2013,No Holiday,0,1,30.2,0
3922,2051,2,COKE,2/4/14,13.27,34,2014,No Holiday,0,1,28.4,0
3930,2051,2,COKE,2/4/15,11.53,24,2015,Luner New Year,0,1,26.6,0
3938,2051,2,COKE,2/5/12,12.73,12,2012,Luner New Year,1,0,32.0,1
3946,2051,2,COKE,2/5/13,13.13,38,2013,No Holiday,0,1,30.2,0
3954,2051,2,COKE,2/5/14,13.27,36,2014,No Holiday,0,1,28.4,0
3962,2051,2,COKE,2/5/15,11.53,24,2015,Luner New Year,0,1,28.4,1
3970,2051,2,COKE,2/6/12,12.73,26,2012,Luner New Year,0,0,32.0,1
3978,2051,2,COKE,2/6/13,13.13,36,2013,No Holiday,0,1,19.4,0
3986,2051,2,COKE,2/6/14,13.27,38,2014,No Holiday,0,1,24.8,0
3994,2051,2,COKE,2/6/15,11.53,26,2015,Luner New Year,0,1,28.4,1
4002,2051,2,COKE,2/7/12,12.73,18,2012,Luner New Year,0,0,32.0,1
4010,2051,2,COKE,2/7/13,13.13,38,2013,No Holiday,0,0,23.0,0
4018,2051,2,COKE,2/7/14,13.27,30,2014,No Holiday,0,1,19.4,0
4026,2051,2,COKE,2/7/15,11.53,26,2015,No Holiday,1,1,26.6,1
4034,2051,2,COKE,2/8/12,12.73,20,2012,Luner New Year,0,0,32.0,1
4042,2051,2,COKE,2/8/13,13.13,34,2013,No Holiday,0,0,26.6,0
4050,2051,2,COKE,2/8/14,13.27,26,2014,No Holiday,1,1,23.0,0
4058,2051,2,COKE,2/8/15,11.53,24,2015,No Holiday,1,1,24.8,0
4066,2051,2,COKE,2/9/12,12.73,28,2012,No Holiday,0,0,32.0,1
4074,2051,2,COKE,2/9/13,13.13,26,2013,No Holiday,1,0,28.4,0
4082,2051,2,COKE,2/9/14,13.27,14,2014,Luner New Year,1,1,26.6,0
4090,2051,2,COKE,2/9/15,11.53,44,2015,No Holiday,0,1,21.2,0
4098,2051,2,COKE,3/1/12,12.73,32,2012,No Holiday,0,0,33.8,1
4112,2051,2,COKE,3/1/13,12.64,38,2013,No Holiday,0,0,39.2,1
4113,2051,2,COKE,3/1/13,12.64,38,2013,No Holiday,0,0,32.0,1
4114,2051,2,COKE,3/1/13,15.5,178,2013,No Holiday,0,0,39.2,1
4115,2051,2,COKE,3/1/13,15.5,178,2013,No Holiday,0,0,32.0,1
4138,2051,2,COKE,3/1/14,13.27,26,2014,No Holiday,1,0,33.8,1
4146,2051,2,COKE,3/1/15,11.53,26,2015,No Holiday,1,0,39.2,1
4154,2051,2,COKE,3/10/12,12.73,22,2012,No Holiday,1,0,46.4,1
4162,2051,2,COKE,3/10/13,13.13,24,2013,No Holiday,1,0,33.8,1
4170,2051,2,COKE,3/10/14,13.27,32,2014,No Holiday,0,0,39.2,1
4178,2051,2,COKE,3/10/15,11.53,36,2015,No Holiday,0,0,42.8,1
4186,2051,2,COKE,3/11/12,12.73,20,2012,No Holiday,1,0,50.0,1
4194,2051,2,COKE,3/11/13,13.13,32,2013,No Holiday,0,0,32.0,0
4202,2051,2,COKE,3/11/14,13.27,24,2014,No Holiday,0,0,46.4,1
4210,2051,2,COKE,3/11/15,11.53,36,2015,No Holiday,0,0,44.6,1
4218,2051,2,COKE,3/12/12,12.73,34,2012,No Holiday,0,0,55.4,1
4226,2051,2,COKE,3/12/13,13.13,32,2013,No Holiday,0,0,37.4,1
4234,2051,2,COKE,3/12/14,13.27,24,2014,No Holiday,0,0,39.2,1
4242,2051,2,COKE,3/12/15,11.53,32,2015,No Holiday,0,0,39.2,1
4250,2051,2,COKE,3/13/12,12.73,28,2012,No Holiday,0,0,50.0,1
4258,2051,2,COKE,3/13/13,13.13,24,2013,No Holiday,0,0,42.8,1
4266,2051,2,COKE,3/13/14,13.27,28,2014,No Holiday,0,0,37.4,1
4274,2051,2,COKE,3/13/15,11.53,34,2015,No Holiday,0,0,46.4,1
4282,2051,2,COKE,3/14/12,12.73,28,2012,No Holiday,0,0,41.0,1
4290,2051,2,COKE,3/14/13,13.13,24,2013,No Holiday,0,0,42.8,1
4298,2051,2,COKE,3/14/14,13.27,30,2014,No Holiday,0,0,41.0,1
4306,2051,2,COKE,3/14/15,11.53,26,2015,No Holiday,1,0,48.2,1
4314,2051,2,COKE,3/15/12,12.73,26,2012,No Holiday,0,0,37.4,1
4322,2051,2,COKE,3/15/13,13.13,26,2013,No Holiday,0,0,44.6,1
4330,2051,2,COKE,3/15/14,13.27,22,2014,No Holiday,1,0,46.4,1
4338,2051,2,COKE,3/15/15,11.53,24,2015,No Holiday,1,0,53.6,1
4346,2051,2,COKE,3/16/12,12.73,32,2012,No Holiday,0,0,42.8,1
4354,2051,2,COKE,3/16/13,13.13,20,2013,No Holiday,1,0,48.2,1
4362,2051,2,COKE,3/16/14,13.27,26,2014,No Holiday,1,0,48.2,1
4370,2051,2,COKE,3/16/15,11.53,32,2015,No Holiday,0,0,51.8,1
4378,2051,2,COKE,3/17/12,12.73,22,2012,No Holiday,1,0,50.0,1
4386,2051,2,COKE,3/17/13,13.13,20,2013,No Holiday,1,0,42.8,1
4394,2051,2,COKE,3/17/14,13.27,30,2014,No Holiday,0,0,53.6,1
4402,2051,2,COKE,3/17/15,11.53,32,2015,No Holiday,0,0,53.6,1
4410,2051,2,COKE,3/18/12,12.73,20,2012,No Holiday,1,0,44.6,1
4418,2051,2,COKE,3/18/13,13.13,30,2013,No Holiday,0,0,35.6,1
4426,2051,2,COKE,3/18/14,13.27,32,2014,No Holiday,0,0,42.8,1
4434,2051,2,COKE,3/18/15,11.53,38,2015,No Holiday,0,0,51.8,1
4442,2051,2,COKE,3/19/12,12.73,30,2012,No Holiday,0,0,46.4,1
4450,2051,2,COKE,3/19/13,13.13,30,2013,No Holiday,0,0,37.4,1
4458,2051,2,COKE,3/19/14,13.27,26,2014,No Holiday,0,0,32.0,1
4466,2051,2,COKE,3/19/15,11.53,36,2015,No Holiday,0,0,46.4,1
4474,2051,2,COKE,3/2/12,12.73,34,2012,No Holiday,0,0,35.6,1
4482,2051,2,COKE,3/2/13,13.13,18,2013,No Holiday,1,0,35.6,1
4490,2051,2,COKE,3/2/14,13.27,26,2014,No Holiday,1,0,33.8,1
4498,2051,2,COKE,3/2/15,11.53,38,2015,No Holiday,0,0,39.2,1
4506,2051,2,COKE,3/20/12,12.73,30,2012,No Holiday,0,0,44.6,1
4514,2051,2,COKE,3/20/13,13.13,30,2013,No Holiday,0,0,44.6,1
4522,2051,2,COKE,3/20/14,13.27,28,2014,No Holiday,0,0,39.2,1
4530,2051,2,COKE,3/20/15,11.53,38,2015,No Holiday,0,0,50.0,1
4538,2051,2,COKE,3/21/12,12.73,28,2012,No Holiday,0,0,37.4,1
4546,2051,2,COKE,3/21/13,13.13,28,2013,No Holiday,0,0,46.4,1
4554,2051,2,COKE,3/21/14,13.27,30,2014,No Holiday,0,0,46.4,1
4562,2051,2,COKE,3/21/15,11.53,28,2015,No Holiday,1,0,53.6,1
4570,2051,2,COKE,3/22/12,12.73,28,2012,No Holiday,0,0,39.2,1
4578,2051,2,COKE,3/22/13,13.13,32,2013,No Holiday,0,0,41.0,1
4586,2051,2,COKE,3/22/14,13.27,24,2014,No Holiday,1,0,42.8,1
4594,2051,2,COKE,3/22/15,11.53,28,2015,No Holiday,1,0,57.2,1
4602,2051,2,COKE,3/23/12,12.73,34,2012,No Holiday,0,0,42.8,1
4610,2051,2,COKE,3/23/13,13.13,26,2013,No Holiday,1,0,44.6,1
4618,2051,2,COKE,3/23/14,13.27,22,2014,No Holiday,1,0,42.8,1
4626,2051,2,COKE,3/23/15,11.53,36,2015,No Holiday,0,0,55.4,1
4634,2051,2,COKE,3/24/12,12.73,20,2012,No Holiday,1,0,42.8,1
4642,2051,2,COKE,3/24/13,13.13,24,2013,No Holiday,1,0,44.6,1
4650,2051,2,COKE,3/24/14,13.27,32,2014,No Holiday,0,0,39.2,1
4658,2051,2,COKE,3/24/15,11.53,36,2015,No Holiday,0,0,59.0,1
4666,2051,2,COKE,3/25/12,12.73,24,2012,No Holiday,1,0,42.8,1
4674,2051,2,COKE,3/25/13,13.13,28,2013,No Holiday,0,0,46.4,1
4682,2051,2,COKE,3/25/14,13.27,30,2014,No Holiday,0,0,42.8,1
4690,2051,2,COKE,3/25/15,11.53,38,2015,No Holiday,0,0,60.8,1
4698,2051,2,COKE,3/26/12,12.73,28,2012,No Holiday,0,0,46.4,1
4706,2051,2,COKE,3/26/13,13.13,28,2013,No Holiday,0,0,32.0,1
4714,2051,2,COKE,3/26/14,13.27,26,2014,No Holiday,0,0,48.2,1
4722,2051,2,COKE,3/26/15,11.53,30,2015,No Holiday,0,0,60.8,1
4730,2051,2,COKE,3/27/12,12.73,34,2012,No Holiday,0,0,48.2,1
4738,2051,2,COKE,3/27/13,13.13,24,2013,No Holiday,0,0,55.4,1
4746,2051,2,COKE,3/27/14,13.27,26,2014,No Holiday,0,0,50.0,1
4754,2051,2,COKE,3/27/15,11.53,38,2015,No Holiday,0,0,62.6,1
4762,2051,2,COKE,3/28/12,12.73,34,2012,No Holiday,0,0,50.0,1
4770,2051,2,COKE,3/28/13,13.13,28,2013,No Holiday,0,0,59.0,1
4778,2051,2,COKE,3/28/14,13.27,28,2014,No Holiday,0,0,41.0,1
4786,2051,2,COKE,3/28/15,11.53,20,2015,No Holiday,1,0,60.8,1
4794,2051,2,COKE,3/29/12,12.73,30,2012,No Holiday,0,0,51.8,1
4802,2051,2,COKE,3/29/13,13.13,28,2013,No Holiday,0,0,53.6,1
4810,2051,2,COKE,3/29/14,13.27,22,2014,No Holiday,1,0,42.8,1
4818,2051,2,COKE,3/29/15,11.53,28,2015,No Holiday,1,0,59.0,1
4826,2051,2,COKE,3/3/12,12.73,26,2012,No Holiday,1,0,35.6,1
4834,2051,2,COKE,3/3/13,13.13,22,2013,No Holiday,1,0,33.8,1
4842,2051,2,COKE,3/3/14,13.27,32,2014,No Holiday,0,0,44.6,1
4850,2051,2,COKE,3/3/15,11.53,36,2015,No Holiday,0,0,37.4,1
4858,2051,2,COKE,3/30/12,12.73,34,2012,No Holiday,0,0,57.2,1
4866,2051,2,COKE,3/30/13,13.13,22,2013,No Holiday,1,0,46.4,1
4874,2051,2,COKE,3/30/14,13.27,20,2014,No Holiday,1,0,42.8,1
4882,2051,2,COKE,3/30/15,11.53,36,2015,No Holiday,0,0,62.6,1
4890,2051,2,COKE,3/31/12,12.73,20,2012,No Holiday,1,0,57.2,1
4898,2051,2,COKE,3/31/13,13.13,26,2013,No Holiday,1,0,48.2,1
4906,2051,2,COKE,3/31/14,13.27,30,2014,No Holiday,0,0,48.2,1
4914,2051,2,COKE,3/31/15,11.53,30,2015,No Holiday,0,0,57.2,1
4922,2051,2,COKE,3/4/12,12.73,26,2012,No Holiday,1,0,41.0,1
4930,2051,2,COKE,3/4/13,13.13,30,2013,No Holiday,0,0,35.6,1
4938,2051,2,COKE,3/4/14,13.27,28,2014,No Holiday,0,0,46.4,1
4946,2051,2,COKE,3/4/15,11.53,38,2015,No Holiday,0,0,35.6,1
4954,2051,2,COKE,3/5/12,12.73,34,2012,No Holiday,0,0,44.6,1
4962,2051,2,COKE,3/5/13,13.13,28,2013,No Holiday,0,0,35.6,1
4970,2051,2,COKE,3/5/14,13.27,28,2014,No Holiday,0,0,50.0,1
4978,2051,2,COKE,3/5/15,11.53,32,2015,No Holiday,0,0,37.4,1
4986,2051,2,COKE,3/6/12,12.73,26,2012,No Holiday,0,0,39.2,1
4994,2051,2,COKE,3/6/13,13.13,30,2013,No Holiday,0,0,39.2,1
5002,2051,2,COKE,3/6/14,13.27,24,2014,No Holiday,0,0,46.4,1
5010,2051,2,COKE,3/6/15,11.53,30,2015,No Holiday,0,0,35.6,1
5018,2051,2,COKE,3/7/12,12.73,34,2012,No Holiday,0,0,39.2,1
5026,2051,2,COKE,3/7/13,13.13,28,2013,No Holiday,0,0,39.2,1
5034,2051,2,COKE,3/7/14,13.27,24,2014,No Holiday,0,0,50.0,1
5042,2051,2,COKE,3/7/15,11.53,22,2015,No Holiday,1,0,37.4,1
5050,2051,2,COKE,3/8/12,12.73,28,2012,No Holiday,0,0,39.2,1
5058,2051,2,COKE,3/8/13,13.13,28,2013,No Holiday,0,0,32.0,1
5066,2051,2,COKE,3/8/14,13.27,24,2014,No Holiday,1,0,53.6,1
5074,2051,2,COKE,3/8/15,11.53,22,2015,No Holiday,1,0,37.4,1
5082,2051,2,COKE,3/9/12,12.73,34,2012,No Holiday,0,0,41.0,1
5090,2051,2,COKE,3/9/13,13.13,22,2013,No Holiday,1,0,33.8,1
5098,2051,2,COKE,3/9/14,13.27,22,2014,No Holiday,1,0,44.6,1
5106,2051,2,COKE,3/9/15,11.53,38,2015,No Holiday,0,0,39.2,1
5114,2051,2,COKE,4/1/12,12.73,20,2012,No Holiday,1,0,44.6,1
5122,2051,2,COKE,4/1/13,13.13,32,2013,No Holiday,0,0,46.4,1
5130,2051,2,COKE,4/1/14,13.27,24,2014,No Holiday,0,0,46.4,1
5138,2051,2,COKE,4/1/15,11.53,30,2015,No Holiday,0,0,62.6,1
5146,2051,2,COKE,4/10/12,12.73,28,2012,No Holiday,0,0,50.0,1
5154,2051,2,COKE,4/10/13,13.13,28,2013,No Holiday,0,0,59.0,1
5162,2051,2,COKE,4/10/14,13.27,32,2014,No Holiday,0,0,46.4,1
5170,2051,2,COKE,4/10/15,11.53,38,2015,No Holiday,0,0,57.2,1
5178,2051,2,COKE,4/11/12,12.73,34,2012,No Holiday,0,0,57.2,1
5186,2051,2,COKE,4/11/13,13.13,30,2013,No Holiday,0,0,57.2,1
5194,2051,2,COKE,4/11/14,13.27,26,2014,No Holiday,0,0,48.2,1
5202,2051,2,COKE,4/11/15,11.53,24,2015,No Holiday,1,0,57.2,1
5210,2051,2,COKE,4/12/12,12.73,30,2012,No Holiday,0,0,62.6,1
5218,2051,2,COKE,4/12/13,13.13,28,2013,No Holiday,0,0,60.8,1
5226,2051,2,COKE,4/12/14,13.27,20,2014,No Holiday,1,0,59.0,1
5234,2051,2,COKE,4/12/15,11.53,22,2015,No Holiday,1,0,59.0,1
5242,2051,2,COKE,4/13/12,12.73,30,2012,No Holiday,0,0,66.2,1
5250,2051,2,COKE,4/13/13,13.13,22,2013,No Holiday,1,0,64.4,1
5258,2051,2,COKE,4/13/14,13.27,22,2014,No Holiday,1,0,57.2,1
5266,2051,2,COKE,4/13/15,11.53,32,2015,No Holiday,0,0,62.6,1
5274,2051,2,COKE,4/14/12,12.73,22,2012,No Holiday,1,0,69.8,1
5282,2051,2,COKE,4/14/13,13.13,18,2013,No Holiday,1,0,69.8,1
5290,2051,2,COKE,4/14/14,13.27,28,2014,No Holiday,0,0,50.0,1
5298,2051,2,COKE,4/14/15,11.53,30,2015,No Holiday,0,0,66.2,1
5306,2051,2,COKE,4/15/12,12.73,22,2012,No Holiday,1,0,60.8,1
5314,2051,2,COKE,4/15/13,13.13,28,2013,No Holiday,0,0,64.4,1
5322,2051,2,COKE,4/15/14,13.27,24,2014,No Holiday,0,0,55.4,1
5330,2051,2,COKE,4/15/15,12.66,26,2015,No Holiday,0,0,64.4,1
5338,2051,2,COKE,4/16/12,12.73,30,2012,No Holiday,0,0,66.2,1
5346,2051,2,COKE,4/16/13,13.13,24,2013,No Holiday,0,0,60.8,1
5354,2051,2,COKE,4/16/14,13.27,26,2014,No Holiday,0,0,53.6,1
5362,2051,2,COKE,4/16/15,12.66,28,2015,No Holiday,0,0,60.8,1
5370,2051,2,COKE,4/17/12,12.73,28,2012,No Holiday,0,0,57.2,1
5378,2051,2,COKE,4/17/13,13.13,28,2013,No Holiday,0,0,69.8,1
5386,2051,2,COKE,4/17/14,13.27,24,2014,No Holiday,0,0,55.4,1
5394,2051,2,COKE,4/17/15,12.66,30,2015,No Holiday,0,0,57.2,1
5402,2051,2,COKE,4/18/12,12.73,32,2012,No Holiday,0,0,57.2,1
5410,2051,2,COKE,4/18/13,13.13,32,2013,No Holiday,0,0,66.2,1
5418,2051,2,COKE,4/18/14,13.27,32,2014,No Holiday,0,0,50.0,1
5426,2051,2,COKE,4/18/15,12.66,22,2015,No Holiday,1,0,60.8,1
5434,2051,2,COKE,4/19/12,12.73,30,2012,No Holiday,0,0,62.6,1
5442,2051,2,COKE,4/19/13,13.13,32,2013,No Holiday,0,0,62.6,1
5450,2051,2,COKE,4/19/14,13.27,24,2014,No Holiday,1,0,41.0,1
5458,2051,2,COKE,4/19/15,12.66,26,2015,No Holiday,1,0,53.6,1
5466,2051,2,COKE,4/2/12,12.73,26,2012,No Holiday,0,0,44.6,1
5474,2051,2,COKE,4/2/13,13.13,18,2013,Qing Ming Festival,0,0,46.4,1
5482,2051,2,COKE,4/2/14,13.27,32,2014,No Holiday,0,0,53.6,1
5490,2051,2,COKE,4/2/15,11.53,30,2015,No Holiday,0,0,60.8,1
5498,2051,2,COKE,4/20/12,12.73,28,2012,No Holiday,0,0,66.2,1
5506,2051,2,COKE,4/20/13,13.13,22,2013,No Holiday,1,0,62.6,1
