Model comparasions/processedDataSets/Combined_Data.csv
,SELL_ID,SELL_CATEGORY,ITEM_NAME,CALENDAR_DATE,PRICE,QUANTITY,YEAR,HOLIDAY,IS_WEEKEND,IS_SCHOOLBREAK,AVERAGE_TEMPERATURE,IS_OUTDOOR
5514,2051,2,COKE,4/20/14,12.14,24,2014,No Holiday,1,0,50.0,1
5522,2051,2,COKE,4/20/15,12.66,28,2015,No Holiday,0,0,60.8,1
5530,2051,2,COKE,4/21/12,12.73,20,2012,No Holiday,1,0,53.6,1
5538,2051,2,COKE,4/21/13,13.13,26,2013,No Holiday,1,0,57.2,1
5546,2051,2,COKE,4/21/14,12.14,28,2014,No Holiday,0,0,53.6,1
5554,2051,2,COKE,4/21/15,12.66,28,2015,No Holiday,0,0,62.6,1
5562,2051,2,COKE,4/22/12,12.73,26,2012,No Holiday,1,0,57.2,1
5570,2051,2,COKE,4/22/13,13.13,24,2013,No Holiday,0,0,32.0,1
5578,2051,2,COKE,4/22/14,12.14,30,2014,No Holiday,0,0,57.2,1
5586,2051,2,COKE,4/22/15,12.66,34,2015,No Holiday,0,0,68.0,1
5594,2051,2,COKE,4/23/12,12.73,28,2012,No Holiday,0,0,55.4,1
5602,2051,2,COKE,4/23/13,13.13,30,2013,No Holiday,0,0,66.2,1
5610,2051,2,COKE,4/23/14,12.14,36,2014,No Holiday,0,0,53.6,1
5618,2051,2,COKE,4/23/15,12.66,26,2015,No Holiday,0,0,69.8,1
5626,2051,2,COKE,4/24/12,12.73,32,2012,No Holiday,0,0,60.8,1
5634,2051,2,COKE,4/24/13,13.13,30,2013,No Holiday,0,0,59.0,1
5642,2051,2,COKE,4/24/14,12.14,36,2014,No Holiday,0,0,60.8,1
5650,2051,2,COKE,4/24/15,12.66,28,2015,No Holiday,0,0,66.2,1
5658,2051,2,COKE,4/25/12,12.73,28,2012,No Holiday,0,0,55.4,1
5666,2051,2,COKE,4/25/13,13.08,28,2013,No Holiday,0,0,55.4,1
5674,2051,2,COKE,4/25/14,12.14,32,2014,No Holiday,0,0,59.0,1
5682,2051,2,COKE,4/25/15,12.66,18,2015,No Holiday,1,0,64.4,1
5690,2051,2,COKE,4/26/12,12.73,30,2012,No Holiday,0,0,53.6,1
5698,2051,2,COKE,4/26/13,13.08,34,2013,No Holiday,0,0,64.4,1
5706,2051,2,COKE,4/26/14,12.14,22,2014,No Holiday,1,0,60.8,1
5714,2051,2,COKE,4/26/15,12.66,22,2015,No Holiday,1,0,60.8,1
5722,2051,2,COKE,4/27/12,12.73,28,2012,No Holiday,0,0,60.8,1
5730,2051,2,COKE,4/27/13,13.08,22,2013,No Holiday,1,0,62.6,1
5738,2051,2,COKE,4/27/14,12.14,20,2014,No Holiday,1,0,60.8,1
5746,2051,2,COKE,4/27/15,12.66,28,2015,No Holiday,0,0,64.4,1
5754,2051,2,COKE,4/28/12,12.73,20,2012,No Holiday,1,0,64.4,1
5762,2051,2,COKE,4/28/13,13.08,18,2013,No Holiday,1,0,60.8,1
5770,2051,2,COKE,4/28/14,12.14,36,2014,No Holiday,0,0,59.0,1
5778,2051,2,COKE,4/28/15,12.66,28,2015,No Holiday,0,0,64.4,1
5786,2051,2,COKE,4/29/12,12.73,20,2012,No Holiday,1,0,62.6,1
5794,2051,2,COKE,4/29/13,13.08,24,2013,Labor Day,0,0,60.8,1
5802,2051,2,COKE,4/29/14,12.14,20,2014,Labor Day,0,0,68.0,1
5810,2051,2,COKE,4/29/15,12.66,28,2015,No Holiday,0,0,68.0,1
5818,2051,2,COKE,4/3/12,12.73,26,2012,Qing Ming Festival,0,0,48.2,1
5826,2051,2,COKE,4/3/13,13.13,26,2013,Qing Ming Festival,0,0,51.8,1
5834,2051,2,COKE,4/3/14,13.27,24,2014,No Holiday,0,0,50.0,1
5842,2051,2,COKE,4/3/15,11.53,30,2015,No Holiday,0,0,55.4,1
5850,2051,2,COKE,4/30/12,12.73,22,2012,Labor Day,0,0,62.6,1
5858,2051,2,COKE,4/30/13,13.08,20,2013,Labor Day,0,0,68.0,1
5866,2051,2,COKE,4/30/14,12.14,22,2014,Labor Day,0,0,64.4,1
5874,2051,2,COKE,4/30/15,12.66,30,2015,No Holiday,0,0,71.6,1
5882,2051,2,COKE,4/4/12,12.73,22,2012,Qing Ming Festival,0,0,53.6,1
5890,2051,2,COKE,4/4/13,13.13,24,2013,Qing Ming Festival,0,0,55.4,1
5898,2051,2,COKE,4/4/14,13.27,24,2014,Qing Ming Festival,0,0,48.2,1
5906,2051,2,COKE,4/4/15,11.53,24,2015,No Holiday,1,0,60.8,1
5914,2051,2,COKE,4/5/12,12.73,26,2012,Qing Ming Festival,0,0,57.2,1
5922,2051,2,COKE,4/5/13,13.13,30,2013,No Holiday,0,0,50.0,1
5930,2051,2,COKE,4/5/14,13.27,20,2014,Qing Ming Festival,1,0,44.6,1
5938,2051,2,COKE,4/5/15,11.53,20,2015,Qing Ming Festival,1,0,55.4,1
5946,2051,2,COKE,4/6/12,12.73,28,2012,No Holiday,0,0,55.4,1
5954,2051,2,COKE,4/6/13,13.13,18,2013,No Holiday,1,0,55.4,1
5962,2051,2,COKE,4/6/14,13.27,16,2014,Qing Ming Festival,1,0,46.4,1
5970,2051,2,COKE,4/6/15,11.53,22,2015,Qing Ming Festival,0,0,62.6,1
5978,2051,2,COKE,4/7/12,12.73,26,2012,No Holiday,1,0,53.6,1
5986,2051,2,COKE,4/7/13,13.13,24,2013,No Holiday,1,0,62.6,1
5994,2051,2,COKE,4/7/14,13.27,30,2014,No Holiday,0,0,50.0,1
6002,2051,2,COKE,4/7/15,11.53,20,2015,Qing Ming Festival,0,0,64.4,1
6010,2051,2,COKE,4/8/12,12.73,20,2012,No Holiday,1,0,55.4,1
6018,2051,2,COKE,4/8/13,13.13,30,2013,No Holiday,0,0,59.0,1
6026,2051,2,COKE,4/8/14,13.27,32,2014,No Holiday,0,0,46.4,1
6034,2051,2,COKE,4/8/15,11.53,30,2015,No Holiday,0,0,64.4,1
6042,2051,2,COKE,4/9/12,12.73,30,2012,No Holiday,0,0,60.8,1
6050,2051,2,COKE,4/9/13,13.13,26,2013,No Holiday,0,0,66.2,1
6058,2051,2,COKE,4/9/14,13.27,28,2014,No Holiday,0,0,46.4,1
6066,2051,2,COKE,4/9/15,11.53,36,2015,No Holiday,0,0,66.2,1
6074,2051,2,COKE,5/1/12,11.49,22,2012,Labor Day,0,0,66.2,1
6082,2051,2,COKE,5/1/13,13.08,26,2013,Labor Day,0,0,64.4,1
6090,2051,2,COKE,5/1/14,12.14,24,2014,Labor Day,0,0,64.4,1
6098,2051,2,COKE,5/1/15,12.66,24,2015,Labor Day,0,0,68.0,1
6106,2051,2,COKE,5/10/12,11.49,36,2012,No Holiday,0,0,66.2,1
6114,2051,2,COKE,5/10/13,13.08,34,2013,No Holiday,0,0,75.2,1
6122,2051,2,COKE,5/10/14,12.14,28,2014,No Holiday,1,0,71.6,1
6130,2051,2,COKE,5/10/15,12.66,26,2015,No Holiday,1,0,59.0,1
6138,2051,2,COKE,5/11/12,11.49,36,2012,No Holiday,0,0,68.0,1
6146,2051,2,COKE,5/11/13,13.08,26,2013,No Holiday,1,0,66.2,1
6154,2051,2,COKE,5/11/14,12.14,22,2014,No Holiday,1,0,75.2,1
6162,2051,2,COKE,5/11/15,12.66,28,2015,No Holiday,0,0,51.8,1
6170,2051,2,COKE,5/12/12,11.49,26,2012,No Holiday,1,0,64.4,1
6178,2051,2,COKE,5/12/13,13.08,22,2013,No Holiday,1,0,64.4,1
6186,2051,2,COKE,5/12/14,12.14,28,2014,No Holiday,0,0,73.4,1
6194,2051,2,COKE,5/12/15,12.66,26,2015,No Holiday,0,0,71.6,1
6202,2051,2,COKE,5/13/12,11.49,28,2012,No Holiday,1,0,69.8,1
6210,2051,2,COKE,5/13/13,13.08,32,2013,No Holiday,0,0,68.0,1
6218,2051,2,COKE,5/13/14,12.14,32,2014,No Holiday,0,0,73.4,1
6226,2051,2,COKE,5/13/15,12.66,26,2015,No Holiday,0,0,73.4,1
6234,2051,2,COKE,5/14/12,11.49,36,2012,No Holiday,0,0,71.6,1
6242,2051,2,COKE,5/14/13,13.08,30,2013,No Holiday,0,0,66.2,1
6250,2051,2,COKE,5/14/14,12.14,32,2014,No Holiday,0,0,71.6,1
6258,2051,2,COKE,5/14/15,12.66,30,2015,No Holiday,0,0,62.6,1
6266,2051,2,COKE,5/15/12,11.49,32,2012,No Holiday,0,0,66.2,1
6274,2051,2,COKE,5/15/13,13.08,28,2013,No Holiday,0,0,68.0,1
6282,2051,2,COKE,5/15/14,12.14,36,2014,No Holiday,0,0,71.6,1
6290,2051,2,COKE,5/15/15,12.66,34,2015,No Holiday,0,0,71.6,1
6298,2051,2,COKE,5/16/12,11.49,32,2012,No Holiday,0,0,69.8,1
6306,2051,2,COKE,5/16/13,13.08,30,2013,No Holiday,0,0,69.8,1
6314,2051,2,COKE,5/16/14,12.14,28,2014,No Holiday,0,0,68.0,1
6322,2051,2,COKE,5/16/15,12.66,26,2015,No Holiday,1,0,69.8,1
6330,2051,2,COKE,5/17/12,11.49,32,2012,No Holiday,0,0,71.6,1
6338,2051,2,COKE,5/17/13,13.08,26,2013,No Holiday,0,0,73.4,1
6346,2051,2,COKE,5/17/14,12.14,20,2014,No Holiday,1,0,69.8,1
6354,2051,2,COKE,5/17/15,12.66,22,2015,No Holiday,1,0,71.6,1
6362,2051,2,COKE,5/18/12,11.49,38,2012,No Holiday,0,0,75.2,1
6370,2051,2,COKE,5/18/13,13.08,20,2013,No Holiday,1,0,77.0,1
3,2052,2,BURGER,1/1/12,12.75,18,2012,New Year,1,0,24.8,0
11,2052,2,BURGER,1/1/13,12.64,16,2013,New Year,0,0,30.2,1
19,2052,2,BURGER,1/1/14,11.96,20,2014,New Year,0,0,19.4,0
27,2052,2,BURGER,1/1/15,11.45,20,2015,New Year,0,0,37.4,1
35,2052,2,BURGER,1/10/12,12.75,28,2012,No Holiday,0,0,24.8,0
43,2052,2,BURGER,1/10/13,12.64,24,2013,No Holiday,0,0,28.4,0
51,2052,2,BURGER,1/10/14,11.96,30,2014,No Holiday,0,0,24.8,0
59,2052,2,BURGER,1/10/15,11.45,20,2015,No Holiday,1,0,28.4,0
67,2052,2,BURGER,1/11/12,12.75,26,2012,No Holiday,0,0,21.2,0
75,2052,2,BURGER,1/11/13,12.64,24,2013,No Holiday,0,0,24.8,0
83,2052,2,BURGER,1/11/14,11.96,24,2014,No Holiday,1,0,30.2,0
91,2052,2,BURGER,1/11/15,11.45,22,2015,No Holiday,1,0,32.0,1
99,2052,2,BURGER,1/12/12,12.75,26,2012,No Holiday,0,0,24.8,0
107,2052,2,BURGER,1/12/13,12.64,18,2013,No Holiday,1,0,28.4,0
115,2052,2,BURGER,1/12/14,11.96,24,2014,No Holiday,1,0,28.4,0
123,2052,2,BURGER,1/12/15,11.45,28,2015,No Holiday,0,0,26.6,0
131,2052,2,BURGER,1/13/12,12.75,26,2012,No Holiday,0,0,26.6,0
139,2052,2,BURGER,1/13/13,12.64,18,2013,No Holiday,1,0,30.2,0
147,2052,2,BURGER,1/13/14,11.96,24,2014,No Holiday,0,0,28.4,0
155,2052,2,BURGER,1/13/15,11.45,28,2015,No Holiday,0,0,28.4,0
163,2052,2,BURGER,1/14/12,12.75,20,2012,No Holiday,1,0,23.0,0
171,2052,2,BURGER,1/14/13,12.64,26,2013,No Holiday,0,1,30.2,0
179,2052,2,BURGER,1/14/14,11.96,26,2014,No Holiday,0,0,28.4,1
187,2052,2,BURGER,1/14/15,11.45,30,2015,No Holiday,0,0,30.2,0
195,2052,2,BURGER,1/15/12,12.75,18,2012,No Holiday,1,0,32.0,1
203,2052,2,BURGER,1/15/13,12.64,26,2013,No Holiday,0,1,30.2,0
211,2052,2,BURGER,1/15/14,11.96,26,2014,No Holiday,0,0,26.6,0
219,2052,2,BURGER,1/15/15,11.45,28,2015,No Holiday,0,0,32.0,1
227,2052,2,BURGER,1/16/12,12.75,28,2012,No Holiday,0,0,23.0,0
235,2052,2,BURGER,1/16/13,12.64,24,2013,No Holiday,0,1,30.2,1
243,2052,2,BURGER,1/16/14,11.96,26,2014,No Holiday,0,0,24.8,0
251,2052,2,BURGER,1/16/15,11.45,22,2015,No Holiday,0,0,32.0,1
259,2052,2,BURGER,1/17/12,12.75,22,2012,No Holiday,0,0,23.0,0
267,2052,2,BURGER,1/17/13,12.64,22,2013,No Holiday,0,1,30.2,1
275,2052,2,BURGER,1/17/14,11.96,24,2014,No Holiday,0,0,26.6,0
283,2052,2,BURGER,1/17/15,11.45,22,2015,No Holiday,1,0,30.2,0
291,2052,2,BURGER,1/18/12,12.75,24,2012,No Holiday,0,0,23.0,0
299,2052,2,BURGER,1/18/13,12.64,20,2013,No Holiday,0,1,32.0,1
307,2052,2,BURGER,1/18/14,11.96,18,2014,No Holiday,1,0,28.4,0
315,2052,2,BURGER,1/18/15,11.45,22,2015,No Holiday,1,0,33.8,1
323,2052,2,BURGER,1/19/12,12.75,24,2012,No Holiday,0,0,24.8,0
331,2052,2,BURGER,1/19/13,12.64,18,2013,No Holiday,1,1,28.4,1
339,2052,2,BURGER,1/19/14,11.96,16,2014,No Holiday,1,0,30.2,1
347,2052,2,BURGER,1/19/15,11.45,22,2015,No Holiday,0,1,33.8,1
355,2052,2,BURGER,1/2/12,12.75,16,2012,New Year,0,0,24.8,0
363,2052,2,BURGER,1/2/13,12.64,16,2013,New Year,0,0,28.4,0
371,2052,2,BURGER,1/2/14,11.96,22,2014,New Year,0,0,14.0,0
379,2052,2,BURGER,1/2/15,11.45,22,2015,No Holiday,0,0,37.4,1
387,2052,2,BURGER,1/20/12,12.75,22,2012,No Holiday,0,0,26.6,0
395,2052,2,BURGER,1/20/13,12.64,14,2013,No Holiday,1,1,23.0,0
403,2052,2,BURGER,1/20/14,11.96,22,2014,No Holiday,0,0,24.8,0
411,2052,2,BURGER,1/20/15,11.45,28,2015,No Holiday,0,1,30.2,1
419,2052,2,BURGER,1/21/12,12.75,22,2012,No Holiday,1,0,26.6,0
427,2052,2,BURGER,1/21/13,12.64,26,2013,No Holiday,0,1,19.4,0
435,2052,2,BURGER,1/21/14,11.96,28,2014,No Holiday,0,0,28.4,0
443,2052,2,BURGER,1/21/15,11.45,30,2015,No Holiday,0,1,32.0,0
451,2052,2,BURGER,1/22/12,12.75,16,2012,No Holiday,1,0,24.8,0
459,2052,2,BURGER,1/22/13,12.64,18,2013,Luner New Year,0,1,17.6,0
467,2052,2,BURGER,1/22/14,11.96,24,2014,No Holiday,0,0,28.4,0
475,2052,2,BURGER,1/22/15,11.45,24,2015,No Holiday,0,1,32.0,1
483,2052,2,BURGER,1/23/12,12.75,20,2012,No Holiday,0,0,23.0,0
491,2052,2,BURGER,1/23/13,12.64,18,2013,Luner New Year,0,1,21.2,0
499,2052,2,BURGER,1/23/14,11.96,24,2014,No Holiday,0,0,28.4,0
507,2052,2,BURGER,1/23/15,11.45,22,2015,No Holiday,0,1,32.0,1
515,2052,2,BURGER,1/24/12,12.75,26,2012,No Holiday,0,0,24.8,0
523,2052,2,BURGER,1/24/13,12.64,20,2013,Luner New Year,0,1,23.0,0
531,2052,2,BURGER,1/24/14,11.96,30,2014,No Holiday,0,0,26.6,0
539,2052,2,BURGER,1/24/15,11.45,20,2015,No Holiday,1,1,35.6,1
547,2052,2,BURGER,1/25/12,12.75,26,2012,No Holiday,0,0,23.0,0
555,2052,2,BURGER,1/25/13,12.64,20,2013,Luner New Year,0,1,23.0,0
563,2052,2,BURGER,1/25/14,11.96,20,2014,No Holiday,1,1,24.8,0
571,2052,2,BURGER,1/25/15,11.45,18,2015,No Holiday,1,1,33.8,1
579,2052,2,BURGER,1/26/12,12.75,26,2012,No Holiday,0,0,24.8,0
587,2052,2,BURGER,1/26/13,12.64,16,2013,Luner New Year,1,1,26.6,0
595,2052,2,BURGER,1/26/14,11.96,22,2014,No Holiday,1,1,26.6,0
603,2052,2,BURGER,1/26/15,11.45,20,2015,No Holiday,0,1,32.0,1
611,2052,2,BURGER,1/27/12,12.75,18,2012,No Holiday,0,0,32.0,1
619,2052,2,BURGER,1/27/13,12.64,14,2013,Luner New Year,1,1,26.6,0
627,2052,2,BURGER,1/27/14,11.96,24,2014,No Holiday,0,1,28.4,0
635,2052,2,BURGER,1/27/15,11.45,22,2015,No Holiday,0,1,35.6,1
643,2052,2,BURGER,1/28/12,12.75,14,2012,No Holiday,1,0,32.0,1
651,2052,2,BURGER,1/28/13,12.64,14,2013,Luner New Year,0,1,23.0,0
659,2052,2,BURGER,1/28/14,11.96,24,2014,No Holiday,0,1,32.0,1
667,2052,2,BURGER,1/28/15,11.45,20,2015,No Holiday,0,1,32.0,1
675,2052,2,BURGER,1/29/12,12.75,14,2012,No Holiday,1,0,23.0,0
683,2052,2,BURGER,1/29/13,12.64,28,2013,No Holiday,0,1,23.0,0
691,2052,2,BURGER,1/29/14,11.96,22,2014,No Holiday,0,1,32.0,1
699,2052,2,BURGER,1/29/15,11.45,20,2015,No Holiday,0,1,33.8,1
707,2052,2,BURGER,1/3/12,12.75,12,2012,New Year,0,0,32.0,1
715,2052,2,BURGER,1/3/13,12.64,14,2013,New Year,0,0,26.6,0
723,2052,2,BURGER,1/3/14,11.96,20,2014,New Year,0,0,17.6,0
731,2052,2,BURGER,1/3/15,11.45,16,2015,No Holiday,1,0,35.6,1
739,2052,2,BURGER,1/30/12,12.75,22,2012,No Holiday,0,0,28.4,0
747,2052,2,BURGER,1/30/13,12.64,28,2013,No Holiday,0,1,23.0,0
755,2052,2,BURGER,1/30/14,11.96,18,2014,No Holiday,0,1,30.2,1
763,2052,2,BURGER,1/30/15,11.45,26,2015,No Holiday,0,1,33.8,1
771,2052,2,BURGER,1/31/12,12.75,16,2012,No Holiday,0,0,32.0,1
779,2052,2,BURGER,1/31/13,12.64,24,2013,No Holiday,0,1,23.0,0
787,2052,2,BURGER,1/31/14,11.96,18,2014,No Holiday,0,1,30.2,1
795,2052,2,BURGER,1/31/15,11.45,16,2015,Luner New Year,1,1,33.8,1
803,2052,2,BURGER,1/4/12,12.75,24,2012,No Holiday,0,0,32.0,1
811,2052,2,BURGER,1/4/13,12.64,28,2013,No Holiday,0,0,24.8,0
819,2052,2,BURGER,1/4/14,11.96,20,2014,No Holiday,1,0,21.2,0
827,2052,2,BURGER,1/4/15,11.45,14,2015,No Holiday,1,0,32.0,1
835,2052,2,BURGER,1/5/12,12.75,24,2012,No Holiday,0,0,24.8,0
843,2052,2,BURGER,1/5/13,12.64,16,2013,No Holiday,1,0,26.6,0
851,2052,2,BURGER,1/5/14,11.96,20,2014,No Holiday,1,0,19.4,0
859,2052,2,BURGER,1/5/15,11.45,22,2015,No Holiday,0,0,33.8,1
867,2052,2,BURGER,1/6/12,12.75,20,2012,No Holiday,0,0,23.0,0
875,2052,2,BURGER,1/6/13,12.64,16,2013,No Holiday,1,0,26.6,0
883,2052,2,BURGER,1/6/14,11.96,30,2014,No Holiday,0,0,21.2,0
891,2052,2,BURGER,1/6/15,11.45,22,2015,No Holiday,0,0,32.0,1
899,2052,2,BURGER,1/7/12,12.75,18,2012,No Holiday,1,0,26.6,0
907,2052,2,BURGER,1/7/13,12.64,24,2013,No Holiday,0,0,26.6,0
915,2052,2,BURGER,1/7/14,11.96,24,2014,No Holiday,0,0,24.8,0
923,2052,2,BURGER,1/7/15,11.45,20,2015,No Holiday,0,0,32.0,1
931,2052,2,BURGER,1/8/12,12.75,18,2012,No Holiday,1,0,26.6,0
939,2052,2,BURGER,1/8/13,12.64,20,2013,No Holiday,0,0,26.6,0
947,2052,2,BURGER,1/8/14,11.96,26,2014,No Holiday,0,0,21.2,0
955,2052,2,BURGER,1/8/15,11.45,30,2015,No Holiday,0,0,24.8,0
963,2052,2,BURGER,1/9/12,12.75,24,2012,No Holiday,0,0,23.0,0
971,2052,2,BURGER,1/9/13,12.64,26,2013,No Holiday,0,0,28.4,0
979,2052,2,BURGER,1/9/14,11.96,22,2014,No Holiday,0,0,23.0,0
987,2052,2,BURGER,1/9/15,11.45,26,2015,No Holiday,0,0,24.8,0
995,2052,2,BURGER,10/1/12,12.49,20,2012,National Day,0,0,59.0,1
1003,2052,2,BURGER,10/1/13,10.12,20,2013,National Day,0,0,66.2,1
1011,2052,2,BURGER,10/1/14,12.85,18,2014,National Day,0,0,59.0,1
1019,2052,2,BURGER,10/10/12,12.49,24,2012,No Holiday,0,0,62.6,1
1027,2052,2,BURGER,10/10/13,10.12,22,2013,No Holiday,0,0,59.0,1
1035,2052,2,BURGER,10/10/14,12.85,24,2014,No Holiday,0,0,60.8,1
1043,2052,2,BURGER,10/11/12,12.49,20,2012,No Holiday,0,0,62.6,1
1051,2052,2,BURGER,10/11/13,10.12,22,2013,No Holiday,0,0,60.8,1
1059,2052,2,BURGER,10/11/14,12.85,18,2014,No Holiday,1,0,62.6,1
1067,2052,2,BURGER,10/12/12,12.49,18,2012,No Holiday,0,0,62.6,1
1075,2052,2,BURGER,10/12/13,10.12,24,2013,No Holiday,1,0,64.4,1
1083,2052,2,BURGER,10/12/14,12.85,20,2014,No Holiday,1,0,64.4,1
1091,2052,2,BURGER,10/13/12,12.49,18,2012,No Holiday,1,0,59.0,1
1099,2052,2,BURGER,10/13/13,10.12,24,2013,No Holiday,1,0,55.4,1
1107,2052,2,BURGER,10/13/14,12.85,18,2014,No Holiday,0,0,59.0,1
1115,2052,2,BURGER,10/14/12,12.49,20,2012,No Holiday,1,0,57.2,1
1123,2052,2,BURGER,10/14/13,10.12,26,2013,No Holiday,0,0,55.4,1
1131,2052,2,BURGER,10/14/14,12.85,16,2014,No Holiday,0,0,48.2,1
1139,2052,2,BURGER,10/15/12,12.49,20,2012,No Holiday,0,0,59.0,1
1147,2052,2,BURGER,10/15/13,10.12,22,2013,No Holiday,0,0,55.4,1
1155,2052,2,BURGER,10/15/14,12.85,20,2014,No Holiday,0,0,48.2,1
1163,2052,2,BURGER,10/16/12,12.49,16,2012,No Holiday,0,0,57.2,1
1171,2052,2,BURGER,10/16/13,10.12,22,2013,No Holiday,0,0,51.8,1
1179,2052,2,BURGER,10/16/14,12.85,16,2014,No Holiday,0,0,53.6,1
1187,2052,2,BURGER,10/17/12,12.49,24,2012,No Holiday,0,0,57.2,1
1195,2052,2,BURGER,10/17/13,10.12,28,2013,No Holiday,0,0,51.8,1
1203,2052,2,BURGER,10/17/14,12.85,18,2014,No Holiday,0,0,55.4,1
1211,2052,2,BURGER,10/18/12,12.49,18,2012,No Holiday,0,0,59.0,1
1219,2052,2,BURGER,10/18/13,10.12,30,2013,No Holiday,0,0,55.4,1
1227,2052,2,BURGER,10/18/14,12.85,18,2014,No Holiday,1,0,55.4,1
1235,2052,2,BURGER,10/19/12,12.49,16,2012,No Holiday,0,0,59.0,1
1243,2052,2,BURGER,10/19/13,10.12,20,2013,No Holiday,1,0,57.2,1
1251,2052,2,BURGER,10/19/14,12.85,14,2014,No Holiday,1,0,51.8,1
1259,2052,2,BURGER,10/2/12,12.49,12,2012,National Day,0,0,57.2,1
1267,2052,2,BURGER,10/2/13,10.12,16,2013,National Day,0,0,68.0,1
1275,2052,2,BURGER,10/2/14,12.85,14,2014,National Day,0,0,62.6,1
1283,2052,2,BURGER,10/20/12,12.49,12,2012,No Holiday,1,0,60.8,1
1291,2052,2,BURGER,10/20/13,10.12,22,2013,No Holiday,1,0,59.0,1
1299,2052,2,BURGER,10/20/14,12.85,16,2014,No Holiday,0,0,55.4,1
1307,2052,2,BURGER,10/21/12,12.49,16,2012,No Holiday,1,0,57.2,1
1315,2052,2,BURGER,10/21/13,10.12,26,2013,No Holiday,0,0,51.8,1
1323,2052,2,BURGER,10/21/14,12.85,20,2014,No Holiday,0,0,53.6,1
1331,2052,2,BURGER,10/22/12,12.49,18,2012,No Holiday,0,0,60.8,1
1339,2052,2,BURGER,10/22/13,10.12,28,2013,No Holiday,0,0,50.0,1
1347,2052,2,BURGER,10/22/14,12.85,20,2014,No Holiday,0,0,50.0,1
1355,2052,2,BURGER,10/23/12,12.49,22,2012,No Holiday,0,0,50.0,1
1363,2052,2,BURGER,10/23/13,10.12,28,2013,No Holiday,0,0,55.4,1
1371,2052,2,BURGER,10/23/14,12.85,16,2014,No Holiday,0,0,48.2,1
1379,2052,2,BURGER,10/24/12,12.49,20,2012,No Holiday,0,0,46.4,1
1387,2052,2,BURGER,10/24/13,10.12,28,2013,No Holiday,0,0,57.2,1
1395,2052,2,BURGER,10/24/14,12.85,20,2014,No Holiday,0,0,50.0,1
1403,2052,2,BURGER,10/25/12,12.49,16,2012,No Holiday,0,0,50.0,1
1411,2052,2,BURGER,10/25/13,10.12,24,2013,No Holiday,0,0,59.0,1
1419,2052,2,BURGER,10/25/14,12.85,18,2014,No Holiday,1,0,51.8,1
1427,2052,2,BURGER,10/26/12,12.49,20,2012,No Holiday,0,0,48.2,1
