Model comparasions/processedDataSets/Combined_Data.csv
,SELL_ID,SELL_CATEGORY,ITEM_NAME,CALENDAR_DATE,PRICE,QUANTITY,YEAR,HOLIDAY,IS_WEEKEND,IS_SCHOOLBREAK,AVERAGE_TEMPERATURE,IS_OUTDOOR
1435,2052,2,BURGER,10/26/13,10.12,16,2013,No Holiday,1,0,57.2,1
1443,2052,2,BURGER,10/26/14,12.85,20,2014,No Holiday,1,0,53.6,1
1451,2052,2,BURGER,10/27/12,12.49,14,2012,No Holiday,1,0,50.0,1
1459,2052,2,BURGER,10/27/13,10.12,16,2013,No Holiday,1,0,57.2,1
1467,2052,2,BURGER,10/27/14,12.85,18,2014,No Holiday,0,0,53.6,1
1475,2052,2,BURGER,10/28/12,12.49,16,2012,No Holiday,1,0,51.8,1
1483,2052,2,BURGER,10/28/13,10.12,30,2013,No Holiday,0,0,53.6,1
1491,2052,2,BURGER,10/28/14,12.85,22,2014,No Holiday,0,0,51.8,1
1499,2052,2,BURGER,10/29/12,12.49,18,2012,No Holiday,0,0,53.6,1
1507,2052,2,BURGER,10/29/13,10.12,24,2013,No Holiday,0,0,46.4,1
1515,2052,2,BURGER,10/29/14,12.85,22,2014,No Holiday,0,0,48.2,1
1523,2052,2,BURGER,10/3/12,12.49,16,2012,National Day,0,0,57.2,1
1531,2052,2,BURGER,10/3/13,10.12,24,2013,National Day,0,0,66.2,1
1539,2052,2,BURGER,10/3/14,12.85,18,2014,National Day,0,0,60.8,1
1547,2052,2,BURGER,10/30/12,12.49,20,2012,No Holiday,0,0,53.6,1
1555,2052,2,BURGER,10/30/13,10.12,24,2013,No Holiday,0,0,44.6,1
1563,2052,2,BURGER,10/30/14,12.85,16,2014,No Holiday,0,0,50.0,1
1571,2052,2,BURGER,10/31/12,12.49,22,2012,No Holiday,0,0,53.6,1
1579,2052,2,BURGER,10/31/13,10.12,30,2013,No Holiday,0,0,44.6,1
1587,2052,2,BURGER,10/31/14,12.85,16,2014,No Holiday,0,0,48.2,1
1595,2052,2,BURGER,10/4/12,12.49,12,2012,National Day,0,0,60.8,1
1603,2052,2,BURGER,10/4/13,10.12,16,2013,National Day,0,0,66.2,1
1611,2052,2,BURGER,10/4/14,12.85,12,2014,National Day,1,0,64.4,1
1619,2052,2,BURGER,10/5/12,12.49,16,2012,National Day,0,0,62.6,1
1627,2052,2,BURGER,10/5/13,10.12,18,2013,National Day,1,0,62.6,1
1635,2052,2,BURGER,10/5/14,12.85,14,2014,National Day,1,0,64.4,1
1643,2052,2,BURGER,10/6/12,12.49,10,2012,National Day,1,0,62.6,1
1651,2052,2,BURGER,10/6/13,10.12,18,2013,National Day,1,0,64.4,1
1659,2052,2,BURGER,10/6/14,12.85,14,2014,National Day,0,0,62.6,1
1667,2052,2,BURGER,10/7/12,12.49,10,2012,National Day,1,0,64.4,1
1675,2052,2,BURGER,10/7/13,10.12,22,2013,National Day,0,0,64.4,1
1683,2052,2,BURGER,10/7/14,12.85,18,2014,National Day,0,0,64.4,0
1691,2052,2,BURGER,10/8/12,12.49,20,2012,No Holiday,0,0,66.2,1
1699,2052,2,BURGER,10/8/13,10.12,22,2013,No Holiday,0,0,66.2,1
1707,2052,2,BURGER,10/8/14,12.85,26,2014,No Holiday,0,0,62.6,0
1715,2052,2,BURGER,10/9/12,12.49,18,2012,No Holiday,0,0,66.2,1
1723,2052,2,BURGER,10/9/13,10.12,26,2013,No Holiday,0,0,60.8,1
1731,2052,2,BURGER,10/9/14,12.85,22,2014,No Holiday,0,0,66.2,1
1739,2052,2,BURGER,11/1/12,12.49,18,2012,No Holiday,0,0,51.8,1
1747,2052,2,BURGER,11/1/13,10.12,28,2013,No Holiday,0,0,48.2,1
1755,2052,2,BURGER,11/1/14,12.85,18,2014,No Holiday,1,0,46.4,1
1763,2052,2,BURGER,11/10/12,12.49,18,2012,No Holiday,1,0,48.2,1
1771,2052,2,BURGER,11/10/13,10.12,22,2013,No Holiday,1,0,35.6,1
1779,2052,2,BURGER,11/10/14,12.85,18,2014,No Holiday,0,0,42.8,1
1787,2052,2,BURGER,11/11/12,12.49,18,2012,No Holiday,1,0,50.0,1
1795,2052,2,BURGER,11/11/13,10.12,30,2013,No Holiday,0,0,35.6,1
1803,2052,2,BURGER,11/11/14,12.85,20,2014,No Holiday,0,0,44.6,1
1811,2052,2,BURGER,11/12/12,12.49,20,2012,No Holiday,0,0,46.4,1
1819,2052,2,BURGER,11/12/13,10.12,24,2013,No Holiday,0,0,37.4,1
1827,2052,2,BURGER,11/12/14,12.85,24,2014,No Holiday,0,0,44.6,1
1835,2052,2,BURGER,11/13/12,12.49,18,2012,No Holiday,0,0,42.8,1
1843,2052,2,BURGER,11/13/13,10.12,26,2013,No Holiday,0,0,35.6,1
1851,2052,2,BURGER,11/13/14,12.85,20,2014,No Holiday,0,0,46.4,1
1859,2052,2,BURGER,11/14/12,12.49,18,2012,No Holiday,0,0,44.6,1
1867,2052,2,BURGER,11/14/13,10.12,28,2013,No Holiday,0,0,37.4,1
1875,2052,2,BURGER,11/14/14,12.85,18,2014,No Holiday,0,0,44.6,1
1883,2052,2,BURGER,11/15/12,12.49,16,2012,No Holiday,0,0,44.6,1
1891,2052,2,BURGER,11/15/13,10.12,26,2013,No Holiday,0,0,39.2,1
1899,2052,2,BURGER,11/15/14,12.85,16,2014,No Holiday,1,0,48.2,1
1907,2052,2,BURGER,11/16/12,12.49,18,2012,No Holiday,0,0,46.4,1
1915,2052,2,BURGER,11/16/13,10.12,16,2013,No Holiday,1,0,39.2,1
1923,2052,2,BURGER,11/16/14,12.85,12,2014,No Holiday,1,0,42.8,1
1931,2052,2,BURGER,11/17/12,12.49,20,2012,No Holiday,1,0,41.0,1
1939,2052,2,BURGER,11/17/13,10.12,20,2013,No Holiday,1,0,39.2,1
1947,2052,2,BURGER,11/17/14,12.85,16,2014,No Holiday,0,0,39.2,1
1955,2052,2,BURGER,11/18/12,12.49,20,2012,No Holiday,1,0,44.6,1
1963,2052,2,BURGER,11/18/13,10.12,28,2013,No Holiday,0,0,42.8,1
1971,2052,2,BURGER,11/18/14,12.85,22,2014,No Holiday,0,0,39.2,1
1979,2052,2,BURGER,11/19/12,12.49,20,2012,No Holiday,0,0,37.4,1
1987,2052,2,BURGER,11/19/13,10.12,28,2013,No Holiday,0,0,39.2,1
1995,2052,2,BURGER,11/19/14,12.85,24,2014,No Holiday,0,0,39.2,1
2003,2052,2,BURGER,11/2/12,12.49,20,2012,No Holiday,0,0,53.6,1
2011,2052,2,BURGER,11/2/13,10.12,18,2013,No Holiday,1,0,50.0,1
2019,2052,2,BURGER,11/2/14,12.85,18,2014,No Holiday,1,0,51.8,1
2027,2052,2,BURGER,11/20/12,12.49,22,2012,No Holiday,0,0,37.4,1
2035,2052,2,BURGER,11/20/13,10.12,30,2013,No Holiday,0,0,39.2,1
2043,2052,2,BURGER,11/20/14,12.85,22,2014,No Holiday,0,0,39.2,1
2051,2052,2,BURGER,11/21/12,12.49,22,2012,No Holiday,0,0,41.0,1
2059,2052,2,BURGER,11/21/13,10.12,28,2013,No Holiday,0,0,41.0,1
2067,2052,2,BURGER,11/21/14,12.85,22,2014,No Holiday,0,0,39.2,1
2075,2052,2,BURGER,11/22/12,12.49,22,2012,No Holiday,0,0,39.2,1
2083,2052,2,BURGER,11/22/13,10.12,30,2013,No Holiday,0,0,35.6,1
2091,2052,2,BURGER,11/22/14,12.85,16,2014,No Holiday,1,0,41.0,1
2099,2052,2,BURGER,11/23/12,12.49,16,2012,No Holiday,0,0,33.8,1
2107,2052,2,BURGER,11/23/13,10.12,24,2013,No Holiday,1,0,32.0,1
2115,2052,2,BURGER,11/23/14,12.85,14,2014,No Holiday,1,0,44.6,1
2123,2052,2,BURGER,11/24/12,12.49,12,2012,No Holiday,1,0,35.6,1
2131,2052,2,BURGER,11/24/13,10.12,16,2013,No Holiday,1,0,35.6,1
2139,2052,2,BURGER,11/24/14,12.85,24,2014,No Holiday,0,0,39.2,1
2147,2052,2,BURGER,11/25/12,12.49,20,2012,No Holiday,1,0,37.4,1
2155,2052,2,BURGER,11/25/13,10.12,28,2013,No Holiday,0,0,37.4,1
2163,2052,2,BURGER,11/25/14,12.85,20,2014,No Holiday,0,0,35.6,1
2171,2052,2,BURGER,11/26/12,12.49,18,2012,No Holiday,0,0,39.2,1
2179,2052,2,BURGER,11/26/13,10.12,28,2013,No Holiday,0,0,33.8,1
2187,2052,2,BURGER,11/26/14,12.85,16,2014,No Holiday,0,0,33.8,1
2195,2052,2,BURGER,11/27/12,12.49,18,2012,No Holiday,0,0,37.4,1
2203,2052,2,BURGER,11/27/13,10.12,26,2013,No Holiday,0,0,35.6,1
2211,2052,2,BURGER,11/27/14,12.85,20,2014,No Holiday,0,0,28.4,1
2219,2052,2,BURGER,11/28/12,12.49,20,2012,No Holiday,0,0,35.6,1
2227,2052,2,BURGER,11/28/13,10.12,32,2013,No Holiday,0,0,32.0,0
2235,2052,2,BURGER,11/28/14,12.85,24,2014,No Holiday,0,0,33.8,1
2243,2052,2,BURGER,11/29/12,12.49,20,2012,No Holiday,0,0,32.0,1
2251,2052,2,BURGER,11/29/13,10.12,22,2013,No Holiday,0,0,32.0,1
2259,2052,2,BURGER,11/29/14,12.85,16,2014,No Holiday,1,0,41.0,1
2267,2052,2,BURGER,11/3/12,12.49,18,2012,No Holiday,1,0,51.8,1
2275,2052,2,BURGER,11/3/13,10.12,18,2013,No Holiday,1,0,41.0,1
2283,2052,2,BURGER,11/3/14,12.85,16,2014,No Holiday,0,0,50.0,1
2291,2052,2,BURGER,11/30/12,12.49,18,2012,No Holiday,0,0,32.0,1
2299,2052,2,BURGER,11/30/13,10.12,26,2013,No Holiday,1,0,28.4,0
2307,2052,2,BURGER,11/30/14,12.85,16,2014,No Holiday,1,0,37.4,1
2315,2052,2,BURGER,11/4/12,12.49,12,2012,No Holiday,1,0,51.8,1
2323,2052,2,BURGER,11/4/13,10.12,24,2013,No Holiday,0,0,35.6,1
2331,2052,2,BURGER,11/4/14,12.85,20,2014,No Holiday,0,0,51.8,1
2339,2052,2,BURGER,11/5/12,12.49,20,2012,No Holiday,0,0,53.6,1
2347,2052,2,BURGER,11/5/13,10.12,28,2013,No Holiday,0,0,39.2,1
2355,2052,2,BURGER,11/5/14,12.85,22,2014,No Holiday,0,0,50.0,1
2363,2052,2,BURGER,11/6/12,12.49,16,2012,No Holiday,0,0,51.8,1
2371,2052,2,BURGER,11/6/13,10.12,28,2013,No Holiday,0,0,41.0,1
2379,2052,2,BURGER,11/6/14,12.85,22,2014,No Holiday,0,0,50.0,1
2387,2052,2,BURGER,11/7/12,12.49,24,2012,No Holiday,0,0,50.0,1
2395,2052,2,BURGER,11/7/13,10.12,22,2013,No Holiday,0,0,41.0,1
2403,2052,2,BURGER,11/7/14,12.85,24,2014,No Holiday,0,0,48.2,1
2411,2052,2,BURGER,11/8/12,12.49,24,2012,No Holiday,0,0,46.4,1
2419,2052,2,BURGER,11/8/13,10.12,26,2013,No Holiday,0,0,42.8,1
2427,2052,2,BURGER,11/8/14,12.85,18,2014,No Holiday,1,0,48.2,1
2435,2052,2,BURGER,11/9/12,12.49,22,2012,No Holiday,0,0,46.4,1
2443,2052,2,BURGER,11/9/13,10.12,22,2013,No Holiday,1,0,42.8,1
2451,2052,2,BURGER,11/9/14,12.85,12,2014,No Holiday,1,0,46.4,1
2459,2052,2,BURGER,12/1/12,12.49,20,2012,No Holiday,1,0,33.8,1
2467,2052,2,BURGER,12/1/13,10.12,20,2013,No Holiday,1,0,28.4,0
2475,2052,2,BURGER,12/1/14,12.85,24,2014,No Holiday,0,0,39.2,1
2483,2052,2,BURGER,12/10/12,12.49,20,2012,No Holiday,0,0,32.0,1
2491,2052,2,BURGER,12/10/13,10.12,34,2013,No Holiday,0,0,24.8,0
2499,2052,2,BURGER,12/10/14,12.85,24,2014,No Holiday,0,0,33.8,1
2507,2052,2,BURGER,12/11/12,12.49,20,2012,No Holiday,0,0,33.8,1
2515,2052,2,BURGER,12/11/13,10.12,28,2013,No Holiday,0,0,26.6,0
2523,2052,2,BURGER,12/11/14,12.85,16,2014,No Holiday,0,0,33.8,1
2531,2052,2,BURGER,12/12/12,12.49,16,2012,No Holiday,0,0,35.6,1
2539,2052,2,BURGER,12/12/13,10.12,28,2013,No Holiday,0,0,30.2,1
2547,2052,2,BURGER,12/12/14,12.85,24,2014,No Holiday,0,0,30.2,0
2555,2052,2,BURGER,12/13/12,12.49,20,2012,No Holiday,0,0,32.0,1
2563,2052,2,BURGER,12/13/13,10.12,30,2013,No Holiday,0,0,30.2,1
2571,2052,2,BURGER,12/13/14,12.85,12,2014,No Holiday,1,0,32.0,1
2579,2052,2,BURGER,12/14/12,12.49,22,2012,No Holiday,0,0,28.4,0
2587,2052,2,BURGER,12/14/13,10.12,20,2013,No Holiday,1,0,30.2,1
2595,2052,2,BURGER,12/14/14,12.85,16,2014,No Holiday,1,0,32.0,0
2603,2052,2,BURGER,12/15/12,12.49,22,2012,No Holiday,1,0,24.8,0
2611,2052,2,BURGER,12/15/13,10.12,20,2013,No Holiday,1,0,32.0,1
2619,2052,2,BURGER,12/15/14,12.85,20,2014,No Holiday,0,0,32.0,1
2627,2052,2,BURGER,12/16/12,12.49,14,2012,No Holiday,1,0,26.6,0
2635,2052,2,BURGER,12/16/13,10.12,24,2013,No Holiday,0,0,32.0,1
2643,2052,2,BURGER,12/16/14,11.45,26,2014,No Holiday,0,0,30.2,1
2651,2052,2,BURGER,12/17/12,12.49,28,2012,No Holiday,0,0,26.6,0
2659,2052,2,BURGER,12/17/13,10.12,34,2013,No Holiday,0,0,23.0,0
2667,2052,2,BURGER,12/17/14,11.45,30,2014,No Holiday,0,0,28.4,0
2675,2052,2,BURGER,12/18/12,12.49,28,2012,No Holiday,0,0,28.4,0
2683,2052,2,BURGER,12/18/13,10.12,28,2013,No Holiday,0,0,26.6,0
2691,2052,2,BURGER,12/18/14,11.45,28,2014,No Holiday,0,0,28.4,0
2699,2052,2,BURGER,12/19/12,12.49,20,2012,No Holiday,0,0,30.2,1
2707,2052,2,BURGER,12/19/13,10.12,28,2013,No Holiday,0,0,26.6,0
2715,2052,2,BURGER,12/19/14,11.45,26,2014,No Holiday,0,0,26.6,0
2723,2052,2,BURGER,12/2/12,12.49,14,2012,No Holiday,1,0,32.0,1
2731,2052,2,BURGER,12/2/13,10.12,28,2013,No Holiday,0,0,30.2,1
2739,2052,2,BURGER,12/2/14,12.85,18,2014,No Holiday,0,0,41.0,1
2747,2052,2,BURGER,12/20/12,12.49,18,2012,No Holiday,0,0,30.2,1
2755,2052,2,BURGER,12/20/13,10.12,22,2013,No Holiday,0,0,26.6,1
2763,2052,2,BURGER,12/20/14,11.45,20,2014,No Holiday,1,0,28.4,0
2771,2052,2,BURGER,12/21/12,12.49,20,2012,No Holiday,0,0,28.4,0
2779,2052,2,BURGER,12/21/13,11.96,22,2013,No Holiday,1,0,24.8,0
2787,2052,2,BURGER,12/21/14,11.45,20,2014,No Holiday,1,0,28.4,0
2795,2052,2,BURGER,12/22/12,12.49,18,2012,No Holiday,1,0,28.4,0
2803,2052,2,BURGER,12/22/13,11.96,12,2013,No Holiday,1,0,32.0,1
2811,2052,2,BURGER,12/22/14,11.45,26,2014,No Holiday,0,0,30.2,0
2819,2052,2,BURGER,12/23/12,12.49,20,2012,No Holiday,1,0,30.2,1
2827,2052,2,BURGER,12/23/13,11.96,30,2013,No Holiday,0,0,14.0,0
2835,2052,2,BURGER,12/23/14,11.45,24,2014,No Holiday,0,0,30.2,0
2843,2052,2,BURGER,12/24/12,12.49,28,2012,No Holiday,0,0,30.2,0
2851,2052,2,BURGER,12/24/13,11.96,30,2013,No Holiday,0,0,21.2,0
2859,2052,2,BURGER,12/24/14,11.45,30,2014,No Holiday,0,0,30.2,0
2867,2052,2,BURGER,12/25/12,12.49,22,2012,No Holiday,0,0,30.2,0
2875,2052,2,BURGER,12/25/13,11.96,22,2013,No Holiday,0,0,21.2,0
2883,2052,2,BURGER,12/25/14,11.45,26,2014,No Holiday,0,0,32.0,1
2891,2052,2,BURGER,12/26/12,12.49,16,2012,No Holiday,0,0,30.2,1
2899,2052,2,BURGER,12/26/13,11.96,26,2013,No Holiday,0,0,21.2,0
2907,2052,2,BURGER,12/26/14,11.45,28,2014,No Holiday,0,0,26.6,0
2915,2052,2,BURGER,12/27/12,12.64,18,2012,No Holiday,0,0,30.2,1
2923,2052,2,BURGER,12/27/13,11.96,26,2013,No Holiday,0,0,21.2,0
2931,2052,2,BURGER,12/27/14,11.45,20,2014,No Holiday,1,0,28.4,0
2939,2052,2,BURGER,12/28/12,12.64,24,2012,No Holiday,0,0,30.2,0
2947,2052,2,BURGER,12/28/13,11.96,22,2013,No Holiday,1,0,21.2,0
2955,2052,2,BURGER,12/28/14,11.45,22,2014,No Holiday,1,0,28.4,0
2963,2052,2,BURGER,12/29/12,12.64,16,2012,No Holiday,1,0,26.6,1
2971,2052,2,BURGER,12/29/13,11.96,16,2013,No Holiday,1,0,21.2,0
2979,2052,2,BURGER,12/29/14,11.45,22,2014,No Holiday,0,0,32.0,0
2987,2052,2,BURGER,12/3/12,12.49,20,2012,No Holiday,0,0,32.0,1
2995,2052,2,BURGER,12/3/13,10.12,34,2013,No Holiday,0,0,28.4,0
3003,2052,2,BURGER,12/3/14,12.85,18,2014,No Holiday,0,0,42.8,1
3011,2052,2,BURGER,12/30/12,12.64,14,2012,No Holiday,1,0,28.4,1
3019,2052,2,BURGER,12/30/13,11.96,28,2013,No Holiday,0,0,21.2,0
3027,2052,2,BURGER,12/30/14,11.45,22,2014,No Holiday,0,0,33.8,1
3035,2052,2,BURGER,12/31/12,12.64,22,2012,No Holiday,0,0,30.2,0
3043,2052,2,BURGER,12/31/13,11.96,22,2013,No Holiday,0,0,21.2,0
3051,2052,2,BURGER,12/31/14,11.45,24,2014,No Holiday,0,0,35.6,1
3059,2052,2,BURGER,12/4/12,12.49,18,2012,No Holiday,0,0,33.8,1
3067,2052,2,BURGER,12/4/13,10.12,24,2013,No Holiday,0,0,28.4,1
3075,2052,2,BURGER,12/4/14,12.85,24,2014,No Holiday,0,0,42.8,1
3083,2052,2,BURGER,12/5/12,12.49,20,2012,No Holiday,0,0,32.0,1
3091,2052,2,BURGER,12/5/13,10.12,30,2013,No Holiday,0,0,23.0,0
3099,2052,2,BURGER,12/5/14,12.85,24,2014,No Holiday,0,0,39.2,1
3107,2052,2,BURGER,12/6/12,12.49,22,2012,No Holiday,0,0,32.0,1
3115,2052,2,BURGER,12/6/13,10.12,34,2013,No Holiday,0,0,24.8,0
3123,2052,2,BURGER,12/6/14,12.85,16,2014,No Holiday,1,0,39.2,1
3131,2052,2,BURGER,12/7/12,12.49,24,2012,No Holiday,0,0,30.2,0
3139,2052,2,BURGER,12/7/13,10.12,20,2013,No Holiday,1,0,23.0,0
3147,2052,2,BURGER,12/7/14,12.85,12,2014,No Holiday,1,0,39.2,1
3155,2052,2,BURGER,12/8/12,12.49,22,2012,No Holiday,1,0,24.8,0
3163,2052,2,BURGER,12/8/13,10.12,18,2013,No Holiday,1,0,21.2,0
3171,2052,2,BURGER,12/8/14,12.85,16,2014,No Holiday,0,0,39.2,1
3179,2052,2,BURGER,12/9/12,12.49,18,2012,No Holiday,1,0,28.4,1
3187,2052,2,BURGER,12/9/13,10.12,32,2013,No Holiday,0,0,26.6,0
3195,2052,2,BURGER,12/9/14,12.85,18,2014,No Holiday,0,0,33.8,1
3203,2052,2,BURGER,2/1/12,12.75,20,2012,No Holiday,0,0,32.0,1
3211,2052,2,BURGER,2/1/13,12.64,24,2013,No Holiday,0,1,19.4,0
3219,2052,2,BURGER,2/1/14,11.96,20,2014,No Holiday,1,1,28.4,0
3227,2052,2,BURGER,2/1/15,11.45,14,2015,Luner New Year,1,1,35.6,1
3235,2052,2,BURGER,2/10/12,12.75,20,2012,No Holiday,0,0,32.0,1
3243,2052,2,BURGER,2/10/13,12.64,16,2013,No Holiday,1,0,28.4,0
3251,2052,2,BURGER,2/10/14,11.96,20,2014,Luner New Year,0,1,26.6,0
3259,2052,2,BURGER,2/10/15,11.45,24,2015,No Holiday,0,1,23.0,0
3267,2052,2,BURGER,2/11/12,12.75,14,2012,No Holiday,1,0,24.8,0
3275,2052,2,BURGER,2/11/13,12.64,26,2013,No Holiday,0,0,32.0,0
3283,2052,2,BURGER,2/11/14,11.96,16,2014,Luner New Year,0,1,26.6,0
3291,2052,2,BURGER,2/11/15,11.45,30,2015,No Holiday,0,1,24.8,0
3299,2052,2,BURGER,2/12/12,12.75,16,2012,No Holiday,1,0,24.8,0
3307,2052,2,BURGER,2/12/13,12.64,24,2013,No Holiday,0,0,32.0,1
3315,2052,2,BURGER,2/12/14,11.96,16,2014,Luner New Year,0,1,28.4,0
3323,2052,2,BURGER,2/12/15,11.45,28,2015,No Holiday,0,1,28.4,0
3331,2052,2,BURGER,2/13/12,12.75,16,2012,No Holiday,0,0,32.0,1
3339,2052,2,BURGER,2/13/13,12.64,18,2013,No Holiday,0,0,33.8,1
3347,2052,2,BURGER,2/13/14,11.96,12,2014,Luner New Year,0,1,33.8,1
3355,2052,2,BURGER,2/13/15,11.45,24,2015,No Holiday,0,1,26.6,0
3363,2052,2,BURGER,2/14/12,12.75,18,2012,No Holiday,0,0,32.0,1
3371,2052,2,BURGER,2/14/13,12.64,22,2013,No Holiday,0,0,30.2,0
3379,2052,2,BURGER,2/14/14,11.96,20,2014,Luner New Year,0,1,30.2,0
3387,2052,2,BURGER,2/14/15,11.45,18,2015,No Holiday,1,1,30.2,1
3395,2052,2,BURGER,2/15/12,12.75,16,2012,No Holiday,0,0,32.0,1
3403,2052,2,BURGER,2/15/13,12.64,22,2013,No Holiday,0,0,32.0,1
3411,2052,2,BURGER,2/15/14,11.96,14,2014,Luner New Year,1,1,30.2,0
3419,2052,2,BURGER,2/15/15,11.45,22,2015,No Holiday,1,1,32.0,1
3427,2052,2,BURGER,2/16/12,12.75,16,2012,No Holiday,0,0,32.0,1
3435,2052,2,BURGER,2/16/13,12.64,18,2013,No Holiday,1,0,28.4,0
3443,2052,2,BURGER,2/16/14,11.96,12,2014,No Holiday,1,1,32.0,1
3451,2052,2,BURGER,2/16/15,11.45,22,2015,No Holiday,0,1,32.0,1
3459,2052,2,BURGER,2/17/12,12.75,18,2012,No Holiday,0,0,32.0,1
3467,2052,2,BURGER,2/17/13,12.64,14,2013,No Holiday,1,0,28.4,0
3475,2052,2,BURGER,2/17/14,11.96,26,2014,No Holiday,0,1,33.8,1
3483,2052,2,BURGER,2/17/15,11.45,24,2015,No Holiday,0,0,32.0,1
3491,2052,2,BURGER,2/18/12,12.75,16,2012,No Holiday,1,0,32.0,1
3499,2052,2,BURGER,2/18/13,12.64,22,2013,No Holiday,0,0,30.2,0
3507,2052,2,BURGER,2/18/14,11.96,30,2014,No Holiday,0,1,28.4,0
3515,2052,2,BURGER,2/18/15,11.45,24,2015,No Holiday,0,0,30.2,1
3523,2052,2,BURGER,2/19/12,12.75,16,2012,No Holiday,1,0,37.4,1
3531,2052,2,BURGER,2/19/13,12.64,18,2013,No Holiday,0,0,32.0,1
3539,2052,2,BURGER,2/19/14,11.96,28,2014,No Holiday,0,1,28.4,0
3547,2052,2,BURGER,2/19/15,11.45,22,2015,No Holiday,0,0,32.0,1
3555,2052,2,BURGER,2/2/12,12.75,18,2012,Luner New Year,0,0,32.0,1
3563,2052,2,BURGER,2/2/13,12.64,14,2013,No Holiday,1,1,21.2,0
3571,2052,2,BURGER,2/2/14,11.96,16,2014,No Holiday,1,1,28.4,0
3579,2052,2,BURGER,2/2/15,11.45,16,2015,Luner New Year,0,1,35.6,1
3587,2052,2,BURGER,2/20/12,12.75,20,2012,No Holiday,0,0,37.4,1
3595,2052,2,BURGER,2/20/13,12.64,20,2013,No Holiday,0,0,35.6,1
3603,2052,2,BURGER,2/20/14,11.96,28,2014,No Holiday,0,0,30.2,0
3611,2052,2,BURGER,2/20/15,11.45,22,2015,No Holiday,0,0,32.0,1
3619,2052,2,BURGER,2/21/12,12.75,20,2012,No Holiday,0,0,39.2,1
3627,2052,2,BURGER,2/21/13,12.64,16,2013,No Holiday,0,0,33.8,1
3635,2052,2,BURGER,2/21/14,11.96,22,2014,No Holiday,0,0,33.8,1
3643,2052,2,BURGER,2/21/15,11.45,22,2015,No Holiday,1,0,32.0,1
3651,2052,2,BURGER,2/22/12,12.75,20,2012,No Holiday,0,0,39.2,1
3659,2052,2,BURGER,2/22/13,12.64,22,2013,No Holiday,0,0,35.6,1
