Model comparasions/processedDataSets/Combined_Data.csv
,SELL_ID,SELL_CATEGORY,ITEM_NAME,CALENDAR_DATE,PRICE,QUANTITY,YEAR,HOLIDAY,IS_WEEKEND,IS_SCHOOLBREAK,AVERAGE_TEMPERATURE,IS_OUTDOOR
3667,2052,2,BURGER,2/22/14,11.96,18,2014,No Holiday,1,0,33.8,1
3675,2052,2,BURGER,2/22/15,11.45,18,2015,No Holiday,1,0,35.6,1
3683,2052,2,BURGER,2/23/12,12.75,22,2012,No Holiday,0,0,42.8,1
3691,2052,2,BURGER,2/23/13,12.64,18,2013,No Holiday,1,0,33.8,1
3699,2052,2,BURGER,2/23/14,11.96,16,2014,No Holiday,1,0,37.4,1
3707,2052,2,BURGER,2/23/15,11.45,20,2015,No Holiday,0,0,33.8,1
3715,2052,2,BURGER,2/24/12,12.75,24,2012,No Holiday,0,0,39.2,1
3723,2052,2,BURGER,2/24/13,12.64,16,2013,No Holiday,1,0,32.0,1
3731,2052,2,BURGER,2/24/14,11.96,24,2014,No Holiday,0,0,33.8,1
3739,2052,2,BURGER,2/24/15,11.45,28,2015,No Holiday,0,0,39.2,1
3747,2052,2,BURGER,2/25/12,12.75,12,2012,No Holiday,1,0,37.4,1
3755,2052,2,BURGER,2/25/13,12.64,20,2013,No Holiday,0,0,32.0,1
3763,2052,2,BURGER,2/25/14,11.96,26,2014,No Holiday,0,0,28.4,1
3771,2052,2,BURGER,2/25/15,11.45,28,2015,No Holiday,0,0,41.0,1
3779,2052,2,BURGER,2/26/12,12.75,14,2012,No Holiday,1,0,32.0,1
3787,2052,2,BURGER,2/26/13,12.64,18,2013,No Holiday,0,0,32.0,1
3795,2052,2,BURGER,2/26/14,11.96,22,2014,No Holiday,0,0,37.4,1
3803,2052,2,BURGER,2/26/15,11.45,22,2015,No Holiday,0,0,41.0,1
3811,2052,2,BURGER,2/27/12,12.75,20,2012,No Holiday,0,0,30.2,1
3819,2052,2,BURGER,2/27/13,12.64,22,2013,No Holiday,0,0,35.6,1
3827,2052,2,BURGER,2/27/14,11.96,24,2014,No Holiday,0,0,42.8,1
3835,2052,2,BURGER,2/27/15,11.45,24,2015,No Holiday,0,0,37.4,1
3843,2052,2,BURGER,2/28/12,12.75,22,2012,No Holiday,0,0,33.8,1
3851,2052,2,BURGER,2/28/13,12.64,22,2013,No Holiday,0,0,35.6,1
3859,2052,2,BURGER,2/28/14,11.96,26,2014,No Holiday,0,0,41.0,1
3867,2052,2,BURGER,2/28/15,11.45,18,2015,No Holiday,1,0,33.8,1
3875,2052,2,BURGER,2/3/12,12.75,16,2012,Luner New Year,0,0,32.0,1
3883,2052,2,BURGER,2/3/13,12.64,20,2013,No Holiday,1,1,26.6,0
3891,2052,2,BURGER,2/3/14,11.96,22,2014,No Holiday,0,1,28.4,1
3899,2052,2,BURGER,2/3/15,11.45,18,2015,Luner New Year,0,1,26.6,0
3907,2052,2,BURGER,2/4/12,12.75,16,2012,Luner New Year,1,0,32.0,1
3915,2052,2,BURGER,2/4/13,12.64,22,2013,No Holiday,0,1,30.2,0
3923,2052,2,BURGER,2/4/14,11.96,28,2014,No Holiday,0,1,28.4,0
3931,2052,2,BURGER,2/4/15,11.45,16,2015,Luner New Year,0,1,26.6,0
3939,2052,2,BURGER,2/5/12,12.75,8,2012,Luner New Year,1,0,32.0,1
3947,2052,2,BURGER,2/5/13,12.64,20,2013,No Holiday,0,1,30.2,0
3955,2052,2,BURGER,2/5/14,11.96,28,2014,No Holiday,0,1,28.4,0
3963,2052,2,BURGER,2/5/15,11.45,22,2015,Luner New Year,0,1,28.4,1
3971,2052,2,BURGER,2/6/12,12.75,12,2012,Luner New Year,0,0,32.0,1
3979,2052,2,BURGER,2/6/13,12.64,22,2013,No Holiday,0,1,19.4,0
3987,2052,2,BURGER,2/6/14,11.96,24,2014,No Holiday,0,1,24.8,0
3995,2052,2,BURGER,2/6/15,11.45,18,2015,Luner New Year,0,1,28.4,1
4003,2052,2,BURGER,2/7/12,12.75,18,2012,Luner New Year,0,0,32.0,1
4011,2052,2,BURGER,2/7/13,12.64,20,2013,No Holiday,0,0,23.0,0
4019,2052,2,BURGER,2/7/14,11.96,30,2014,No Holiday,0,1,19.4,0
4027,2052,2,BURGER,2/7/15,11.45,16,2015,No Holiday,1,1,26.6,1
4035,2052,2,BURGER,2/8/12,12.75,16,2012,Luner New Year,0,0,32.0,1
4043,2052,2,BURGER,2/8/13,12.64,22,2013,No Holiday,0,0,26.6,0
4051,2052,2,BURGER,2/8/14,11.96,20,2014,No Holiday,1,1,23.0,0
4059,2052,2,BURGER,2/8/15,11.45,20,2015,No Holiday,1,1,24.8,0
4067,2052,2,BURGER,2/9/12,12.75,16,2012,No Holiday,0,0,32.0,1
4075,2052,2,BURGER,2/9/13,12.64,16,2013,No Holiday,1,0,28.4,0
4083,2052,2,BURGER,2/9/14,11.96,10,2014,Luner New Year,1,1,26.6,0
4091,2052,2,BURGER,2/9/15,11.45,24,2015,No Holiday,0,1,21.2,0
4099,2052,2,BURGER,3/1/12,12.75,20,2012,No Holiday,0,0,33.8,1
4116,2052,2,BURGER,3/1/13,13.13,56,2013,No Holiday,0,0,39.2,1
4117,2052,2,BURGER,3/1/13,13.13,56,2013,No Holiday,0,0,32.0,1
4118,2052,2,BURGER,3/1/13,13.41,80,2013,No Holiday,0,0,39.2,1
4119,2052,2,BURGER,3/1/13,13.41,80,2013,No Holiday,0,0,32.0,1
4139,2052,2,BURGER,3/1/14,11.96,12,2014,No Holiday,1,0,33.8,1
4147,2052,2,BURGER,3/1/15,11.45,16,2015,No Holiday,1,0,39.2,1
4155,2052,2,BURGER,3/10/12,12.75,18,2012,No Holiday,1,0,46.4,1
4163,2052,2,BURGER,3/10/13,12.64,18,2013,No Holiday,1,0,33.8,1
4171,2052,2,BURGER,3/10/14,11.96,26,2014,No Holiday,0,0,39.2,1
4179,2052,2,BURGER,3/10/15,11.45,24,2015,No Holiday,0,0,42.8,1
4187,2052,2,BURGER,3/11/12,12.75,18,2012,No Holiday,1,0,50.0,1
4195,2052,2,BURGER,3/11/13,12.64,22,2013,No Holiday,0,0,32.0,0
4203,2052,2,BURGER,3/11/14,11.96,20,2014,No Holiday,0,0,46.4,1
4211,2052,2,BURGER,3/11/15,11.45,28,2015,No Holiday,0,0,44.6,1
4219,2052,2,BURGER,3/12/12,12.75,20,2012,No Holiday,0,0,55.4,1
4227,2052,2,BURGER,3/12/13,12.64,16,2013,No Holiday,0,0,37.4,1
4235,2052,2,BURGER,3/12/14,11.96,26,2014,No Holiday,0,0,39.2,1
4243,2052,2,BURGER,3/12/15,11.45,28,2015,No Holiday,0,0,39.2,1
4251,2052,2,BURGER,3/13/12,12.75,16,2012,No Holiday,0,0,50.0,1
4259,2052,2,BURGER,3/13/13,12.64,16,2013,No Holiday,0,0,42.8,1
4267,2052,2,BURGER,3/13/14,11.96,22,2014,No Holiday,0,0,37.4,1
4275,2052,2,BURGER,3/13/15,11.45,22,2015,No Holiday,0,0,46.4,1
4283,2052,2,BURGER,3/14/12,12.75,20,2012,No Holiday,0,0,41.0,1
4291,2052,2,BURGER,3/14/13,12.64,18,2013,No Holiday,0,0,42.8,1
4299,2052,2,BURGER,3/14/14,11.96,26,2014,No Holiday,0,0,41.0,1
4307,2052,2,BURGER,3/14/15,11.45,20,2015,No Holiday,1,0,48.2,1
4315,2052,2,BURGER,3/15/12,12.75,18,2012,No Holiday,0,0,37.4,1
4323,2052,2,BURGER,3/15/13,12.64,16,2013,No Holiday,0,0,44.6,1
4331,2052,2,BURGER,3/15/14,11.96,16,2014,No Holiday,1,0,46.4,1
4339,2052,2,BURGER,3/15/15,11.45,20,2015,No Holiday,1,0,53.6,1
4347,2052,2,BURGER,3/16/12,12.75,16,2012,No Holiday,0,0,42.8,1
4355,2052,2,BURGER,3/16/13,12.64,12,2013,No Holiday,1,0,48.2,1
4363,2052,2,BURGER,3/16/14,11.96,12,2014,No Holiday,1,0,48.2,1
4371,2052,2,BURGER,3/16/15,11.45,22,2015,No Holiday,0,0,51.8,1
4379,2052,2,BURGER,3/17/12,12.75,20,2012,No Holiday,1,0,50.0,1
4387,2052,2,BURGER,3/17/13,12.64,14,2013,No Holiday,1,0,42.8,1
4395,2052,2,BURGER,3/17/14,11.96,22,2014,No Holiday,0,0,53.6,1
4403,2052,2,BURGER,3/17/15,11.45,22,2015,No Holiday,0,0,53.6,1
4411,2052,2,BURGER,3/18/12,12.75,18,2012,No Holiday,1,0,44.6,1
4419,2052,2,BURGER,3/18/13,12.64,18,2013,No Holiday,0,0,35.6,1
4427,2052,2,BURGER,3/18/14,11.96,18,2014,No Holiday,0,0,42.8,1
4435,2052,2,BURGER,3/18/15,11.45,22,2015,No Holiday,0,0,51.8,1
4443,2052,2,BURGER,3/19/12,12.75,22,2012,No Holiday,0,0,46.4,1
4451,2052,2,BURGER,3/19/13,12.64,18,2013,No Holiday,0,0,37.4,1
4459,2052,2,BURGER,3/19/14,11.96,20,2014,No Holiday,0,0,32.0,1
4467,2052,2,BURGER,3/19/15,11.45,28,2015,No Holiday,0,0,46.4,1
4475,2052,2,BURGER,3/2/12,12.75,24,2012,No Holiday,0,0,35.6,1
4483,2052,2,BURGER,3/2/13,12.64,20,2013,No Holiday,1,0,35.6,1
4491,2052,2,BURGER,3/2/14,11.96,18,2014,No Holiday,1,0,33.8,1
4499,2052,2,BURGER,3/2/15,11.45,20,2015,No Holiday,0,0,39.2,1
4507,2052,2,BURGER,3/20/12,12.75,16,2012,No Holiday,0,0,44.6,1
4515,2052,2,BURGER,3/20/13,12.64,18,2013,No Holiday,0,0,44.6,1
4523,2052,2,BURGER,3/20/14,11.96,18,2014,No Holiday,0,0,39.2,1
4531,2052,2,BURGER,3/20/15,11.45,20,2015,No Holiday,0,0,50.0,1
4539,2052,2,BURGER,3/21/12,12.75,16,2012,No Holiday,0,0,37.4,1
4547,2052,2,BURGER,3/21/13,12.64,20,2013,No Holiday,0,0,46.4,1
4555,2052,2,BURGER,3/21/14,11.96,18,2014,No Holiday,0,0,46.4,1
4563,2052,2,BURGER,3/21/15,11.45,18,2015,No Holiday,1,0,53.6,1
4571,2052,2,BURGER,3/22/12,12.75,20,2012,No Holiday,0,0,39.2,1
4579,2052,2,BURGER,3/22/13,12.64,20,2013,No Holiday,0,0,41.0,1
4587,2052,2,BURGER,3/22/14,11.96,20,2014,No Holiday,1,0,42.8,1
4595,2052,2,BURGER,3/22/15,11.45,16,2015,No Holiday,1,0,57.2,1
4603,2052,2,BURGER,3/23/12,12.75,24,2012,No Holiday,0,0,42.8,1
4611,2052,2,BURGER,3/23/13,12.64,14,2013,No Holiday,1,0,44.6,1
4619,2052,2,BURGER,3/23/14,11.96,14,2014,No Holiday,1,0,42.8,1
4627,2052,2,BURGER,3/23/15,11.45,24,2015,No Holiday,0,0,55.4,1
4635,2052,2,BURGER,3/24/12,12.75,12,2012,No Holiday,1,0,42.8,1
4643,2052,2,BURGER,3/24/13,12.64,16,2013,No Holiday,1,0,44.6,1
4651,2052,2,BURGER,3/24/14,11.96,26,2014,No Holiday,0,0,39.2,1
4659,2052,2,BURGER,3/24/15,11.45,22,2015,No Holiday,0,0,59.0,1
4667,2052,2,BURGER,3/25/12,12.75,14,2012,No Holiday,1,0,42.8,1
4675,2052,2,BURGER,3/25/13,12.64,24,2013,No Holiday,0,0,46.4,1
4683,2052,2,BURGER,3/25/14,11.96,20,2014,No Holiday,0,0,42.8,1
4691,2052,2,BURGER,3/25/15,11.45,26,2015,No Holiday,0,0,60.8,1
4699,2052,2,BURGER,3/26/12,12.75,18,2012,No Holiday,0,0,46.4,1
4707,2052,2,BURGER,3/26/13,12.64,24,2013,No Holiday,0,0,32.0,1
4715,2052,2,BURGER,3/26/14,11.96,24,2014,No Holiday,0,0,48.2,1
4723,2052,2,BURGER,3/26/15,11.45,22,2015,No Holiday,0,0,60.8,1
4731,2052,2,BURGER,3/27/12,12.75,20,2012,No Holiday,0,0,48.2,1
4739,2052,2,BURGER,3/27/13,12.64,16,2013,No Holiday,0,0,55.4,1
4747,2052,2,BURGER,3/27/14,11.96,18,2014,No Holiday,0,0,50.0,1
4755,2052,2,BURGER,3/27/15,11.45,22,2015,No Holiday,0,0,62.6,1
4763,2052,2,BURGER,3/28/12,12.75,16,2012,No Holiday,0,0,50.0,1
4771,2052,2,BURGER,3/28/13,12.64,16,2013,No Holiday,0,0,59.0,1
4779,2052,2,BURGER,3/28/14,11.96,24,2014,No Holiday,0,0,41.0,1
4787,2052,2,BURGER,3/28/15,11.45,14,2015,No Holiday,1,0,60.8,1
4795,2052,2,BURGER,3/29/12,12.75,16,2012,No Holiday,0,0,51.8,1
4803,2052,2,BURGER,3/29/13,12.64,18,2013,No Holiday,0,0,53.6,1
4811,2052,2,BURGER,3/29/14,11.96,16,2014,No Holiday,1,0,42.8,1
4819,2052,2,BURGER,3/29/15,11.45,22,2015,No Holiday,1,0,59.0,1
4827,2052,2,BURGER,3/3/12,12.75,12,2012,No Holiday,1,0,35.6,1
4835,2052,2,BURGER,3/3/13,12.64,20,2013,No Holiday,1,0,33.8,1
4843,2052,2,BURGER,3/3/14,11.96,24,2014,No Holiday,0,0,44.6,1
4851,2052,2,BURGER,3/3/15,11.45,22,2015,No Holiday,0,0,37.4,1
4859,2052,2,BURGER,3/30/12,12.75,22,2012,No Holiday,0,0,57.2,1
4867,2052,2,BURGER,3/30/13,12.64,14,2013,No Holiday,1,0,46.4,1
4875,2052,2,BURGER,3/30/14,11.96,20,2014,No Holiday,1,0,42.8,1
4883,2052,2,BURGER,3/30/15,11.45,26,2015,No Holiday,0,0,62.6,1
4891,2052,2,BURGER,3/31/12,12.75,18,2012,No Holiday,1,0,57.2,1
4899,2052,2,BURGER,3/31/13,12.64,12,2013,No Holiday,1,0,48.2,1
4907,2052,2,BURGER,3/31/14,11.96,26,2014,No Holiday,0,0,48.2,1
4915,2052,2,BURGER,3/31/15,11.45,28,2015,No Holiday,0,0,57.2,1
4923,2052,2,BURGER,3/4/12,12.75,18,2012,No Holiday,1,0,41.0,1
4931,2052,2,BURGER,3/4/13,12.64,20,2013,No Holiday,0,0,35.6,1
4939,2052,2,BURGER,3/4/14,11.96,24,2014,No Holiday,0,0,46.4,1
4947,2052,2,BURGER,3/4/15,11.45,22,2015,No Holiday,0,0,35.6,1
4955,2052,2,BURGER,3/5/12,12.75,22,2012,No Holiday,0,0,44.6,1
4963,2052,2,BURGER,3/5/13,12.64,24,2013,No Holiday,0,0,35.6,1
4971,2052,2,BURGER,3/5/14,11.96,24,2014,No Holiday,0,0,50.0,1
4979,2052,2,BURGER,3/5/15,11.45,26,2015,No Holiday,0,0,37.4,1
4987,2052,2,BURGER,3/6/12,12.75,16,2012,No Holiday,0,0,39.2,1
4995,2052,2,BURGER,3/6/13,12.64,22,2013,No Holiday,0,0,39.2,1
5003,2052,2,BURGER,3/6/14,11.96,18,2014,No Holiday,0,0,46.4,1
5011,2052,2,BURGER,3/6/15,11.45,24,2015,No Holiday,0,0,35.6,1
5019,2052,2,BURGER,3/7/12,12.75,24,2012,No Holiday,0,0,39.2,1
5027,2052,2,BURGER,3/7/13,12.64,18,2013,No Holiday,0,0,39.2,1
5035,2052,2,BURGER,3/7/14,11.96,26,2014,No Holiday,0,0,50.0,1
5043,2052,2,BURGER,3/7/15,11.45,22,2015,No Holiday,1,0,37.4,1
5051,2052,2,BURGER,3/8/12,12.75,20,2012,No Holiday,0,0,39.2,1
5059,2052,2,BURGER,3/8/13,12.64,20,2013,No Holiday,0,0,32.0,1
5067,2052,2,BURGER,3/8/14,11.96,14,2014,No Holiday,1,0,53.6,1
5075,2052,2,BURGER,3/8/15,11.45,20,2015,No Holiday,1,0,37.4,1
5083,2052,2,BURGER,3/9/12,12.75,20,2012,No Holiday,0,0,41.0,1
5091,2052,2,BURGER,3/9/13,12.64,18,2013,No Holiday,1,0,33.8,1
5099,2052,2,BURGER,3/9/14,11.96,16,2014,No Holiday,1,0,44.6,1
5107,2052,2,BURGER,3/9/15,11.45,24,2015,No Holiday,0,0,39.2,1
5115,2052,2,BURGER,4/1/12,12.75,18,2012,No Holiday,1,0,44.6,1
5123,2052,2,BURGER,4/1/13,12.64,18,2013,No Holiday,0,0,46.4,1
5131,2052,2,BURGER,4/1/14,11.96,20,2014,No Holiday,0,0,46.4,1
5139,2052,2,BURGER,4/1/15,11.45,20,2015,No Holiday,0,0,62.6,1
5147,2052,2,BURGER,4/10/12,12.75,18,2012,No Holiday,0,0,50.0,1
5155,2052,2,BURGER,4/10/13,12.64,16,2013,No Holiday,0,0,59.0,1
5163,2052,2,BURGER,4/10/14,11.96,22,2014,No Holiday,0,0,46.4,1
5171,2052,2,BURGER,4/10/15,11.45,24,2015,No Holiday,0,0,57.2,1
5179,2052,2,BURGER,4/11/12,12.75,16,2012,No Holiday,0,0,57.2,1
5187,2052,2,BURGER,4/11/13,12.64,16,2013,No Holiday,0,0,57.2,1
5195,2052,2,BURGER,4/11/14,11.96,20,2014,No Holiday,0,0,48.2,1
5203,2052,2,BURGER,4/11/15,11.45,22,2015,No Holiday,1,0,57.2,1
5211,2052,2,BURGER,4/12/12,12.75,24,2012,No Holiday,0,0,62.6,1
5219,2052,2,BURGER,4/12/13,12.64,16,2013,No Holiday,0,0,60.8,1
5227,2052,2,BURGER,4/12/14,11.96,12,2014,No Holiday,1,0,59.0,1
5235,2052,2,BURGER,4/12/15,11.45,16,2015,No Holiday,1,0,59.0,1
5243,2052,2,BURGER,4/13/12,12.75,18,2012,No Holiday,0,0,66.2,1
5251,2052,2,BURGER,4/13/13,12.64,12,2013,No Holiday,1,0,64.4,1
5259,2052,2,BURGER,4/13/14,11.96,20,2014,No Holiday,1,0,57.2,1
5267,2052,2,BURGER,4/13/15,11.45,20,2015,No Holiday,0,0,62.6,1
5275,2052,2,BURGER,4/14/12,12.75,18,2012,No Holiday,1,0,69.8,1
5283,2052,2,BURGER,4/14/13,12.64,12,2013,No Holiday,1,0,69.8,1
5291,2052,2,BURGER,4/14/14,11.96,26,2014,No Holiday,0,0,50.0,1
5299,2052,2,BURGER,4/14/15,11.45,20,2015,No Holiday,0,0,66.2,1
5307,2052,2,BURGER,4/15/12,12.75,20,2012,No Holiday,1,0,60.8,1
5315,2052,2,BURGER,4/15/13,12.64,20,2013,No Holiday,0,0,64.4,1
5323,2052,2,BURGER,4/15/14,11.96,22,2014,No Holiday,0,0,55.4,1
5331,2052,2,BURGER,4/15/15,12.26,26,2015,No Holiday,0,0,64.4,1
5339,2052,2,BURGER,4/16/12,12.75,20,2012,No Holiday,0,0,66.2,1
5347,2052,2,BURGER,4/16/13,12.64,16,2013,No Holiday,0,0,60.8,1
5355,2052,2,BURGER,4/16/14,11.96,20,2014,No Holiday,0,0,53.6,1
5363,2052,2,BURGER,4/16/15,12.26,20,2015,No Holiday,0,0,60.8,1
5371,2052,2,BURGER,4/17/12,12.75,20,2012,No Holiday,0,0,57.2,1
5379,2052,2,BURGER,4/17/13,12.64,24,2013,No Holiday,0,0,69.8,1
5387,2052,2,BURGER,4/17/14,11.96,20,2014,No Holiday,0,0,55.4,1
5395,2052,2,BURGER,4/17/15,12.26,20,2015,No Holiday,0,0,57.2,1
5403,2052,2,BURGER,4/18/12,12.75,18,2012,No Holiday,0,0,57.2,1
5411,2052,2,BURGER,4/18/13,12.64,18,2013,No Holiday,0,0,66.2,1
5419,2052,2,BURGER,4/18/14,11.96,26,2014,No Holiday,0,0,50.0,1
5427,2052,2,BURGER,4/18/15,12.26,20,2015,No Holiday,1,0,60.8,1
5435,2052,2,BURGER,4/19/12,12.75,24,2012,No Holiday,0,0,62.6,1
5443,2052,2,BURGER,4/19/13,12.64,20,2013,No Holiday,0,0,62.6,1
5451,2052,2,BURGER,4/19/14,11.96,14,2014,No Holiday,1,0,41.0,1
5459,2052,2,BURGER,4/19/15,12.26,14,2015,No Holiday,1,0,53.6,1
5467,2052,2,BURGER,4/2/12,12.75,18,2012,No Holiday,0,0,44.6,1
5475,2052,2,BURGER,4/2/13,12.64,12,2013,Qing Ming Festival,0,0,46.4,1
5483,2052,2,BURGER,4/2/14,11.96,24,2014,No Holiday,0,0,53.6,1
5491,2052,2,BURGER,4/2/15,11.45,26,2015,No Holiday,0,0,60.8,1
5499,2052,2,BURGER,4/20/12,12.75,22,2012,No Holiday,0,0,66.2,1
5507,2052,2,BURGER,4/20/13,12.64,16,2013,No Holiday,1,0,62.6,1
5515,2052,2,BURGER,4/20/14,11.34,22,2014,No Holiday,1,0,50.0,1
5523,2052,2,BURGER,4/20/15,12.26,24,2015,No Holiday,0,0,60.8,1
5531,2052,2,BURGER,4/21/12,12.75,14,2012,No Holiday,1,0,53.6,1
5539,2052,2,BURGER,4/21/13,12.64,12,2013,No Holiday,1,0,57.2,1
5547,2052,2,BURGER,4/21/14,11.34,28,2014,No Holiday,0,0,53.6,1
5555,2052,2,BURGER,4/21/15,12.26,22,2015,No Holiday,0,0,62.6,1
5563,2052,2,BURGER,4/22/12,12.75,12,2012,No Holiday,1,0,57.2,1
5571,2052,2,BURGER,4/22/13,12.64,22,2013,No Holiday,0,0,32.0,1
5579,2052,2,BURGER,4/22/14,11.34,28,2014,No Holiday,0,0,57.2,1
5587,2052,2,BURGER,4/22/15,12.26,22,2015,No Holiday,0,0,68.0,1
5595,2052,2,BURGER,4/23/12,12.75,18,2012,No Holiday,0,0,55.4,1
5603,2052,2,BURGER,4/23/13,12.64,20,2013,No Holiday,0,0,66.2,1
5611,2052,2,BURGER,4/23/14,11.34,28,2014,No Holiday,0,0,53.6,1
5619,2052,2,BURGER,4/23/15,12.26,18,2015,No Holiday,0,0,69.8,1
5627,2052,2,BURGER,4/24/12,12.75,24,2012,No Holiday,0,0,60.8,1
5635,2052,2,BURGER,4/24/13,12.64,24,2013,No Holiday,0,0,59.0,1
5643,2052,2,BURGER,4/24/14,11.34,26,2014,No Holiday,0,0,60.8,1
5651,2052,2,BURGER,4/24/15,12.26,24,2015,No Holiday,0,0,66.2,1
5659,2052,2,BURGER,4/25/12,12.75,16,2012,No Holiday,0,0,55.4,1
5667,2052,2,BURGER,4/25/13,12.72,20,2013,No Holiday,0,0,55.4,1
5675,2052,2,BURGER,4/25/14,11.34,24,2014,No Holiday,0,0,59.0,1
5683,2052,2,BURGER,4/25/15,12.26,20,2015,No Holiday,1,0,64.4,1
5691,2052,2,BURGER,4/26/12,12.75,22,2012,No Holiday,0,0,53.6,1
5699,2052,2,BURGER,4/26/13,12.72,18,2013,No Holiday,0,0,64.4,1
5707,2052,2,BURGER,4/26/14,11.34,14,2014,No Holiday,1,0,60.8,1
5715,2052,2,BURGER,4/26/15,12.26,12,2015,No Holiday,1,0,60.8,1
5723,2052,2,BURGER,4/27/12,12.75,24,2012,No Holiday,0,0,60.8,1
5731,2052,2,BURGER,4/27/13,12.72,18,2013,No Holiday,1,0,62.6,1
5739,2052,2,BURGER,4/27/14,11.34,18,2014,No Holiday,1,0,60.8,1
5747,2052,2,BURGER,4/27/15,12.26,22,2015,No Holiday,0,0,64.4,1
5755,2052,2,BURGER,4/28/12,12.75,12,2012,No Holiday,1,0,64.4,1
5763,2052,2,BURGER,4/28/13,12.72,16,2013,No Holiday,1,0,60.8,1
5771,2052,2,BURGER,4/28/14,11.34,28,2014,No Holiday,0,0,59.0,1
5779,2052,2,BURGER,4/28/15,12.26,18,2015,No Holiday,0,0,64.4,1
5787,2052,2,BURGER,4/29/12,12.75,12,2012,No Holiday,1,0,62.6,1
5795,2052,2,BURGER,4/29/13,12.72,18,2013,Labor Day,0,0,60.8,1
5803,2052,2,BURGER,4/29/14,11.34,22,2014,Labor Day,0,0,68.0,1
5811,2052,2,BURGER,4/29/15,12.26,22,2015,No Holiday,0,0,68.0,1
5819,2052,2,BURGER,4/3/12,12.75,20,2012,Qing Ming Festival,0,0,48.2,1
5827,2052,2,BURGER,4/3/13,12.64,20,2013,Qing Ming Festival,0,0,51.8,1
5835,2052,2,BURGER,4/3/14,11.96,22,2014,No Holiday,0,0,50.0,1
5843,2052,2,BURGER,4/3/15,11.45,28,2015,No Holiday,0,0,55.4,1
5851,2052,2,BURGER,4/30/12,12.75,16,2012,Labor Day,0,0,62.6,1
5859,2052,2,BURGER,4/30/13,12.72,18,2013,Labor Day,0,0,68.0,1
5867,2052,2,BURGER,4/30/14,11.34,22,2014,Labor Day,0,0,64.4,1
5875,2052,2,BURGER,4/30/15,12.26,24,2015,No Holiday,0,0,71.6,1
5883,2052,2,BURGER,4/4/12,12.75,16,2012,Qing Ming Festival,0,0,53.6,1
5891,2052,2,BURGER,4/4/13,12.64,14,2013,Qing Ming Festival,0,0,55.4,1
5899,2052,2,BURGER,4/4/14,11.96,16,2014,Qing Ming Festival,0,0,48.2,1
5907,2052,2,BURGER,4/4/15,11.45,16,2015,No Holiday,1,0,60.8,1
5915,2052,2,BURGER,4/5/12,12.75,12,2012,Qing Ming Festival,0,0,57.2,1
