Model comparasions/processedDataSets/Combined_Data.csv
,SELL_ID,SELL_CATEGORY,ITEM_NAME,CALENDAR_DATE,PRICE,QUANTITY,YEAR,HOLIDAY,IS_WEEKEND,IS_SCHOOLBREAK,AVERAGE_TEMPERATURE,IS_OUTDOOR
5923,2052,2,BURGER,4/5/13,12.64,20,2013,No Holiday,0,0,50.0,1
5931,2052,2,BURGER,4/5/14,11.96,16,2014,Qing Ming Festival,1,0,44.6,1
5939,2052,2,BURGER,4/5/15,11.45,10,2015,Qing Ming Festival,1,0,55.4,1
5947,2052,2,BURGER,4/6/12,12.75,22,2012,No Holiday,0,0,55.4,1
5955,2052,2,BURGER,4/6/13,12.64,16,2013,No Holiday,1,0,55.4,1
5963,2052,2,BURGER,4/6/14,11.96,14,2014,Qing Ming Festival,1,0,46.4,1
5971,2052,2,BURGER,4/6/15,11.45,20,2015,Qing Ming Festival,0,0,62.6,1
5979,2052,2,BURGER,4/7/12,12.75,20,2012,No Holiday,1,0,53.6,1
5987,2052,2,BURGER,4/7/13,12.64,12,2013,No Holiday,1,0,62.6,1
5995,2052,2,BURGER,4/7/14,11.96,22,2014,No Holiday,0,0,50.0,1
6003,2052,2,BURGER,4/7/15,11.45,22,2015,Qing Ming Festival,0,0,64.4,1
6011,2052,2,BURGER,4/8/12,12.75,16,2012,No Holiday,1,0,55.4,1
6019,2052,2,BURGER,4/8/13,12.64,20,2013,No Holiday,0,0,59.0,1
6027,2052,2,BURGER,4/8/14,11.96,18,2014,No Holiday,0,0,46.4,1
6035,2052,2,BURGER,4/8/15,11.45,26,2015,No Holiday,0,0,64.4,1
6043,2052,2,BURGER,4/9/12,12.75,16,2012,No Holiday,0,0,60.8,1
6051,2052,2,BURGER,4/9/13,12.64,20,2013,No Holiday,0,0,66.2,1
6059,2052,2,BURGER,4/9/14,11.96,24,2014,No Holiday,0,0,46.4,1
6067,2052,2,BURGER,4/9/15,11.45,26,2015,No Holiday,0,0,66.2,1
6075,2052,2,BURGER,5/1/12,11.36,22,2012,Labor Day,0,0,66.2,1
6083,2052,2,BURGER,5/1/13,12.72,18,2013,Labor Day,0,0,64.4,1
6091,2052,2,BURGER,5/1/14,11.34,20,2014,Labor Day,0,0,64.4,1
6099,2052,2,BURGER,5/1/15,12.26,18,2015,Labor Day,0,0,68.0,1
6107,2052,2,BURGER,5/10/12,11.36,22,2012,No Holiday,0,0,66.2,1
6115,2052,2,BURGER,5/10/13,12.72,20,2013,No Holiday,0,0,75.2,1
6123,2052,2,BURGER,5/10/14,11.34,22,2014,No Holiday,1,0,71.6,1
6131,2052,2,BURGER,5/10/15,12.26,18,2015,No Holiday,1,0,59.0,1
6139,2052,2,BURGER,5/11/12,11.36,24,2012,No Holiday,0,0,68.0,1
6147,2052,2,BURGER,5/11/13,12.72,14,2013,No Holiday,1,0,66.2,1
6155,2052,2,BURGER,5/11/14,11.34,14,2014,No Holiday,1,0,75.2,1
6163,2052,2,BURGER,5/11/15,12.26,22,2015,No Holiday,0,0,51.8,1
6171,2052,2,BURGER,5/12/12,11.36,22,2012,No Holiday,1,0,64.4,1
6179,2052,2,BURGER,5/12/13,12.72,14,2013,No Holiday,1,0,64.4,1
6187,2052,2,BURGER,5/12/14,11.34,28,2014,No Holiday,0,0,73.4,1
6195,2052,2,BURGER,5/12/15,12.26,24,2015,No Holiday,0,0,71.6,1
6203,2052,2,BURGER,5/13/12,11.36,14,2012,No Holiday,1,0,69.8,1
6211,2052,2,BURGER,5/13/13,12.72,18,2013,No Holiday,0,0,68.0,1
6219,2052,2,BURGER,5/13/14,11.34,28,2014,No Holiday,0,0,73.4,1
6227,2052,2,BURGER,5/13/15,12.26,26,2015,No Holiday,0,0,73.4,1
6235,2052,2,BURGER,5/14/12,11.36,22,2012,No Holiday,0,0,71.6,1
6243,2052,2,BURGER,5/14/13,12.72,24,2013,No Holiday,0,0,66.2,1
6251,2052,2,BURGER,5/14/14,11.34,28,2014,No Holiday,0,0,71.6,1
6259,2052,2,BURGER,5/14/15,12.26,22,2015,No Holiday,0,0,62.6,1
6267,2052,2,BURGER,5/15/12,11.36,20,2012,No Holiday,0,0,66.2,1
6275,2052,2,BURGER,5/15/13,12.72,24,2013,No Holiday,0,0,68.0,1
6283,2052,2,BURGER,5/15/14,11.34,22,2014,No Holiday,0,0,71.6,1
6291,2052,2,BURGER,5/15/15,12.26,22,2015,No Holiday,0,0,71.6,1
6299,2052,2,BURGER,5/16/12,11.36,24,2012,No Holiday,0,0,69.8,1
6307,2052,2,BURGER,5/16/13,12.72,24,2013,No Holiday,0,0,69.8,1
6315,2052,2,BURGER,5/16/14,11.34,28,2014,No Holiday,0,0,68.0,1
6323,2052,2,BURGER,5/16/15,12.26,14,2015,No Holiday,1,0,69.8,1
6331,2052,2,BURGER,5/17/12,11.36,20,2012,No Holiday,0,0,71.6,1
6339,2052,2,BURGER,5/17/13,12.72,22,2013,No Holiday,0,0,73.4,1
6347,2052,2,BURGER,5/17/14,11.34,20,2014,No Holiday,1,0,69.8,1
6355,2052,2,BURGER,5/17/15,12.26,12,2015,No Holiday,1,0,71.6,1
6363,2052,2,BURGER,5/18/12,11.36,22,2012,No Holiday,0,0,75.2,1
6371,2052,2,BURGER,5/18/13,12.72,12,2013,No Holiday,1,0,77.0,1
4,2052,2,LEMONADE,1/1/12,12.75,18,2012,New Year,1,0,24.8,0
12,2052,2,LEMONADE,1/1/13,12.64,16,2013,New Year,0,0,30.2,1
20,2052,2,LEMONADE,1/1/14,11.96,20,2014,New Year,0,0,19.4,0
28,2052,2,LEMONADE,1/1/15,11.45,20,2015,New Year,0,0,37.4,1
36,2052,2,LEMONADE,1/10/12,12.75,28,2012,No Holiday,0,0,24.8,0
44,2052,2,LEMONADE,1/10/13,12.64,24,2013,No Holiday,0,0,28.4,0
52,2052,2,LEMONADE,1/10/14,11.96,30,2014,No Holiday,0,0,24.8,0
60,2052,2,LEMONADE,1/10/15,11.45,20,2015,No Holiday,1,0,28.4,0
68,2052,2,LEMONADE,1/11/12,12.75,26,2012,No Holiday,0,0,21.2,0
76,2052,2,LEMONADE,1/11/13,12.64,24,2013,No Holiday,0,0,24.8,0
84,2052,2,LEMONADE,1/11/14,11.96,24,2014,No Holiday,1,0,30.2,0
92,2052,2,LEMONADE,1/11/15,11.45,22,2015,No Holiday,1,0,32.0,1
100,2052,2,LEMONADE,1/12/12,12.75,26,2012,No Holiday,0,0,24.8,0
108,2052,2,LEMONADE,1/12/13,12.64,18,2013,No Holiday,1,0,28.4,0
116,2052,2,LEMONADE,1/12/14,11.96,24,2014,No Holiday,1,0,28.4,0
124,2052,2,LEMONADE,1/12/15,11.45,28,2015,No Holiday,0,0,26.6,0
132,2052,2,LEMONADE,1/13/12,12.75,26,2012,No Holiday,0,0,26.6,0
140,2052,2,LEMONADE,1/13/13,12.64,18,2013,No Holiday,1,0,30.2,0
148,2052,2,LEMONADE,1/13/14,11.96,24,2014,No Holiday,0,0,28.4,0
156,2052,2,LEMONADE,1/13/15,11.45,28,2015,No Holiday,0,0,28.4,0
164,2052,2,LEMONADE,1/14/12,12.75,20,2012,No Holiday,1,0,23.0,0
172,2052,2,LEMONADE,1/14/13,12.64,26,2013,No Holiday,0,1,30.2,0
180,2052,2,LEMONADE,1/14/14,11.96,26,2014,No Holiday,0,0,28.4,1
188,2052,2,LEMONADE,1/14/15,11.45,30,2015,No Holiday,0,0,30.2,0
196,2052,2,LEMONADE,1/15/12,12.75,18,2012,No Holiday,1,0,32.0,1
204,2052,2,LEMONADE,1/15/13,12.64,26,2013,No Holiday,0,1,30.2,0
212,2052,2,LEMONADE,1/15/14,11.96,26,2014,No Holiday,0,0,26.6,0
220,2052,2,LEMONADE,1/15/15,11.45,28,2015,No Holiday,0,0,32.0,1
228,2052,2,LEMONADE,1/16/12,12.75,28,2012,No Holiday,0,0,23.0,0
236,2052,2,LEMONADE,1/16/13,12.64,24,2013,No Holiday,0,1,30.2,1
244,2052,2,LEMONADE,1/16/14,11.96,26,2014,No Holiday,0,0,24.8,0
252,2052,2,LEMONADE,1/16/15,11.45,22,2015,No Holiday,0,0,32.0,1
260,2052,2,LEMONADE,1/17/12,12.75,22,2012,No Holiday,0,0,23.0,0
268,2052,2,LEMONADE,1/17/13,12.64,22,2013,No Holiday,0,1,30.2,1
276,2052,2,LEMONADE,1/17/14,11.96,24,2014,No Holiday,0,0,26.6,0
284,2052,2,LEMONADE,1/17/15,11.45,22,2015,No Holiday,1,0,30.2,0
292,2052,2,LEMONADE,1/18/12,12.75,24,2012,No Holiday,0,0,23.0,0
300,2052,2,LEMONADE,1/18/13,12.64,20,2013,No Holiday,0,1,32.0,1
308,2052,2,LEMONADE,1/18/14,11.96,18,2014,No Holiday,1,0,28.4,0
316,2052,2,LEMONADE,1/18/15,11.45,22,2015,No Holiday,1,0,33.8,1
324,2052,2,LEMONADE,1/19/12,12.75,24,2012,No Holiday,0,0,24.8,0
332,2052,2,LEMONADE,1/19/13,12.64,18,2013,No Holiday,1,1,28.4,1
340,2052,2,LEMONADE,1/19/14,11.96,16,2014,No Holiday,1,0,30.2,1
348,2052,2,LEMONADE,1/19/15,11.45,22,2015,No Holiday,0,1,33.8,1
356,2052,2,LEMONADE,1/2/12,12.75,16,2012,New Year,0,0,24.8,0
364,2052,2,LEMONADE,1/2/13,12.64,16,2013,New Year,0,0,28.4,0
372,2052,2,LEMONADE,1/2/14,11.96,22,2014,New Year,0,0,14.0,0
380,2052,2,LEMONADE,1/2/15,11.45,22,2015,No Holiday,0,0,37.4,1
388,2052,2,LEMONADE,1/20/12,12.75,22,2012,No Holiday,0,0,26.6,0
396,2052,2,LEMONADE,1/20/13,12.64,14,2013,No Holiday,1,1,23.0,0
404,2052,2,LEMONADE,1/20/14,11.96,22,2014,No Holiday,0,0,24.8,0
412,2052,2,LEMONADE,1/20/15,11.45,28,2015,No Holiday,0,1,30.2,1
420,2052,2,LEMONADE,1/21/12,12.75,22,2012,No Holiday,1,0,26.6,0
428,2052,2,LEMONADE,1/21/13,12.64,26,2013,No Holiday,0,1,19.4,0
436,2052,2,LEMONADE,1/21/14,11.96,28,2014,No Holiday,0,0,28.4,0
444,2052,2,LEMONADE,1/21/15,11.45,30,2015,No Holiday,0,1,32.0,0
452,2052,2,LEMONADE,1/22/12,12.75,16,2012,No Holiday,1,0,24.8,0
460,2052,2,LEMONADE,1/22/13,12.64,18,2013,Luner New Year,0,1,17.6,0
468,2052,2,LEMONADE,1/22/14,11.96,24,2014,No Holiday,0,0,28.4,0
476,2052,2,LEMONADE,1/22/15,11.45,24,2015,No Holiday,0,1,32.0,1
484,2052,2,LEMONADE,1/23/12,12.75,20,2012,No Holiday,0,0,23.0,0
492,2052,2,LEMONADE,1/23/13,12.64,18,2013,Luner New Year,0,1,21.2,0
500,2052,2,LEMONADE,1/23/14,11.96,24,2014,No Holiday,0,0,28.4,0
508,2052,2,LEMONADE,1/23/15,11.45,22,2015,No Holiday,0,1,32.0,1
516,2052,2,LEMONADE,1/24/12,12.75,26,2012,No Holiday,0,0,24.8,0
524,2052,2,LEMONADE,1/24/13,12.64,20,2013,Luner New Year,0,1,23.0,0
532,2052,2,LEMONADE,1/24/14,11.96,30,2014,No Holiday,0,0,26.6,0
540,2052,2,LEMONADE,1/24/15,11.45,20,2015,No Holiday,1,1,35.6,1
548,2052,2,LEMONADE,1/25/12,12.75,26,2012,No Holiday,0,0,23.0,0
556,2052,2,LEMONADE,1/25/13,12.64,20,2013,Luner New Year,0,1,23.0,0
564,2052,2,LEMONADE,1/25/14,11.96,20,2014,No Holiday,1,1,24.8,0
572,2052,2,LEMONADE,1/25/15,11.45,18,2015,No Holiday,1,1,33.8,1
580,2052,2,LEMONADE,1/26/12,12.75,26,2012,No Holiday,0,0,24.8,0
588,2052,2,LEMONADE,1/26/13,12.64,16,2013,Luner New Year,1,1,26.6,0
596,2052,2,LEMONADE,1/26/14,11.96,22,2014,No Holiday,1,1,26.6,0
604,2052,2,LEMONADE,1/26/15,11.45,20,2015,No Holiday,0,1,32.0,1
612,2052,2,LEMONADE,1/27/12,12.75,18,2012,No Holiday,0,0,32.0,1
620,2052,2,LEMONADE,1/27/13,12.64,14,2013,Luner New Year,1,1,26.6,0
628,2052,2,LEMONADE,1/27/14,11.96,24,2014,No Holiday,0,1,28.4,0
636,2052,2,LEMONADE,1/27/15,11.45,22,2015,No Holiday,0,1,35.6,1
644,2052,2,LEMONADE,1/28/12,12.75,14,2012,No Holiday,1,0,32.0,1
652,2052,2,LEMONADE,1/28/13,12.64,14,2013,Luner New Year,0,1,23.0,0
660,2052,2,LEMONADE,1/28/14,11.96,24,2014,No Holiday,0,1,32.0,1
668,2052,2,LEMONADE,1/28/15,11.45,20,2015,No Holiday,0,1,32.0,1
676,2052,2,LEMONADE,1/29/12,12.75,14,2012,No Holiday,1,0,23.0,0
684,2052,2,LEMONADE,1/29/13,12.64,28,2013,No Holiday,0,1,23.0,0
692,2052,2,LEMONADE,1/29/14,11.96,22,2014,No Holiday,0,1,32.0,1
700,2052,2,LEMONADE,1/29/15,11.45,20,2015,No Holiday,0,1,33.8,1
708,2052,2,LEMONADE,1/3/12,12.75,12,2012,New Year,0,0,32.0,1
716,2052,2,LEMONADE,1/3/13,12.64,14,2013,New Year,0,0,26.6,0
724,2052,2,LEMONADE,1/3/14,11.96,20,2014,New Year,0,0,17.6,0
732,2052,2,LEMONADE,1/3/15,11.45,16,2015,No Holiday,1,0,35.6,1
740,2052,2,LEMONADE,1/30/12,12.75,22,2012,No Holiday,0,0,28.4,0
748,2052,2,LEMONADE,1/30/13,12.64,28,2013,No Holiday,0,1,23.0,0
756,2052,2,LEMONADE,1/30/14,11.96,18,2014,No Holiday,0,1,30.2,1
764,2052,2,LEMONADE,1/30/15,11.45,26,2015,No Holiday,0,1,33.8,1
772,2052,2,LEMONADE,1/31/12,12.75,16,2012,No Holiday,0,0,32.0,1
780,2052,2,LEMONADE,1/31/13,12.64,24,2013,No Holiday,0,1,23.0,0
788,2052,2,LEMONADE,1/31/14,11.96,18,2014,No Holiday,0,1,30.2,1
796,2052,2,LEMONADE,1/31/15,11.45,16,2015,Luner New Year,1,1,33.8,1
804,2052,2,LEMONADE,1/4/12,12.75,24,2012,No Holiday,0,0,32.0,1
812,2052,2,LEMONADE,1/4/13,12.64,28,2013,No Holiday,0,0,24.8,0
820,2052,2,LEMONADE,1/4/14,11.96,20,2014,No Holiday,1,0,21.2,0
828,2052,2,LEMONADE,1/4/15,11.45,14,2015,No Holiday,1,0,32.0,1
836,2052,2,LEMONADE,1/5/12,12.75,24,2012,No Holiday,0,0,24.8,0
844,2052,2,LEMONADE,1/5/13,12.64,16,2013,No Holiday,1,0,26.6,0
852,2052,2,LEMONADE,1/5/14,11.96,20,2014,No Holiday,1,0,19.4,0
860,2052,2,LEMONADE,1/5/15,11.45,22,2015,No Holiday,0,0,33.8,1
868,2052,2,LEMONADE,1/6/12,12.75,20,2012,No Holiday,0,0,23.0,0
876,2052,2,LEMONADE,1/6/13,12.64,16,2013,No Holiday,1,0,26.6,0
884,2052,2,LEMONADE,1/6/14,11.96,30,2014,No Holiday,0,0,21.2,0
892,2052,2,LEMONADE,1/6/15,11.45,22,2015,No Holiday,0,0,32.0,1
900,2052,2,LEMONADE,1/7/12,12.75,18,2012,No Holiday,1,0,26.6,0
908,2052,2,LEMONADE,1/7/13,12.64,24,2013,No Holiday,0,0,26.6,0
916,2052,2,LEMONADE,1/7/14,11.96,24,2014,No Holiday,0,0,24.8,0
924,2052,2,LEMONADE,1/7/15,11.45,20,2015,No Holiday,0,0,32.0,1
932,2052,2,LEMONADE,1/8/12,12.75,18,2012,No Holiday,1,0,26.6,0
940,2052,2,LEMONADE,1/8/13,12.64,20,2013,No Holiday,0,0,26.6,0
948,2052,2,LEMONADE,1/8/14,11.96,26,2014,No Holiday,0,0,21.2,0
956,2052,2,LEMONADE,1/8/15,11.45,30,2015,No Holiday,0,0,24.8,0
964,2052,2,LEMONADE,1/9/12,12.75,24,2012,No Holiday,0,0,23.0,0
972,2052,2,LEMONADE,1/9/13,12.64,26,2013,No Holiday,0,0,28.4,0
980,2052,2,LEMONADE,1/9/14,11.96,22,2014,No Holiday,0,0,23.0,0
988,2052,2,LEMONADE,1/9/15,11.45,26,2015,No Holiday,0,0,24.8,0
996,2052,2,LEMONADE,10/1/12,12.49,20,2012,National Day,0,0,59.0,1
1004,2052,2,LEMONADE,10/1/13,10.12,20,2013,National Day,0,0,66.2,1
1012,2052,2,LEMONADE,10/1/14,12.85,18,2014,National Day,0,0,59.0,1
1020,2052,2,LEMONADE,10/10/12,12.49,24,2012,No Holiday,0,0,62.6,1
1028,2052,2,LEMONADE,10/10/13,10.12,22,2013,No Holiday,0,0,59.0,1
1036,2052,2,LEMONADE,10/10/14,12.85,24,2014,No Holiday,0,0,60.8,1
1044,2052,2,LEMONADE,10/11/12,12.49,20,2012,No Holiday,0,0,62.6,1
1052,2052,2,LEMONADE,10/11/13,10.12,22,2013,No Holiday,0,0,60.8,1
1060,2052,2,LEMONADE,10/11/14,12.85,18,2014,No Holiday,1,0,62.6,1
1068,2052,2,LEMONADE,10/12/12,12.49,18,2012,No Holiday,0,0,62.6,1
1076,2052,2,LEMONADE,10/12/13,10.12,24,2013,No Holiday,1,0,64.4,1
1084,2052,2,LEMONADE,10/12/14,12.85,20,2014,No Holiday,1,0,64.4,1
1092,2052,2,LEMONADE,10/13/12,12.49,18,2012,No Holiday,1,0,59.0,1
1100,2052,2,LEMONADE,10/13/13,10.12,24,2013,No Holiday,1,0,55.4,1
1108,2052,2,LEMONADE,10/13/14,12.85,18,2014,No Holiday,0,0,59.0,1
1116,2052,2,LEMONADE,10/14/12,12.49,20,2012,No Holiday,1,0,57.2,1
1124,2052,2,LEMONADE,10/14/13,10.12,26,2013,No Holiday,0,0,55.4,1
1132,2052,2,LEMONADE,10/14/14,12.85,16,2014,No Holiday,0,0,48.2,1
1140,2052,2,LEMONADE,10/15/12,12.49,20,2012,No Holiday,0,0,59.0,1
1148,2052,2,LEMONADE,10/15/13,10.12,22,2013,No Holiday,0,0,55.4,1
1156,2052,2,LEMONADE,10/15/14,12.85,20,2014,No Holiday,0,0,48.2,1
1164,2052,2,LEMONADE,10/16/12,12.49,16,2012,No Holiday,0,0,57.2,1
1172,2052,2,LEMONADE,10/16/13,10.12,22,2013,No Holiday,0,0,51.8,1
1180,2052,2,LEMONADE,10/16/14,12.85,16,2014,No Holiday,0,0,53.6,1
1188,2052,2,LEMONADE,10/17/12,12.49,24,2012,No Holiday,0,0,57.2,1
1196,2052,2,LEMONADE,10/17/13,10.12,28,2013,No Holiday,0,0,51.8,1
1204,2052,2,LEMONADE,10/17/14,12.85,18,2014,No Holiday,0,0,55.4,1
1212,2052,2,LEMONADE,10/18/12,12.49,18,2012,No Holiday,0,0,59.0,1
1220,2052,2,LEMONADE,10/18/13,10.12,30,2013,No Holiday,0,0,55.4,1
1228,2052,2,LEMONADE,10/18/14,12.85,18,2014,No Holiday,1,0,55.4,1
1236,2052,2,LEMONADE,10/19/12,12.49,16,2012,No Holiday,0,0,59.0,1
1244,2052,2,LEMONADE,10/19/13,10.12,20,2013,No Holiday,1,0,57.2,1
1252,2052,2,LEMONADE,10/19/14,12.85,14,2014,No Holiday,1,0,51.8,1
1260,2052,2,LEMONADE,10/2/12,12.49,12,2012,National Day,0,0,57.2,1
1268,2052,2,LEMONADE,10/2/13,10.12,16,2013,National Day,0,0,68.0,1
1276,2052,2,LEMONADE,10/2/14,12.85,14,2014,National Day,0,0,62.6,1
1284,2052,2,LEMONADE,10/20/12,12.49,12,2012,No Holiday,1,0,60.8,1
1292,2052,2,LEMONADE,10/20/13,10.12,22,2013,No Holiday,1,0,59.0,1
1300,2052,2,LEMONADE,10/20/14,12.85,16,2014,No Holiday,0,0,55.4,1
1308,2052,2,LEMONADE,10/21/12,12.49,16,2012,No Holiday,1,0,57.2,1
1316,2052,2,LEMONADE,10/21/13,10.12,26,2013,No Holiday,0,0,51.8,1
1324,2052,2,LEMONADE,10/21/14,12.85,20,2014,No Holiday,0,0,53.6,1
1332,2052,2,LEMONADE,10/22/12,12.49,18,2012,No Holiday,0,0,60.8,1
1340,2052,2,LEMONADE,10/22/13,10.12,28,2013,No Holiday,0,0,50.0,1
1348,2052,2,LEMONADE,10/22/14,12.85,20,2014,No Holiday,0,0,50.0,1
1356,2052,2,LEMONADE,10/23/12,12.49,22,2012,No Holiday,0,0,50.0,1
1364,2052,2,LEMONADE,10/23/13,10.12,28,2013,No Holiday,0,0,55.4,1
1372,2052,2,LEMONADE,10/23/14,12.85,16,2014,No Holiday,0,0,48.2,1
1380,2052,2,LEMONADE,10/24/12,12.49,20,2012,No Holiday,0,0,46.4,1
1388,2052,2,LEMONADE,10/24/13,10.12,28,2013,No Holiday,0,0,57.2,1
1396,2052,2,LEMONADE,10/24/14,12.85,20,2014,No Holiday,0,0,50.0,1
1404,2052,2,LEMONADE,10/25/12,12.49,16,2012,No Holiday,0,0,50.0,1
1412,2052,2,LEMONADE,10/25/13,10.12,24,2013,No Holiday,0,0,59.0,1
1420,2052,2,LEMONADE,10/25/14,12.85,18,2014,No Holiday,1,0,51.8,1
1428,2052,2,LEMONADE,10/26/12,12.49,20,2012,No Holiday,0,0,48.2,1
1436,2052,2,LEMONADE,10/26/13,10.12,16,2013,No Holiday,1,0,57.2,1
1444,2052,2,LEMONADE,10/26/14,12.85,20,2014,No Holiday,1,0,53.6,1
1452,2052,2,LEMONADE,10/27/12,12.49,14,2012,No Holiday,1,0,50.0,1
1460,2052,2,LEMONADE,10/27/13,10.12,16,2013,No Holiday,1,0,57.2,1
1468,2052,2,LEMONADE,10/27/14,12.85,18,2014,No Holiday,0,0,53.6,1
1476,2052,2,LEMONADE,10/28/12,12.49,16,2012,No Holiday,1,0,51.8,1
1484,2052,2,LEMONADE,10/28/13,10.12,30,2013,No Holiday,0,0,53.6,1
1492,2052,2,LEMONADE,10/28/14,12.85,22,2014,No Holiday,0,0,51.8,1
1500,2052,2,LEMONADE,10/29/12,12.49,18,2012,No Holiday,0,0,53.6,1
1508,2052,2,LEMONADE,10/29/13,10.12,24,2013,No Holiday,0,0,46.4,1
1516,2052,2,LEMONADE,10/29/14,12.85,22,2014,No Holiday,0,0,48.2,1
1524,2052,2,LEMONADE,10/3/12,12.49,16,2012,National Day,0,0,57.2,1
1532,2052,2,LEMONADE,10/3/13,10.12,24,2013,National Day,0,0,66.2,1
1540,2052,2,LEMONADE,10/3/14,12.85,18,2014,National Day,0,0,60.8,1
1548,2052,2,LEMONADE,10/30/12,12.49,20,2012,No Holiday,0,0,53.6,1
1556,2052,2,LEMONADE,10/30/13,10.12,24,2013,No Holiday,0,0,44.6,1
1564,2052,2,LEMONADE,10/30/14,12.85,16,2014,No Holiday,0,0,50.0,1
1572,2052,2,LEMONADE,10/31/12,12.49,22,2012,No Holiday,0,0,53.6,1
1580,2052,2,LEMONADE,10/31/13,10.12,30,2013,No Holiday,0,0,44.6,1
1588,2052,2,LEMONADE,10/31/14,12.85,16,2014,No Holiday,0,0,48.2,1
1596,2052,2,LEMONADE,10/4/12,12.49,12,2012,National Day,0,0,60.8,1
1604,2052,2,LEMONADE,10/4/13,10.12,16,2013,National Day,0,0,66.2,1
1612,2052,2,LEMONADE,10/4/14,12.85,12,2014,National Day,1,0,64.4,1
1620,2052,2,LEMONADE,10/5/12,12.49,16,2012,National Day,0,0,62.6,1
1628,2052,2,LEMONADE,10/5/13,10.12,18,2013,National Day,1,0,62.6,1
1636,2052,2,LEMONADE,10/5/14,12.85,14,2014,National Day,1,0,64.4,1
1644,2052,2,LEMONADE,10/6/12,12.49,10,2012,National Day,1,0,62.6,1
1652,2052,2,LEMONADE,10/6/13,10.12,18,2013,National Day,1,0,64.4,1
1660,2052,2,LEMONADE,10/6/14,12.85,14,2014,National Day,0,0,62.6,1
1668,2052,2,LEMONADE,10/7/12,12.49,10,2012,National Day,1,0,64.4,1
1676,2052,2,LEMONADE,10/7/13,10.12,22,2013,National Day,0,0,64.4,1
1684,2052,2,LEMONADE,10/7/14,12.85,18,2014,National Day,0,0,64.4,0
1692,2052,2,LEMONADE,10/8/12,12.49,20,2012,No Holiday,0,0,66.2,1
1700,2052,2,LEMONADE,10/8/13,10.12,22,2013,No Holiday,0,0,66.2,1
1708,2052,2,LEMONADE,10/8/14,12.85,26,2014,No Holiday,0,0,62.6,0
1716,2052,2,LEMONADE,10/9/12,12.49,18,2012,No Holiday,0,0,66.2,1
1724,2052,2,LEMONADE,10/9/13,10.12,26,2013,No Holiday,0,0,60.8,1
1732,2052,2,LEMONADE,10/9/14,12.85,22,2014,No Holiday,0,0,66.2,1
1740,2052,2,LEMONADE,11/1/12,12.49,18,2012,No Holiday,0,0,51.8,1
1748,2052,2,LEMONADE,11/1/13,10.12,28,2013,No Holiday,0,0,48.2,1
