Model comparasions/processedDataSets/Combined_Data.csv
,SELL_ID,SELL_CATEGORY,ITEM_NAME,CALENDAR_DATE,PRICE,QUANTITY,YEAR,HOLIDAY,IS_WEEKEND,IS_SCHOOLBREAK,AVERAGE_TEMPERATURE,IS_OUTDOOR
1756,2052,2,LEMONADE,11/1/14,12.85,18,2014,No Holiday,1,0,46.4,1
1764,2052,2,LEMONADE,11/10/12,12.49,18,2012,No Holiday,1,0,48.2,1
1772,2052,2,LEMONADE,11/10/13,10.12,22,2013,No Holiday,1,0,35.6,1
1780,2052,2,LEMONADE,11/10/14,12.85,18,2014,No Holiday,0,0,42.8,1
1788,2052,2,LEMONADE,11/11/12,12.49,18,2012,No Holiday,1,0,50.0,1
1796,2052,2,LEMONADE,11/11/13,10.12,30,2013,No Holiday,0,0,35.6,1
1804,2052,2,LEMONADE,11/11/14,12.85,20,2014,No Holiday,0,0,44.6,1
1812,2052,2,LEMONADE,11/12/12,12.49,20,2012,No Holiday,0,0,46.4,1
1820,2052,2,LEMONADE,11/12/13,10.12,24,2013,No Holiday,0,0,37.4,1
1828,2052,2,LEMONADE,11/12/14,12.85,24,2014,No Holiday,0,0,44.6,1
1836,2052,2,LEMONADE,11/13/12,12.49,18,2012,No Holiday,0,0,42.8,1
1844,2052,2,LEMONADE,11/13/13,10.12,26,2013,No Holiday,0,0,35.6,1
1852,2052,2,LEMONADE,11/13/14,12.85,20,2014,No Holiday,0,0,46.4,1
1860,2052,2,LEMONADE,11/14/12,12.49,18,2012,No Holiday,0,0,44.6,1
1868,2052,2,LEMONADE,11/14/13,10.12,28,2013,No Holiday,0,0,37.4,1
1876,2052,2,LEMONADE,11/14/14,12.85,18,2014,No Holiday,0,0,44.6,1
1884,2052,2,LEMONADE,11/15/12,12.49,16,2012,No Holiday,0,0,44.6,1
1892,2052,2,LEMONADE,11/15/13,10.12,26,2013,No Holiday,0,0,39.2,1
1900,2052,2,LEMONADE,11/15/14,12.85,16,2014,No Holiday,1,0,48.2,1
1908,2052,2,LEMONADE,11/16/12,12.49,18,2012,No Holiday,0,0,46.4,1
1916,2052,2,LEMONADE,11/16/13,10.12,16,2013,No Holiday,1,0,39.2,1
1924,2052,2,LEMONADE,11/16/14,12.85,12,2014,No Holiday,1,0,42.8,1
1932,2052,2,LEMONADE,11/17/12,12.49,20,2012,No Holiday,1,0,41.0,1
1940,2052,2,LEMONADE,11/17/13,10.12,20,2013,No Holiday,1,0,39.2,1
1948,2052,2,LEMONADE,11/17/14,12.85,16,2014,No Holiday,0,0,39.2,1
1956,2052,2,LEMONADE,11/18/12,12.49,20,2012,No Holiday,1,0,44.6,1
1964,2052,2,LEMONADE,11/18/13,10.12,28,2013,No Holiday,0,0,42.8,1
1972,2052,2,LEMONADE,11/18/14,12.85,22,2014,No Holiday,0,0,39.2,1
1980,2052,2,LEMONADE,11/19/12,12.49,20,2012,No Holiday,0,0,37.4,1
1988,2052,2,LEMONADE,11/19/13,10.12,28,2013,No Holiday,0,0,39.2,1
1996,2052,2,LEMONADE,11/19/14,12.85,24,2014,No Holiday,0,0,39.2,1
2004,2052,2,LEMONADE,11/2/12,12.49,20,2012,No Holiday,0,0,53.6,1
2012,2052,2,LEMONADE,11/2/13,10.12,18,2013,No Holiday,1,0,50.0,1
2020,2052,2,LEMONADE,11/2/14,12.85,18,2014,No Holiday,1,0,51.8,1
2028,2052,2,LEMONADE,11/20/12,12.49,22,2012,No Holiday,0,0,37.4,1
2036,2052,2,LEMONADE,11/20/13,10.12,30,2013,No Holiday,0,0,39.2,1
2044,2052,2,LEMONADE,11/20/14,12.85,22,2014,No Holiday,0,0,39.2,1
2052,2052,2,LEMONADE,11/21/12,12.49,22,2012,No Holiday,0,0,41.0,1
2060,2052,2,LEMONADE,11/21/13,10.12,28,2013,No Holiday,0,0,41.0,1
2068,2052,2,LEMONADE,11/21/14,12.85,22,2014,No Holiday,0,0,39.2,1
2076,2052,2,LEMONADE,11/22/12,12.49,22,2012,No Holiday,0,0,39.2,1
2084,2052,2,LEMONADE,11/22/13,10.12,30,2013,No Holiday,0,0,35.6,1
2092,2052,2,LEMONADE,11/22/14,12.85,16,2014,No Holiday,1,0,41.0,1
2100,2052,2,LEMONADE,11/23/12,12.49,16,2012,No Holiday,0,0,33.8,1
2108,2052,2,LEMONADE,11/23/13,10.12,24,2013,No Holiday,1,0,32.0,1
2116,2052,2,LEMONADE,11/23/14,12.85,14,2014,No Holiday,1,0,44.6,1
2124,2052,2,LEMONADE,11/24/12,12.49,12,2012,No Holiday,1,0,35.6,1
2132,2052,2,LEMONADE,11/24/13,10.12,16,2013,No Holiday,1,0,35.6,1
2140,2052,2,LEMONADE,11/24/14,12.85,24,2014,No Holiday,0,0,39.2,1
2148,2052,2,LEMONADE,11/25/12,12.49,20,2012,No Holiday,1,0,37.4,1
2156,2052,2,LEMONADE,11/25/13,10.12,28,2013,No Holiday,0,0,37.4,1
2164,2052,2,LEMONADE,11/25/14,12.85,20,2014,No Holiday,0,0,35.6,1
2172,2052,2,LEMONADE,11/26/12,12.49,18,2012,No Holiday,0,0,39.2,1
2180,2052,2,LEMONADE,11/26/13,10.12,28,2013,No Holiday,0,0,33.8,1
2188,2052,2,LEMONADE,11/26/14,12.85,16,2014,No Holiday,0,0,33.8,1
2196,2052,2,LEMONADE,11/27/12,12.49,18,2012,No Holiday,0,0,37.4,1
2204,2052,2,LEMONADE,11/27/13,10.12,26,2013,No Holiday,0,0,35.6,1
2212,2052,2,LEMONADE,11/27/14,12.85,20,2014,No Holiday,0,0,28.4,1
2220,2052,2,LEMONADE,11/28/12,12.49,20,2012,No Holiday,0,0,35.6,1
2228,2052,2,LEMONADE,11/28/13,10.12,32,2013,No Holiday,0,0,32.0,0
2236,2052,2,LEMONADE,11/28/14,12.85,24,2014,No Holiday,0,0,33.8,1
2244,2052,2,LEMONADE,11/29/12,12.49,20,2012,No Holiday,0,0,32.0,1
2252,2052,2,LEMONADE,11/29/13,10.12,22,2013,No Holiday,0,0,32.0,1
2260,2052,2,LEMONADE,11/29/14,12.85,16,2014,No Holiday,1,0,41.0,1
2268,2052,2,LEMONADE,11/3/12,12.49,18,2012,No Holiday,1,0,51.8,1
2276,2052,2,LEMONADE,11/3/13,10.12,18,2013,No Holiday,1,0,41.0,1
2284,2052,2,LEMONADE,11/3/14,12.85,16,2014,No Holiday,0,0,50.0,1
2292,2052,2,LEMONADE,11/30/12,12.49,18,2012,No Holiday,0,0,32.0,1
2300,2052,2,LEMONADE,11/30/13,10.12,26,2013,No Holiday,1,0,28.4,0
2308,2052,2,LEMONADE,11/30/14,12.85,16,2014,No Holiday,1,0,37.4,1
2316,2052,2,LEMONADE,11/4/12,12.49,12,2012,No Holiday,1,0,51.8,1
2324,2052,2,LEMONADE,11/4/13,10.12,24,2013,No Holiday,0,0,35.6,1
2332,2052,2,LEMONADE,11/4/14,12.85,20,2014,No Holiday,0,0,51.8,1
2340,2052,2,LEMONADE,11/5/12,12.49,20,2012,No Holiday,0,0,53.6,1
2348,2052,2,LEMONADE,11/5/13,10.12,28,2013,No Holiday,0,0,39.2,1
2356,2052,2,LEMONADE,11/5/14,12.85,22,2014,No Holiday,0,0,50.0,1
2364,2052,2,LEMONADE,11/6/12,12.49,16,2012,No Holiday,0,0,51.8,1
2372,2052,2,LEMONADE,11/6/13,10.12,28,2013,No Holiday,0,0,41.0,1
2380,2052,2,LEMONADE,11/6/14,12.85,22,2014,No Holiday,0,0,50.0,1
2388,2052,2,LEMONADE,11/7/12,12.49,24,2012,No Holiday,0,0,50.0,1
2396,2052,2,LEMONADE,11/7/13,10.12,22,2013,No Holiday,0,0,41.0,1
2404,2052,2,LEMONADE,11/7/14,12.85,24,2014,No Holiday,0,0,48.2,1
2412,2052,2,LEMONADE,11/8/12,12.49,24,2012,No Holiday,0,0,46.4,1
2420,2052,2,LEMONADE,11/8/13,10.12,26,2013,No Holiday,0,0,42.8,1
2428,2052,2,LEMONADE,11/8/14,12.85,18,2014,No Holiday,1,0,48.2,1
2436,2052,2,LEMONADE,11/9/12,12.49,22,2012,No Holiday,0,0,46.4,1
2444,2052,2,LEMONADE,11/9/13,10.12,22,2013,No Holiday,1,0,42.8,1
2452,2052,2,LEMONADE,11/9/14,12.85,12,2014,No Holiday,1,0,46.4,1
2460,2052,2,LEMONADE,12/1/12,12.49,20,2012,No Holiday,1,0,33.8,1
2468,2052,2,LEMONADE,12/1/13,10.12,20,2013,No Holiday,1,0,28.4,0
2476,2052,2,LEMONADE,12/1/14,12.85,24,2014,No Holiday,0,0,39.2,1
2484,2052,2,LEMONADE,12/10/12,12.49,20,2012,No Holiday,0,0,32.0,1
2492,2052,2,LEMONADE,12/10/13,10.12,34,2013,No Holiday,0,0,24.8,0
2500,2052,2,LEMONADE,12/10/14,12.85,24,2014,No Holiday,0,0,33.8,1
2508,2052,2,LEMONADE,12/11/12,12.49,20,2012,No Holiday,0,0,33.8,1
2516,2052,2,LEMONADE,12/11/13,10.12,28,2013,No Holiday,0,0,26.6,0
2524,2052,2,LEMONADE,12/11/14,12.85,16,2014,No Holiday,0,0,33.8,1
2532,2052,2,LEMONADE,12/12/12,12.49,16,2012,No Holiday,0,0,35.6,1
2540,2052,2,LEMONADE,12/12/13,10.12,28,2013,No Holiday,0,0,30.2,1
2548,2052,2,LEMONADE,12/12/14,12.85,24,2014,No Holiday,0,0,30.2,0
2556,2052,2,LEMONADE,12/13/12,12.49,20,2012,No Holiday,0,0,32.0,1
2564,2052,2,LEMONADE,12/13/13,10.12,30,2013,No Holiday,0,0,30.2,1
2572,2052,2,LEMONADE,12/13/14,12.85,12,2014,No Holiday,1,0,32.0,1
2580,2052,2,LEMONADE,12/14/12,12.49,22,2012,No Holiday,0,0,28.4,0
2588,2052,2,LEMONADE,12/14/13,10.12,20,2013,No Holiday,1,0,30.2,1
2596,2052,2,LEMONADE,12/14/14,12.85,16,2014,No Holiday,1,0,32.0,0
2604,2052,2,LEMONADE,12/15/12,12.49,22,2012,No Holiday,1,0,24.8,0
2612,2052,2,LEMONADE,12/15/13,10.12,20,2013,No Holiday,1,0,32.0,1
2620,2052,2,LEMONADE,12/15/14,12.85,20,2014,No Holiday,0,0,32.0,1
2628,2052,2,LEMONADE,12/16/12,12.49,14,2012,No Holiday,1,0,26.6,0
2636,2052,2,LEMONADE,12/16/13,10.12,24,2013,No Holiday,0,0,32.0,1
2644,2052,2,LEMONADE,12/16/14,11.45,26,2014,No Holiday,0,0,30.2,1
2652,2052,2,LEMONADE,12/17/12,12.49,28,2012,No Holiday,0,0,26.6,0
2660,2052,2,LEMONADE,12/17/13,10.12,34,2013,No Holiday,0,0,23.0,0
2668,2052,2,LEMONADE,12/17/14,11.45,30,2014,No Holiday,0,0,28.4,0
2676,2052,2,LEMONADE,12/18/12,12.49,28,2012,No Holiday,0,0,28.4,0
2684,2052,2,LEMONADE,12/18/13,10.12,28,2013,No Holiday,0,0,26.6,0
2692,2052,2,LEMONADE,12/18/14,11.45,28,2014,No Holiday,0,0,28.4,0
2700,2052,2,LEMONADE,12/19/12,12.49,20,2012,No Holiday,0,0,30.2,1
2708,2052,2,LEMONADE,12/19/13,10.12,28,2013,No Holiday,0,0,26.6,0
2716,2052,2,LEMONADE,12/19/14,11.45,26,2014,No Holiday,0,0,26.6,0
2724,2052,2,LEMONADE,12/2/12,12.49,14,2012,No Holiday,1,0,32.0,1
2732,2052,2,LEMONADE,12/2/13,10.12,28,2013,No Holiday,0,0,30.2,1
2740,2052,2,LEMONADE,12/2/14,12.85,18,2014,No Holiday,0,0,41.0,1
2748,2052,2,LEMONADE,12/20/12,12.49,18,2012,No Holiday,0,0,30.2,1
2756,2052,2,LEMONADE,12/20/13,10.12,22,2013,No Holiday,0,0,26.6,1
2764,2052,2,LEMONADE,12/20/14,11.45,20,2014,No Holiday,1,0,28.4,0
2772,2052,2,LEMONADE,12/21/12,12.49,20,2012,No Holiday,0,0,28.4,0
2780,2052,2,LEMONADE,12/21/13,11.96,22,2013,No Holiday,1,0,24.8,0
2788,2052,2,LEMONADE,12/21/14,11.45,20,2014,No Holiday,1,0,28.4,0
2796,2052,2,LEMONADE,12/22/12,12.49,18,2012,No Holiday,1,0,28.4,0
2804,2052,2,LEMONADE,12/22/13,11.96,12,2013,No Holiday,1,0,32.0,1
2812,2052,2,LEMONADE,12/22/14,11.45,26,2014,No Holiday,0,0,30.2,0
2820,2052,2,LEMONADE,12/23/12,12.49,20,2012,No Holiday,1,0,30.2,1
2828,2052,2,LEMONADE,12/23/13,11.96,30,2013,No Holiday,0,0,14.0,0
2836,2052,2,LEMONADE,12/23/14,11.45,24,2014,No Holiday,0,0,30.2,0
2844,2052,2,LEMONADE,12/24/12,12.49,28,2012,No Holiday,0,0,30.2,0
2852,2052,2,LEMONADE,12/24/13,11.96,30,2013,No Holiday,0,0,21.2,0
2860,2052,2,LEMONADE,12/24/14,11.45,30,2014,No Holiday,0,0,30.2,0
2868,2052,2,LEMONADE,12/25/12,12.49,22,2012,No Holiday,0,0,30.2,0
2876,2052,2,LEMONADE,12/25/13,11.96,22,2013,No Holiday,0,0,21.2,0
2884,2052,2,LEMONADE,12/25/14,11.45,26,2014,No Holiday,0,0,32.0,1
2892,2052,2,LEMONADE,12/26/12,12.49,16,2012,No Holiday,0,0,30.2,1
2900,2052,2,LEMONADE,12/26/13,11.96,26,2013,No Holiday,0,0,21.2,0
2908,2052,2,LEMONADE,12/26/14,11.45,28,2014,No Holiday,0,0,26.6,0
2916,2052,2,LEMONADE,12/27/12,12.64,18,2012,No Holiday,0,0,30.2,1
2924,2052,2,LEMONADE,12/27/13,11.96,26,2013,No Holiday,0,0,21.2,0
2932,2052,2,LEMONADE,12/27/14,11.45,20,2014,No Holiday,1,0,28.4,0
2940,2052,2,LEMONADE,12/28/12,12.64,24,2012,No Holiday,0,0,30.2,0
2948,2052,2,LEMONADE,12/28/13,11.96,22,2013,No Holiday,1,0,21.2,0
2956,2052,2,LEMONADE,12/28/14,11.45,22,2014,No Holiday,1,0,28.4,0
2964,2052,2,LEMONADE,12/29/12,12.64,16,2012,No Holiday,1,0,26.6,1
2972,2052,2,LEMONADE,12/29/13,11.96,16,2013,No Holiday,1,0,21.2,0
2980,2052,2,LEMONADE,12/29/14,11.45,22,2014,No Holiday,0,0,32.0,0
2988,2052,2,LEMONADE,12/3/12,12.49,20,2012,No Holiday,0,0,32.0,1
2996,2052,2,LEMONADE,12/3/13,10.12,34,2013,No Holiday,0,0,28.4,0
3004,2052,2,LEMONADE,12/3/14,12.85,18,2014,No Holiday,0,0,42.8,1
3012,2052,2,LEMONADE,12/30/12,12.64,14,2012,No Holiday,1,0,28.4,1
3020,2052,2,LEMONADE,12/30/13,11.96,28,2013,No Holiday,0,0,21.2,0
3028,2052,2,LEMONADE,12/30/14,11.45,22,2014,No Holiday,0,0,33.8,1
3036,2052,2,LEMONADE,12/31/12,12.64,22,2012,No Holiday,0,0,30.2,0
3044,2052,2,LEMONADE,12/31/13,11.96,22,2013,No Holiday,0,0,21.2,0
3052,2052,2,LEMONADE,12/31/14,11.45,24,2014,No Holiday,0,0,35.6,1
3060,2052,2,LEMONADE,12/4/12,12.49,18,2012,No Holiday,0,0,33.8,1
3068,2052,2,LEMONADE,12/4/13,10.12,24,2013,No Holiday,0,0,28.4,1
3076,2052,2,LEMONADE,12/4/14,12.85,24,2014,No Holiday,0,0,42.8,1
3084,2052,2,LEMONADE,12/5/12,12.49,20,2012,No Holiday,0,0,32.0,1
3092,2052,2,LEMONADE,12/5/13,10.12,30,2013,No Holiday,0,0,23.0,0
3100,2052,2,LEMONADE,12/5/14,12.85,24,2014,No Holiday,0,0,39.2,1
3108,2052,2,LEMONADE,12/6/12,12.49,22,2012,No Holiday,0,0,32.0,1
3116,2052,2,LEMONADE,12/6/13,10.12,34,2013,No Holiday,0,0,24.8,0
3124,2052,2,LEMONADE,12/6/14,12.85,16,2014,No Holiday,1,0,39.2,1
3132,2052,2,LEMONADE,12/7/12,12.49,24,2012,No Holiday,0,0,30.2,0
3140,2052,2,LEMONADE,12/7/13,10.12,20,2013,No Holiday,1,0,23.0,0
3148,2052,2,LEMONADE,12/7/14,12.85,12,2014,No Holiday,1,0,39.2,1
3156,2052,2,LEMONADE,12/8/12,12.49,22,2012,No Holiday,1,0,24.8,0
3164,2052,2,LEMONADE,12/8/13,10.12,18,2013,No Holiday,1,0,21.2,0
3172,2052,2,LEMONADE,12/8/14,12.85,16,2014,No Holiday,0,0,39.2,1
3180,2052,2,LEMONADE,12/9/12,12.49,18,2012,No Holiday,1,0,28.4,1
3188,2052,2,LEMONADE,12/9/13,10.12,32,2013,No Holiday,0,0,26.6,0
3196,2052,2,LEMONADE,12/9/14,12.85,18,2014,No Holiday,0,0,33.8,1
3204,2052,2,LEMONADE,2/1/12,12.75,20,2012,No Holiday,0,0,32.0,1
3212,2052,2,LEMONADE,2/1/13,12.64,24,2013,No Holiday,0,1,19.4,0
3220,2052,2,LEMONADE,2/1/14,11.96,20,2014,No Holiday,1,1,28.4,0
3228,2052,2,LEMONADE,2/1/15,11.45,14,2015,Luner New Year,1,1,35.6,1
3236,2052,2,LEMONADE,2/10/12,12.75,20,2012,No Holiday,0,0,32.0,1
3244,2052,2,LEMONADE,2/10/13,12.64,16,2013,No Holiday,1,0,28.4,0
3252,2052,2,LEMONADE,2/10/14,11.96,20,2014,Luner New Year,0,1,26.6,0
3260,2052,2,LEMONADE,2/10/15,11.45,24,2015,No Holiday,0,1,23.0,0
3268,2052,2,LEMONADE,2/11/12,12.75,14,2012,No Holiday,1,0,24.8,0
3276,2052,2,LEMONADE,2/11/13,12.64,26,2013,No Holiday,0,0,32.0,0
3284,2052,2,LEMONADE,2/11/14,11.96,16,2014,Luner New Year,0,1,26.6,0
3292,2052,2,LEMONADE,2/11/15,11.45,30,2015,No Holiday,0,1,24.8,0
3300,2052,2,LEMONADE,2/12/12,12.75,16,2012,No Holiday,1,0,24.8,0
3308,2052,2,LEMONADE,2/12/13,12.64,24,2013,No Holiday,0,0,32.0,1
3316,2052,2,LEMONADE,2/12/14,11.96,16,2014,Luner New Year,0,1,28.4,0
3324,2052,2,LEMONADE,2/12/15,11.45,28,2015,No Holiday,0,1,28.4,0
3332,2052,2,LEMONADE,2/13/12,12.75,16,2012,No Holiday,0,0,32.0,1
3340,2052,2,LEMONADE,2/13/13,12.64,18,2013,No Holiday,0,0,33.8,1
3348,2052,2,LEMONADE,2/13/14,11.96,12,2014,Luner New Year,0,1,33.8,1
3356,2052,2,LEMONADE,2/13/15,11.45,24,2015,No Holiday,0,1,26.6,0
3364,2052,2,LEMONADE,2/14/12,12.75,18,2012,No Holiday,0,0,32.0,1
3372,2052,2,LEMONADE,2/14/13,12.64,22,2013,No Holiday,0,0,30.2,0
3380,2052,2,LEMONADE,2/14/14,11.96,20,2014,Luner New Year,0,1,30.2,0
3388,2052,2,LEMONADE,2/14/15,11.45,18,2015,No Holiday,1,1,30.2,1
3396,2052,2,LEMONADE,2/15/12,12.75,16,2012,No Holiday,0,0,32.0,1
3404,2052,2,LEMONADE,2/15/13,12.64,22,2013,No Holiday,0,0,32.0,1
3412,2052,2,LEMONADE,2/15/14,11.96,14,2014,Luner New Year,1,1,30.2,0
3420,2052,2,LEMONADE,2/15/15,11.45,22,2015,No Holiday,1,1,32.0,1
3428,2052,2,LEMONADE,2/16/12,12.75,16,2012,No Holiday,0,0,32.0,1
3436,2052,2,LEMONADE,2/16/13,12.64,18,2013,No Holiday,1,0,28.4,0
3444,2052,2,LEMONADE,2/16/14,11.96,12,2014,No Holiday,1,1,32.0,1
3452,2052,2,LEMONADE,2/16/15,11.45,22,2015,No Holiday,0,1,32.0,1
3460,2052,2,LEMONADE,2/17/12,12.75,18,2012,No Holiday,0,0,32.0,1
3468,2052,2,LEMONADE,2/17/13,12.64,14,2013,No Holiday,1,0,28.4,0
3476,2052,2,LEMONADE,2/17/14,11.96,26,2014,No Holiday,0,1,33.8,1
3484,2052,2,LEMONADE,2/17/15,11.45,24,2015,No Holiday,0,0,32.0,1
3492,2052,2,LEMONADE,2/18/12,12.75,16,2012,No Holiday,1,0,32.0,1
3500,2052,2,LEMONADE,2/18/13,12.64,22,2013,No Holiday,0,0,30.2,0
3508,2052,2,LEMONADE,2/18/14,11.96,30,2014,No Holiday,0,1,28.4,0
3516,2052,2,LEMONADE,2/18/15,11.45,24,2015,No Holiday,0,0,30.2,1
3524,2052,2,LEMONADE,2/19/12,12.75,16,2012,No Holiday,1,0,37.4,1
3532,2052,2,LEMONADE,2/19/13,12.64,18,2013,No Holiday,0,0,32.0,1
3540,2052,2,LEMONADE,2/19/14,11.96,28,2014,No Holiday,0,1,28.4,0
3548,2052,2,LEMONADE,2/19/15,11.45,22,2015,No Holiday,0,0,32.0,1
3556,2052,2,LEMONADE,2/2/12,12.75,18,2012,Luner New Year,0,0,32.0,1
3564,2052,2,LEMONADE,2/2/13,12.64,14,2013,No Holiday,1,1,21.2,0
3572,2052,2,LEMONADE,2/2/14,11.96,16,2014,No Holiday,1,1,28.4,0
3580,2052,2,LEMONADE,2/2/15,11.45,16,2015,Luner New Year,0,1,35.6,1
3588,2052,2,LEMONADE,2/20/12,12.75,20,2012,No Holiday,0,0,37.4,1
3596,2052,2,LEMONADE,2/20/13,12.64,20,2013,No Holiday,0,0,35.6,1
3604,2052,2,LEMONADE,2/20/14,11.96,28,2014,No Holiday,0,0,30.2,0
3612,2052,2,LEMONADE,2/20/15,11.45,22,2015,No Holiday,0,0,32.0,1
3620,2052,2,LEMONADE,2/21/12,12.75,20,2012,No Holiday,0,0,39.2,1
3628,2052,2,LEMONADE,2/21/13,12.64,16,2013,No Holiday,0,0,33.8,1
3636,2052,2,LEMONADE,2/21/14,11.96,22,2014,No Holiday,0,0,33.8,1
3644,2052,2,LEMONADE,2/21/15,11.45,22,2015,No Holiday,1,0,32.0,1
3652,2052,2,LEMONADE,2/22/12,12.75,20,2012,No Holiday,0,0,39.2,1
3660,2052,2,LEMONADE,2/22/13,12.64,22,2013,No Holiday,0,0,35.6,1
3668,2052,2,LEMONADE,2/22/14,11.96,18,2014,No Holiday,1,0,33.8,1
3676,2052,2,LEMONADE,2/22/15,11.45,18,2015,No Holiday,1,0,35.6,1
3684,2052,2,LEMONADE,2/23/12,12.75,22,2012,No Holiday,0,0,42.8,1
3692,2052,2,LEMONADE,2/23/13,12.64,18,2013,No Holiday,1,0,33.8,1
3700,2052,2,LEMONADE,2/23/14,11.96,16,2014,No Holiday,1,0,37.4,1
3708,2052,2,LEMONADE,2/23/15,11.45,20,2015,No Holiday,0,0,33.8,1
3716,2052,2,LEMONADE,2/24/12,12.75,24,2012,No Holiday,0,0,39.2,1
3724,2052,2,LEMONADE,2/24/13,12.64,16,2013,No Holiday,1,0,32.0,1
3732,2052,2,LEMONADE,2/24/14,11.96,24,2014,No Holiday,0,0,33.8,1
3740,2052,2,LEMONADE,2/24/15,11.45,28,2015,No Holiday,0,0,39.2,1
3748,2052,2,LEMONADE,2/25/12,12.75,12,2012,No Holiday,1,0,37.4,1
3756,2052,2,LEMONADE,2/25/13,12.64,20,2013,No Holiday,0,0,32.0,1
3764,2052,2,LEMONADE,2/25/14,11.96,26,2014,No Holiday,0,0,28.4,1
3772,2052,2,LEMONADE,2/25/15,11.45,28,2015,No Holiday,0,0,41.0,1
3780,2052,2,LEMONADE,2/26/12,12.75,14,2012,No Holiday,1,0,32.0,1
3788,2052,2,LEMONADE,2/26/13,12.64,18,2013,No Holiday,0,0,32.0,1
3796,2052,2,LEMONADE,2/26/14,11.96,22,2014,No Holiday,0,0,37.4,1
3804,2052,2,LEMONADE,2/26/15,11.45,22,2015,No Holiday,0,0,41.0,1
3812,2052,2,LEMONADE,2/27/12,12.75,20,2012,No Holiday,0,0,30.2,1
3820,2052,2,LEMONADE,2/27/13,12.64,22,2013,No Holiday,0,0,35.6,1
3828,2052,2,LEMONADE,2/27/14,11.96,24,2014,No Holiday,0,0,42.8,1
3836,2052,2,LEMONADE,2/27/15,11.45,24,2015,No Holiday,0,0,37.4,1
3844,2052,2,LEMONADE,2/28/12,12.75,22,2012,No Holiday,0,0,33.8,1
3852,2052,2,LEMONADE,2/28/13,12.64,22,2013,No Holiday,0,0,35.6,1
3860,2052,2,LEMONADE,2/28/14,11.96,26,2014,No Holiday,0,0,41.0,1
3868,2052,2,LEMONADE,2/28/15,11.45,18,2015,No Holiday,1,0,33.8,1
3876,2052,2,LEMONADE,2/3/12,12.75,16,2012,Luner New Year,0,0,32.0,1
3884,2052,2,LEMONADE,2/3/13,12.64,20,2013,No Holiday,1,1,26.6,0
3892,2052,2,LEMONADE,2/3/14,11.96,22,2014,No Holiday,0,1,28.4,1
3900,2052,2,LEMONADE,2/3/15,11.45,18,2015,Luner New Year,0,1,26.6,0
3908,2052,2,LEMONADE,2/4/12,12.75,16,2012,Luner New Year,1,0,32.0,1
3916,2052,2,LEMONADE,2/4/13,12.64,22,2013,No Holiday,0,1,30.2,0
