Model comparasions/processedDataSets/Combined_Data.csv
,SELL_ID,SELL_CATEGORY,ITEM_NAME,CALENDAR_DATE,PRICE,QUANTITY,YEAR,HOLIDAY,IS_WEEKEND,IS_SCHOOLBREAK,AVERAGE_TEMPERATURE,IS_OUTDOOR
3924,2052,2,LEMONADE,2/4/14,11.96,28,2014,No Holiday,0,1,28.4,0
3932,2052,2,LEMONADE,2/4/15,11.45,16,2015,Luner New Year,0,1,26.6,0
3940,2052,2,LEMONADE,2/5/12,12.75,8,2012,Luner New Year,1,0,32.0,1
3948,2052,2,LEMONADE,2/5/13,12.64,20,2013,No Holiday,0,1,30.2,0
3956,2052,2,LEMONADE,2/5/14,11.96,28,2014,No Holiday,0,1,28.4,0
3964,2052,2,LEMONADE,2/5/15,11.45,22,2015,Luner New Year,0,1,28.4,1
3972,2052,2,LEMONADE,2/6/12,12.75,12,2012,Luner New Year,0,0,32.0,1
3980,2052,2,LEMONADE,2/6/13,12.64,22,2013,No Holiday,0,1,19.4,0
3988,2052,2,LEMONADE,2/6/14,11.96,24,2014,No Holiday,0,1,24.8,0
3996,2052,2,LEMONADE,2/6/15,11.45,18,2015,Luner New Year,0,1,28.4,1
4004,2052,2,LEMONADE,2/7/12,12.75,18,2012,Luner New Year,0,0,32.0,1
4012,2052,2,LEMONADE,2/7/13,12.64,20,2013,No Holiday,0,0,23.0,0
4020,2052,2,LEMONADE,2/7/14,11.96,30,2014,No Holiday,0,1,19.4,0
4028,2052,2,LEMONADE,2/7/15,11.45,16,2015,No Holiday,1,1,26.6,1
4036,2052,2,LEMONADE,2/8/12,12.75,16,2012,Luner New Year,0,0,32.0,1
4044,2052,2,LEMONADE,2/8/13,12.64,22,2013,No Holiday,0,0,26.6,0
4052,2052,2,LEMONADE,2/8/14,11.96,20,2014,No Holiday,1,1,23.0,0
4060,2052,2,LEMONADE,2/8/15,11.45,20,2015,No Holiday,1,1,24.8,0
4068,2052,2,LEMONADE,2/9/12,12.75,16,2012,No Holiday,0,0,32.0,1
4076,2052,2,LEMONADE,2/9/13,12.64,16,2013,No Holiday,1,0,28.4,0
4084,2052,2,LEMONADE,2/9/14,11.96,10,2014,Luner New Year,1,1,26.6,0
4092,2052,2,LEMONADE,2/9/15,11.45,24,2015,No Holiday,0,1,21.2,0
4100,2052,2,LEMONADE,3/1/12,12.75,20,2012,No Holiday,0,0,33.8,1
4120,2052,2,LEMONADE,3/1/13,13.13,56,2013,No Holiday,0,0,39.2,1
4121,2052,2,LEMONADE,3/1/13,13.13,56,2013,No Holiday,0,0,32.0,1
4122,2052,2,LEMONADE,3/1/13,13.41,80,2013,No Holiday,0,0,39.2,1
4123,2052,2,LEMONADE,3/1/13,13.41,80,2013,No Holiday,0,0,32.0,1
4140,2052,2,LEMONADE,3/1/14,11.96,12,2014,No Holiday,1,0,33.8,1
4148,2052,2,LEMONADE,3/1/15,11.45,16,2015,No Holiday,1,0,39.2,1
4156,2052,2,LEMONADE,3/10/12,12.75,18,2012,No Holiday,1,0,46.4,1
4164,2052,2,LEMONADE,3/10/13,12.64,18,2013,No Holiday,1,0,33.8,1
4172,2052,2,LEMONADE,3/10/14,11.96,26,2014,No Holiday,0,0,39.2,1
4180,2052,2,LEMONADE,3/10/15,11.45,24,2015,No Holiday,0,0,42.8,1
4188,2052,2,LEMONADE,3/11/12,12.75,18,2012,No Holiday,1,0,50.0,1
4196,2052,2,LEMONADE,3/11/13,12.64,22,2013,No Holiday,0,0,32.0,0
4204,2052,2,LEMONADE,3/11/14,11.96,20,2014,No Holiday,0,0,46.4,1
4212,2052,2,LEMONADE,3/11/15,11.45,28,2015,No Holiday,0,0,44.6,1
4220,2052,2,LEMONADE,3/12/12,12.75,20,2012,No Holiday,0,0,55.4,1
4228,2052,2,LEMONADE,3/12/13,12.64,16,2013,No Holiday,0,0,37.4,1
4236,2052,2,LEMONADE,3/12/14,11.96,26,2014,No Holiday,0,0,39.2,1
4244,2052,2,LEMONADE,3/12/15,11.45,28,2015,No Holiday,0,0,39.2,1
4252,2052,2,LEMONADE,3/13/12,12.75,16,2012,No Holiday,0,0,50.0,1
4260,2052,2,LEMONADE,3/13/13,12.64,16,2013,No Holiday,0,0,42.8,1
4268,2052,2,LEMONADE,3/13/14,11.96,22,2014,No Holiday,0,0,37.4,1
4276,2052,2,LEMONADE,3/13/15,11.45,22,2015,No Holiday,0,0,46.4,1
4284,2052,2,LEMONADE,3/14/12,12.75,20,2012,No Holiday,0,0,41.0,1
4292,2052,2,LEMONADE,3/14/13,12.64,18,2013,No Holiday,0,0,42.8,1
4300,2052,2,LEMONADE,3/14/14,11.96,26,2014,No Holiday,0,0,41.0,1
4308,2052,2,LEMONADE,3/14/15,11.45,20,2015,No Holiday,1,0,48.2,1
4316,2052,2,LEMONADE,3/15/12,12.75,18,2012,No Holiday,0,0,37.4,1
4324,2052,2,LEMONADE,3/15/13,12.64,16,2013,No Holiday,0,0,44.6,1
4332,2052,2,LEMONADE,3/15/14,11.96,16,2014,No Holiday,1,0,46.4,1
4340,2052,2,LEMONADE,3/15/15,11.45,20,2015,No Holiday,1,0,53.6,1
4348,2052,2,LEMONADE,3/16/12,12.75,16,2012,No Holiday,0,0,42.8,1
4356,2052,2,LEMONADE,3/16/13,12.64,12,2013,No Holiday,1,0,48.2,1
4364,2052,2,LEMONADE,3/16/14,11.96,12,2014,No Holiday,1,0,48.2,1
4372,2052,2,LEMONADE,3/16/15,11.45,22,2015,No Holiday,0,0,51.8,1
4380,2052,2,LEMONADE,3/17/12,12.75,20,2012,No Holiday,1,0,50.0,1
4388,2052,2,LEMONADE,3/17/13,12.64,14,2013,No Holiday,1,0,42.8,1
4396,2052,2,LEMONADE,3/17/14,11.96,22,2014,No Holiday,0,0,53.6,1
4404,2052,2,LEMONADE,3/17/15,11.45,22,2015,No Holiday,0,0,53.6,1
4412,2052,2,LEMONADE,3/18/12,12.75,18,2012,No Holiday,1,0,44.6,1
4420,2052,2,LEMONADE,3/18/13,12.64,18,2013,No Holiday,0,0,35.6,1
4428,2052,2,LEMONADE,3/18/14,11.96,18,2014,No Holiday,0,0,42.8,1
4436,2052,2,LEMONADE,3/18/15,11.45,22,2015,No Holiday,0,0,51.8,1
4444,2052,2,LEMONADE,3/19/12,12.75,22,2012,No Holiday,0,0,46.4,1
4452,2052,2,LEMONADE,3/19/13,12.64,18,2013,No Holiday,0,0,37.4,1
4460,2052,2,LEMONADE,3/19/14,11.96,20,2014,No Holiday,0,0,32.0,1
4468,2052,2,LEMONADE,3/19/15,11.45,28,2015,No Holiday,0,0,46.4,1
4476,2052,2,LEMONADE,3/2/12,12.75,24,2012,No Holiday,0,0,35.6,1
4484,2052,2,LEMONADE,3/2/13,12.64,20,2013,No Holiday,1,0,35.6,1
4492,2052,2,LEMONADE,3/2/14,11.96,18,2014,No Holiday,1,0,33.8,1
4500,2052,2,LEMONADE,3/2/15,11.45,20,2015,No Holiday,0,0,39.2,1
4508,2052,2,LEMONADE,3/20/12,12.75,16,2012,No Holiday,0,0,44.6,1
4516,2052,2,LEMONADE,3/20/13,12.64,18,2013,No Holiday,0,0,44.6,1
4524,2052,2,LEMONADE,3/20/14,11.96,18,2014,No Holiday,0,0,39.2,1
4532,2052,2,LEMONADE,3/20/15,11.45,20,2015,No Holiday,0,0,50.0,1
4540,2052,2,LEMONADE,3/21/12,12.75,16,2012,No Holiday,0,0,37.4,1
4548,2052,2,LEMONADE,3/21/13,12.64,20,2013,No Holiday,0,0,46.4,1
4556,2052,2,LEMONADE,3/21/14,11.96,18,2014,No Holiday,0,0,46.4,1
4564,2052,2,LEMONADE,3/21/15,11.45,18,2015,No Holiday,1,0,53.6,1
4572,2052,2,LEMONADE,3/22/12,12.75,20,2012,No Holiday,0,0,39.2,1
4580,2052,2,LEMONADE,3/22/13,12.64,20,2013,No Holiday,0,0,41.0,1
4588,2052,2,LEMONADE,3/22/14,11.96,20,2014,No Holiday,1,0,42.8,1
4596,2052,2,LEMONADE,3/22/15,11.45,16,2015,No Holiday,1,0,57.2,1
4604,2052,2,LEMONADE,3/23/12,12.75,24,2012,No Holiday,0,0,42.8,1
4612,2052,2,LEMONADE,3/23/13,12.64,14,2013,No Holiday,1,0,44.6,1
4620,2052,2,LEMONADE,3/23/14,11.96,14,2014,No Holiday,1,0,42.8,1
4628,2052,2,LEMONADE,3/23/15,11.45,24,2015,No Holiday,0,0,55.4,1
4636,2052,2,LEMONADE,3/24/12,12.75,12,2012,No Holiday,1,0,42.8,1
4644,2052,2,LEMONADE,3/24/13,12.64,16,2013,No Holiday,1,0,44.6,1
4652,2052,2,LEMONADE,3/24/14,11.96,26,2014,No Holiday,0,0,39.2,1
4660,2052,2,LEMONADE,3/24/15,11.45,22,2015,No Holiday,0,0,59.0,1
4668,2052,2,LEMONADE,3/25/12,12.75,14,2012,No Holiday,1,0,42.8,1
4676,2052,2,LEMONADE,3/25/13,12.64,24,2013,No Holiday,0,0,46.4,1
4684,2052,2,LEMONADE,3/25/14,11.96,20,2014,No Holiday,0,0,42.8,1
4692,2052,2,LEMONADE,3/25/15,11.45,26,2015,No Holiday,0,0,60.8,1
4700,2052,2,LEMONADE,3/26/12,12.75,18,2012,No Holiday,0,0,46.4,1
4708,2052,2,LEMONADE,3/26/13,12.64,24,2013,No Holiday,0,0,32.0,1
4716,2052,2,LEMONADE,3/26/14,11.96,24,2014,No Holiday,0,0,48.2,1
4724,2052,2,LEMONADE,3/26/15,11.45,22,2015,No Holiday,0,0,60.8,1
4732,2052,2,LEMONADE,3/27/12,12.75,20,2012,No Holiday,0,0,48.2,1
4740,2052,2,LEMONADE,3/27/13,12.64,16,2013,No Holiday,0,0,55.4,1
4748,2052,2,LEMONADE,3/27/14,11.96,18,2014,No Holiday,0,0,50.0,1
4756,2052,2,LEMONADE,3/27/15,11.45,22,2015,No Holiday,0,0,62.6,1
4764,2052,2,LEMONADE,3/28/12,12.75,16,2012,No Holiday,0,0,50.0,1
4772,2052,2,LEMONADE,3/28/13,12.64,16,2013,No Holiday,0,0,59.0,1
4780,2052,2,LEMONADE,3/28/14,11.96,24,2014,No Holiday,0,0,41.0,1
4788,2052,2,LEMONADE,3/28/15,11.45,14,2015,No Holiday,1,0,60.8,1
4796,2052,2,LEMONADE,3/29/12,12.75,16,2012,No Holiday,0,0,51.8,1
4804,2052,2,LEMONADE,3/29/13,12.64,18,2013,No Holiday,0,0,53.6,1
4812,2052,2,LEMONADE,3/29/14,11.96,16,2014,No Holiday,1,0,42.8,1
4820,2052,2,LEMONADE,3/29/15,11.45,22,2015,No Holiday,1,0,59.0,1
4828,2052,2,LEMONADE,3/3/12,12.75,12,2012,No Holiday,1,0,35.6,1
4836,2052,2,LEMONADE,3/3/13,12.64,20,2013,No Holiday,1,0,33.8,1
4844,2052,2,LEMONADE,3/3/14,11.96,24,2014,No Holiday,0,0,44.6,1
4852,2052,2,LEMONADE,3/3/15,11.45,22,2015,No Holiday,0,0,37.4,1
4860,2052,2,LEMONADE,3/30/12,12.75,22,2012,No Holiday,0,0,57.2,1
4868,2052,2,LEMONADE,3/30/13,12.64,14,2013,No Holiday,1,0,46.4,1
4876,2052,2,LEMONADE,3/30/14,11.96,20,2014,No Holiday,1,0,42.8,1
4884,2052,2,LEMONADE,3/30/15,11.45,26,2015,No Holiday,0,0,62.6,1
4892,2052,2,LEMONADE,3/31/12,12.75,18,2012,No Holiday,1,0,57.2,1
4900,2052,2,LEMONADE,3/31/13,12.64,12,2013,No Holiday,1,0,48.2,1
4908,2052,2,LEMONADE,3/31/14,11.96,26,2014,No Holiday,0,0,48.2,1
4916,2052,2,LEMONADE,3/31/15,11.45,28,2015,No Holiday,0,0,57.2,1
4924,2052,2,LEMONADE,3/4/12,12.75,18,2012,No Holiday,1,0,41.0,1
4932,2052,2,LEMONADE,3/4/13,12.64,20,2013,No Holiday,0,0,35.6,1
4940,2052,2,LEMONADE,3/4/14,11.96,24,2014,No Holiday,0,0,46.4,1
4948,2052,2,LEMONADE,3/4/15,11.45,22,2015,No Holiday,0,0,35.6,1
4956,2052,2,LEMONADE,3/5/12,12.75,22,2012,No Holiday,0,0,44.6,1
4964,2052,2,LEMONADE,3/5/13,12.64,24,2013,No Holiday,0,0,35.6,1
4972,2052,2,LEMONADE,3/5/14,11.96,24,2014,No Holiday,0,0,50.0,1
4980,2052,2,LEMONADE,3/5/15,11.45,26,2015,No Holiday,0,0,37.4,1
4988,2052,2,LEMONADE,3/6/12,12.75,16,2012,No Holiday,0,0,39.2,1
4996,2052,2,LEMONADE,3/6/13,12.64,22,2013,No Holiday,0,0,39.2,1
5004,2052,2,LEMONADE,3/6/14,11.96,18,2014,No Holiday,0,0,46.4,1
5012,2052,2,LEMONADE,3/6/15,11.45,24,2015,No Holiday,0,0,35.6,1
5020,2052,2,LEMONADE,3/7/12,12.75,24,2012,No Holiday,0,0,39.2,1
5028,2052,2,LEMONADE,3/7/13,12.64,18,2013,No Holiday,0,0,39.2,1
5036,2052,2,LEMONADE,3/7/14,11.96,26,2014,No Holiday,0,0,50.0,1
5044,2052,2,LEMONADE,3/7/15,11.45,22,2015,No Holiday,1,0,37.4,1
5052,2052,2,LEMONADE,3/8/12,12.75,20,2012,No Holiday,0,0,39.2,1
5060,2052,2,LEMONADE,3/8/13,12.64,20,2013,No Holiday,0,0,32.0,1
5068,2052,2,LEMONADE,3/8/14,11.96,14,2014,No Holiday,1,0,53.6,1
5076,2052,2,LEMONADE,3/8/15,11.45,20,2015,No Holiday,1,0,37.4,1
5084,2052,2,LEMONADE,3/9/12,12.75,20,2012,No Holiday,0,0,41.0,1
5092,2052,2,LEMONADE,3/9/13,12.64,18,2013,No Holiday,1,0,33.8,1
5100,2052,2,LEMONADE,3/9/14,11.96,16,2014,No Holiday,1,0,44.6,1
5108,2052,2,LEMONADE,3/9/15,11.45,24,2015,No Holiday,0,0,39.2,1
5116,2052,2,LEMONADE,4/1/12,12.75,18,2012,No Holiday,1,0,44.6,1
5124,2052,2,LEMONADE,4/1/13,12.64,18,2013,No Holiday,0,0,46.4,1
5132,2052,2,LEMONADE,4/1/14,11.96,20,2014,No Holiday,0,0,46.4,1
5140,2052,2,LEMONADE,4/1/15,11.45,20,2015,No Holiday,0,0,62.6,1
5148,2052,2,LEMONADE,4/10/12,12.75,18,2012,No Holiday,0,0,50.0,1
5156,2052,2,LEMONADE,4/10/13,12.64,16,2013,No Holiday,0,0,59.0,1
5164,2052,2,LEMONADE,4/10/14,11.96,22,2014,No Holiday,0,0,46.4,1
5172,2052,2,LEMONADE,4/10/15,11.45,24,2015,No Holiday,0,0,57.2,1
5180,2052,2,LEMONADE,4/11/12,12.75,16,2012,No Holiday,0,0,57.2,1
5188,2052,2,LEMONADE,4/11/13,12.64,16,2013,No Holiday,0,0,57.2,1
5196,2052,2,LEMONADE,4/11/14,11.96,20,2014,No Holiday,0,0,48.2,1
5204,2052,2,LEMONADE,4/11/15,11.45,22,2015,No Holiday,1,0,57.2,1
5212,2052,2,LEMONADE,4/12/12,12.75,24,2012,No Holiday,0,0,62.6,1
5220,2052,2,LEMONADE,4/12/13,12.64,16,2013,No Holiday,0,0,60.8,1
5228,2052,2,LEMONADE,4/12/14,11.96,12,2014,No Holiday,1,0,59.0,1
5236,2052,2,LEMONADE,4/12/15,11.45,16,2015,No Holiday,1,0,59.0,1
5244,2052,2,LEMONADE,4/13/12,12.75,18,2012,No Holiday,0,0,66.2,1
5252,2052,2,LEMONADE,4/13/13,12.64,12,2013,No Holiday,1,0,64.4,1
5260,2052,2,LEMONADE,4/13/14,11.96,20,2014,No Holiday,1,0,57.2,1
5268,2052,2,LEMONADE,4/13/15,11.45,20,2015,No Holiday,0,0,62.6,1
5276,2052,2,LEMONADE,4/14/12,12.75,18,2012,No Holiday,1,0,69.8,1
5284,2052,2,LEMONADE,4/14/13,12.64,12,2013,No Holiday,1,0,69.8,1
5292,2052,2,LEMONADE,4/14/14,11.96,26,2014,No Holiday,0,0,50.0,1
5300,2052,2,LEMONADE,4/14/15,11.45,20,2015,No Holiday,0,0,66.2,1
5308,2052,2,LEMONADE,4/15/12,12.75,20,2012,No Holiday,1,0,60.8,1
5316,2052,2,LEMONADE,4/15/13,12.64,20,2013,No Holiday,0,0,64.4,1
5324,2052,2,LEMONADE,4/15/14,11.96,22,2014,No Holiday,0,0,55.4,1
5332,2052,2,LEMONADE,4/15/15,12.26,26,2015,No Holiday,0,0,64.4,1
5340,2052,2,LEMONADE,4/16/12,12.75,20,2012,No Holiday,0,0,66.2,1
5348,2052,2,LEMONADE,4/16/13,12.64,16,2013,No Holiday,0,0,60.8,1
5356,2052,2,LEMONADE,4/16/14,11.96,20,2014,No Holiday,0,0,53.6,1
5364,2052,2,LEMONADE,4/16/15,12.26,20,2015,No Holiday,0,0,60.8,1
5372,2052,2,LEMONADE,4/17/12,12.75,20,2012,No Holiday,0,0,57.2,1
5380,2052,2,LEMONADE,4/17/13,12.64,24,2013,No Holiday,0,0,69.8,1
5388,2052,2,LEMONADE,4/17/14,11.96,20,2014,No Holiday,0,0,55.4,1
5396,2052,2,LEMONADE,4/17/15,12.26,20,2015,No Holiday,0,0,57.2,1
5404,2052,2,LEMONADE,4/18/12,12.75,18,2012,No Holiday,0,0,57.2,1
5412,2052,2,LEMONADE,4/18/13,12.64,18,2013,No Holiday,0,0,66.2,1
5420,2052,2,LEMONADE,4/18/14,11.96,26,2014,No Holiday,0,0,50.0,1
5428,2052,2,LEMONADE,4/18/15,12.26,20,2015,No Holiday,1,0,60.8,1
5436,2052,2,LEMONADE,4/19/12,12.75,24,2012,No Holiday,0,0,62.6,1
5444,2052,2,LEMONADE,4/19/13,12.64,20,2013,No Holiday,0,0,62.6,1
5452,2052,2,LEMONADE,4/19/14,11.96,14,2014,No Holiday,1,0,41.0,1
5460,2052,2,LEMONADE,4/19/15,12.26,14,2015,No Holiday,1,0,53.6,1
5468,2052,2,LEMONADE,4/2/12,12.75,18,2012,No Holiday,0,0,44.6,1
5476,2052,2,LEMONADE,4/2/13,12.64,12,2013,Qing Ming Festival,0,0,46.4,1
5484,2052,2,LEMONADE,4/2/14,11.96,24,2014,No Holiday,0,0,53.6,1
5492,2052,2,LEMONADE,4/2/15,11.45,26,2015,No Holiday,0,0,60.8,1
5500,2052,2,LEMONADE,4/20/12,12.75,22,2012,No Holiday,0,0,66.2,1
5508,2052,2,LEMONADE,4/20/13,12.64,16,2013,No Holiday,1,0,62.6,1
5516,2052,2,LEMONADE,4/20/14,11.34,22,2014,No Holiday,1,0,50.0,1
5524,2052,2,LEMONADE,4/20/15,12.26,24,2015,No Holiday,0,0,60.8,1
5532,2052,2,LEMONADE,4/21/12,12.75,14,2012,No Holiday,1,0,53.6,1
5540,2052,2,LEMONADE,4/21/13,12.64,12,2013,No Holiday,1,0,57.2,1
5548,2052,2,LEMONADE,4/21/14,11.34,28,2014,No Holiday,0,0,53.6,1
5556,2052,2,LEMONADE,4/21/15,12.26,22,2015,No Holiday,0,0,62.6,1
5564,2052,2,LEMONADE,4/22/12,12.75,12,2012,No Holiday,1,0,57.2,1
5572,2052,2,LEMONADE,4/22/13,12.64,22,2013,No Holiday,0,0,32.0,1
5580,2052,2,LEMONADE,4/22/14,11.34,28,2014,No Holiday,0,0,57.2,1
5588,2052,2,LEMONADE,4/22/15,12.26,22,2015,No Holiday,0,0,68.0,1
5596,2052,2,LEMONADE,4/23/12,12.75,18,2012,No Holiday,0,0,55.4,1
5604,2052,2,LEMONADE,4/23/13,12.64,20,2013,No Holiday,0,0,66.2,1
5612,2052,2,LEMONADE,4/23/14,11.34,28,2014,No Holiday,0,0,53.6,1
5620,2052,2,LEMONADE,4/23/15,12.26,18,2015,No Holiday,0,0,69.8,1
5628,2052,2,LEMONADE,4/24/12,12.75,24,2012,No Holiday,0,0,60.8,1
5636,2052,2,LEMONADE,4/24/13,12.64,24,2013,No Holiday,0,0,59.0,1
5644,2052,2,LEMONADE,4/24/14,11.34,26,2014,No Holiday,0,0,60.8,1
5652,2052,2,LEMONADE,4/24/15,12.26,24,2015,No Holiday,0,0,66.2,1
5660,2052,2,LEMONADE,4/25/12,12.75,16,2012,No Holiday,0,0,55.4,1
5668,2052,2,LEMONADE,4/25/13,12.72,20,2013,No Holiday,0,0,55.4,1
5676,2052,2,LEMONADE,4/25/14,11.34,24,2014,No Holiday,0,0,59.0,1
5684,2052,2,LEMONADE,4/25/15,12.26,20,2015,No Holiday,1,0,64.4,1
5692,2052,2,LEMONADE,4/26/12,12.75,22,2012,No Holiday,0,0,53.6,1
5700,2052,2,LEMONADE,4/26/13,12.72,18,2013,No Holiday,0,0,64.4,1
5708,2052,2,LEMONADE,4/26/14,11.34,14,2014,No Holiday,1,0,60.8,1
5716,2052,2,LEMONADE,4/26/15,12.26,12,2015,No Holiday,1,0,60.8,1
5724,2052,2,LEMONADE,4/27/12,12.75,24,2012,No Holiday,0,0,60.8,1
5732,2052,2,LEMONADE,4/27/13,12.72,18,2013,No Holiday,1,0,62.6,1
5740,2052,2,LEMONADE,4/27/14,11.34,18,2014,No Holiday,1,0,60.8,1
5748,2052,2,LEMONADE,4/27/15,12.26,22,2015,No Holiday,0,0,64.4,1
5756,2052,2,LEMONADE,4/28/12,12.75,12,2012,No Holiday,1,0,64.4,1
5764,2052,2,LEMONADE,4/28/13,12.72,16,2013,No Holiday,1,0,60.8,1
5772,2052,2,LEMONADE,4/28/14,11.34,28,2014,No Holiday,0,0,59.0,1
5780,2052,2,LEMONADE,4/28/15,12.26,18,2015,No Holiday,0,0,64.4,1
5788,2052,2,LEMONADE,4/29/12,12.75,12,2012,No Holiday,1,0,62.6,1
5796,2052,2,LEMONADE,4/29/13,12.72,18,2013,Labor Day,0,0,60.8,1
5804,2052,2,LEMONADE,4/29/14,11.34,22,2014,Labor Day,0,0,68.0,1
5812,2052,2,LEMONADE,4/29/15,12.26,22,2015,No Holiday,0,0,68.0,1
5820,2052,2,LEMONADE,4/3/12,12.75,20,2012,Qing Ming Festival,0,0,48.2,1
5828,2052,2,LEMONADE,4/3/13,12.64,20,2013,Qing Ming Festival,0,0,51.8,1
5836,2052,2,LEMONADE,4/3/14,11.96,22,2014,No Holiday,0,0,50.0,1
5844,2052,2,LEMONADE,4/3/15,11.45,28,2015,No Holiday,0,0,55.4,1
5852,2052,2,LEMONADE,4/30/12,12.75,16,2012,Labor Day,0,0,62.6,1
5860,2052,2,LEMONADE,4/30/13,12.72,18,2013,Labor Day,0,0,68.0,1
5868,2052,2,LEMONADE,4/30/14,11.34,22,2014,Labor Day,0,0,64.4,1
5876,2052,2,LEMONADE,4/30/15,12.26,24,2015,No Holiday,0,0,71.6,1
5884,2052,2,LEMONADE,4/4/12,12.75,16,2012,Qing Ming Festival,0,0,53.6,1
5892,2052,2,LEMONADE,4/4/13,12.64,14,2013,Qing Ming Festival,0,0,55.4,1
5900,2052,2,LEMONADE,4/4/14,11.96,16,2014,Qing Ming Festival,0,0,48.2,1
5908,2052,2,LEMONADE,4/4/15,11.45,16,2015,No Holiday,1,0,60.8,1
5916,2052,2,LEMONADE,4/5/12,12.75,12,2012,Qing Ming Festival,0,0,57.2,1
5924,2052,2,LEMONADE,4/5/13,12.64,20,2013,No Holiday,0,0,50.0,1
5932,2052,2,LEMONADE,4/5/14,11.96,16,2014,Qing Ming Festival,1,0,44.6,1
5940,2052,2,LEMONADE,4/5/15,11.45,10,2015,Qing Ming Festival,1,0,55.4,1
5948,2052,2,LEMONADE,4/6/12,12.75,22,2012,No Holiday,0,0,55.4,1
5956,2052,2,LEMONADE,4/6/13,12.64,16,2013,No Holiday,1,0,55.4,1
5964,2052,2,LEMONADE,4/6/14,11.96,14,2014,Qing Ming Festival,1,0,46.4,1
5972,2052,2,LEMONADE,4/6/15,11.45,20,2015,Qing Ming Festival,0,0,62.6,1
5980,2052,2,LEMONADE,4/7/12,12.75,20,2012,No Holiday,1,0,53.6,1
5988,2052,2,LEMONADE,4/7/13,12.64,12,2013,No Holiday,1,0,62.6,1
5996,2052,2,LEMONADE,4/7/14,11.96,22,2014,No Holiday,0,0,50.0,1
6004,2052,2,LEMONADE,4/7/15,11.45,22,2015,Qing Ming Festival,0,0,64.4,1
6012,2052,2,LEMONADE,4/8/12,12.75,16,2012,No Holiday,1,0,55.4,1
6020,2052,2,LEMONADE,4/8/13,12.64,20,2013,No Holiday,0,0,59.0,1
6028,2052,2,LEMONADE,4/8/14,11.96,18,2014,No Holiday,0,0,46.4,1
6036,2052,2,LEMONADE,4/8/15,11.45,26,2015,No Holiday,0,0,64.4,1
6044,2052,2,LEMONADE,4/9/12,12.75,16,2012,No Holiday,0,0,60.8,1
6052,2052,2,LEMONADE,4/9/13,12.64,20,2013,No Holiday,0,0,66.2,1
6060,2052,2,LEMONADE,4/9/14,11.96,24,2014,No Holiday,0,0,46.4,1
6068,2052,2,LEMONADE,4/9/15,11.45,26,2015,No Holiday,0,0,66.2,1
6076,2052,2,LEMONADE,5/1/12,11.36,22,2012,Labor Day,0,0,66.2,1
6084,2052,2,LEMONADE,5/1/13,12.72,18,2013,Labor Day,0,0,64.4,1
6092,2052,2,LEMONADE,5/1/14,11.34,20,2014,Labor Day,0,0,64.4,1
6100,2052,2,LEMONADE,5/1/15,12.26,18,2015,Labor Day,0,0,68.0,1
