Model comparasions/processedDataSets/Combined_Data.csv
,SELL_ID,SELL_CATEGORY,ITEM_NAME,CALENDAR_DATE,PRICE,QUANTITY,YEAR,HOLIDAY,IS_WEEKEND,IS_SCHOOLBREAK,AVERAGE_TEMPERATURE,IS_OUTDOOR
6108,2052,2,LEMONADE,5/10/12,11.36,22,2012,No Holiday,0,0,66.2,1
6116,2052,2,LEMONADE,5/10/13,12.72,20,2013,No Holiday,0,0,75.2,1
6124,2052,2,LEMONADE,5/10/14,11.34,22,2014,No Holiday,1,0,71.6,1
6132,2052,2,LEMONADE,5/10/15,12.26,18,2015,No Holiday,1,0,59.0,1
6140,2052,2,LEMONADE,5/11/12,11.36,24,2012,No Holiday,0,0,68.0,1
6148,2052,2,LEMONADE,5/11/13,12.72,14,2013,No Holiday,1,0,66.2,1
6156,2052,2,LEMONADE,5/11/14,11.34,14,2014,No Holiday,1,0,75.2,1
6164,2052,2,LEMONADE,5/11/15,12.26,22,2015,No Holiday,0,0,51.8,1
6172,2052,2,LEMONADE,5/12/12,11.36,22,2012,No Holiday,1,0,64.4,1
6180,2052,2,LEMONADE,5/12/13,12.72,14,2013,No Holiday,1,0,64.4,1
6188,2052,2,LEMONADE,5/12/14,11.34,28,2014,No Holiday,0,0,73.4,1
6196,2052,2,LEMONADE,5/12/15,12.26,24,2015,No Holiday,0,0,71.6,1
6204,2052,2,LEMONADE,5/13/12,11.36,14,2012,No Holiday,1,0,69.8,1
6212,2052,2,LEMONADE,5/13/13,12.72,18,2013,No Holiday,0,0,68.0,1
6220,2052,2,LEMONADE,5/13/14,11.34,28,2014,No Holiday,0,0,73.4,1
6228,2052,2,LEMONADE,5/13/15,12.26,26,2015,No Holiday,0,0,73.4,1
6236,2052,2,LEMONADE,5/14/12,11.36,22,2012,No Holiday,0,0,71.6,1
6244,2052,2,LEMONADE,5/14/13,12.72,24,2013,No Holiday,0,0,66.2,1
6252,2052,2,LEMONADE,5/14/14,11.34,28,2014,No Holiday,0,0,71.6,1
6260,2052,2,LEMONADE,5/14/15,12.26,22,2015,No Holiday,0,0,62.6,1
6268,2052,2,LEMONADE,5/15/12,11.36,20,2012,No Holiday,0,0,66.2,1
6276,2052,2,LEMONADE,5/15/13,12.72,24,2013,No Holiday,0,0,68.0,1
6284,2052,2,LEMONADE,5/15/14,11.34,22,2014,No Holiday,0,0,71.6,1
6292,2052,2,LEMONADE,5/15/15,12.26,22,2015,No Holiday,0,0,71.6,1
6300,2052,2,LEMONADE,5/16/12,11.36,24,2012,No Holiday,0,0,69.8,1
6308,2052,2,LEMONADE,5/16/13,12.72,24,2013,No Holiday,0,0,69.8,1
6316,2052,2,LEMONADE,5/16/14,11.34,28,2014,No Holiday,0,0,68.0,1
6324,2052,2,LEMONADE,5/16/15,12.26,14,2015,No Holiday,1,0,69.8,1
6332,2052,2,LEMONADE,5/17/12,11.36,20,2012,No Holiday,0,0,71.6,1
6340,2052,2,LEMONADE,5/17/13,12.72,22,2013,No Holiday,0,0,73.4,1
6348,2052,2,LEMONADE,5/17/14,11.34,20,2014,No Holiday,1,0,69.8,1
6356,2052,2,LEMONADE,5/17/15,12.26,12,2015,No Holiday,1,0,71.6,1
6364,2052,2,LEMONADE,5/18/12,11.36,22,2012,No Holiday,0,0,75.2,1
5,2053,2,BURGER,1/1/12,12.6,30,2012,New Year,1,0,24.8,0
13,2053,2,BURGER,1/1/13,13.41,30,2013,New Year,0,0,30.2,1
21,2053,2,BURGER,1/1/14,12.37,44,2014,New Year,0,0,19.4,0
29,2053,2,BURGER,1/1/15,10.81,36,2015,New Year,0,0,37.4,1
37,2053,2,BURGER,1/10/12,12.6,58,2012,No Holiday,0,0,24.8,0
45,2053,2,BURGER,1/10/13,13.41,48,2013,No Holiday,0,0,28.4,0
53,2053,2,BURGER,1/10/14,12.37,54,2014,No Holiday,0,0,24.8,0
61,2053,2,BURGER,1/10/15,10.81,48,2015,No Holiday,1,0,28.4,0
69,2053,2,BURGER,1/11/12,12.6,52,2012,No Holiday,0,0,21.2,0
77,2053,2,BURGER,1/11/13,13.41,54,2013,No Holiday,0,0,24.8,0
85,2053,2,BURGER,1/11/14,12.37,42,2014,No Holiday,1,0,30.2,0
93,2053,2,BURGER,1/11/15,10.81,36,2015,No Holiday,1,0,32.0,1
101,2053,2,BURGER,1/12/12,12.6,60,2012,No Holiday,0,0,24.8,0
109,2053,2,BURGER,1/12/13,13.41,40,2013,No Holiday,1,0,28.4,0
117,2053,2,BURGER,1/12/14,12.37,40,2014,No Holiday,1,0,28.4,0
125,2053,2,BURGER,1/12/15,10.81,64,2015,No Holiday,0,0,26.6,0
133,2053,2,BURGER,1/13/12,12.6,58,2012,No Holiday,0,0,26.6,0
141,2053,2,BURGER,1/13/13,13.41,32,2013,No Holiday,1,0,30.2,0
149,2053,2,BURGER,1/13/14,12.37,60,2014,No Holiday,0,0,28.4,0
157,2053,2,BURGER,1/13/15,10.81,66,2015,No Holiday,0,0,28.4,0
165,2053,2,BURGER,1/14/12,12.6,42,2012,No Holiday,1,0,23.0,0
173,2053,2,BURGER,1/14/13,13.41,48,2013,No Holiday,0,1,30.2,0
181,2053,2,BURGER,1/14/14,12.37,52,2014,No Holiday,0,0,28.4,1
189,2053,2,BURGER,1/14/15,10.81,66,2015,No Holiday,0,0,30.2,0
197,2053,2,BURGER,1/15/12,12.6,32,2012,No Holiday,1,0,32.0,1
205,2053,2,BURGER,1/15/13,13.41,50,2013,No Holiday,0,1,30.2,0
213,2053,2,BURGER,1/15/14,12.37,54,2014,No Holiday,0,0,26.6,0
221,2053,2,BURGER,1/15/15,10.81,56,2015,No Holiday,0,0,32.0,1
229,2053,2,BURGER,1/16/12,12.6,56,2012,No Holiday,0,0,23.0,0
237,2053,2,BURGER,1/16/13,13.41,46,2013,No Holiday,0,1,30.2,1
245,2053,2,BURGER,1/16/14,12.37,56,2014,No Holiday,0,0,24.8,0
253,2053,2,BURGER,1/16/15,10.81,60,2015,No Holiday,0,0,32.0,1
261,2053,2,BURGER,1/17/12,12.6,54,2012,No Holiday,0,0,23.0,0
269,2053,2,BURGER,1/17/13,13.41,42,2013,No Holiday,0,1,30.2,1
277,2053,2,BURGER,1/17/14,12.37,54,2014,No Holiday,0,0,26.6,0
285,2053,2,BURGER,1/17/15,10.81,48,2015,No Holiday,1,0,30.2,0
293,2053,2,BURGER,1/18/12,12.6,58,2012,No Holiday,0,0,23.0,0
301,2053,2,BURGER,1/18/13,13.41,40,2013,No Holiday,0,1,32.0,1
309,2053,2,BURGER,1/18/14,12.37,40,2014,No Holiday,1,0,28.4,0
317,2053,2,BURGER,1/18/15,10.81,40,2015,No Holiday,1,0,33.8,1
325,2053,2,BURGER,1/19/12,12.6,54,2012,No Holiday,0,0,24.8,0
333,2053,2,BURGER,1/19/13,13.41,32,2013,No Holiday,1,1,28.4,1
341,2053,2,BURGER,1/19/14,12.37,34,2014,No Holiday,1,0,30.2,1
349,2053,2,BURGER,1/19/15,10.81,56,2015,No Holiday,0,1,33.8,1
357,2053,2,BURGER,1/2/12,12.6,34,2012,New Year,0,0,24.8,0
365,2053,2,BURGER,1/2/13,13.41,40,2013,New Year,0,0,28.4,0
373,2053,2,BURGER,1/2/14,12.37,40,2014,New Year,0,0,14.0,0
381,2053,2,BURGER,1/2/15,10.81,60,2015,No Holiday,0,0,37.4,1
389,2053,2,BURGER,1/20/12,12.6,58,2012,No Holiday,0,0,26.6,0
397,2053,2,BURGER,1/20/13,13.41,36,2013,No Holiday,1,1,23.0,0
405,2053,2,BURGER,1/20/14,12.37,56,2014,No Holiday,0,0,24.8,0
413,2053,2,BURGER,1/20/15,10.81,54,2015,No Holiday,0,1,30.2,1
421,2053,2,BURGER,1/21/12,12.6,40,2012,No Holiday,1,0,26.6,0
429,2053,2,BURGER,1/21/13,13.41,50,2013,No Holiday,0,1,19.4,0
437,2053,2,BURGER,1/21/14,12.37,60,2014,No Holiday,0,0,28.4,0
445,2053,2,BURGER,1/21/15,10.81,68,2015,No Holiday,0,1,32.0,0
453,2053,2,BURGER,1/22/12,12.6,34,2012,No Holiday,1,0,24.8,0
461,2053,2,BURGER,1/22/13,13.41,38,2013,Luner New Year,0,1,17.6,0
469,2053,2,BURGER,1/22/14,12.37,60,2014,No Holiday,0,0,28.4,0
477,2053,2,BURGER,1/22/15,10.81,60,2015,No Holiday,0,1,32.0,1
485,2053,2,BURGER,1/23/12,12.6,52,2012,No Holiday,0,0,23.0,0
493,2053,2,BURGER,1/23/13,13.41,36,2013,Luner New Year,0,1,21.2,0
501,2053,2,BURGER,1/23/14,12.37,54,2014,No Holiday,0,0,28.4,0
509,2053,2,BURGER,1/23/15,10.81,58,2015,No Holiday,0,1,32.0,1
517,2053,2,BURGER,1/24/12,12.6,56,2012,No Holiday,0,0,24.8,0
525,2053,2,BURGER,1/24/13,13.41,40,2013,Luner New Year,0,1,23.0,0
533,2053,2,BURGER,1/24/14,12.37,60,2014,No Holiday,0,0,26.6,0
541,2053,2,BURGER,1/24/15,10.81,36,2015,No Holiday,1,1,35.6,1
549,2053,2,BURGER,1/25/12,12.6,60,2012,No Holiday,0,0,23.0,0
557,2053,2,BURGER,1/25/13,13.41,40,2013,Luner New Year,0,1,23.0,0
565,2053,2,BURGER,1/25/14,12.37,42,2014,No Holiday,1,1,24.8,0
573,2053,2,BURGER,1/25/15,10.81,40,2015,No Holiday,1,1,33.8,1
581,2053,2,BURGER,1/26/12,12.6,52,2012,No Holiday,0,0,24.8,0
589,2053,2,BURGER,1/26/13,13.41,30,2013,Luner New Year,1,1,26.6,0
597,2053,2,BURGER,1/26/14,12.37,38,2014,No Holiday,1,1,26.6,0
605,2053,2,BURGER,1/26/15,10.81,58,2015,No Holiday,0,1,32.0,1
613,2053,2,BURGER,1/27/12,12.6,46,2012,No Holiday,0,0,32.0,1
621,2053,2,BURGER,1/27/13,13.41,26,2013,Luner New Year,1,1,26.6,0
629,2053,2,BURGER,1/27/14,12.37,58,2014,No Holiday,0,1,28.4,0
637,2053,2,BURGER,1/27/15,10.81,54,2015,No Holiday,0,1,35.6,1
645,2053,2,BURGER,1/28/12,12.6,34,2012,No Holiday,1,0,32.0,1
653,2053,2,BURGER,1/28/13,13.41,32,2013,Luner New Year,0,1,23.0,0
661,2053,2,BURGER,1/28/14,12.37,44,2014,No Holiday,0,1,32.0,1
669,2053,2,BURGER,1/28/15,10.81,52,2015,No Holiday,0,1,32.0,1
677,2053,2,BURGER,1/29/12,12.6,38,2012,No Holiday,1,0,23.0,0
685,2053,2,BURGER,1/29/13,13.41,48,2013,No Holiday,0,1,23.0,0
693,2053,2,BURGER,1/29/14,12.37,46,2014,No Holiday,0,1,32.0,1
701,2053,2,BURGER,1/29/15,10.81,60,2015,No Holiday,0,1,33.8,1
709,2053,2,BURGER,1/3/12,12.6,28,2012,New Year,0,0,32.0,1
717,2053,2,BURGER,1/3/13,13.41,40,2013,New Year,0,0,26.6,0
725,2053,2,BURGER,1/3/14,12.37,42,2014,New Year,0,0,17.6,0
733,2053,2,BURGER,1/3/15,10.81,40,2015,No Holiday,1,0,35.6,1
741,2053,2,BURGER,1/30/12,12.6,52,2012,No Holiday,0,0,28.4,0
749,2053,2,BURGER,1/30/13,13.41,54,2013,No Holiday,0,1,23.0,0
757,2053,2,BURGER,1/30/14,12.37,50,2014,No Holiday,0,1,30.2,1
765,2053,2,BURGER,1/30/15,10.81,58,2015,No Holiday,0,1,33.8,1
773,2053,2,BURGER,1/31/12,12.6,42,2012,No Holiday,0,0,32.0,1
781,2053,2,BURGER,1/31/13,13.41,48,2013,No Holiday,0,1,23.0,0
789,2053,2,BURGER,1/31/14,12.37,50,2014,No Holiday,0,1,30.2,1
797,2053,2,BURGER,1/31/15,10.81,28,2015,Luner New Year,1,1,33.8,1
805,2053,2,BURGER,1/4/12,12.6,42,2012,No Holiday,0,0,32.0,1
813,2053,2,BURGER,1/4/13,13.41,48,2013,No Holiday,0,0,24.8,0
821,2053,2,BURGER,1/4/14,12.37,42,2014,No Holiday,1,0,21.2,0
829,2053,2,BURGER,1/4/15,10.81,36,2015,No Holiday,1,0,32.0,1
837,2053,2,BURGER,1/5/12,12.6,58,2012,No Holiday,0,0,24.8,0
845,2053,2,BURGER,1/5/13,13.41,32,2013,No Holiday,1,0,26.6,0
853,2053,2,BURGER,1/5/14,12.37,42,2014,No Holiday,1,0,19.4,0
861,2053,2,BURGER,1/5/15,10.81,54,2015,No Holiday,0,0,33.8,1
869,2053,2,BURGER,1/6/12,12.6,54,2012,No Holiday,0,0,23.0,0
877,2053,2,BURGER,1/6/13,13.41,40,2013,No Holiday,1,0,26.6,0
885,2053,2,BURGER,1/6/14,12.37,60,2014,No Holiday,0,0,21.2,0
893,2053,2,BURGER,1/6/15,10.81,52,2015,No Holiday,0,0,32.0,1
901,2053,2,BURGER,1/7/12,12.6,42,2012,No Holiday,1,0,26.6,0
909,2053,2,BURGER,1/7/13,13.41,52,2013,No Holiday,0,0,26.6,0
917,2053,2,BURGER,1/7/14,12.37,52,2014,No Holiday,0,0,24.8,0
925,2053,2,BURGER,1/7/15,10.81,52,2015,No Holiday,0,0,32.0,1
933,2053,2,BURGER,1/8/12,12.6,42,2012,No Holiday,1,0,26.6,0
941,2053,2,BURGER,1/8/13,13.41,48,2013,No Holiday,0,0,26.6,0
949,2053,2,BURGER,1/8/14,12.37,60,2014,No Holiday,0,0,21.2,0
957,2053,2,BURGER,1/8/15,10.81,72,2015,No Holiday,0,0,24.8,0
965,2053,2,BURGER,1/9/12,12.6,54,2012,No Holiday,0,0,23.0,0
973,2053,2,BURGER,1/9/13,13.41,50,2013,No Holiday,0,0,28.4,0
981,2053,2,BURGER,1/9/14,12.37,52,2014,No Holiday,0,0,23.0,0
989,2053,2,BURGER,1/9/15,10.81,64,2015,No Holiday,0,0,24.8,0
997,2053,2,BURGER,10/1/12,12.42,34,2012,National Day,0,0,59.0,1
1005,2053,2,BURGER,10/1/13,10.45,46,2013,National Day,0,0,66.2,1
1013,2053,2,BURGER,10/1/14,12.77,28,2014,National Day,0,0,59.0,1
1021,2053,2,BURGER,10/10/12,12.42,46,2012,No Holiday,0,0,62.6,1
1029,2053,2,BURGER,10/10/13,10.45,56,2013,No Holiday,0,0,59.0,1
1037,2053,2,BURGER,10/10/14,12.77,46,2014,No Holiday,0,0,60.8,1
1045,2053,2,BURGER,10/11/12,12.42,48,2012,No Holiday,0,0,62.6,1
1053,2053,2,BURGER,10/11/13,10.45,58,2013,No Holiday,0,0,60.8,1
1061,2053,2,BURGER,10/11/14,12.77,34,2014,No Holiday,1,0,62.6,1
1069,2053,2,BURGER,10/12/12,12.42,48,2012,No Holiday,0,0,62.6,1
1077,2053,2,BURGER,10/12/13,10.45,44,2013,No Holiday,1,0,64.4,1
1085,2053,2,BURGER,10/12/14,12.77,36,2014,No Holiday,1,0,64.4,1
1093,2053,2,BURGER,10/13/12,12.42,38,2012,No Holiday,1,0,59.0,1
1101,2053,2,BURGER,10/13/13,10.45,44,2013,No Holiday,1,0,55.4,1
1109,2053,2,BURGER,10/13/14,12.77,44,2014,No Holiday,0,0,59.0,1
1117,2053,2,BURGER,10/14/12,12.42,30,2012,No Holiday,1,0,57.2,1
1125,2053,2,BURGER,10/14/13,10.45,56,2013,No Holiday,0,0,55.4,1
1133,2053,2,BURGER,10/14/14,12.77,42,2014,No Holiday,0,0,48.2,1
1141,2053,2,BURGER,10/15/12,12.42,50,2012,No Holiday,0,0,59.0,1
1149,2053,2,BURGER,10/15/13,10.45,60,2013,No Holiday,0,0,55.4,1
1157,2053,2,BURGER,10/15/14,12.77,44,2014,No Holiday,0,0,48.2,1
1165,2053,2,BURGER,10/16/12,12.42,48,2012,No Holiday,0,0,57.2,1
1173,2053,2,BURGER,10/16/13,10.45,58,2013,No Holiday,0,0,51.8,1
1181,2053,2,BURGER,10/16/14,12.77,44,2014,No Holiday,0,0,53.6,1
1189,2053,2,BURGER,10/17/12,12.42,46,2012,No Holiday,0,0,57.2,1
1197,2053,2,BURGER,10/17/13,10.45,60,2013,No Holiday,0,0,51.8,1
1205,2053,2,BURGER,10/17/14,12.77,46,2014,No Holiday,0,0,55.4,1
1213,2053,2,BURGER,10/18/12,12.42,46,2012,No Holiday,0,0,59.0,1
1221,2053,2,BURGER,10/18/13,10.45,62,2013,No Holiday,0,0,55.4,1
1229,2053,2,BURGER,10/18/14,12.77,28,2014,No Holiday,1,0,55.4,1
1237,2053,2,BURGER,10/19/12,12.42,48,2012,No Holiday,0,0,59.0,1
1245,2053,2,BURGER,10/19/13,10.45,38,2013,No Holiday,1,0,57.2,1
1253,2053,2,BURGER,10/19/14,12.77,34,2014,No Holiday,1,0,51.8,1
1261,2053,2,BURGER,10/2/12,12.42,32,2012,National Day,0,0,57.2,1
1269,2053,2,BURGER,10/2/13,10.45,38,2013,National Day,0,0,68.0,1
1277,2053,2,BURGER,10/2/14,12.77,30,2014,National Day,0,0,62.6,1
1285,2053,2,BURGER,10/20/12,12.42,30,2012,No Holiday,1,0,60.8,1
1293,2053,2,BURGER,10/20/13,10.45,38,2013,No Holiday,1,0,59.0,1
1301,2053,2,BURGER,10/20/14,12.77,48,2014,No Holiday,0,0,55.4,1
1309,2053,2,BURGER,10/21/12,12.42,36,2012,No Holiday,1,0,57.2,1
1317,2053,2,BURGER,10/21/13,10.45,56,2013,No Holiday,0,0,51.8,1
1325,2053,2,BURGER,10/21/14,12.77,46,2014,No Holiday,0,0,53.6,1
1333,2053,2,BURGER,10/22/12,12.42,50,2012,No Holiday,0,0,60.8,1
1341,2053,2,BURGER,10/22/13,10.45,60,2013,No Holiday,0,0,50.0,1
1349,2053,2,BURGER,10/22/14,12.77,42,2014,No Holiday,0,0,50.0,1
1357,2053,2,BURGER,10/23/12,12.42,50,2012,No Holiday,0,0,50.0,1
1365,2053,2,BURGER,10/23/13,10.45,56,2013,No Holiday,0,0,55.4,1
1373,2053,2,BURGER,10/23/14,12.77,44,2014,No Holiday,0,0,48.2,1
1381,2053,2,BURGER,10/24/12,12.42,52,2012,No Holiday,0,0,46.4,1
1389,2053,2,BURGER,10/24/13,10.45,60,2013,No Holiday,0,0,57.2,1
1397,2053,2,BURGER,10/24/14,12.77,44,2014,No Holiday,0,0,50.0,1
1405,2053,2,BURGER,10/25/12,12.42,44,2012,No Holiday,0,0,50.0,1
1413,2053,2,BURGER,10/25/13,10.45,60,2013,No Holiday,0,0,59.0,1
1421,2053,2,BURGER,10/25/14,12.77,34,2014,No Holiday,1,0,51.8,1
1429,2053,2,BURGER,10/26/12,12.42,48,2012,No Holiday,0,0,48.2,1
1437,2053,2,BURGER,10/26/13,10.45,42,2013,No Holiday,1,0,57.2,1
1445,2053,2,BURGER,10/26/14,12.77,34,2014,No Holiday,1,0,53.6,1
1453,2053,2,BURGER,10/27/12,12.42,38,2012,No Holiday,1,0,50.0,1
1461,2053,2,BURGER,10/27/13,10.45,46,2013,No Holiday,1,0,57.2,1
1469,2053,2,BURGER,10/27/14,12.77,46,2014,No Holiday,0,0,53.6,1
1477,2053,2,BURGER,10/28/12,12.42,36,2012,No Holiday,1,0,51.8,1
1485,2053,2,BURGER,10/28/13,10.45,58,2013,No Holiday,0,0,53.6,1
1493,2053,2,BURGER,10/28/14,12.77,50,2014,No Holiday,0,0,51.8,1
1501,2053,2,BURGER,10/29/12,12.42,46,2012,No Holiday,0,0,53.6,1
1509,2053,2,BURGER,10/29/13,10.45,56,2013,No Holiday,0,0,46.4,1
1517,2053,2,BURGER,10/29/14,12.77,44,2014,No Holiday,0,0,48.2,1
1525,2053,2,BURGER,10/3/12,12.42,32,2012,National Day,0,0,57.2,1
1533,2053,2,BURGER,10/3/13,10.45,44,2013,National Day,0,0,66.2,1
1541,2053,2,BURGER,10/3/14,12.77,28,2014,National Day,0,0,60.8,1
1549,2053,2,BURGER,10/30/12,12.42,50,2012,No Holiday,0,0,53.6,1
1557,2053,2,BURGER,10/30/13,10.45,64,2013,No Holiday,0,0,44.6,1
1565,2053,2,BURGER,10/30/14,12.77,46,2014,No Holiday,0,0,50.0,1
1573,2053,2,BURGER,10/31/12,12.42,52,2012,No Holiday,0,0,53.6,1
1581,2053,2,BURGER,10/31/13,10.45,64,2013,No Holiday,0,0,44.6,1
1589,2053,2,BURGER,10/31/14,12.77,46,2014,No Holiday,0,0,48.2,1
1597,2053,2,BURGER,10/4/12,12.42,36,2012,National Day,0,0,60.8,1
1605,2053,2,BURGER,10/4/13,10.45,46,2013,National Day,0,0,66.2,1
1613,2053,2,BURGER,10/4/14,12.77,28,2014,National Day,1,0,64.4,1
1621,2053,2,BURGER,10/5/12,12.42,32,2012,National Day,0,0,62.6,1
1629,2053,2,BURGER,10/5/13,10.45,34,2013,National Day,1,0,62.6,1
1637,2053,2,BURGER,10/5/14,12.77,28,2014,National Day,1,0,64.4,1
1645,2053,2,BURGER,10/6/12,12.42,22,2012,National Day,1,0,62.6,1
1653,2053,2,BURGER,10/6/13,10.45,34,2013,National Day,1,0,64.4,1
1661,2053,2,BURGER,10/6/14,12.77,28,2014,National Day,0,0,62.6,1
1669,2053,2,BURGER,10/7/12,12.42,28,2012,National Day,1,0,64.4,1
1677,2053,2,BURGER,10/7/13,10.45,40,2013,National Day,0,0,64.4,1
1685,2053,2,BURGER,10/7/14,12.77,34,2014,National Day,0,0,64.4,0
1693,2053,2,BURGER,10/8/12,12.42,50,2012,No Holiday,0,0,66.2,1
1701,2053,2,BURGER,10/8/13,10.45,62,2013,No Holiday,0,0,66.2,1
1709,2053,2,BURGER,10/8/14,12.77,58,2014,No Holiday,0,0,62.6,0
1717,2053,2,BURGER,10/9/12,12.42,52,2012,No Holiday,0,0,66.2,1
1725,2053,2,BURGER,10/9/13,10.45,56,2013,No Holiday,0,0,60.8,1
1733,2053,2,BURGER,10/9/14,12.77,50,2014,No Holiday,0,0,66.2,1
1741,2053,2,BURGER,11/1/12,12.42,50,2012,No Holiday,0,0,51.8,1
1749,2053,2,BURGER,11/1/13,10.45,58,2013,No Holiday,0,0,48.2,1
1757,2053,2,BURGER,11/1/14,12.77,36,2014,No Holiday,1,0,46.4,1
1765,2053,2,BURGER,11/10/12,12.42,32,2012,No Holiday,1,0,48.2,1
1773,2053,2,BURGER,11/10/13,10.45,44,2013,No Holiday,1,0,35.6,1
1781,2053,2,BURGER,11/10/14,12.77,44,2014,No Holiday,0,0,42.8,1
1789,2053,2,BURGER,11/11/12,12.42,32,2012,No Holiday,1,0,50.0,1
1797,2053,2,BURGER,11/11/13,10.45,56,2013,No Holiday,0,0,35.6,1
1805,2053,2,BURGER,11/11/14,12.77,50,2014,No Holiday,0,0,44.6,1
1813,2053,2,BURGER,11/12/12,12.42,44,2012,No Holiday,0,0,46.4,1
1821,2053,2,BURGER,11/12/13,10.45,60,2013,No Holiday,0,0,37.4,1
1829,2053,2,BURGER,11/12/14,12.77,42,2014,No Holiday,0,0,44.6,1
1837,2053,2,BURGER,11/13/12,12.42,50,2012,No Holiday,0,0,42.8,1
1845,2053,2,BURGER,11/13/13,10.45,62,2013,No Holiday,0,0,35.6,1
1853,2053,2,BURGER,11/13/14,12.77,42,2014,No Holiday,0,0,46.4,1
1861,2053,2,BURGER,11/14/12,12.42,44,2012,No Holiday,0,0,44.6,1
1869,2053,2,BURGER,11/14/13,10.45,64,2013,No Holiday,0,0,37.4,1
1877,2053,2,BURGER,11/14/14,12.77,46,2014,No Holiday,0,0,44.6,1
1885,2053,2,BURGER,11/15/12,12.42,48,2012,No Holiday,0,0,44.6,1
1893,2053,2,BURGER,11/15/13,10.45,64,2013,No Holiday,0,0,39.2,1
1901,2053,2,BURGER,11/15/14,12.77,30,2014,No Holiday,1,0,48.2,1
1909,2053,2,BURGER,11/16/12,12.42,44,2012,No Holiday,0,0,46.4,1
1917,2053,2,BURGER,11/16/13,10.45,44,2013,No Holiday,1,0,39.2,1
1925,2053,2,BURGER,11/16/14,12.77,34,2014,No Holiday,1,0,42.8,1
1933,2053,2,BURGER,11/17/12,12.42,34,2012,No Holiday,1,0,41.0,1
1941,2053,2,BURGER,11/17/13,10.45,42,2013,No Holiday,1,0,39.2,1
1949,2053,2,BURGER,11/17/14,12.77,42,2014,No Holiday,0,0,39.2,1
1957,2053,2,BURGER,11/18/12,12.42,30,2012,No Holiday,1,0,44.6,1
1965,2053,2,BURGER,11/18/13,10.45,64,2013,No Holiday,0,0,42.8,1
1973,2053,2,BURGER,11/18/14,12.77,42,2014,No Holiday,0,0,39.2,1
1981,2053,2,BURGER,11/19/12,12.42,48,2012,No Holiday,0,0,37.4,1
1989,2053,2,BURGER,11/19/13,10.45,60,2013,No Holiday,0,0,39.2,1
