Model comparasions/processedDataSets/Combined_Data.csv
,SELL_ID,SELL_CATEGORY,ITEM_NAME,CALENDAR_DATE,PRICE,QUANTITY,YEAR,HOLIDAY,IS_WEEKEND,IS_SCHOOLBREAK,AVERAGE_TEMPERATURE,IS_OUTDOOR
1997,2053,2,BURGER,11/19/14,12.77,48,2014,No Holiday,0,0,39.2,1
2005,2053,2,BURGER,11/2/12,12.42,48,2012,No Holiday,0,0,53.6,1
2013,2053,2,BURGER,11/2/13,10.45,42,2013,No Holiday,1,0,50.0,1
2021,2053,2,BURGER,11/2/14,12.77,32,2014,No Holiday,1,0,51.8,1
2029,2053,2,BURGER,11/20/12,12.42,44,2012,No Holiday,0,0,37.4,1
2037,2053,2,BURGER,11/20/13,10.45,58,2013,No Holiday,0,0,39.2,1
2045,2053,2,BURGER,11/20/14,12.77,50,2014,No Holiday,0,0,39.2,1
2053,2053,2,BURGER,11/21/12,12.42,48,2012,No Holiday,0,0,41.0,1
2061,2053,2,BURGER,11/21/13,10.45,64,2013,No Holiday,0,0,41.0,1
2069,2053,2,BURGER,11/21/14,12.77,44,2014,No Holiday,0,0,39.2,1
2077,2053,2,BURGER,11/22/12,12.42,48,2012,No Holiday,0,0,39.2,1
2085,2053,2,BURGER,11/22/13,10.45,64,2013,No Holiday,0,0,35.6,1
2093,2053,2,BURGER,11/22/14,12.77,36,2014,No Holiday,1,0,41.0,1
2101,2053,2,BURGER,11/23/12,12.42,50,2012,No Holiday,0,0,33.8,1
2109,2053,2,BURGER,11/23/13,10.45,44,2013,No Holiday,1,0,32.0,1
2117,2053,2,BURGER,11/23/14,12.77,32,2014,No Holiday,1,0,44.6,1
2125,2053,2,BURGER,11/24/12,12.42,32,2012,No Holiday,1,0,35.6,1
2133,2053,2,BURGER,11/24/13,10.45,42,2013,No Holiday,1,0,35.6,1
2141,2053,2,BURGER,11/24/14,12.77,46,2014,No Holiday,0,0,39.2,1
2149,2053,2,BURGER,11/25/12,12.42,36,2012,No Holiday,1,0,37.4,1
2157,2053,2,BURGER,11/25/13,10.45,58,2013,No Holiday,0,0,37.4,1
2165,2053,2,BURGER,11/25/14,12.77,46,2014,No Holiday,0,0,35.6,1
2173,2053,2,BURGER,11/26/12,12.42,48,2012,No Holiday,0,0,39.2,1
2181,2053,2,BURGER,11/26/13,10.45,64,2013,No Holiday,0,0,33.8,1
2189,2053,2,BURGER,11/26/14,12.77,42,2014,No Holiday,0,0,33.8,1
2197,2053,2,BURGER,11/27/12,12.42,44,2012,No Holiday,0,0,37.4,1
2205,2053,2,BURGER,11/27/13,10.45,60,2013,No Holiday,0,0,35.6,1
2213,2053,2,BURGER,11/27/14,12.77,46,2014,No Holiday,0,0,28.4,1
2221,2053,2,BURGER,11/28/12,12.42,44,2012,No Holiday,0,0,35.6,1
2229,2053,2,BURGER,11/28/13,10.45,72,2013,No Holiday,0,0,32.0,0
2237,2053,2,BURGER,11/28/14,12.77,48,2014,No Holiday,0,0,33.8,1
2245,2053,2,BURGER,11/29/12,12.42,44,2012,No Holiday,0,0,32.0,1
2253,2053,2,BURGER,11/29/13,10.45,58,2013,No Holiday,0,0,32.0,1
2261,2053,2,BURGER,11/29/14,12.77,28,2014,No Holiday,1,0,41.0,1
2269,2053,2,BURGER,11/3/12,12.42,30,2012,No Holiday,1,0,51.8,1
2277,2053,2,BURGER,11/3/13,10.45,44,2013,No Holiday,1,0,41.0,1
2285,2053,2,BURGER,11/3/14,12.77,48,2014,No Holiday,0,0,50.0,1
2293,2053,2,BURGER,11/30/12,12.42,48,2012,No Holiday,0,0,32.0,1
2301,2053,2,BURGER,11/30/13,10.45,46,2013,No Holiday,1,0,28.4,0
2309,2053,2,BURGER,11/30/14,12.77,30,2014,No Holiday,1,0,37.4,1
2317,2053,2,BURGER,11/4/12,12.42,38,2012,No Holiday,1,0,51.8,1
2325,2053,2,BURGER,11/4/13,10.45,64,2013,No Holiday,0,0,35.6,1
2333,2053,2,BURGER,11/4/14,12.77,46,2014,No Holiday,0,0,51.8,1
2341,2053,2,BURGER,11/5/12,12.42,52,2012,No Holiday,0,0,53.6,1
2349,2053,2,BURGER,11/5/13,10.45,58,2013,No Holiday,0,0,39.2,1
2357,2053,2,BURGER,11/5/14,12.77,48,2014,No Holiday,0,0,50.0,1
2365,2053,2,BURGER,11/6/12,12.42,48,2012,No Holiday,0,0,51.8,1
2373,2053,2,BURGER,11/6/13,10.45,60,2013,No Holiday,0,0,41.0,1
2381,2053,2,BURGER,11/6/14,12.77,50,2014,No Holiday,0,0,50.0,1
2389,2053,2,BURGER,11/7/12,12.42,52,2012,No Holiday,0,0,50.0,1
2397,2053,2,BURGER,11/7/13,10.45,62,2013,No Holiday,0,0,41.0,1
2405,2053,2,BURGER,11/7/14,12.77,46,2014,No Holiday,0,0,48.2,1
2413,2053,2,BURGER,11/8/12,12.42,48,2012,No Holiday,0,0,46.4,1
2421,2053,2,BURGER,11/8/13,10.45,58,2013,No Holiday,0,0,42.8,1
2429,2053,2,BURGER,11/8/14,12.77,34,2014,No Holiday,1,0,48.2,1
2437,2053,2,BURGER,11/9/12,12.42,44,2012,No Holiday,0,0,46.4,1
2445,2053,2,BURGER,11/9/13,10.45,38,2013,No Holiday,1,0,42.8,1
2453,2053,2,BURGER,11/9/14,12.77,34,2014,No Holiday,1,0,46.4,1
2461,2053,2,BURGER,12/1/12,12.42,32,2012,No Holiday,1,0,33.8,1
2469,2053,2,BURGER,12/1/13,10.45,52,2013,No Holiday,1,0,28.4,0
2477,2053,2,BURGER,12/1/14,12.77,42,2014,No Holiday,0,0,39.2,1
2485,2053,2,BURGER,12/10/12,12.42,52,2012,No Holiday,0,0,32.0,1
2493,2053,2,BURGER,12/10/13,10.45,74,2013,No Holiday,0,0,24.8,0
2501,2053,2,BURGER,12/10/14,12.77,48,2014,No Holiday,0,0,33.8,1
2509,2053,2,BURGER,12/11/12,12.42,50,2012,No Holiday,0,0,33.8,1
2517,2053,2,BURGER,12/11/13,10.45,70,2013,No Holiday,0,0,26.6,0
2525,2053,2,BURGER,12/11/14,12.77,42,2014,No Holiday,0,0,33.8,1
2533,2053,2,BURGER,12/12/12,12.42,50,2012,No Holiday,0,0,35.6,1
2541,2053,2,BURGER,12/12/13,10.45,64,2013,No Holiday,0,0,30.2,1
2549,2053,2,BURGER,12/12/14,12.77,58,2014,No Holiday,0,0,30.2,0
2557,2053,2,BURGER,12/13/12,12.42,46,2012,No Holiday,0,0,32.0,1
2565,2053,2,BURGER,12/13/13,10.45,56,2013,No Holiday,0,0,30.2,1
2573,2053,2,BURGER,12/13/14,12.77,30,2014,No Holiday,1,0,32.0,1
2581,2053,2,BURGER,12/14/12,12.42,52,2012,No Holiday,0,0,28.4,0
2589,2053,2,BURGER,12/14/13,10.45,40,2013,No Holiday,1,0,30.2,1
2597,2053,2,BURGER,12/14/14,12.77,36,2014,No Holiday,1,0,32.0,0
2605,2053,2,BURGER,12/15/12,12.42,38,2012,No Holiday,1,0,24.8,0
2613,2053,2,BURGER,12/15/13,10.45,44,2013,No Holiday,1,0,32.0,1
2621,2053,2,BURGER,12/15/14,12.77,46,2014,No Holiday,0,0,32.0,1
2629,2053,2,BURGER,12/16/12,12.42,44,2012,No Holiday,1,0,26.6,0
2637,2053,2,BURGER,12/16/13,10.45,64,2013,No Holiday,0,0,32.0,1
2645,2053,2,BURGER,12/16/14,10.81,54,2014,No Holiday,0,0,30.2,1
2653,2053,2,BURGER,12/17/12,12.42,52,2012,No Holiday,0,0,26.6,0
2661,2053,2,BURGER,12/17/13,10.45,72,2013,No Holiday,0,0,23.0,0
2669,2053,2,BURGER,12/17/14,10.81,70,2014,No Holiday,0,0,28.4,0
2677,2053,2,BURGER,12/18/12,12.42,58,2012,No Holiday,0,0,28.4,0
2685,2053,2,BURGER,12/18/13,10.45,70,2013,No Holiday,0,0,26.6,0
2693,2053,2,BURGER,12/18/14,10.81,68,2014,No Holiday,0,0,28.4,0
2701,2053,2,BURGER,12/19/12,12.42,46,2012,No Holiday,0,0,30.2,1
2709,2053,2,BURGER,12/19/13,10.45,74,2013,No Holiday,0,0,26.6,0
2717,2053,2,BURGER,12/19/14,10.81,72,2014,No Holiday,0,0,26.6,0
2725,2053,2,BURGER,12/2/12,12.42,36,2012,No Holiday,1,0,32.0,1
2733,2053,2,BURGER,12/2/13,10.45,60,2013,No Holiday,0,0,30.2,1
2741,2053,2,BURGER,12/2/14,12.77,50,2014,No Holiday,0,0,41.0,1
2749,2053,2,BURGER,12/20/12,12.42,44,2012,No Holiday,0,0,30.2,1
2757,2053,2,BURGER,12/20/13,10.45,62,2013,No Holiday,0,0,26.6,1
2765,2053,2,BURGER,12/20/14,10.81,48,2014,No Holiday,1,0,28.4,0
2773,2053,2,BURGER,12/21/12,12.42,58,2012,No Holiday,0,0,28.4,0
2781,2053,2,BURGER,12/21/13,12.37,38,2013,No Holiday,1,0,24.8,0
2789,2053,2,BURGER,12/21/14,10.81,52,2014,No Holiday,1,0,28.4,0
2797,2053,2,BURGER,12/22/12,12.42,38,2012,No Holiday,1,0,28.4,0
2805,2053,2,BURGER,12/22/13,12.37,38,2013,No Holiday,1,0,32.0,1
2813,2053,2,BURGER,12/22/14,10.81,66,2014,No Holiday,0,0,30.2,0
2821,2053,2,BURGER,12/23/12,12.42,38,2012,No Holiday,1,0,30.2,1
2829,2053,2,BURGER,12/23/13,12.37,58,2013,No Holiday,0,0,14.0,0
2837,2053,2,BURGER,12/23/14,10.81,64,2014,No Holiday,0,0,30.2,0
2845,2053,2,BURGER,12/24/12,12.42,56,2012,No Holiday,0,0,30.2,0
2853,2053,2,BURGER,12/24/13,12.37,54,2013,No Holiday,0,0,21.2,0
2861,2053,2,BURGER,12/24/14,10.81,70,2014,No Holiday,0,0,30.2,0
2869,2053,2,BURGER,12/25/12,12.42,58,2012,No Holiday,0,0,30.2,0
2877,2053,2,BURGER,12/25/13,12.37,52,2013,No Holiday,0,0,21.2,0
2885,2053,2,BURGER,12/25/14,10.81,60,2014,No Holiday,0,0,32.0,1
2893,2053,2,BURGER,12/26/12,12.42,48,2012,No Holiday,0,0,30.2,1
2901,2053,2,BURGER,12/26/13,12.37,60,2013,No Holiday,0,0,21.2,0
2909,2053,2,BURGER,12/26/14,10.81,70,2014,No Holiday,0,0,26.6,0
2917,2053,2,BURGER,12/27/12,13.41,42,2012,No Holiday,0,0,30.2,1
2925,2053,2,BURGER,12/27/13,12.37,58,2013,No Holiday,0,0,21.2,0
2933,2053,2,BURGER,12/27/14,10.81,44,2014,No Holiday,1,0,28.4,0
2941,2053,2,BURGER,12/28/12,13.41,52,2012,No Holiday,0,0,30.2,0
2949,2053,2,BURGER,12/28/13,12.37,44,2013,No Holiday,1,0,21.2,0
2957,2053,2,BURGER,12/28/14,10.81,50,2014,No Holiday,1,0,28.4,0
2965,2053,2,BURGER,12/29/12,13.41,32,2012,No Holiday,1,0,26.6,1
2973,2053,2,BURGER,12/29/13,12.37,44,2013,No Holiday,1,0,21.2,0
2981,2053,2,BURGER,12/29/14,10.81,64,2014,No Holiday,0,0,32.0,0
2989,2053,2,BURGER,12/3/12,12.42,48,2012,No Holiday,0,0,32.0,1
2997,2053,2,BURGER,12/3/13,10.45,66,2013,No Holiday,0,0,28.4,0
3005,2053,2,BURGER,12/3/14,12.77,44,2014,No Holiday,0,0,42.8,1
3013,2053,2,BURGER,12/30/12,13.41,28,2012,No Holiday,1,0,28.4,1
3021,2053,2,BURGER,12/30/13,12.37,56,2013,No Holiday,0,0,21.2,0
3029,2053,2,BURGER,12/30/14,10.81,52,2014,No Holiday,0,0,33.8,1
3037,2053,2,BURGER,12/31/12,13.41,54,2012,No Holiday,0,0,30.2,0
3045,2053,2,BURGER,12/31/13,12.37,58,2013,No Holiday,0,0,21.2,0
3053,2053,2,BURGER,12/31/14,10.81,56,2014,No Holiday,0,0,35.6,1
3061,2053,2,BURGER,12/4/12,12.42,44,2012,No Holiday,0,0,33.8,1
3069,2053,2,BURGER,12/4/13,10.45,60,2013,No Holiday,0,0,28.4,1
3077,2053,2,BURGER,12/4/14,12.77,48,2014,No Holiday,0,0,42.8,1
3085,2053,2,BURGER,12/5/12,12.42,50,2012,No Holiday,0,0,32.0,1
3093,2053,2,BURGER,12/5/13,10.45,74,2013,No Holiday,0,0,23.0,0
3101,2053,2,BURGER,12/5/14,12.77,44,2014,No Holiday,0,0,39.2,1
3109,2053,2,BURGER,12/6/12,12.42,44,2012,No Holiday,0,0,32.0,1
3117,2053,2,BURGER,12/6/13,10.45,74,2013,No Holiday,0,0,24.8,0
3125,2053,2,BURGER,12/6/14,12.77,30,2014,No Holiday,1,0,39.2,1
3133,2053,2,BURGER,12/7/12,12.42,58,2012,No Holiday,0,0,30.2,0
3141,2053,2,BURGER,12/7/13,10.45,46,2013,No Holiday,1,0,23.0,0
3149,2053,2,BURGER,12/7/14,12.77,28,2014,No Holiday,1,0,39.2,1
3157,2053,2,BURGER,12/8/12,12.42,44,2012,No Holiday,1,0,24.8,0
3165,2053,2,BURGER,12/8/13,10.45,52,2013,No Holiday,1,0,21.2,0
3173,2053,2,BURGER,12/8/14,12.77,50,2014,No Holiday,0,0,39.2,1
3181,2053,2,BURGER,12/9/12,12.42,38,2012,No Holiday,1,0,28.4,1
3189,2053,2,BURGER,12/9/13,10.45,72,2013,No Holiday,0,0,26.6,0
3197,2053,2,BURGER,12/9/14,12.77,46,2014,No Holiday,0,0,33.8,1
3205,2053,2,BURGER,2/1/12,12.6,48,2012,No Holiday,0,0,32.0,1
3213,2053,2,BURGER,2/1/13,13.41,50,2013,No Holiday,0,1,19.4,0
3221,2053,2,BURGER,2/1/14,12.37,36,2014,No Holiday,1,1,28.4,0
3229,2053,2,BURGER,2/1/15,10.81,24,2015,Luner New Year,1,1,35.6,1
3237,2053,2,BURGER,2/10/12,12.6,44,2012,No Holiday,0,0,32.0,1
3245,2053,2,BURGER,2/10/13,13.41,34,2013,No Holiday,1,0,28.4,0
3253,2053,2,BURGER,2/10/14,12.37,42,2014,Luner New Year,0,1,26.6,0
3261,2053,2,BURGER,2/10/15,10.81,68,2015,No Holiday,0,1,23.0,0
3269,2053,2,BURGER,2/11/12,12.6,40,2012,No Holiday,1,0,24.8,0
3277,2053,2,BURGER,2/11/13,13.41,50,2013,No Holiday,0,0,32.0,0
3285,2053,2,BURGER,2/11/14,12.37,44,2014,Luner New Year,0,1,26.6,0
3293,2053,2,BURGER,2/11/15,10.81,66,2015,No Holiday,0,1,24.8,0
3301,2053,2,BURGER,2/12/12,12.6,34,2012,No Holiday,1,0,24.8,0
3309,2053,2,BURGER,2/12/13,13.41,44,2013,No Holiday,0,0,32.0,1
3317,2053,2,BURGER,2/12/14,12.37,40,2014,Luner New Year,0,1,28.4,0
3325,2053,2,BURGER,2/12/15,10.81,66,2015,No Holiday,0,1,28.4,0
3333,2053,2,BURGER,2/13/12,12.6,46,2012,No Holiday,0,0,32.0,1
3341,2053,2,BURGER,2/13/13,13.41,44,2013,No Holiday,0,0,33.8,1
3349,2053,2,BURGER,2/13/14,12.37,38,2014,Luner New Year,0,1,33.8,1
3357,2053,2,BURGER,2/13/15,10.81,66,2015,No Holiday,0,1,26.6,0
3365,2053,2,BURGER,2/14/12,12.6,44,2012,No Holiday,0,0,32.0,1
3373,2053,2,BURGER,2/14/13,13.41,46,2013,No Holiday,0,0,30.2,0
3381,2053,2,BURGER,2/14/14,12.37,38,2014,Luner New Year,0,1,30.2,0
3389,2053,2,BURGER,2/14/15,10.81,38,2015,No Holiday,1,1,30.2,1
3397,2053,2,BURGER,2/15/12,12.6,48,2012,No Holiday,0,0,32.0,1
3405,2053,2,BURGER,2/15/13,13.41,42,2013,No Holiday,0,0,32.0,1
3413,2053,2,BURGER,2/15/14,12.37,32,2014,Luner New Year,1,1,30.2,0
3421,2053,2,BURGER,2/15/15,10.81,38,2015,No Holiday,1,1,32.0,1
3429,2053,2,BURGER,2/16/12,12.6,42,2012,No Holiday,0,0,32.0,1
3437,2053,2,BURGER,2/16/13,13.41,32,2013,No Holiday,1,0,28.4,0
3445,2053,2,BURGER,2/16/14,12.37,32,2014,No Holiday,1,1,32.0,1
3453,2053,2,BURGER,2/16/15,10.81,56,2015,No Holiday,0,1,32.0,1
3461,2053,2,BURGER,2/17/12,12.6,42,2012,No Holiday,0,0,32.0,1
3469,2053,2,BURGER,2/17/13,13.41,36,2013,No Holiday,1,0,28.4,0
3477,2053,2,BURGER,2/17/14,12.37,48,2014,No Holiday,0,1,33.8,1
3485,2053,2,BURGER,2/17/15,10.81,60,2015,No Holiday,0,0,32.0,1
3493,2053,2,BURGER,2/18/12,12.6,30,2012,No Holiday,1,0,32.0,1
3501,2053,2,BURGER,2/18/13,13.41,52,2013,No Holiday,0,0,30.2,0
3509,2053,2,BURGER,2/18/14,12.37,56,2014,No Holiday,0,1,28.4,0
3517,2053,2,BURGER,2/18/15,10.81,60,2015,No Holiday,0,0,30.2,1
3525,2053,2,BURGER,2/19/12,12.6,28,2012,No Holiday,1,0,37.4,1
3533,2053,2,BURGER,2/19/13,13.41,42,2013,No Holiday,0,0,32.0,1
3541,2053,2,BURGER,2/19/14,12.37,56,2014,No Holiday,0,1,28.4,0
3549,2053,2,BURGER,2/19/15,10.81,52,2015,No Holiday,0,0,32.0,1
3557,2053,2,BURGER,2/2/12,12.6,34,2012,Luner New Year,0,0,32.0,1
3565,2053,2,BURGER,2/2/13,13.41,40,2013,No Holiday,1,1,21.2,0
3573,2053,2,BURGER,2/2/14,12.37,44,2014,No Holiday,1,1,28.4,0
3581,2053,2,BURGER,2/2/15,10.81,42,2015,Luner New Year,0,1,35.6,1
3589,2053,2,BURGER,2/20/12,12.6,44,2012,No Holiday,0,0,37.4,1
3597,2053,2,BURGER,2/20/13,13.41,44,2013,No Holiday,0,0,35.6,1
3605,2053,2,BURGER,2/20/14,12.37,60,2014,No Holiday,0,0,30.2,0
3613,2053,2,BURGER,2/20/15,10.81,52,2015,No Holiday,0,0,32.0,1
3621,2053,2,BURGER,2/21/12,12.6,44,2012,No Holiday,0,0,39.2,1
3629,2053,2,BURGER,2/21/13,13.41,40,2013,No Holiday,0,0,33.8,1
3637,2053,2,BURGER,2/21/14,12.37,44,2014,No Holiday,0,0,33.8,1
3645,2053,2,BURGER,2/21/15,10.81,40,2015,No Holiday,1,0,32.0,1
3653,2053,2,BURGER,2/22/12,12.6,44,2012,No Holiday,0,0,39.2,1
3661,2053,2,BURGER,2/22/13,13.41,46,2013,No Holiday,0,0,35.6,1
3669,2053,2,BURGER,2/22/14,12.37,34,2014,No Holiday,1,0,33.8,1
3677,2053,2,BURGER,2/22/15,10.81,42,2015,No Holiday,1,0,35.6,1
3685,2053,2,BURGER,2/23/12,12.6,46,2012,No Holiday,0,0,42.8,1
3693,2053,2,BURGER,2/23/13,13.41,26,2013,No Holiday,1,0,33.8,1
3701,2053,2,BURGER,2/23/14,12.37,34,2014,No Holiday,1,0,37.4,1
3709,2053,2,BURGER,2/23/15,10.81,52,2015,No Holiday,0,0,33.8,1
3717,2053,2,BURGER,2/24/12,12.6,46,2012,No Holiday,0,0,39.2,1
3725,2053,2,BURGER,2/24/13,13.41,28,2013,No Holiday,1,0,32.0,1
3733,2053,2,BURGER,2/24/14,12.37,44,2014,No Holiday,0,0,33.8,1
3741,2053,2,BURGER,2/24/15,10.81,58,2015,No Holiday,0,0,39.2,1
3749,2053,2,BURGER,2/25/12,12.6,36,2012,No Holiday,1,0,37.4,1
3757,2053,2,BURGER,2/25/13,13.41,38,2013,No Holiday,0,0,32.0,1
3765,2053,2,BURGER,2/25/14,12.37,44,2014,No Holiday,0,0,28.4,1
3773,2053,2,BURGER,2/25/15,10.81,56,2015,No Holiday,0,0,41.0,1
3781,2053,2,BURGER,2/26/12,12.6,30,2012,No Holiday,1,0,32.0,1
3789,2053,2,BURGER,2/26/13,13.41,42,2013,No Holiday,0,0,32.0,1
3797,2053,2,BURGER,2/26/14,12.37,50,2014,No Holiday,0,0,37.4,1
3805,2053,2,BURGER,2/26/15,10.81,56,2015,No Holiday,0,0,41.0,1
3813,2053,2,BURGER,2/27/12,12.6,50,2012,No Holiday,0,0,30.2,1
3821,2053,2,BURGER,2/27/13,13.41,42,2013,No Holiday,0,0,35.6,1
3829,2053,2,BURGER,2/27/14,12.37,52,2014,No Holiday,0,0,42.8,1
3837,2053,2,BURGER,2/27/15,10.81,60,2015,No Holiday,0,0,37.4,1
3845,2053,2,BURGER,2/28/12,12.6,42,2012,No Holiday,0,0,33.8,1
3853,2053,2,BURGER,2/28/13,13.41,44,2013,No Holiday,0,0,35.6,1
3861,2053,2,BURGER,2/28/14,12.37,52,2014,No Holiday,0,0,41.0,1
3869,2053,2,BURGER,2/28/15,10.81,42,2015,No Holiday,1,0,33.8,1
3877,2053,2,BURGER,2/3/12,12.6,32,2012,Luner New Year,0,0,32.0,1
3885,2053,2,BURGER,2/3/13,13.41,36,2013,No Holiday,1,1,26.6,0
3893,2053,2,BURGER,2/3/14,12.37,44,2014,No Holiday,0,1,28.4,1
3901,2053,2,BURGER,2/3/15,10.81,52,2015,Luner New Year,0,1,26.6,0
3909,2053,2,BURGER,2/4/12,12.6,20,2012,Luner New Year,1,0,32.0,1
3917,2053,2,BURGER,2/4/13,13.41,54,2013,No Holiday,0,1,30.2,0
3925,2053,2,BURGER,2/4/14,12.37,56,2014,No Holiday,0,1,28.4,0
3933,2053,2,BURGER,2/4/15,10.81,52,2015,Luner New Year,0,1,26.6,0
3941,2053,2,BURGER,2/5/12,12.6,28,2012,Luner New Year,1,0,32.0,1
3949,2053,2,BURGER,2/5/13,13.41,52,2013,No Holiday,0,1,30.2,0
3957,2053,2,BURGER,2/5/14,12.37,54,2014,No Holiday,0,1,28.4,0
3965,2053,2,BURGER,2/5/15,10.81,44,2015,Luner New Year,0,1,28.4,1
3973,2053,2,BURGER,2/6/12,12.6,32,2012,Luner New Year,0,0,32.0,1
3981,2053,2,BURGER,2/6/13,13.41,50,2013,No Holiday,0,1,19.4,0
3989,2053,2,BURGER,2/6/14,12.37,54,2014,No Holiday,0,1,24.8,0
3997,2053,2,BURGER,2/6/15,10.81,40,2015,Luner New Year,0,1,28.4,1
4005,2053,2,BURGER,2/7/12,12.6,30,2012,Luner New Year,0,0,32.0,1
4013,2053,2,BURGER,2/7/13,13.41,50,2013,No Holiday,0,0,23.0,0
4021,2053,2,BURGER,2/7/14,12.37,60,2014,No Holiday,0,1,19.4,0
4029,2053,2,BURGER,2/7/15,10.81,42,2015,No Holiday,1,1,26.6,1
4037,2053,2,BURGER,2/8/12,12.6,30,2012,Luner New Year,0,0,32.0,1
4045,2053,2,BURGER,2/8/13,13.41,50,2013,No Holiday,0,0,26.6,0
4053,2053,2,BURGER,2/8/14,12.37,44,2014,No Holiday,1,1,23.0,0
4061,2053,2,BURGER,2/8/15,10.81,52,2015,No Holiday,1,1,24.8,0
4069,2053,2,BURGER,2/9/12,12.6,42,2012,No Holiday,0,0,32.0,1
4077,2053,2,BURGER,2/9/13,13.41,36,2013,No Holiday,1,0,28.4,0
4085,2053,2,BURGER,2/9/14,12.37,28,2014,Luner New Year,1,1,26.6,0
4093,2053,2,BURGER,2/9/15,10.81,70,2015,No Holiday,0,1,21.2,0
4101,2053,2,BURGER,3/1/12,12.6,50,2012,No Holiday,0,0,33.8,1
4124,2053,2,BURGER,3/1/13,13.13,50,2013,No Holiday,0,0,39.2,1
4125,2053,2,BURGER,3/1/13,13.13,50,2013,No Holiday,0,0,32.0,1
4126,2053,2,BURGER,3/1/13,13.41,80,2013,No Holiday,0,0,39.2,1
4127,2053,2,BURGER,3/1/13,13.41,80,2013,No Holiday,0,0,32.0,1
4141,2053,2,BURGER,3/1/14,12.37,36,2014,No Holiday,1,0,33.8,1
4149,2053,2,BURGER,3/1/15,10.81,40,2015,No Holiday,1,0,39.2,1
4157,2053,2,BURGER,3/10/12,12.6,28,2012,No Holiday,1,0,46.4,1
4165,2053,2,BURGER,3/10/13,13.41,26,2013,No Holiday,1,0,33.8,1
4173,2053,2,BURGER,3/10/14,12.37,48,2014,No Holiday,0,0,39.2,1
4181,2053,2,BURGER,3/10/15,10.81,52,2015,No Holiday,0,0,42.8,1
4189,2053,2,BURGER,3/11/12,12.6,34,2012,No Holiday,1,0,50.0,1
4197,2053,2,BURGER,3/11/13,13.41,50,2013,No Holiday,0,0,32.0,0
4205,2053,2,BURGER,3/11/14,12.37,48,2014,No Holiday,0,0,46.4,1
4213,2053,2,BURGER,3/11/15,10.81,56,2015,No Holiday,0,0,44.6,1
4221,2053,2,BURGER,3/12/12,12.6,50,2012,No Holiday,0,0,55.4,1
4229,2053,2,BURGER,3/12/13,13.41,38,2013,No Holiday,0,0,37.4,1
4237,2053,2,BURGER,3/12/14,12.37,48,2014,No Holiday,0,0,39.2,1
