Model comparasions/processedDataSets/Combined_Data.csv
,SELL_ID,SELL_CATEGORY,ITEM_NAME,CALENDAR_DATE,PRICE,QUANTITY,YEAR,HOLIDAY,IS_WEEKEND,IS_SCHOOLBREAK,AVERAGE_TEMPERATURE,IS_OUTDOOR
4245,2053,2,BURGER,3/12/15,10.81,60,2015,No Holiday,0,0,39.2,1
4253,2053,2,BURGER,3/13/12,12.6,44,2012,No Holiday,0,0,50.0,1
4261,2053,2,BURGER,3/13/13,13.41,44,2013,No Holiday,0,0,42.8,1
4269,2053,2,BURGER,3/13/14,12.37,50,2014,No Holiday,0,0,37.4,1
4277,2053,2,BURGER,3/13/15,10.81,52,2015,No Holiday,0,0,46.4,1
4285,2053,2,BURGER,3/14/12,12.6,42,2012,No Holiday,0,0,41.0,1
4293,2053,2,BURGER,3/14/13,13.41,40,2013,No Holiday,0,0,42.8,1
4301,2053,2,BURGER,3/14/14,12.37,46,2014,No Holiday,0,0,41.0,1
4309,2053,2,BURGER,3/14/15,10.81,36,2015,No Holiday,1,0,48.2,1
4317,2053,2,BURGER,3/15/12,12.6,46,2012,No Holiday,0,0,37.4,1
4325,2053,2,BURGER,3/15/13,13.41,38,2013,No Holiday,0,0,44.6,1
4333,2053,2,BURGER,3/15/14,12.37,34,2014,No Holiday,1,0,46.4,1
4341,2053,2,BURGER,3/15/15,10.81,38,2015,No Holiday,1,0,53.6,1
4349,2053,2,BURGER,3/16/12,12.6,46,2012,No Holiday,0,0,42.8,1
4357,2053,2,BURGER,3/16/13,13.41,28,2013,No Holiday,1,0,48.2,1
4365,2053,2,BURGER,3/16/14,12.37,38,2014,No Holiday,1,0,48.2,1
4373,2053,2,BURGER,3/16/15,10.81,52,2015,No Holiday,0,0,51.8,1
4381,2053,2,BURGER,3/17/12,12.6,28,2012,No Holiday,1,0,50.0,1
4389,2053,2,BURGER,3/17/13,13.41,26,2013,No Holiday,1,0,42.8,1
4397,2053,2,BURGER,3/17/14,12.37,50,2014,No Holiday,0,0,53.6,1
4405,2053,2,BURGER,3/17/15,10.81,58,2015,No Holiday,0,0,53.6,1
4413,2053,2,BURGER,3/18/12,12.6,30,2012,No Holiday,1,0,44.6,1
4421,2053,2,BURGER,3/18/13,13.41,40,2013,No Holiday,0,0,35.6,1
4429,2053,2,BURGER,3/18/14,12.37,52,2014,No Holiday,0,0,42.8,1
4437,2053,2,BURGER,3/18/15,10.81,58,2015,No Holiday,0,0,51.8,1
4445,2053,2,BURGER,3/19/12,12.6,50,2012,No Holiday,0,0,46.4,1
4453,2053,2,BURGER,3/19/13,13.41,38,2013,No Holiday,0,0,37.4,1
4461,2053,2,BURGER,3/19/14,12.37,52,2014,No Holiday,0,0,32.0,1
4469,2053,2,BURGER,3/19/15,10.81,54,2015,No Holiday,0,0,46.4,1
4477,2053,2,BURGER,3/2/12,12.6,46,2012,No Holiday,0,0,35.6,1
4485,2053,2,BURGER,3/2/13,13.41,26,2013,No Holiday,1,0,35.6,1
4493,2053,2,BURGER,3/2/14,12.37,32,2014,No Holiday,1,0,33.8,1
4501,2053,2,BURGER,3/2/15,10.81,52,2015,No Holiday,0,0,39.2,1
4509,2053,2,BURGER,3/20/12,12.6,42,2012,No Holiday,0,0,44.6,1
4517,2053,2,BURGER,3/20/13,13.41,38,2013,No Holiday,0,0,44.6,1
4525,2053,2,BURGER,3/20/14,12.37,52,2014,No Holiday,0,0,39.2,1
4533,2053,2,BURGER,3/20/15,10.81,54,2015,No Holiday,0,0,50.0,1
4541,2053,2,BURGER,3/21/12,12.6,42,2012,No Holiday,0,0,37.4,1
4549,2053,2,BURGER,3/21/13,13.41,40,2013,No Holiday,0,0,46.4,1
4557,2053,2,BURGER,3/21/14,12.37,52,2014,No Holiday,0,0,46.4,1
4565,2053,2,BURGER,3/21/15,10.81,36,2015,No Holiday,1,0,53.6,1
4573,2053,2,BURGER,3/22/12,12.6,44,2012,No Holiday,0,0,39.2,1
4581,2053,2,BURGER,3/22/13,13.41,40,2013,No Holiday,0,0,41.0,1
4589,2053,2,BURGER,3/22/14,12.37,30,2014,No Holiday,1,0,42.8,1
4597,2053,2,BURGER,3/22/15,10.81,36,2015,No Holiday,1,0,57.2,1
4605,2053,2,BURGER,3/23/12,12.6,46,2012,No Holiday,0,0,42.8,1
4613,2053,2,BURGER,3/23/13,13.41,26,2013,No Holiday,1,0,44.6,1
4621,2053,2,BURGER,3/23/14,12.37,30,2014,No Holiday,1,0,42.8,1
4629,2053,2,BURGER,3/23/15,10.81,60,2015,No Holiday,0,0,55.4,1
4637,2053,2,BURGER,3/24/12,12.6,32,2012,No Holiday,1,0,42.8,1
4645,2053,2,BURGER,3/24/13,13.41,30,2013,No Holiday,1,0,44.6,1
4653,2053,2,BURGER,3/24/14,12.37,52,2014,No Holiday,0,0,39.2,1
4661,2053,2,BURGER,3/24/15,10.81,58,2015,No Holiday,0,0,59.0,1
4669,2053,2,BURGER,3/25/12,12.6,32,2012,No Holiday,1,0,42.8,1
4677,2053,2,BURGER,3/25/13,13.41,38,2013,No Holiday,0,0,46.4,1
4685,2053,2,BURGER,3/25/14,12.37,44,2014,No Holiday,0,0,42.8,1
4693,2053,2,BURGER,3/25/15,10.81,54,2015,No Holiday,0,0,60.8,1
4701,2053,2,BURGER,3/26/12,12.6,50,2012,No Holiday,0,0,46.4,1
4709,2053,2,BURGER,3/26/13,13.41,44,2013,No Holiday,0,0,32.0,1
4717,2053,2,BURGER,3/26/14,12.37,50,2014,No Holiday,0,0,48.2,1
4725,2053,2,BURGER,3/26/15,10.81,60,2015,No Holiday,0,0,60.8,1
4733,2053,2,BURGER,3/27/12,12.6,46,2012,No Holiday,0,0,48.2,1
4741,2053,2,BURGER,3/27/13,13.41,42,2013,No Holiday,0,0,55.4,1
4749,2053,2,BURGER,3/27/14,12.37,52,2014,No Holiday,0,0,50.0,1
4757,2053,2,BURGER,3/27/15,10.81,54,2015,No Holiday,0,0,62.6,1
4765,2053,2,BURGER,3/28/12,12.6,48,2012,No Holiday,0,0,50.0,1
4773,2053,2,BURGER,3/28/13,13.41,46,2013,No Holiday,0,0,59.0,1
4781,2053,2,BURGER,3/28/14,12.37,44,2014,No Holiday,0,0,41.0,1
4789,2053,2,BURGER,3/28/15,10.81,36,2015,No Holiday,1,0,60.8,1
4797,2053,2,BURGER,3/29/12,12.6,50,2012,No Holiday,0,0,51.8,1
4805,2053,2,BURGER,3/29/13,13.41,40,2013,No Holiday,0,0,53.6,1
4813,2053,2,BURGER,3/29/14,12.37,34,2014,No Holiday,1,0,42.8,1
4821,2053,2,BURGER,3/29/15,10.81,36,2015,No Holiday,1,0,59.0,1
4829,2053,2,BURGER,3/3/12,12.6,30,2012,No Holiday,1,0,35.6,1
4837,2053,2,BURGER,3/3/13,13.41,34,2013,No Holiday,1,0,33.8,1
4845,2053,2,BURGER,3/3/14,12.37,46,2014,No Holiday,0,0,44.6,1
4853,2053,2,BURGER,3/3/15,10.81,52,2015,No Holiday,0,0,37.4,1
4861,2053,2,BURGER,3/30/12,12.6,42,2012,No Holiday,0,0,57.2,1
4869,2053,2,BURGER,3/30/13,13.41,28,2013,No Holiday,1,0,46.4,1
4877,2053,2,BURGER,3/30/14,12.37,34,2014,No Holiday,1,0,42.8,1
4885,2053,2,BURGER,3/30/15,10.81,56,2015,No Holiday,0,0,62.6,1
4893,2053,2,BURGER,3/31/12,12.6,28,2012,No Holiday,1,0,57.2,1
4901,2053,2,BURGER,3/31/13,13.41,30,2013,No Holiday,1,0,48.2,1
4909,2053,2,BURGER,3/31/14,12.37,50,2014,No Holiday,0,0,48.2,1
4917,2053,2,BURGER,3/31/15,10.81,56,2015,No Holiday,0,0,57.2,1
4925,2053,2,BURGER,3/4/12,12.6,28,2012,No Holiday,1,0,41.0,1
4933,2053,2,BURGER,3/4/13,13.41,42,2013,No Holiday,0,0,35.6,1
4941,2053,2,BURGER,3/4/14,12.37,44,2014,No Holiday,0,0,46.4,1
4949,2053,2,BURGER,3/4/15,10.81,52,2015,No Holiday,0,0,35.6,1
4957,2053,2,BURGER,3/5/12,12.6,46,2012,No Holiday,0,0,44.6,1
4965,2053,2,BURGER,3/5/13,13.41,42,2013,No Holiday,0,0,35.6,1
4973,2053,2,BURGER,3/5/14,12.37,52,2014,No Holiday,0,0,50.0,1
4981,2053,2,BURGER,3/5/15,10.81,56,2015,No Holiday,0,0,37.4,1
4989,2053,2,BURGER,3/6/12,12.6,44,2012,No Holiday,0,0,39.2,1
4997,2053,2,BURGER,3/6/13,13.41,44,2013,No Holiday,0,0,39.2,1
5005,2053,2,BURGER,3/6/14,12.37,46,2014,No Holiday,0,0,46.4,1
5013,2053,2,BURGER,3/6/15,10.81,56,2015,No Holiday,0,0,35.6,1
5021,2053,2,BURGER,3/7/12,12.6,44,2012,No Holiday,0,0,39.2,1
5029,2053,2,BURGER,3/7/13,13.41,44,2013,No Holiday,0,0,39.2,1
5037,2053,2,BURGER,3/7/14,12.37,52,2014,No Holiday,0,0,50.0,1
5045,2053,2,BURGER,3/7/15,10.81,44,2015,No Holiday,1,0,37.4,1
5053,2053,2,BURGER,3/8/12,12.6,42,2012,No Holiday,0,0,39.2,1
5061,2053,2,BURGER,3/8/13,13.41,44,2013,No Holiday,0,0,32.0,1
5069,2053,2,BURGER,3/8/14,12.37,30,2014,No Holiday,1,0,53.6,1
5077,2053,2,BURGER,3/8/15,10.81,36,2015,No Holiday,1,0,37.4,1
5085,2053,2,BURGER,3/9/12,12.6,44,2012,No Holiday,0,0,41.0,1
5093,2053,2,BURGER,3/9/13,13.41,34,2013,No Holiday,1,0,33.8,1
5101,2053,2,BURGER,3/9/14,12.37,32,2014,No Holiday,1,0,44.6,1
5109,2053,2,BURGER,3/9/15,10.81,56,2015,No Holiday,0,0,39.2,1
5117,2053,2,BURGER,4/1/12,12.6,34,2012,No Holiday,1,0,44.6,1
5125,2053,2,BURGER,4/1/13,13.41,46,2013,No Holiday,0,0,46.4,1
5133,2053,2,BURGER,4/1/14,12.37,44,2014,No Holiday,0,0,46.4,1
5141,2053,2,BURGER,4/1/15,10.81,60,2015,No Holiday,0,0,62.6,1
5149,2053,2,BURGER,4/10/12,12.6,50,2012,No Holiday,0,0,50.0,1
5157,2053,2,BURGER,4/10/13,13.41,42,2013,No Holiday,0,0,59.0,1
5165,2053,2,BURGER,4/10/14,12.37,52,2014,No Holiday,0,0,46.4,1
5173,2053,2,BURGER,4/10/15,10.81,54,2015,No Holiday,0,0,57.2,1
5181,2053,2,BURGER,4/11/12,12.6,50,2012,No Holiday,0,0,57.2,1
5189,2053,2,BURGER,4/11/13,13.41,40,2013,No Holiday,0,0,57.2,1
5197,2053,2,BURGER,4/11/14,12.37,46,2014,No Holiday,0,0,48.2,1
5205,2053,2,BURGER,4/11/15,10.81,38,2015,No Holiday,1,0,57.2,1
5213,2053,2,BURGER,4/12/12,12.6,50,2012,No Holiday,0,0,62.6,1
5221,2053,2,BURGER,4/12/13,13.41,44,2013,No Holiday,0,0,60.8,1
5229,2053,2,BURGER,4/12/14,12.37,30,2014,No Holiday,1,0,59.0,1
5237,2053,2,BURGER,4/12/15,10.81,40,2015,No Holiday,1,0,59.0,1
5245,2053,2,BURGER,4/13/12,12.6,42,2012,No Holiday,0,0,66.2,1
5253,2053,2,BURGER,4/13/13,13.41,26,2013,No Holiday,1,0,64.4,1
5261,2053,2,BURGER,4/13/14,12.37,38,2014,No Holiday,1,0,57.2,1
5269,2053,2,BURGER,4/13/15,10.81,60,2015,No Holiday,0,0,62.6,1
5277,2053,2,BURGER,4/14/12,12.6,34,2012,No Holiday,1,0,69.8,1
5285,2053,2,BURGER,4/14/13,13.41,28,2013,No Holiday,1,0,69.8,1
5293,2053,2,BURGER,4/14/14,12.37,48,2014,No Holiday,0,0,50.0,1
5301,2053,2,BURGER,4/14/15,10.81,56,2015,No Holiday,0,0,66.2,1
5309,2053,2,BURGER,4/15/12,12.6,28,2012,No Holiday,1,0,60.8,1
5317,2053,2,BURGER,4/15/13,13.41,44,2013,No Holiday,0,0,64.4,1
5325,2053,2,BURGER,4/15/14,12.37,52,2014,No Holiday,0,0,55.4,1
5333,2053,2,BURGER,4/15/15,12.26,50,2015,No Holiday,0,0,64.4,1
5341,2053,2,BURGER,4/16/12,12.6,50,2012,No Holiday,0,0,66.2,1
5349,2053,2,BURGER,4/16/13,13.41,42,2013,No Holiday,0,0,60.8,1
5357,2053,2,BURGER,4/16/14,12.37,52,2014,No Holiday,0,0,53.6,1
5365,2053,2,BURGER,4/16/15,12.26,50,2015,No Holiday,0,0,60.8,1
5373,2053,2,BURGER,4/17/12,12.6,42,2012,No Holiday,0,0,57.2,1
5381,2053,2,BURGER,4/17/13,13.41,42,2013,No Holiday,0,0,69.8,1
5389,2053,2,BURGER,4/17/14,12.37,50,2014,No Holiday,0,0,55.4,1
5397,2053,2,BURGER,4/17/15,12.26,46,2015,No Holiday,0,0,57.2,1
5405,2053,2,BURGER,4/18/12,12.6,46,2012,No Holiday,0,0,57.2,1
5413,2053,2,BURGER,4/18/13,13.41,42,2013,No Holiday,0,0,66.2,1
5421,2053,2,BURGER,4/18/14,12.37,52,2014,No Holiday,0,0,50.0,1
5429,2053,2,BURGER,4/18/15,12.26,32,2015,No Holiday,1,0,60.8,1
5437,2053,2,BURGER,4/19/12,12.6,48,2012,No Holiday,0,0,62.6,1
5445,2053,2,BURGER,4/19/13,13.41,44,2013,No Holiday,0,0,62.6,1
5453,2053,2,BURGER,4/19/14,12.37,34,2014,No Holiday,1,0,41.0,1
5461,2053,2,BURGER,4/19/15,12.26,34,2015,No Holiday,1,0,53.6,1
5469,2053,2,BURGER,4/2/12,12.6,44,2012,No Holiday,0,0,44.6,1
5477,2053,2,BURGER,4/2/13,13.41,26,2013,Qing Ming Festival,0,0,46.4,1
5485,2053,2,BURGER,4/2/14,12.37,48,2014,No Holiday,0,0,53.6,1
5493,2053,2,BURGER,4/2/15,10.81,56,2015,No Holiday,0,0,60.8,1
5501,2053,2,BURGER,4/20/12,12.6,48,2012,No Holiday,0,0,66.2,1
5509,2053,2,BURGER,4/20/13,13.41,26,2013,No Holiday,1,0,62.6,1
5517,2053,2,BURGER,4/20/14,11.48,40,2014,No Holiday,1,0,50.0,1
5525,2053,2,BURGER,4/20/15,12.26,46,2015,No Holiday,0,0,60.8,1
5533,2053,2,BURGER,4/21/12,12.6,28,2012,No Holiday,1,0,53.6,1
5541,2053,2,BURGER,4/21/13,13.41,32,2013,No Holiday,1,0,57.2,1
5549,2053,2,BURGER,4/21/14,11.48,48,2014,No Holiday,0,0,53.6,1
5557,2053,2,BURGER,4/21/15,12.26,46,2015,No Holiday,0,0,62.6,1
5565,2053,2,BURGER,4/22/12,12.6,36,2012,No Holiday,1,0,57.2,1
5573,2053,2,BURGER,4/22/13,13.41,46,2013,No Holiday,0,0,32.0,1
5581,2053,2,BURGER,4/22/14,11.48,50,2014,No Holiday,0,0,57.2,1
5589,2053,2,BURGER,4/22/15,12.26,50,2015,No Holiday,0,0,68.0,1
5597,2053,2,BURGER,4/23/12,12.6,46,2012,No Holiday,0,0,55.4,1
5605,2053,2,BURGER,4/23/13,13.41,46,2013,No Holiday,0,0,66.2,1
5613,2053,2,BURGER,4/23/14,11.48,56,2014,No Holiday,0,0,53.6,1
5621,2053,2,BURGER,4/23/15,12.26,50,2015,No Holiday,0,0,69.8,1
5629,2053,2,BURGER,4/24/12,12.6,48,2012,No Holiday,0,0,60.8,1
5637,2053,2,BURGER,4/24/13,13.41,46,2013,No Holiday,0,0,59.0,1
5645,2053,2,BURGER,4/24/14,11.48,54,2014,No Holiday,0,0,60.8,1
5653,2053,2,BURGER,4/24/15,12.26,48,2015,No Holiday,0,0,66.2,1
5661,2053,2,BURGER,4/25/12,12.6,48,2012,No Holiday,0,0,55.4,1
5669,2053,2,BURGER,4/25/13,12.46,42,2013,No Holiday,0,0,55.4,1
5677,2053,2,BURGER,4/25/14,11.48,54,2014,No Holiday,0,0,59.0,1
5685,2053,2,BURGER,4/25/15,12.26,32,2015,No Holiday,1,0,64.4,1
5693,2053,2,BURGER,4/26/12,12.6,46,2012,No Holiday,0,0,53.6,1
5701,2053,2,BURGER,4/26/13,12.46,44,2013,No Holiday,0,0,64.4,1
5709,2053,2,BURGER,4/26/14,11.48,32,2014,No Holiday,1,0,60.8,1
5717,2053,2,BURGER,4/26/15,12.26,38,2015,No Holiday,1,0,60.8,1
5725,2053,2,BURGER,4/27/12,12.6,48,2012,No Holiday,0,0,60.8,1
5733,2053,2,BURGER,4/27/13,12.46,36,2013,No Holiday,1,0,62.6,1
5741,2053,2,BURGER,4/27/14,11.48,38,2014,No Holiday,1,0,60.8,1
5749,2053,2,BURGER,4/27/15,12.26,48,2015,No Holiday,0,0,64.4,1
5757,2053,2,BURGER,4/28/12,12.6,34,2012,No Holiday,1,0,64.4,1
5765,2053,2,BURGER,4/28/13,12.46,38,2013,No Holiday,1,0,60.8,1
5773,2053,2,BURGER,4/28/14,11.48,50,2014,No Holiday,0,0,59.0,1
5781,2053,2,BURGER,4/28/15,12.26,50,2015,No Holiday,0,0,64.4,1
5789,2053,2,BURGER,4/29/12,12.6,28,2012,No Holiday,1,0,62.6,1
5797,2053,2,BURGER,4/29/13,12.46,36,2013,Labor Day,0,0,60.8,1
5805,2053,2,BURGER,4/29/14,11.48,36,2014,Labor Day,0,0,68.0,1
5813,2053,2,BURGER,4/29/15,12.26,44,2015,No Holiday,0,0,68.0,1
5821,2053,2,BURGER,4/3/12,12.6,36,2012,Qing Ming Festival,0,0,48.2,1
5829,2053,2,BURGER,4/3/13,13.41,30,2013,Qing Ming Festival,0,0,51.8,1
5837,2053,2,BURGER,4/3/14,12.37,44,2014,No Holiday,0,0,50.0,1
5845,2053,2,BURGER,4/3/15,10.81,56,2015,No Holiday,0,0,55.4,1
5853,2053,2,BURGER,4/30/12,12.6,36,2012,Labor Day,0,0,62.6,1
5861,2053,2,BURGER,4/30/13,12.46,34,2013,Labor Day,0,0,68.0,1
5869,2053,2,BURGER,4/30/14,11.48,34,2014,Labor Day,0,0,64.4,1
5877,2053,2,BURGER,4/30/15,12.26,46,2015,No Holiday,0,0,71.6,1
5885,2053,2,BURGER,4/4/12,12.6,30,2012,Qing Ming Festival,0,0,53.6,1
5893,2053,2,BURGER,4/4/13,13.41,30,2013,Qing Ming Festival,0,0,55.4,1
5901,2053,2,BURGER,4/4/14,12.37,38,2014,Qing Ming Festival,0,0,48.2,1
5909,2053,2,BURGER,4/4/15,10.81,40,2015,No Holiday,1,0,60.8,1
5917,2053,2,BURGER,4/5/12,12.6,30,2012,Qing Ming Festival,0,0,57.2,1
5925,2053,2,BURGER,4/5/13,13.41,44,2013,No Holiday,0,0,50.0,1
5933,2053,2,BURGER,4/5/14,12.37,22,2014,Qing Ming Festival,1,0,44.6,1
5941,2053,2,BURGER,4/5/15,10.81,24,2015,Qing Ming Festival,1,0,55.4,1
5949,2053,2,BURGER,4/6/12,12.6,44,2012,No Holiday,0,0,55.4,1
5957,2053,2,BURGER,4/6/13,13.41,26,2013,No Holiday,1,0,55.4,1
5965,2053,2,BURGER,4/6/14,12.37,24,2014,Qing Ming Festival,1,0,46.4,1
5973,2053,2,BURGER,4/6/15,10.81,42,2015,Qing Ming Festival,0,0,62.6,1
5981,2053,2,BURGER,4/7/12,12.6,32,2012,No Holiday,1,0,53.6,1
5989,2053,2,BURGER,4/7/13,13.41,26,2013,No Holiday,1,0,62.6,1
5997,2053,2,BURGER,4/7/14,12.37,46,2014,No Holiday,0,0,50.0,1
6005,2053,2,BURGER,4/7/15,10.81,38,2015,Qing Ming Festival,0,0,64.4,1
6013,2053,2,BURGER,4/8/12,12.6,30,2012,No Holiday,1,0,55.4,1
6021,2053,2,BURGER,4/8/13,13.41,38,2013,No Holiday,0,0,59.0,1
6029,2053,2,BURGER,4/8/14,12.37,50,2014,No Holiday,0,0,46.4,1
6037,2053,2,BURGER,4/8/15,10.81,52,2015,No Holiday,0,0,64.4,1
6045,2053,2,BURGER,4/9/12,12.6,44,2012,No Holiday,0,0,60.8,1
6053,2053,2,BURGER,4/9/13,13.41,40,2013,No Holiday,0,0,66.2,1
6061,2053,2,BURGER,4/9/14,12.37,52,2014,No Holiday,0,0,46.4,1
6069,2053,2,BURGER,4/9/15,10.81,56,2015,No Holiday,0,0,66.2,1
6077,2053,2,BURGER,5/1/12,10.47,44,2012,Labor Day,0,0,66.2,1
6085,2053,2,BURGER,5/1/13,12.46,30,2013,Labor Day,0,0,64.4,1
6093,2053,2,BURGER,5/1/14,11.48,36,2014,Labor Day,0,0,64.4,1
6101,2053,2,BURGER,5/1/15,12.26,38,2015,Labor Day,0,0,68.0,1
6109,2053,2,BURGER,5/10/12,10.47,58,2012,No Holiday,0,0,66.2,1
6117,2053,2,BURGER,5/10/13,12.46,48,2013,No Holiday,0,0,75.2,1
6125,2053,2,BURGER,5/10/14,11.48,40,2014,No Holiday,1,0,71.6,1
6133,2053,2,BURGER,5/10/15,12.26,30,2015,No Holiday,1,0,59.0,1
6141,2053,2,BURGER,5/11/12,10.47,62,2012,No Holiday,0,0,68.0,1
6149,2053,2,BURGER,5/11/13,12.46,36,2013,No Holiday,1,0,66.2,1
6157,2053,2,BURGER,5/11/14,11.48,40,2014,No Holiday,1,0,75.2,1
6165,2053,2,BURGER,5/11/15,12.26,44,2015,No Holiday,0,0,51.8,1
6173,2053,2,BURGER,5/12/12,10.47,42,2012,No Holiday,1,0,64.4,1
6181,2053,2,BURGER,5/12/13,12.46,36,2013,No Holiday,1,0,64.4,1
6189,2053,2,BURGER,5/12/14,11.48,50,2014,No Holiday,0,0,73.4,1
6197,2053,2,BURGER,5/12/15,12.26,52,2015,No Holiday,0,0,71.6,1
6205,2053,2,BURGER,5/13/12,10.47,40,2012,No Holiday,1,0,69.8,1
6213,2053,2,BURGER,5/13/13,12.46,50,2013,No Holiday,0,0,68.0,1
6221,2053,2,BURGER,5/13/14,11.48,56,2014,No Holiday,0,0,73.4,1
6229,2053,2,BURGER,5/13/15,12.26,52,2015,No Holiday,0,0,73.4,1
6237,2053,2,BURGER,5/14/12,10.47,60,2012,No Holiday,0,0,71.6,1
6245,2053,2,BURGER,5/14/13,12.46,50,2013,No Holiday,0,0,66.2,1
6253,2053,2,BURGER,5/14/14,11.48,48,2014,No Holiday,0,0,71.6,1
6261,2053,2,BURGER,5/14/15,12.26,50,2015,No Holiday,0,0,62.6,1
6269,2053,2,BURGER,5/15/12,10.47,56,2012,No Holiday,0,0,66.2,1
6277,2053,2,BURGER,5/15/13,12.46,42,2013,No Holiday,0,0,68.0,1
6285,2053,2,BURGER,5/15/14,11.48,54,2014,No Holiday,0,0,71.6,1
6293,2053,2,BURGER,5/15/15,12.26,48,2015,No Holiday,0,0,71.6,1
6301,2053,2,BURGER,5/16/12,10.47,58,2012,No Holiday,0,0,69.8,1
6309,2053,2,BURGER,5/16/13,12.46,50,2013,No Holiday,0,0,69.8,1
6317,2053,2,BURGER,5/16/14,11.48,54,2014,No Holiday,0,0,68.0,1
6325,2053,2,BURGER,5/16/15,12.26,34,2015,No Holiday,1,0,69.8,1
6333,2053,2,BURGER,5/17/12,10.47,64,2012,No Holiday,0,0,71.6,1
6341,2053,2,BURGER,5/17/13,12.46,48,2013,No Holiday,0,0,73.4,1
6349,2053,2,BURGER,5/17/14,11.48,40,2014,No Holiday,1,0,69.8,1
6357,2053,2,BURGER,5/17/15,12.26,34,2015,No Holiday,1,0,71.6,1
6365,2053,2,BURGER,5/18/12,10.47,62,2012,No Holiday,0,0,75.2,1
6,2053,2,COFFEE,1/1/12,12.6,30,2012,New Year,1,0,24.8,0
14,2053,2,COFFEE,1/1/13,13.41,30,2013,New Year,0,0,30.2,1
22,2053,2,COFFEE,1/1/14,12.37,44,2014,New Year,0,0,19.4,0
30,2053,2,COFFEE,1/1/15,10.81,36,2015,New Year,0,0,37.4,1
38,2053,2,COFFEE,1/10/12,12.6,58,2012,No Holiday,0,0,24.8,0
46,2053,2,COFFEE,1/10/13,13.41,48,2013,No Holiday,0,0,28.4,0
54,2053,2,COFFEE,1/10/14,12.37,54,2014,No Holiday,0,0,24.8,0
62,2053,2,COFFEE,1/10/15,10.81,48,2015,No Holiday,1,0,28.4,0
70,2053,2,COFFEE,1/11/12,12.6,52,2012,No Holiday,0,0,21.2,0
78,2053,2,COFFEE,1/11/13,13.41,54,2013,No Holiday,0,0,24.8,0
86,2053,2,COFFEE,1/11/14,12.37,42,2014,No Holiday,1,0,30.2,0
94,2053,2,COFFEE,1/11/15,10.81,36,2015,No Holiday,1,0,32.0,1
102,2053,2,COFFEE,1/12/12,12.6,60,2012,No Holiday,0,0,24.8,0
110,2053,2,COFFEE,1/12/13,13.41,40,2013,No Holiday,1,0,28.4,0
118,2053,2,COFFEE,1/12/14,12.37,40,2014,No Holiday,1,0,28.4,0
126,2053,2,COFFEE,1/12/15,10.81,64,2015,No Holiday,0,0,26.6,0
134,2053,2,COFFEE,1/13/12,12.6,58,2012,No Holiday,0,0,26.6,0
142,2053,2,COFFEE,1/13/13,13.41,32,2013,No Holiday,1,0,30.2,0
