Model comparasions/processedDataSets/Combined_Data.csv
,SELL_ID,SELL_CATEGORY,ITEM_NAME,CALENDAR_DATE,PRICE,QUANTITY,YEAR,HOLIDAY,IS_WEEKEND,IS_SCHOOLBREAK,AVERAGE_TEMPERATURE,IS_OUTDOOR
150,2053,2,COFFEE,1/13/14,12.37,60,2014,No Holiday,0,0,28.4,0
158,2053,2,COFFEE,1/13/15,10.81,66,2015,No Holiday,0,0,28.4,0
166,2053,2,COFFEE,1/14/12,12.6,42,2012,No Holiday,1,0,23.0,0
174,2053,2,COFFEE,1/14/13,13.41,48,2013,No Holiday,0,1,30.2,0
182,2053,2,COFFEE,1/14/14,12.37,52,2014,No Holiday,0,0,28.4,1
190,2053,2,COFFEE,1/14/15,10.81,66,2015,No Holiday,0,0,30.2,0
198,2053,2,COFFEE,1/15/12,12.6,32,2012,No Holiday,1,0,32.0,1
206,2053,2,COFFEE,1/15/13,13.41,50,2013,No Holiday,0,1,30.2,0
214,2053,2,COFFEE,1/15/14,12.37,54,2014,No Holiday,0,0,26.6,0
222,2053,2,COFFEE,1/15/15,10.81,56,2015,No Holiday,0,0,32.0,1
230,2053,2,COFFEE,1/16/12,12.6,56,2012,No Holiday,0,0,23.0,0
238,2053,2,COFFEE,1/16/13,13.41,46,2013,No Holiday,0,1,30.2,1
246,2053,2,COFFEE,1/16/14,12.37,56,2014,No Holiday,0,0,24.8,0
254,2053,2,COFFEE,1/16/15,10.81,60,2015,No Holiday,0,0,32.0,1
262,2053,2,COFFEE,1/17/12,12.6,54,2012,No Holiday,0,0,23.0,0
270,2053,2,COFFEE,1/17/13,13.41,42,2013,No Holiday,0,1,30.2,1
278,2053,2,COFFEE,1/17/14,12.37,54,2014,No Holiday,0,0,26.6,0
286,2053,2,COFFEE,1/17/15,10.81,48,2015,No Holiday,1,0,30.2,0
294,2053,2,COFFEE,1/18/12,12.6,58,2012,No Holiday,0,0,23.0,0
302,2053,2,COFFEE,1/18/13,13.41,40,2013,No Holiday,0,1,32.0,1
310,2053,2,COFFEE,1/18/14,12.37,40,2014,No Holiday,1,0,28.4,0
318,2053,2,COFFEE,1/18/15,10.81,40,2015,No Holiday,1,0,33.8,1
326,2053,2,COFFEE,1/19/12,12.6,54,2012,No Holiday,0,0,24.8,0
334,2053,2,COFFEE,1/19/13,13.41,32,2013,No Holiday,1,1,28.4,1
342,2053,2,COFFEE,1/19/14,12.37,34,2014,No Holiday,1,0,30.2,1
350,2053,2,COFFEE,1/19/15,10.81,56,2015,No Holiday,0,1,33.8,1
358,2053,2,COFFEE,1/2/12,12.6,34,2012,New Year,0,0,24.8,0
366,2053,2,COFFEE,1/2/13,13.41,40,2013,New Year,0,0,28.4,0
374,2053,2,COFFEE,1/2/14,12.37,40,2014,New Year,0,0,14.0,0
382,2053,2,COFFEE,1/2/15,10.81,60,2015,No Holiday,0,0,37.4,1
390,2053,2,COFFEE,1/20/12,12.6,58,2012,No Holiday,0,0,26.6,0
398,2053,2,COFFEE,1/20/13,13.41,36,2013,No Holiday,1,1,23.0,0
406,2053,2,COFFEE,1/20/14,12.37,56,2014,No Holiday,0,0,24.8,0
414,2053,2,COFFEE,1/20/15,10.81,54,2015,No Holiday,0,1,30.2,1
422,2053,2,COFFEE,1/21/12,12.6,40,2012,No Holiday,1,0,26.6,0
430,2053,2,COFFEE,1/21/13,13.41,50,2013,No Holiday,0,1,19.4,0
438,2053,2,COFFEE,1/21/14,12.37,60,2014,No Holiday,0,0,28.4,0
446,2053,2,COFFEE,1/21/15,10.81,68,2015,No Holiday,0,1,32.0,0
454,2053,2,COFFEE,1/22/12,12.6,34,2012,No Holiday,1,0,24.8,0
462,2053,2,COFFEE,1/22/13,13.41,38,2013,Luner New Year,0,1,17.6,0
470,2053,2,COFFEE,1/22/14,12.37,60,2014,No Holiday,0,0,28.4,0
478,2053,2,COFFEE,1/22/15,10.81,60,2015,No Holiday,0,1,32.0,1
486,2053,2,COFFEE,1/23/12,12.6,52,2012,No Holiday,0,0,23.0,0
494,2053,2,COFFEE,1/23/13,13.41,36,2013,Luner New Year,0,1,21.2,0
502,2053,2,COFFEE,1/23/14,12.37,54,2014,No Holiday,0,0,28.4,0
510,2053,2,COFFEE,1/23/15,10.81,58,2015,No Holiday,0,1,32.0,1
518,2053,2,COFFEE,1/24/12,12.6,56,2012,No Holiday,0,0,24.8,0
526,2053,2,COFFEE,1/24/13,13.41,40,2013,Luner New Year,0,1,23.0,0
534,2053,2,COFFEE,1/24/14,12.37,60,2014,No Holiday,0,0,26.6,0
542,2053,2,COFFEE,1/24/15,10.81,36,2015,No Holiday,1,1,35.6,1
550,2053,2,COFFEE,1/25/12,12.6,60,2012,No Holiday,0,0,23.0,0
558,2053,2,COFFEE,1/25/13,13.41,40,2013,Luner New Year,0,1,23.0,0
566,2053,2,COFFEE,1/25/14,12.37,42,2014,No Holiday,1,1,24.8,0
574,2053,2,COFFEE,1/25/15,10.81,40,2015,No Holiday,1,1,33.8,1
582,2053,2,COFFEE,1/26/12,12.6,52,2012,No Holiday,0,0,24.8,0
590,2053,2,COFFEE,1/26/13,13.41,30,2013,Luner New Year,1,1,26.6,0
598,2053,2,COFFEE,1/26/14,12.37,38,2014,No Holiday,1,1,26.6,0
606,2053,2,COFFEE,1/26/15,10.81,58,2015,No Holiday,0,1,32.0,1
614,2053,2,COFFEE,1/27/12,12.6,46,2012,No Holiday,0,0,32.0,1
622,2053,2,COFFEE,1/27/13,13.41,26,2013,Luner New Year,1,1,26.6,0
630,2053,2,COFFEE,1/27/14,12.37,58,2014,No Holiday,0,1,28.4,0
638,2053,2,COFFEE,1/27/15,10.81,54,2015,No Holiday,0,1,35.6,1
646,2053,2,COFFEE,1/28/12,12.6,34,2012,No Holiday,1,0,32.0,1
654,2053,2,COFFEE,1/28/13,13.41,32,2013,Luner New Year,0,1,23.0,0
662,2053,2,COFFEE,1/28/14,12.37,44,2014,No Holiday,0,1,32.0,1
670,2053,2,COFFEE,1/28/15,10.81,52,2015,No Holiday,0,1,32.0,1
678,2053,2,COFFEE,1/29/12,12.6,38,2012,No Holiday,1,0,23.0,0
686,2053,2,COFFEE,1/29/13,13.41,48,2013,No Holiday,0,1,23.0,0
694,2053,2,COFFEE,1/29/14,12.37,46,2014,No Holiday,0,1,32.0,1
702,2053,2,COFFEE,1/29/15,10.81,60,2015,No Holiday,0,1,33.8,1
710,2053,2,COFFEE,1/3/12,12.6,28,2012,New Year,0,0,32.0,1
718,2053,2,COFFEE,1/3/13,13.41,40,2013,New Year,0,0,26.6,0
726,2053,2,COFFEE,1/3/14,12.37,42,2014,New Year,0,0,17.6,0
734,2053,2,COFFEE,1/3/15,10.81,40,2015,No Holiday,1,0,35.6,1
742,2053,2,COFFEE,1/30/12,12.6,52,2012,No Holiday,0,0,28.4,0
750,2053,2,COFFEE,1/30/13,13.41,54,2013,No Holiday,0,1,23.0,0
758,2053,2,COFFEE,1/30/14,12.37,50,2014,No Holiday,0,1,30.2,1
766,2053,2,COFFEE,1/30/15,10.81,58,2015,No Holiday,0,1,33.8,1
774,2053,2,COFFEE,1/31/12,12.6,42,2012,No Holiday,0,0,32.0,1
782,2053,2,COFFEE,1/31/13,13.41,48,2013,No Holiday,0,1,23.0,0
790,2053,2,COFFEE,1/31/14,12.37,50,2014,No Holiday,0,1,30.2,1
798,2053,2,COFFEE,1/31/15,10.81,28,2015,Luner New Year,1,1,33.8,1
806,2053,2,COFFEE,1/4/12,12.6,42,2012,No Holiday,0,0,32.0,1
814,2053,2,COFFEE,1/4/13,13.41,48,2013,No Holiday,0,0,24.8,0
822,2053,2,COFFEE,1/4/14,12.37,42,2014,No Holiday,1,0,21.2,0
830,2053,2,COFFEE,1/4/15,10.81,36,2015,No Holiday,1,0,32.0,1
838,2053,2,COFFEE,1/5/12,12.6,58,2012,No Holiday,0,0,24.8,0
846,2053,2,COFFEE,1/5/13,13.41,32,2013,No Holiday,1,0,26.6,0
854,2053,2,COFFEE,1/5/14,12.37,42,2014,No Holiday,1,0,19.4,0
862,2053,2,COFFEE,1/5/15,10.81,54,2015,No Holiday,0,0,33.8,1
870,2053,2,COFFEE,1/6/12,12.6,54,2012,No Holiday,0,0,23.0,0
878,2053,2,COFFEE,1/6/13,13.41,40,2013,No Holiday,1,0,26.6,0
886,2053,2,COFFEE,1/6/14,12.37,60,2014,No Holiday,0,0,21.2,0
894,2053,2,COFFEE,1/6/15,10.81,52,2015,No Holiday,0,0,32.0,1
902,2053,2,COFFEE,1/7/12,12.6,42,2012,No Holiday,1,0,26.6,0
910,2053,2,COFFEE,1/7/13,13.41,52,2013,No Holiday,0,0,26.6,0
918,2053,2,COFFEE,1/7/14,12.37,52,2014,No Holiday,0,0,24.8,0
926,2053,2,COFFEE,1/7/15,10.81,52,2015,No Holiday,0,0,32.0,1
934,2053,2,COFFEE,1/8/12,12.6,42,2012,No Holiday,1,0,26.6,0
942,2053,2,COFFEE,1/8/13,13.41,48,2013,No Holiday,0,0,26.6,0
950,2053,2,COFFEE,1/8/14,12.37,60,2014,No Holiday,0,0,21.2,0
958,2053,2,COFFEE,1/8/15,10.81,72,2015,No Holiday,0,0,24.8,0
966,2053,2,COFFEE,1/9/12,12.6,54,2012,No Holiday,0,0,23.0,0
974,2053,2,COFFEE,1/9/13,13.41,50,2013,No Holiday,0,0,28.4,0
982,2053,2,COFFEE,1/9/14,12.37,52,2014,No Holiday,0,0,23.0,0
990,2053,2,COFFEE,1/9/15,10.81,64,2015,No Holiday,0,0,24.8,0
998,2053,2,COFFEE,10/1/12,12.42,34,2012,National Day,0,0,59.0,1
1006,2053,2,COFFEE,10/1/13,10.45,46,2013,National Day,0,0,66.2,1
1014,2053,2,COFFEE,10/1/14,12.77,28,2014,National Day,0,0,59.0,1
1022,2053,2,COFFEE,10/10/12,12.42,46,2012,No Holiday,0,0,62.6,1
1030,2053,2,COFFEE,10/10/13,10.45,56,2013,No Holiday,0,0,59.0,1
1038,2053,2,COFFEE,10/10/14,12.77,46,2014,No Holiday,0,0,60.8,1
1046,2053,2,COFFEE,10/11/12,12.42,48,2012,No Holiday,0,0,62.6,1
1054,2053,2,COFFEE,10/11/13,10.45,58,2013,No Holiday,0,0,60.8,1
1062,2053,2,COFFEE,10/11/14,12.77,34,2014,No Holiday,1,0,62.6,1
1070,2053,2,COFFEE,10/12/12,12.42,48,2012,No Holiday,0,0,62.6,1
1078,2053,2,COFFEE,10/12/13,10.45,44,2013,No Holiday,1,0,64.4,1
1086,2053,2,COFFEE,10/12/14,12.77,36,2014,No Holiday,1,0,64.4,1
1094,2053,2,COFFEE,10/13/12,12.42,38,2012,No Holiday,1,0,59.0,1
1102,2053,2,COFFEE,10/13/13,10.45,44,2013,No Holiday,1,0,55.4,1
1110,2053,2,COFFEE,10/13/14,12.77,44,2014,No Holiday,0,0,59.0,1
1118,2053,2,COFFEE,10/14/12,12.42,30,2012,No Holiday,1,0,57.2,1
1126,2053,2,COFFEE,10/14/13,10.45,56,2013,No Holiday,0,0,55.4,1
1134,2053,2,COFFEE,10/14/14,12.77,42,2014,No Holiday,0,0,48.2,1
1142,2053,2,COFFEE,10/15/12,12.42,50,2012,No Holiday,0,0,59.0,1
1150,2053,2,COFFEE,10/15/13,10.45,60,2013,No Holiday,0,0,55.4,1
1158,2053,2,COFFEE,10/15/14,12.77,44,2014,No Holiday,0,0,48.2,1
1166,2053,2,COFFEE,10/16/12,12.42,48,2012,No Holiday,0,0,57.2,1
1174,2053,2,COFFEE,10/16/13,10.45,58,2013,No Holiday,0,0,51.8,1
1182,2053,2,COFFEE,10/16/14,12.77,44,2014,No Holiday,0,0,53.6,1
1190,2053,2,COFFEE,10/17/12,12.42,46,2012,No Holiday,0,0,57.2,1
1198,2053,2,COFFEE,10/17/13,10.45,60,2013,No Holiday,0,0,51.8,1
1206,2053,2,COFFEE,10/17/14,12.77,46,2014,No Holiday,0,0,55.4,1
1214,2053,2,COFFEE,10/18/12,12.42,46,2012,No Holiday,0,0,59.0,1
1222,2053,2,COFFEE,10/18/13,10.45,62,2013,No Holiday,0,0,55.4,1
1230,2053,2,COFFEE,10/18/14,12.77,28,2014,No Holiday,1,0,55.4,1
1238,2053,2,COFFEE,10/19/12,12.42,48,2012,No Holiday,0,0,59.0,1
1246,2053,2,COFFEE,10/19/13,10.45,38,2013,No Holiday,1,0,57.2,1
1254,2053,2,COFFEE,10/19/14,12.77,34,2014,No Holiday,1,0,51.8,1
1262,2053,2,COFFEE,10/2/12,12.42,32,2012,National Day,0,0,57.2,1
1270,2053,2,COFFEE,10/2/13,10.45,38,2013,National Day,0,0,68.0,1
1278,2053,2,COFFEE,10/2/14,12.77,30,2014,National Day,0,0,62.6,1
1286,2053,2,COFFEE,10/20/12,12.42,30,2012,No Holiday,1,0,60.8,1
1294,2053,2,COFFEE,10/20/13,10.45,38,2013,No Holiday,1,0,59.0,1
1302,2053,2,COFFEE,10/20/14,12.77,48,2014,No Holiday,0,0,55.4,1
1310,2053,2,COFFEE,10/21/12,12.42,36,2012,No Holiday,1,0,57.2,1
1318,2053,2,COFFEE,10/21/13,10.45,56,2013,No Holiday,0,0,51.8,1
1326,2053,2,COFFEE,10/21/14,12.77,46,2014,No Holiday,0,0,53.6,1
1334,2053,2,COFFEE,10/22/12,12.42,50,2012,No Holiday,0,0,60.8,1
1342,2053,2,COFFEE,10/22/13,10.45,60,2013,No Holiday,0,0,50.0,1
1350,2053,2,COFFEE,10/22/14,12.77,42,2014,No Holiday,0,0,50.0,1
1358,2053,2,COFFEE,10/23/12,12.42,50,2012,No Holiday,0,0,50.0,1
1366,2053,2,COFFEE,10/23/13,10.45,56,2013,No Holiday,0,0,55.4,1
1374,2053,2,COFFEE,10/23/14,12.77,44,2014,No Holiday,0,0,48.2,1
1382,2053,2,COFFEE,10/24/12,12.42,52,2012,No Holiday,0,0,46.4,1
1390,2053,2,COFFEE,10/24/13,10.45,60,2013,No Holiday,0,0,57.2,1
1398,2053,2,COFFEE,10/24/14,12.77,44,2014,No Holiday,0,0,50.0,1
1406,2053,2,COFFEE,10/25/12,12.42,44,2012,No Holiday,0,0,50.0,1
1414,2053,2,COFFEE,10/25/13,10.45,60,2013,No Holiday,0,0,59.0,1
1422,2053,2,COFFEE,10/25/14,12.77,34,2014,No Holiday,1,0,51.8,1
1430,2053,2,COFFEE,10/26/12,12.42,48,2012,No Holiday,0,0,48.2,1
1438,2053,2,COFFEE,10/26/13,10.45,42,2013,No Holiday,1,0,57.2,1
1446,2053,2,COFFEE,10/26/14,12.77,34,2014,No Holiday,1,0,53.6,1
1454,2053,2,COFFEE,10/27/12,12.42,38,2012,No Holiday,1,0,50.0,1
1462,2053,2,COFFEE,10/27/13,10.45,46,2013,No Holiday,1,0,57.2,1
1470,2053,2,COFFEE,10/27/14,12.77,46,2014,No Holiday,0,0,53.6,1
1478,2053,2,COFFEE,10/28/12,12.42,36,2012,No Holiday,1,0,51.8,1
1486,2053,2,COFFEE,10/28/13,10.45,58,2013,No Holiday,0,0,53.6,1
1494,2053,2,COFFEE,10/28/14,12.77,50,2014,No Holiday,0,0,51.8,1
1502,2053,2,COFFEE,10/29/12,12.42,46,2012,No Holiday,0,0,53.6,1
1510,2053,2,COFFEE,10/29/13,10.45,56,2013,No Holiday,0,0,46.4,1
1518,2053,2,COFFEE,10/29/14,12.77,44,2014,No Holiday,0,0,48.2,1
1526,2053,2,COFFEE,10/3/12,12.42,32,2012,National Day,0,0,57.2,1
1534,2053,2,COFFEE,10/3/13,10.45,44,2013,National Day,0,0,66.2,1
1542,2053,2,COFFEE,10/3/14,12.77,28,2014,National Day,0,0,60.8,1
1550,2053,2,COFFEE,10/30/12,12.42,50,2012,No Holiday,0,0,53.6,1
1558,2053,2,COFFEE,10/30/13,10.45,64,2013,No Holiday,0,0,44.6,1
1566,2053,2,COFFEE,10/30/14,12.77,46,2014,No Holiday,0,0,50.0,1
1574,2053,2,COFFEE,10/31/12,12.42,52,2012,No Holiday,0,0,53.6,1
1582,2053,2,COFFEE,10/31/13,10.45,64,2013,No Holiday,0,0,44.6,1
1590,2053,2,COFFEE,10/31/14,12.77,46,2014,No Holiday,0,0,48.2,1
1598,2053,2,COFFEE,10/4/12,12.42,36,2012,National Day,0,0,60.8,1
1606,2053,2,COFFEE,10/4/13,10.45,46,2013,National Day,0,0,66.2,1
1614,2053,2,COFFEE,10/4/14,12.77,28,2014,National Day,1,0,64.4,1
1622,2053,2,COFFEE,10/5/12,12.42,32,2012,National Day,0,0,62.6,1
1630,2053,2,COFFEE,10/5/13,10.45,34,2013,National Day,1,0,62.6,1
1638,2053,2,COFFEE,10/5/14,12.77,28,2014,National Day,1,0,64.4,1
1646,2053,2,COFFEE,10/6/12,12.42,22,2012,National Day,1,0,62.6,1
1654,2053,2,COFFEE,10/6/13,10.45,34,2013,National Day,1,0,64.4,1
1662,2053,2,COFFEE,10/6/14,12.77,28,2014,National Day,0,0,62.6,1
1670,2053,2,COFFEE,10/7/12,12.42,28,2012,National Day,1,0,64.4,1
1678,2053,2,COFFEE,10/7/13,10.45,40,2013,National Day,0,0,64.4,1
1686,2053,2,COFFEE,10/7/14,12.77,34,2014,National Day,0,0,64.4,0
1694,2053,2,COFFEE,10/8/12,12.42,50,2012,No Holiday,0,0,66.2,1
1702,2053,2,COFFEE,10/8/13,10.45,62,2013,No Holiday,0,0,66.2,1
1710,2053,2,COFFEE,10/8/14,12.77,58,2014,No Holiday,0,0,62.6,0
1718,2053,2,COFFEE,10/9/12,12.42,52,2012,No Holiday,0,0,66.2,1
1726,2053,2,COFFEE,10/9/13,10.45,56,2013,No Holiday,0,0,60.8,1
1734,2053,2,COFFEE,10/9/14,12.77,50,2014,No Holiday,0,0,66.2,1
1742,2053,2,COFFEE,11/1/12,12.42,50,2012,No Holiday,0,0,51.8,1
1750,2053,2,COFFEE,11/1/13,10.45,58,2013,No Holiday,0,0,48.2,1
1758,2053,2,COFFEE,11/1/14,12.77,36,2014,No Holiday,1,0,46.4,1
1766,2053,2,COFFEE,11/10/12,12.42,32,2012,No Holiday,1,0,48.2,1
1774,2053,2,COFFEE,11/10/13,10.45,44,2013,No Holiday,1,0,35.6,1
1782,2053,2,COFFEE,11/10/14,12.77,44,2014,No Holiday,0,0,42.8,1
1790,2053,2,COFFEE,11/11/12,12.42,32,2012,No Holiday,1,0,50.0,1
1798,2053,2,COFFEE,11/11/13,10.45,56,2013,No Holiday,0,0,35.6,1
1806,2053,2,COFFEE,11/11/14,12.77,50,2014,No Holiday,0,0,44.6,1
1814,2053,2,COFFEE,11/12/12,12.42,44,2012,No Holiday,0,0,46.4,1
1822,2053,2,COFFEE,11/12/13,10.45,60,2013,No Holiday,0,0,37.4,1
1830,2053,2,COFFEE,11/12/14,12.77,42,2014,No Holiday,0,0,44.6,1
1838,2053,2,COFFEE,11/13/12,12.42,50,2012,No Holiday,0,0,42.8,1
1846,2053,2,COFFEE,11/13/13,10.45,62,2013,No Holiday,0,0,35.6,1
1854,2053,2,COFFEE,11/13/14,12.77,42,2014,No Holiday,0,0,46.4,1
1862,2053,2,COFFEE,11/14/12,12.42,44,2012,No Holiday,0,0,44.6,1
1870,2053,2,COFFEE,11/14/13,10.45,64,2013,No Holiday,0,0,37.4,1
1878,2053,2,COFFEE,11/14/14,12.77,46,2014,No Holiday,0,0,44.6,1
1886,2053,2,COFFEE,11/15/12,12.42,48,2012,No Holiday,0,0,44.6,1
1894,2053,2,COFFEE,11/15/13,10.45,64,2013,No Holiday,0,0,39.2,1
1902,2053,2,COFFEE,11/15/14,12.77,30,2014,No Holiday,1,0,48.2,1
1910,2053,2,COFFEE,11/16/12,12.42,44,2012,No Holiday,0,0,46.4,1
1918,2053,2,COFFEE,11/16/13,10.45,44,2013,No Holiday,1,0,39.2,1
1926,2053,2,COFFEE,11/16/14,12.77,34,2014,No Holiday,1,0,42.8,1
1934,2053,2,COFFEE,11/17/12,12.42,34,2012,No Holiday,1,0,41.0,1
1942,2053,2,COFFEE,11/17/13,10.45,42,2013,No Holiday,1,0,39.2,1
1950,2053,2,COFFEE,11/17/14,12.77,42,2014,No Holiday,0,0,39.2,1
1958,2053,2,COFFEE,11/18/12,12.42,30,2012,No Holiday,1,0,44.6,1
1966,2053,2,COFFEE,11/18/13,10.45,64,2013,No Holiday,0,0,42.8,1
1974,2053,2,COFFEE,11/18/14,12.77,42,2014,No Holiday,0,0,39.2,1
1982,2053,2,COFFEE,11/19/12,12.42,48,2012,No Holiday,0,0,37.4,1
1990,2053,2,COFFEE,11/19/13,10.45,60,2013,No Holiday,0,0,39.2,1
1998,2053,2,COFFEE,11/19/14,12.77,48,2014,No Holiday,0,0,39.2,1
2006,2053,2,COFFEE,11/2/12,12.42,48,2012,No Holiday,0,0,53.6,1
2014,2053,2,COFFEE,11/2/13,10.45,42,2013,No Holiday,1,0,50.0,1
2022,2053,2,COFFEE,11/2/14,12.77,32,2014,No Holiday,1,0,51.8,1
2030,2053,2,COFFEE,11/20/12,12.42,44,2012,No Holiday,0,0,37.4,1
2038,2053,2,COFFEE,11/20/13,10.45,58,2013,No Holiday,0,0,39.2,1
2046,2053,2,COFFEE,11/20/14,12.77,50,2014,No Holiday,0,0,39.2,1
2054,2053,2,COFFEE,11/21/12,12.42,48,2012,No Holiday,0,0,41.0,1
2062,2053,2,COFFEE,11/21/13,10.45,64,2013,No Holiday,0,0,41.0,1
2070,2053,2,COFFEE,11/21/14,12.77,44,2014,No Holiday,0,0,39.2,1
2078,2053,2,COFFEE,11/22/12,12.42,48,2012,No Holiday,0,0,39.2,1
2086,2053,2,COFFEE,11/22/13,10.45,64,2013,No Holiday,0,0,35.6,1
2094,2053,2,COFFEE,11/22/14,12.77,36,2014,No Holiday,1,0,41.0,1
2102,2053,2,COFFEE,11/23/12,12.42,50,2012,No Holiday,0,0,33.8,1
2110,2053,2,COFFEE,11/23/13,10.45,44,2013,No Holiday,1,0,32.0,1
2118,2053,2,COFFEE,11/23/14,12.77,32,2014,No Holiday,1,0,44.6,1
2126,2053,2,COFFEE,11/24/12,12.42,32,2012,No Holiday,1,0,35.6,1
2134,2053,2,COFFEE,11/24/13,10.45,42,2013,No Holiday,1,0,35.6,1
2142,2053,2,COFFEE,11/24/14,12.77,46,2014,No Holiday,0,0,39.2,1
2150,2053,2,COFFEE,11/25/12,12.42,36,2012,No Holiday,1,0,37.4,1
2158,2053,2,COFFEE,11/25/13,10.45,58,2013,No Holiday,0,0,37.4,1
2166,2053,2,COFFEE,11/25/14,12.77,46,2014,No Holiday,0,0,35.6,1
2174,2053,2,COFFEE,11/26/12,12.42,48,2012,No Holiday,0,0,39.2,1
2182,2053,2,COFFEE,11/26/13,10.45,64,2013,No Holiday,0,0,33.8,1
2190,2053,2,COFFEE,11/26/14,12.77,42,2014,No Holiday,0,0,33.8,1
2198,2053,2,COFFEE,11/27/12,12.42,44,2012,No Holiday,0,0,37.4,1
2206,2053,2,COFFEE,11/27/13,10.45,60,2013,No Holiday,0,0,35.6,1
2214,2053,2,COFFEE,11/27/14,12.77,46,2014,No Holiday,0,0,28.4,1
2222,2053,2,COFFEE,11/28/12,12.42,44,2012,No Holiday,0,0,35.6,1
2230,2053,2,COFFEE,11/28/13,10.45,72,2013,No Holiday,0,0,32.0,0
2238,2053,2,COFFEE,11/28/14,12.77,48,2014,No Holiday,0,0,33.8,1
2246,2053,2,COFFEE,11/29/12,12.42,44,2012,No Holiday,0,0,32.0,1
2254,2053,2,COFFEE,11/29/13,10.45,58,2013,No Holiday,0,0,32.0,1
2262,2053,2,COFFEE,11/29/14,12.77,28,2014,No Holiday,1,0,41.0,1
2270,2053,2,COFFEE,11/3/12,12.42,30,2012,No Holiday,1,0,51.8,1
2278,2053,2,COFFEE,11/3/13,10.45,44,2013,No Holiday,1,0,41.0,1
2286,2053,2,COFFEE,11/3/14,12.77,48,2014,No Holiday,0,0,50.0,1
2294,2053,2,COFFEE,11/30/12,12.42,48,2012,No Holiday,0,0,32.0,1
2302,2053,2,COFFEE,11/30/13,10.45,46,2013,No Holiday,1,0,28.4,0
2310,2053,2,COFFEE,11/30/14,12.77,30,2014,No Holiday,1,0,37.4,1
2318,2053,2,COFFEE,11/4/12,12.42,38,2012,No Holiday,1,0,51.8,1
2326,2053,2,COFFEE,11/4/13,10.45,64,2013,No Holiday,0,0,35.6,1
2334,2053,2,COFFEE,11/4/14,12.77,46,2014,No Holiday,0,0,51.8,1
2342,2053,2,COFFEE,11/5/12,12.42,52,2012,No Holiday,0,0,53.6,1
2350,2053,2,COFFEE,11/5/13,10.45,58,2013,No Holiday,0,0,39.2,1
2358,2053,2,COFFEE,11/5/14,12.77,48,2014,No Holiday,0,0,50.0,1
2366,2053,2,COFFEE,11/6/12,12.42,48,2012,No Holiday,0,0,51.8,1
2374,2053,2,COFFEE,11/6/13,10.45,60,2013,No Holiday,0,0,41.0,1
2382,2053,2,COFFEE,11/6/14,12.77,50,2014,No Holiday,0,0,50.0,1
2390,2053,2,COFFEE,11/7/12,12.42,52,2012,No Holiday,0,0,50.0,1
2398,2053,2,COFFEE,11/7/13,10.45,62,2013,No Holiday,0,0,41.0,1
