Model comparasions/processedDataSets/Combined_Data.csv
,SELL_ID,SELL_CATEGORY,ITEM_NAME,CALENDAR_DATE,PRICE,QUANTITY,YEAR,HOLIDAY,IS_WEEKEND,IS_SCHOOLBREAK,AVERAGE_TEMPERATURE,IS_OUTDOOR
2406,2053,2,COFFEE,11/7/14,12.77,46,2014,No Holiday,0,0,48.2,1
2414,2053,2,COFFEE,11/8/12,12.42,48,2012,No Holiday,0,0,46.4,1
2422,2053,2,COFFEE,11/8/13,10.45,58,2013,No Holiday,0,0,42.8,1
2430,2053,2,COFFEE,11/8/14,12.77,34,2014,No Holiday,1,0,48.2,1
2438,2053,2,COFFEE,11/9/12,12.42,44,2012,No Holiday,0,0,46.4,1
2446,2053,2,COFFEE,11/9/13,10.45,38,2013,No Holiday,1,0,42.8,1
2454,2053,2,COFFEE,11/9/14,12.77,34,2014,No Holiday,1,0,46.4,1
2462,2053,2,COFFEE,12/1/12,12.42,32,2012,No Holiday,1,0,33.8,1
2470,2053,2,COFFEE,12/1/13,10.45,52,2013,No Holiday,1,0,28.4,0
2478,2053,2,COFFEE,12/1/14,12.77,42,2014,No Holiday,0,0,39.2,1
2486,2053,2,COFFEE,12/10/12,12.42,52,2012,No Holiday,0,0,32.0,1
2494,2053,2,COFFEE,12/10/13,10.45,74,2013,No Holiday,0,0,24.8,0
2502,2053,2,COFFEE,12/10/14,12.77,48,2014,No Holiday,0,0,33.8,1
2510,2053,2,COFFEE,12/11/12,12.42,50,2012,No Holiday,0,0,33.8,1
2518,2053,2,COFFEE,12/11/13,10.45,70,2013,No Holiday,0,0,26.6,0
2526,2053,2,COFFEE,12/11/14,12.77,42,2014,No Holiday,0,0,33.8,1
2534,2053,2,COFFEE,12/12/12,12.42,50,2012,No Holiday,0,0,35.6,1
2542,2053,2,COFFEE,12/12/13,10.45,64,2013,No Holiday,0,0,30.2,1
2550,2053,2,COFFEE,12/12/14,12.77,58,2014,No Holiday,0,0,30.2,0
2558,2053,2,COFFEE,12/13/12,12.42,46,2012,No Holiday,0,0,32.0,1
2566,2053,2,COFFEE,12/13/13,10.45,56,2013,No Holiday,0,0,30.2,1
2574,2053,2,COFFEE,12/13/14,12.77,30,2014,No Holiday,1,0,32.0,1
2582,2053,2,COFFEE,12/14/12,12.42,52,2012,No Holiday,0,0,28.4,0
2590,2053,2,COFFEE,12/14/13,10.45,40,2013,No Holiday,1,0,30.2,1
2598,2053,2,COFFEE,12/14/14,12.77,36,2014,No Holiday,1,0,32.0,0
2606,2053,2,COFFEE,12/15/12,12.42,38,2012,No Holiday,1,0,24.8,0
2614,2053,2,COFFEE,12/15/13,10.45,44,2013,No Holiday,1,0,32.0,1
2622,2053,2,COFFEE,12/15/14,12.77,46,2014,No Holiday,0,0,32.0,1
2630,2053,2,COFFEE,12/16/12,12.42,44,2012,No Holiday,1,0,26.6,0
2638,2053,2,COFFEE,12/16/13,10.45,64,2013,No Holiday,0,0,32.0,1
2646,2053,2,COFFEE,12/16/14,10.81,54,2014,No Holiday,0,0,30.2,1
2654,2053,2,COFFEE,12/17/12,12.42,52,2012,No Holiday,0,0,26.6,0
2662,2053,2,COFFEE,12/17/13,10.45,72,2013,No Holiday,0,0,23.0,0
2670,2053,2,COFFEE,12/17/14,10.81,70,2014,No Holiday,0,0,28.4,0
2678,2053,2,COFFEE,12/18/12,12.42,58,2012,No Holiday,0,0,28.4,0
2686,2053,2,COFFEE,12/18/13,10.45,70,2013,No Holiday,0,0,26.6,0
2694,2053,2,COFFEE,12/18/14,10.81,68,2014,No Holiday,0,0,28.4,0
2702,2053,2,COFFEE,12/19/12,12.42,46,2012,No Holiday,0,0,30.2,1
2710,2053,2,COFFEE,12/19/13,10.45,74,2013,No Holiday,0,0,26.6,0
2718,2053,2,COFFEE,12/19/14,10.81,72,2014,No Holiday,0,0,26.6,0
2726,2053,2,COFFEE,12/2/12,12.42,36,2012,No Holiday,1,0,32.0,1
2734,2053,2,COFFEE,12/2/13,10.45,60,2013,No Holiday,0,0,30.2,1
2742,2053,2,COFFEE,12/2/14,12.77,50,2014,No Holiday,0,0,41.0,1
2750,2053,2,COFFEE,12/20/12,12.42,44,2012,No Holiday,0,0,30.2,1
2758,2053,2,COFFEE,12/20/13,10.45,62,2013,No Holiday,0,0,26.6,1
2766,2053,2,COFFEE,12/20/14,10.81,48,2014,No Holiday,1,0,28.4,0
2774,2053,2,COFFEE,12/21/12,12.42,58,2012,No Holiday,0,0,28.4,0
2782,2053,2,COFFEE,12/21/13,12.37,38,2013,No Holiday,1,0,24.8,0
2790,2053,2,COFFEE,12/21/14,10.81,52,2014,No Holiday,1,0,28.4,0
2798,2053,2,COFFEE,12/22/12,12.42,38,2012,No Holiday,1,0,28.4,0
2806,2053,2,COFFEE,12/22/13,12.37,38,2013,No Holiday,1,0,32.0,1
2814,2053,2,COFFEE,12/22/14,10.81,66,2014,No Holiday,0,0,30.2,0
2822,2053,2,COFFEE,12/23/12,12.42,38,2012,No Holiday,1,0,30.2,1
2830,2053,2,COFFEE,12/23/13,12.37,58,2013,No Holiday,0,0,14.0,0
2838,2053,2,COFFEE,12/23/14,10.81,64,2014,No Holiday,0,0,30.2,0
2846,2053,2,COFFEE,12/24/12,12.42,56,2012,No Holiday,0,0,30.2,0
2854,2053,2,COFFEE,12/24/13,12.37,54,2013,No Holiday,0,0,21.2,0
2862,2053,2,COFFEE,12/24/14,10.81,70,2014,No Holiday,0,0,30.2,0
2870,2053,2,COFFEE,12/25/12,12.42,58,2012,No Holiday,0,0,30.2,0
2878,2053,2,COFFEE,12/25/13,12.37,52,2013,No Holiday,0,0,21.2,0
2886,2053,2,COFFEE,12/25/14,10.81,60,2014,No Holiday,0,0,32.0,1
2894,2053,2,COFFEE,12/26/12,12.42,48,2012,No Holiday,0,0,30.2,1
2902,2053,2,COFFEE,12/26/13,12.37,60,2013,No Holiday,0,0,21.2,0
2910,2053,2,COFFEE,12/26/14,10.81,70,2014,No Holiday,0,0,26.6,0
2918,2053,2,COFFEE,12/27/12,13.41,42,2012,No Holiday,0,0,30.2,1
2926,2053,2,COFFEE,12/27/13,12.37,58,2013,No Holiday,0,0,21.2,0
2934,2053,2,COFFEE,12/27/14,10.81,44,2014,No Holiday,1,0,28.4,0
2942,2053,2,COFFEE,12/28/12,13.41,52,2012,No Holiday,0,0,30.2,0
2950,2053,2,COFFEE,12/28/13,12.37,44,2013,No Holiday,1,0,21.2,0
2958,2053,2,COFFEE,12/28/14,10.81,50,2014,No Holiday,1,0,28.4,0
2966,2053,2,COFFEE,12/29/12,13.41,32,2012,No Holiday,1,0,26.6,1
2974,2053,2,COFFEE,12/29/13,12.37,44,2013,No Holiday,1,0,21.2,0
2982,2053,2,COFFEE,12/29/14,10.81,64,2014,No Holiday,0,0,32.0,0
2990,2053,2,COFFEE,12/3/12,12.42,48,2012,No Holiday,0,0,32.0,1
2998,2053,2,COFFEE,12/3/13,10.45,66,2013,No Holiday,0,0,28.4,0
3006,2053,2,COFFEE,12/3/14,12.77,44,2014,No Holiday,0,0,42.8,1
3014,2053,2,COFFEE,12/30/12,13.41,28,2012,No Holiday,1,0,28.4,1
3022,2053,2,COFFEE,12/30/13,12.37,56,2013,No Holiday,0,0,21.2,0
3030,2053,2,COFFEE,12/30/14,10.81,52,2014,No Holiday,0,0,33.8,1
3038,2053,2,COFFEE,12/31/12,13.41,54,2012,No Holiday,0,0,30.2,0
3046,2053,2,COFFEE,12/31/13,12.37,58,2013,No Holiday,0,0,21.2,0
3054,2053,2,COFFEE,12/31/14,10.81,56,2014,No Holiday,0,0,35.6,1
3062,2053,2,COFFEE,12/4/12,12.42,44,2012,No Holiday,0,0,33.8,1
3070,2053,2,COFFEE,12/4/13,10.45,60,2013,No Holiday,0,0,28.4,1
3078,2053,2,COFFEE,12/4/14,12.77,48,2014,No Holiday,0,0,42.8,1
3086,2053,2,COFFEE,12/5/12,12.42,50,2012,No Holiday,0,0,32.0,1
3094,2053,2,COFFEE,12/5/13,10.45,74,2013,No Holiday,0,0,23.0,0
3102,2053,2,COFFEE,12/5/14,12.77,44,2014,No Holiday,0,0,39.2,1
3110,2053,2,COFFEE,12/6/12,12.42,44,2012,No Holiday,0,0,32.0,1
3118,2053,2,COFFEE,12/6/13,10.45,74,2013,No Holiday,0,0,24.8,0
3126,2053,2,COFFEE,12/6/14,12.77,30,2014,No Holiday,1,0,39.2,1
3134,2053,2,COFFEE,12/7/12,12.42,58,2012,No Holiday,0,0,30.2,0
3142,2053,2,COFFEE,12/7/13,10.45,46,2013,No Holiday,1,0,23.0,0
3150,2053,2,COFFEE,12/7/14,12.77,28,2014,No Holiday,1,0,39.2,1
3158,2053,2,COFFEE,12/8/12,12.42,44,2012,No Holiday,1,0,24.8,0
3166,2053,2,COFFEE,12/8/13,10.45,52,2013,No Holiday,1,0,21.2,0
3174,2053,2,COFFEE,12/8/14,12.77,50,2014,No Holiday,0,0,39.2,1
3182,2053,2,COFFEE,12/9/12,12.42,38,2012,No Holiday,1,0,28.4,1
3190,2053,2,COFFEE,12/9/13,10.45,72,2013,No Holiday,0,0,26.6,0
3198,2053,2,COFFEE,12/9/14,12.77,46,2014,No Holiday,0,0,33.8,1
3206,2053,2,COFFEE,2/1/12,12.6,48,2012,No Holiday,0,0,32.0,1
3214,2053,2,COFFEE,2/1/13,13.41,50,2013,No Holiday,0,1,19.4,0
3222,2053,2,COFFEE,2/1/14,12.37,36,2014,No Holiday,1,1,28.4,0
3230,2053,2,COFFEE,2/1/15,10.81,24,2015,Luner New Year,1,1,35.6,1
3238,2053,2,COFFEE,2/10/12,12.6,44,2012,No Holiday,0,0,32.0,1
3246,2053,2,COFFEE,2/10/13,13.41,34,2013,No Holiday,1,0,28.4,0
3254,2053,2,COFFEE,2/10/14,12.37,42,2014,Luner New Year,0,1,26.6,0
3262,2053,2,COFFEE,2/10/15,10.81,68,2015,No Holiday,0,1,23.0,0
3270,2053,2,COFFEE,2/11/12,12.6,40,2012,No Holiday,1,0,24.8,0
3278,2053,2,COFFEE,2/11/13,13.41,50,2013,No Holiday,0,0,32.0,0
3286,2053,2,COFFEE,2/11/14,12.37,44,2014,Luner New Year,0,1,26.6,0
3294,2053,2,COFFEE,2/11/15,10.81,66,2015,No Holiday,0,1,24.8,0
3302,2053,2,COFFEE,2/12/12,12.6,34,2012,No Holiday,1,0,24.8,0
3310,2053,2,COFFEE,2/12/13,13.41,44,2013,No Holiday,0,0,32.0,1
3318,2053,2,COFFEE,2/12/14,12.37,40,2014,Luner New Year,0,1,28.4,0
3326,2053,2,COFFEE,2/12/15,10.81,66,2015,No Holiday,0,1,28.4,0
3334,2053,2,COFFEE,2/13/12,12.6,46,2012,No Holiday,0,0,32.0,1
3342,2053,2,COFFEE,2/13/13,13.41,44,2013,No Holiday,0,0,33.8,1
3350,2053,2,COFFEE,2/13/14,12.37,38,2014,Luner New Year,0,1,33.8,1
3358,2053,2,COFFEE,2/13/15,10.81,66,2015,No Holiday,0,1,26.6,0
3366,2053,2,COFFEE,2/14/12,12.6,44,2012,No Holiday,0,0,32.0,1
3374,2053,2,COFFEE,2/14/13,13.41,46,2013,No Holiday,0,0,30.2,0
3382,2053,2,COFFEE,2/14/14,12.37,38,2014,Luner New Year,0,1,30.2,0
3390,2053,2,COFFEE,2/14/15,10.81,38,2015,No Holiday,1,1,30.2,1
3398,2053,2,COFFEE,2/15/12,12.6,48,2012,No Holiday,0,0,32.0,1
3406,2053,2,COFFEE,2/15/13,13.41,42,2013,No Holiday,0,0,32.0,1
3414,2053,2,COFFEE,2/15/14,12.37,32,2014,Luner New Year,1,1,30.2,0
3422,2053,2,COFFEE,2/15/15,10.81,38,2015,No Holiday,1,1,32.0,1
3430,2053,2,COFFEE,2/16/12,12.6,42,2012,No Holiday,0,0,32.0,1
3438,2053,2,COFFEE,2/16/13,13.41,32,2013,No Holiday,1,0,28.4,0
3446,2053,2,COFFEE,2/16/14,12.37,32,2014,No Holiday,1,1,32.0,1
3454,2053,2,COFFEE,2/16/15,10.81,56,2015,No Holiday,0,1,32.0,1
3462,2053,2,COFFEE,2/17/12,12.6,42,2012,No Holiday,0,0,32.0,1
3470,2053,2,COFFEE,2/17/13,13.41,36,2013,No Holiday,1,0,28.4,0
3478,2053,2,COFFEE,2/17/14,12.37,48,2014,No Holiday,0,1,33.8,1
3486,2053,2,COFFEE,2/17/15,10.81,60,2015,No Holiday,0,0,32.0,1
3494,2053,2,COFFEE,2/18/12,12.6,30,2012,No Holiday,1,0,32.0,1
3502,2053,2,COFFEE,2/18/13,13.41,52,2013,No Holiday,0,0,30.2,0
3510,2053,2,COFFEE,2/18/14,12.37,56,2014,No Holiday,0,1,28.4,0
3518,2053,2,COFFEE,2/18/15,10.81,60,2015,No Holiday,0,0,30.2,1
3526,2053,2,COFFEE,2/19/12,12.6,28,2012,No Holiday,1,0,37.4,1
3534,2053,2,COFFEE,2/19/13,13.41,42,2013,No Holiday,0,0,32.0,1
3542,2053,2,COFFEE,2/19/14,12.37,56,2014,No Holiday,0,1,28.4,0
3550,2053,2,COFFEE,2/19/15,10.81,52,2015,No Holiday,0,0,32.0,1
3558,2053,2,COFFEE,2/2/12,12.6,34,2012,Luner New Year,0,0,32.0,1
3566,2053,2,COFFEE,2/2/13,13.41,40,2013,No Holiday,1,1,21.2,0
3574,2053,2,COFFEE,2/2/14,12.37,44,2014,No Holiday,1,1,28.4,0
3582,2053,2,COFFEE,2/2/15,10.81,42,2015,Luner New Year,0,1,35.6,1
3590,2053,2,COFFEE,2/20/12,12.6,44,2012,No Holiday,0,0,37.4,1
3598,2053,2,COFFEE,2/20/13,13.41,44,2013,No Holiday,0,0,35.6,1
3606,2053,2,COFFEE,2/20/14,12.37,60,2014,No Holiday,0,0,30.2,0
3614,2053,2,COFFEE,2/20/15,10.81,52,2015,No Holiday,0,0,32.0,1
3622,2053,2,COFFEE,2/21/12,12.6,44,2012,No Holiday,0,0,39.2,1
3630,2053,2,COFFEE,2/21/13,13.41,40,2013,No Holiday,0,0,33.8,1
3638,2053,2,COFFEE,2/21/14,12.37,44,2014,No Holiday,0,0,33.8,1
3646,2053,2,COFFEE,2/21/15,10.81,40,2015,No Holiday,1,0,32.0,1
3654,2053,2,COFFEE,2/22/12,12.6,44,2012,No Holiday,0,0,39.2,1
3662,2053,2,COFFEE,2/22/13,13.41,46,2013,No Holiday,0,0,35.6,1
3670,2053,2,COFFEE,2/22/14,12.37,34,2014,No Holiday,1,0,33.8,1
3678,2053,2,COFFEE,2/22/15,10.81,42,2015,No Holiday,1,0,35.6,1
3686,2053,2,COFFEE,2/23/12,12.6,46,2012,No Holiday,0,0,42.8,1
3694,2053,2,COFFEE,2/23/13,13.41,26,2013,No Holiday,1,0,33.8,1
3702,2053,2,COFFEE,2/23/14,12.37,34,2014,No Holiday,1,0,37.4,1
3710,2053,2,COFFEE,2/23/15,10.81,52,2015,No Holiday,0,0,33.8,1
3718,2053,2,COFFEE,2/24/12,12.6,46,2012,No Holiday,0,0,39.2,1
3726,2053,2,COFFEE,2/24/13,13.41,28,2013,No Holiday,1,0,32.0,1
3734,2053,2,COFFEE,2/24/14,12.37,44,2014,No Holiday,0,0,33.8,1
3742,2053,2,COFFEE,2/24/15,10.81,58,2015,No Holiday,0,0,39.2,1
3750,2053,2,COFFEE,2/25/12,12.6,36,2012,No Holiday,1,0,37.4,1
3758,2053,2,COFFEE,2/25/13,13.41,38,2013,No Holiday,0,0,32.0,1
3766,2053,2,COFFEE,2/25/14,12.37,44,2014,No Holiday,0,0,28.4,1
3774,2053,2,COFFEE,2/25/15,10.81,56,2015,No Holiday,0,0,41.0,1
3782,2053,2,COFFEE,2/26/12,12.6,30,2012,No Holiday,1,0,32.0,1
3790,2053,2,COFFEE,2/26/13,13.41,42,2013,No Holiday,0,0,32.0,1
3798,2053,2,COFFEE,2/26/14,12.37,50,2014,No Holiday,0,0,37.4,1
3806,2053,2,COFFEE,2/26/15,10.81,56,2015,No Holiday,0,0,41.0,1
3814,2053,2,COFFEE,2/27/12,12.6,50,2012,No Holiday,0,0,30.2,1
3822,2053,2,COFFEE,2/27/13,13.41,42,2013,No Holiday,0,0,35.6,1
3830,2053,2,COFFEE,2/27/14,12.37,52,2014,No Holiday,0,0,42.8,1
3838,2053,2,COFFEE,2/27/15,10.81,60,2015,No Holiday,0,0,37.4,1
3846,2053,2,COFFEE,2/28/12,12.6,42,2012,No Holiday,0,0,33.8,1
3854,2053,2,COFFEE,2/28/13,13.41,44,2013,No Holiday,0,0,35.6,1
3862,2053,2,COFFEE,2/28/14,12.37,52,2014,No Holiday,0,0,41.0,1
3870,2053,2,COFFEE,2/28/15,10.81,42,2015,No Holiday,1,0,33.8,1
3878,2053,2,COFFEE,2/3/12,12.6,32,2012,Luner New Year,0,0,32.0,1
3886,2053,2,COFFEE,2/3/13,13.41,36,2013,No Holiday,1,1,26.6,0
3894,2053,2,COFFEE,2/3/14,12.37,44,2014,No Holiday,0,1,28.4,1
3902,2053,2,COFFEE,2/3/15,10.81,52,2015,Luner New Year,0,1,26.6,0
3910,2053,2,COFFEE,2/4/12,12.6,20,2012,Luner New Year,1,0,32.0,1
3918,2053,2,COFFEE,2/4/13,13.41,54,2013,No Holiday,0,1,30.2,0
3926,2053,2,COFFEE,2/4/14,12.37,56,2014,No Holiday,0,1,28.4,0
3934,2053,2,COFFEE,2/4/15,10.81,52,2015,Luner New Year,0,1,26.6,0
3942,2053,2,COFFEE,2/5/12,12.6,28,2012,Luner New Year,1,0,32.0,1
3950,2053,2,COFFEE,2/5/13,13.41,52,2013,No Holiday,0,1,30.2,0
3958,2053,2,COFFEE,2/5/14,12.37,54,2014,No Holiday,0,1,28.4,0
3966,2053,2,COFFEE,2/5/15,10.81,44,2015,Luner New Year,0,1,28.4,1
3974,2053,2,COFFEE,2/6/12,12.6,32,2012,Luner New Year,0,0,32.0,1
3982,2053,2,COFFEE,2/6/13,13.41,50,2013,No Holiday,0,1,19.4,0
3990,2053,2,COFFEE,2/6/14,12.37,54,2014,No Holiday,0,1,24.8,0
3998,2053,2,COFFEE,2/6/15,10.81,40,2015,Luner New Year,0,1,28.4,1
4006,2053,2,COFFEE,2/7/12,12.6,30,2012,Luner New Year,0,0,32.0,1
4014,2053,2,COFFEE,2/7/13,13.41,50,2013,No Holiday,0,0,23.0,0
4022,2053,2,COFFEE,2/7/14,12.37,60,2014,No Holiday,0,1,19.4,0
4030,2053,2,COFFEE,2/7/15,10.81,42,2015,No Holiday,1,1,26.6,1
4038,2053,2,COFFEE,2/8/12,12.6,30,2012,Luner New Year,0,0,32.0,1
4046,2053,2,COFFEE,2/8/13,13.41,50,2013,No Holiday,0,0,26.6,0
4054,2053,2,COFFEE,2/8/14,12.37,44,2014,No Holiday,1,1,23.0,0
4062,2053,2,COFFEE,2/8/15,10.81,52,2015,No Holiday,1,1,24.8,0
4070,2053,2,COFFEE,2/9/12,12.6,42,2012,No Holiday,0,0,32.0,1
4078,2053,2,COFFEE,2/9/13,13.41,36,2013,No Holiday,1,0,28.4,0
4086,2053,2,COFFEE,2/9/14,12.37,28,2014,Luner New Year,1,1,26.6,0
4094,2053,2,COFFEE,2/9/15,10.81,70,2015,No Holiday,0,1,21.2,0
4102,2053,2,COFFEE,3/1/12,12.6,50,2012,No Holiday,0,0,33.8,1
4128,2053,2,COFFEE,3/1/13,13.13,50,2013,No Holiday,0,0,39.2,1
4129,2053,2,COFFEE,3/1/13,13.13,50,2013,No Holiday,0,0,32.0,1
4130,2053,2,COFFEE,3/1/13,13.41,80,2013,No Holiday,0,0,39.2,1
4131,2053,2,COFFEE,3/1/13,13.41,80,2013,No Holiday,0,0,32.0,1
4142,2053,2,COFFEE,3/1/14,12.37,36,2014,No Holiday,1,0,33.8,1
4150,2053,2,COFFEE,3/1/15,10.81,40,2015,No Holiday,1,0,39.2,1
4158,2053,2,COFFEE,3/10/12,12.6,28,2012,No Holiday,1,0,46.4,1
4166,2053,2,COFFEE,3/10/13,13.41,26,2013,No Holiday,1,0,33.8,1
4174,2053,2,COFFEE,3/10/14,12.37,48,2014,No Holiday,0,0,39.2,1
4182,2053,2,COFFEE,3/10/15,10.81,52,2015,No Holiday,0,0,42.8,1
4190,2053,2,COFFEE,3/11/12,12.6,34,2012,No Holiday,1,0,50.0,1
4198,2053,2,COFFEE,3/11/13,13.41,50,2013,No Holiday,0,0,32.0,0
4206,2053,2,COFFEE,3/11/14,12.37,48,2014,No Holiday,0,0,46.4,1
4214,2053,2,COFFEE,3/11/15,10.81,56,2015,No Holiday,0,0,44.6,1
4222,2053,2,COFFEE,3/12/12,12.6,50,2012,No Holiday,0,0,55.4,1
4230,2053,2,COFFEE,3/12/13,13.41,38,2013,No Holiday,0,0,37.4,1
4238,2053,2,COFFEE,3/12/14,12.37,48,2014,No Holiday,0,0,39.2,1
4246,2053,2,COFFEE,3/12/15,10.81,60,2015,No Holiday,0,0,39.2,1
4254,2053,2,COFFEE,3/13/12,12.6,44,2012,No Holiday,0,0,50.0,1
4262,2053,2,COFFEE,3/13/13,13.41,44,2013,No Holiday,0,0,42.8,1
4270,2053,2,COFFEE,3/13/14,12.37,50,2014,No Holiday,0,0,37.4,1
4278,2053,2,COFFEE,3/13/15,10.81,52,2015,No Holiday,0,0,46.4,1
4286,2053,2,COFFEE,3/14/12,12.6,42,2012,No Holiday,0,0,41.0,1
4294,2053,2,COFFEE,3/14/13,13.41,40,2013,No Holiday,0,0,42.8,1
4302,2053,2,COFFEE,3/14/14,12.37,46,2014,No Holiday,0,0,41.0,1
4310,2053,2,COFFEE,3/14/15,10.81,36,2015,No Holiday,1,0,48.2,1
4318,2053,2,COFFEE,3/15/12,12.6,46,2012,No Holiday,0,0,37.4,1
4326,2053,2,COFFEE,3/15/13,13.41,38,2013,No Holiday,0,0,44.6,1
4334,2053,2,COFFEE,3/15/14,12.37,34,2014,No Holiday,1,0,46.4,1
4342,2053,2,COFFEE,3/15/15,10.81,38,2015,No Holiday,1,0,53.6,1
4350,2053,2,COFFEE,3/16/12,12.6,46,2012,No Holiday,0,0,42.8,1
4358,2053,2,COFFEE,3/16/13,13.41,28,2013,No Holiday,1,0,48.2,1
4366,2053,2,COFFEE,3/16/14,12.37,38,2014,No Holiday,1,0,48.2,1
4374,2053,2,COFFEE,3/16/15,10.81,52,2015,No Holiday,0,0,51.8,1
4382,2053,2,COFFEE,3/17/12,12.6,28,2012,No Holiday,1,0,50.0,1
4390,2053,2,COFFEE,3/17/13,13.41,26,2013,No Holiday,1,0,42.8,1
4398,2053,2,COFFEE,3/17/14,12.37,50,2014,No Holiday,0,0,53.6,1
4406,2053,2,COFFEE,3/17/15,10.81,58,2015,No Holiday,0,0,53.6,1
4414,2053,2,COFFEE,3/18/12,12.6,30,2012,No Holiday,1,0,44.6,1
4422,2053,2,COFFEE,3/18/13,13.41,40,2013,No Holiday,0,0,35.6,1
4430,2053,2,COFFEE,3/18/14,12.37,52,2014,No Holiday,0,0,42.8,1
4438,2053,2,COFFEE,3/18/15,10.81,58,2015,No Holiday,0,0,51.8,1
4446,2053,2,COFFEE,3/19/12,12.6,50,2012,No Holiday,0,0,46.4,1
4454,2053,2,COFFEE,3/19/13,13.41,38,2013,No Holiday,0,0,37.4,1
4462,2053,2,COFFEE,3/19/14,12.37,52,2014,No Holiday,0,0,32.0,1
4470,2053,2,COFFEE,3/19/15,10.81,54,2015,No Holiday,0,0,46.4,1
4478,2053,2,COFFEE,3/2/12,12.6,46,2012,No Holiday,0,0,35.6,1
4486,2053,2,COFFEE,3/2/13,13.41,26,2013,No Holiday,1,0,35.6,1
4494,2053,2,COFFEE,3/2/14,12.37,32,2014,No Holiday,1,0,33.8,1
4502,2053,2,COFFEE,3/2/15,10.81,52,2015,No Holiday,0,0,39.2,1
4510,2053,2,COFFEE,3/20/12,12.6,42,2012,No Holiday,0,0,44.6,1
4518,2053,2,COFFEE,3/20/13,13.41,38,2013,No Holiday,0,0,44.6,1
4526,2053,2,COFFEE,3/20/14,12.37,52,2014,No Holiday,0,0,39.2,1
4534,2053,2,COFFEE,3/20/15,10.81,54,2015,No Holiday,0,0,50.0,1
4542,2053,2,COFFEE,3/21/12,12.6,42,2012,No Holiday,0,0,37.4,1
4550,2053,2,COFFEE,3/21/13,13.41,40,2013,No Holiday,0,0,46.4,1
4558,2053,2,COFFEE,3/21/14,12.37,52,2014,No Holiday,0,0,46.4,1
4566,2053,2,COFFEE,3/21/15,10.81,36,2015,No Holiday,1,0,53.6,1
4574,2053,2,COFFEE,3/22/12,12.6,44,2012,No Holiday,0,0,39.2,1
4582,2053,2,COFFEE,3/22/13,13.41,40,2013,No Holiday,0,0,41.0,1
4590,2053,2,COFFEE,3/22/14,12.37,30,2014,No Holiday,1,0,42.8,1
4598,2053,2,COFFEE,3/22/15,10.81,36,2015,No Holiday,1,0,57.2,1
4606,2053,2,COFFEE,3/23/12,12.6,46,2012,No Holiday,0,0,42.8,1
4614,2053,2,COFFEE,3/23/13,13.41,26,2013,No Holiday,1,0,44.6,1
4622,2053,2,COFFEE,3/23/14,12.37,30,2014,No Holiday,1,0,42.8,1
4630,2053,2,COFFEE,3/23/15,10.81,60,2015,No Holiday,0,0,55.4,1
4638,2053,2,COFFEE,3/24/12,12.6,32,2012,No Holiday,1,0,42.8,1
4646,2053,2,COFFEE,3/24/13,13.41,30,2013,No Holiday,1,0,44.6,1
