Model comparasions/processedDataSets/Combined_Data.csv
,SELL_ID,SELL_CATEGORY,ITEM_NAME,CALENDAR_DATE,PRICE,QUANTITY,YEAR,HOLIDAY,IS_WEEKEND,IS_SCHOOLBREAK,AVERAGE_TEMPERATURE,IS_OUTDOOR
4654,2053,2,COFFEE,3/24/14,12.37,52,2014,No Holiday,0,0,39.2,1
4662,2053,2,COFFEE,3/24/15,10.81,58,2015,No Holiday,0,0,59.0,1
4670,2053,2,COFFEE,3/25/12,12.6,32,2012,No Holiday,1,0,42.8,1
4678,2053,2,COFFEE,3/25/13,13.41,38,2013,No Holiday,0,0,46.4,1
4686,2053,2,COFFEE,3/25/14,12.37,44,2014,No Holiday,0,0,42.8,1
4694,2053,2,COFFEE,3/25/15,10.81,54,2015,No Holiday,0,0,60.8,1
4702,2053,2,COFFEE,3/26/12,12.6,50,2012,No Holiday,0,0,46.4,1
4710,2053,2,COFFEE,3/26/13,13.41,44,2013,No Holiday,0,0,32.0,1
4718,2053,2,COFFEE,3/26/14,12.37,50,2014,No Holiday,0,0,48.2,1
4726,2053,2,COFFEE,3/26/15,10.81,60,2015,No Holiday,0,0,60.8,1
4734,2053,2,COFFEE,3/27/12,12.6,46,2012,No Holiday,0,0,48.2,1
4742,2053,2,COFFEE,3/27/13,13.41,42,2013,No Holiday,0,0,55.4,1
4750,2053,2,COFFEE,3/27/14,12.37,52,2014,No Holiday,0,0,50.0,1
4758,2053,2,COFFEE,3/27/15,10.81,54,2015,No Holiday,0,0,62.6,1
4766,2053,2,COFFEE,3/28/12,12.6,48,2012,No Holiday,0,0,50.0,1
4774,2053,2,COFFEE,3/28/13,13.41,46,2013,No Holiday,0,0,59.0,1
4782,2053,2,COFFEE,3/28/14,12.37,44,2014,No Holiday,0,0,41.0,1
4790,2053,2,COFFEE,3/28/15,10.81,36,2015,No Holiday,1,0,60.8,1
4798,2053,2,COFFEE,3/29/12,12.6,50,2012,No Holiday,0,0,51.8,1
4806,2053,2,COFFEE,3/29/13,13.41,40,2013,No Holiday,0,0,53.6,1
4814,2053,2,COFFEE,3/29/14,12.37,34,2014,No Holiday,1,0,42.8,1
4822,2053,2,COFFEE,3/29/15,10.81,36,2015,No Holiday,1,0,59.0,1
4830,2053,2,COFFEE,3/3/12,12.6,30,2012,No Holiday,1,0,35.6,1
4838,2053,2,COFFEE,3/3/13,13.41,34,2013,No Holiday,1,0,33.8,1
4846,2053,2,COFFEE,3/3/14,12.37,46,2014,No Holiday,0,0,44.6,1
4854,2053,2,COFFEE,3/3/15,10.81,52,2015,No Holiday,0,0,37.4,1
4862,2053,2,COFFEE,3/30/12,12.6,42,2012,No Holiday,0,0,57.2,1
4870,2053,2,COFFEE,3/30/13,13.41,28,2013,No Holiday,1,0,46.4,1
4878,2053,2,COFFEE,3/30/14,12.37,34,2014,No Holiday,1,0,42.8,1
4886,2053,2,COFFEE,3/30/15,10.81,56,2015,No Holiday,0,0,62.6,1
4894,2053,2,COFFEE,3/31/12,12.6,28,2012,No Holiday,1,0,57.2,1
4902,2053,2,COFFEE,3/31/13,13.41,30,2013,No Holiday,1,0,48.2,1
4910,2053,2,COFFEE,3/31/14,12.37,50,2014,No Holiday,0,0,48.2,1
4918,2053,2,COFFEE,3/31/15,10.81,56,2015,No Holiday,0,0,57.2,1
4926,2053,2,COFFEE,3/4/12,12.6,28,2012,No Holiday,1,0,41.0,1
4934,2053,2,COFFEE,3/4/13,13.41,42,2013,No Holiday,0,0,35.6,1
4942,2053,2,COFFEE,3/4/14,12.37,44,2014,No Holiday,0,0,46.4,1
4950,2053,2,COFFEE,3/4/15,10.81,52,2015,No Holiday,0,0,35.6,1
4958,2053,2,COFFEE,3/5/12,12.6,46,2012,No Holiday,0,0,44.6,1
4966,2053,2,COFFEE,3/5/13,13.41,42,2013,No Holiday,0,0,35.6,1
4974,2053,2,COFFEE,3/5/14,12.37,52,2014,No Holiday,0,0,50.0,1
4982,2053,2,COFFEE,3/5/15,10.81,56,2015,No Holiday,0,0,37.4,1
4990,2053,2,COFFEE,3/6/12,12.6,44,2012,No Holiday,0,0,39.2,1
4998,2053,2,COFFEE,3/6/13,13.41,44,2013,No Holiday,0,0,39.2,1
5006,2053,2,COFFEE,3/6/14,12.37,46,2014,No Holiday,0,0,46.4,1
5014,2053,2,COFFEE,3/6/15,10.81,56,2015,No Holiday,0,0,35.6,1
5022,2053,2,COFFEE,3/7/12,12.6,44,2012,No Holiday,0,0,39.2,1
5030,2053,2,COFFEE,3/7/13,13.41,44,2013,No Holiday,0,0,39.2,1
5038,2053,2,COFFEE,3/7/14,12.37,52,2014,No Holiday,0,0,50.0,1
5046,2053,2,COFFEE,3/7/15,10.81,44,2015,No Holiday,1,0,37.4,1
5054,2053,2,COFFEE,3/8/12,12.6,42,2012,No Holiday,0,0,39.2,1
5062,2053,2,COFFEE,3/8/13,13.41,44,2013,No Holiday,0,0,32.0,1
5070,2053,2,COFFEE,3/8/14,12.37,30,2014,No Holiday,1,0,53.6,1
5078,2053,2,COFFEE,3/8/15,10.81,36,2015,No Holiday,1,0,37.4,1
5086,2053,2,COFFEE,3/9/12,12.6,44,2012,No Holiday,0,0,41.0,1
5094,2053,2,COFFEE,3/9/13,13.41,34,2013,No Holiday,1,0,33.8,1
5102,2053,2,COFFEE,3/9/14,12.37,32,2014,No Holiday,1,0,44.6,1
5110,2053,2,COFFEE,3/9/15,10.81,56,2015,No Holiday,0,0,39.2,1
5118,2053,2,COFFEE,4/1/12,12.6,34,2012,No Holiday,1,0,44.6,1
5126,2053,2,COFFEE,4/1/13,13.41,46,2013,No Holiday,0,0,46.4,1
5134,2053,2,COFFEE,4/1/14,12.37,44,2014,No Holiday,0,0,46.4,1
5142,2053,2,COFFEE,4/1/15,10.81,60,2015,No Holiday,0,0,62.6,1
5150,2053,2,COFFEE,4/10/12,12.6,50,2012,No Holiday,0,0,50.0,1
5158,2053,2,COFFEE,4/10/13,13.41,42,2013,No Holiday,0,0,59.0,1
5166,2053,2,COFFEE,4/10/14,12.37,52,2014,No Holiday,0,0,46.4,1
5174,2053,2,COFFEE,4/10/15,10.81,54,2015,No Holiday,0,0,57.2,1
5182,2053,2,COFFEE,4/11/12,12.6,50,2012,No Holiday,0,0,57.2,1
5190,2053,2,COFFEE,4/11/13,13.41,40,2013,No Holiday,0,0,57.2,1
5198,2053,2,COFFEE,4/11/14,12.37,46,2014,No Holiday,0,0,48.2,1
5206,2053,2,COFFEE,4/11/15,10.81,38,2015,No Holiday,1,0,57.2,1
5214,2053,2,COFFEE,4/12/12,12.6,50,2012,No Holiday,0,0,62.6,1
5222,2053,2,COFFEE,4/12/13,13.41,44,2013,No Holiday,0,0,60.8,1
5230,2053,2,COFFEE,4/12/14,12.37,30,2014,No Holiday,1,0,59.0,1
5238,2053,2,COFFEE,4/12/15,10.81,40,2015,No Holiday,1,0,59.0,1
5246,2053,2,COFFEE,4/13/12,12.6,42,2012,No Holiday,0,0,66.2,1
5254,2053,2,COFFEE,4/13/13,13.41,26,2013,No Holiday,1,0,64.4,1
5262,2053,2,COFFEE,4/13/14,12.37,38,2014,No Holiday,1,0,57.2,1
5270,2053,2,COFFEE,4/13/15,10.81,60,2015,No Holiday,0,0,62.6,1
5278,2053,2,COFFEE,4/14/12,12.6,34,2012,No Holiday,1,0,69.8,1
5286,2053,2,COFFEE,4/14/13,13.41,28,2013,No Holiday,1,0,69.8,1
5294,2053,2,COFFEE,4/14/14,12.37,48,2014,No Holiday,0,0,50.0,1
5302,2053,2,COFFEE,4/14/15,10.81,56,2015,No Holiday,0,0,66.2,1
5310,2053,2,COFFEE,4/15/12,12.6,28,2012,No Holiday,1,0,60.8,1
5318,2053,2,COFFEE,4/15/13,13.41,44,2013,No Holiday,0,0,64.4,1
5326,2053,2,COFFEE,4/15/14,12.37,52,2014,No Holiday,0,0,55.4,1
5334,2053,2,COFFEE,4/15/15,12.26,50,2015,No Holiday,0,0,64.4,1
5342,2053,2,COFFEE,4/16/12,12.6,50,2012,No Holiday,0,0,66.2,1
5350,2053,2,COFFEE,4/16/13,13.41,42,2013,No Holiday,0,0,60.8,1
5358,2053,2,COFFEE,4/16/14,12.37,52,2014,No Holiday,0,0,53.6,1
5366,2053,2,COFFEE,4/16/15,12.26,50,2015,No Holiday,0,0,60.8,1
5374,2053,2,COFFEE,4/17/12,12.6,42,2012,No Holiday,0,0,57.2,1
5382,2053,2,COFFEE,4/17/13,13.41,42,2013,No Holiday,0,0,69.8,1
5390,2053,2,COFFEE,4/17/14,12.37,50,2014,No Holiday,0,0,55.4,1
5398,2053,2,COFFEE,4/17/15,12.26,46,2015,No Holiday,0,0,57.2,1
5406,2053,2,COFFEE,4/18/12,12.6,46,2012,No Holiday,0,0,57.2,1
5414,2053,2,COFFEE,4/18/13,13.41,42,2013,No Holiday,0,0,66.2,1
5422,2053,2,COFFEE,4/18/14,12.37,52,2014,No Holiday,0,0,50.0,1
5430,2053,2,COFFEE,4/18/15,12.26,32,2015,No Holiday,1,0,60.8,1
5438,2053,2,COFFEE,4/19/12,12.6,48,2012,No Holiday,0,0,62.6,1
5446,2053,2,COFFEE,4/19/13,13.41,44,2013,No Holiday,0,0,62.6,1
5454,2053,2,COFFEE,4/19/14,12.37,34,2014,No Holiday,1,0,41.0,1
5462,2053,2,COFFEE,4/19/15,12.26,34,2015,No Holiday,1,0,53.6,1
5470,2053,2,COFFEE,4/2/12,12.6,44,2012,No Holiday,0,0,44.6,1
5478,2053,2,COFFEE,4/2/13,13.41,26,2013,Qing Ming Festival,0,0,46.4,1
5486,2053,2,COFFEE,4/2/14,12.37,48,2014,No Holiday,0,0,53.6,1
5494,2053,2,COFFEE,4/2/15,10.81,56,2015,No Holiday,0,0,60.8,1
5502,2053,2,COFFEE,4/20/12,12.6,48,2012,No Holiday,0,0,66.2,1
5510,2053,2,COFFEE,4/20/13,13.41,26,2013,No Holiday,1,0,62.6,1
5518,2053,2,COFFEE,4/20/14,11.48,40,2014,No Holiday,1,0,50.0,1
5526,2053,2,COFFEE,4/20/15,12.26,46,2015,No Holiday,0,0,60.8,1
5534,2053,2,COFFEE,4/21/12,12.6,28,2012,No Holiday,1,0,53.6,1
5542,2053,2,COFFEE,4/21/13,13.41,32,2013,No Holiday,1,0,57.2,1
5550,2053,2,COFFEE,4/21/14,11.48,48,2014,No Holiday,0,0,53.6,1
5558,2053,2,COFFEE,4/21/15,12.26,46,2015,No Holiday,0,0,62.6,1
5566,2053,2,COFFEE,4/22/12,12.6,36,2012,No Holiday,1,0,57.2,1
5574,2053,2,COFFEE,4/22/13,13.41,46,2013,No Holiday,0,0,32.0,1
5582,2053,2,COFFEE,4/22/14,11.48,50,2014,No Holiday,0,0,57.2,1
5590,2053,2,COFFEE,4/22/15,12.26,50,2015,No Holiday,0,0,68.0,1
5598,2053,2,COFFEE,4/23/12,12.6,46,2012,No Holiday,0,0,55.4,1
5606,2053,2,COFFEE,4/23/13,13.41,46,2013,No Holiday,0,0,66.2,1
5614,2053,2,COFFEE,4/23/14,11.48,56,2014,No Holiday,0,0,53.6,1
5622,2053,2,COFFEE,4/23/15,12.26,50,2015,No Holiday,0,0,69.8,1
5630,2053,2,COFFEE,4/24/12,12.6,48,2012,No Holiday,0,0,60.8,1
5638,2053,2,COFFEE,4/24/13,13.41,46,2013,No Holiday,0,0,59.0,1
5646,2053,2,COFFEE,4/24/14,11.48,54,2014,No Holiday,0,0,60.8,1
5654,2053,2,COFFEE,4/24/15,12.26,48,2015,No Holiday,0,0,66.2,1
5662,2053,2,COFFEE,4/25/12,12.6,48,2012,No Holiday,0,0,55.4,1
5670,2053,2,COFFEE,4/25/13,12.46,42,2013,No Holiday,0,0,55.4,1
5678,2053,2,COFFEE,4/25/14,11.48,54,2014,No Holiday,0,0,59.0,1
5686,2053,2,COFFEE,4/25/15,12.26,32,2015,No Holiday,1,0,64.4,1
5694,2053,2,COFFEE,4/26/12,12.6,46,2012,No Holiday,0,0,53.6,1
5702,2053,2,COFFEE,4/26/13,12.46,44,2013,No Holiday,0,0,64.4,1
5710,2053,2,COFFEE,4/26/14,11.48,32,2014,No Holiday,1,0,60.8,1
5718,2053,2,COFFEE,4/26/15,12.26,38,2015,No Holiday,1,0,60.8,1
5726,2053,2,COFFEE,4/27/12,12.6,48,2012,No Holiday,0,0,60.8,1
5734,2053,2,COFFEE,4/27/13,12.46,36,2013,No Holiday,1,0,62.6,1
5742,2053,2,COFFEE,4/27/14,11.48,38,2014,No Holiday,1,0,60.8,1
5750,2053,2,COFFEE,4/27/15,12.26,48,2015,No Holiday,0,0,64.4,1
5758,2053,2,COFFEE,4/28/12,12.6,34,2012,No Holiday,1,0,64.4,1
5766,2053,2,COFFEE,4/28/13,12.46,38,2013,No Holiday,1,0,60.8,1
5774,2053,2,COFFEE,4/28/14,11.48,50,2014,No Holiday,0,0,59.0,1
5782,2053,2,COFFEE,4/28/15,12.26,50,2015,No Holiday,0,0,64.4,1
5790,2053,2,COFFEE,4/29/12,12.6,28,2012,No Holiday,1,0,62.6,1
5798,2053,2,COFFEE,4/29/13,12.46,36,2013,Labor Day,0,0,60.8,1
5806,2053,2,COFFEE,4/29/14,11.48,36,2014,Labor Day,0,0,68.0,1
5814,2053,2,COFFEE,4/29/15,12.26,44,2015,No Holiday,0,0,68.0,1
5822,2053,2,COFFEE,4/3/12,12.6,36,2012,Qing Ming Festival,0,0,48.2,1
5830,2053,2,COFFEE,4/3/13,13.41,30,2013,Qing Ming Festival,0,0,51.8,1
5838,2053,2,COFFEE,4/3/14,12.37,44,2014,No Holiday,0,0,50.0,1
5846,2053,2,COFFEE,4/3/15,10.81,56,2015,No Holiday,0,0,55.4,1
5854,2053,2,COFFEE,4/30/12,12.6,36,2012,Labor Day,0,0,62.6,1
5862,2053,2,COFFEE,4/30/13,12.46,34,2013,Labor Day,0,0,68.0,1
5870,2053,2,COFFEE,4/30/14,11.48,34,2014,Labor Day,0,0,64.4,1
5878,2053,2,COFFEE,4/30/15,12.26,46,2015,No Holiday,0,0,71.6,1
5886,2053,2,COFFEE,4/4/12,12.6,30,2012,Qing Ming Festival,0,0,53.6,1
5894,2053,2,COFFEE,4/4/13,13.41,30,2013,Qing Ming Festival,0,0,55.4,1
5902,2053,2,COFFEE,4/4/14,12.37,38,2014,Qing Ming Festival,0,0,48.2,1
5910,2053,2,COFFEE,4/4/15,10.81,40,2015,No Holiday,1,0,60.8,1
5918,2053,2,COFFEE,4/5/12,12.6,30,2012,Qing Ming Festival,0,0,57.2,1
5926,2053,2,COFFEE,4/5/13,13.41,44,2013,No Holiday,0,0,50.0,1
5934,2053,2,COFFEE,4/5/14,12.37,22,2014,Qing Ming Festival,1,0,44.6,1
5942,2053,2,COFFEE,4/5/15,10.81,24,2015,Qing Ming Festival,1,0,55.4,1
5950,2053,2,COFFEE,4/6/12,12.6,44,2012,No Holiday,0,0,55.4,1
5958,2053,2,COFFEE,4/6/13,13.41,26,2013,No Holiday,1,0,55.4,1
5966,2053,2,COFFEE,4/6/14,12.37,24,2014,Qing Ming Festival,1,0,46.4,1
5974,2053,2,COFFEE,4/6/15,10.81,42,2015,Qing Ming Festival,0,0,62.6,1
5982,2053,2,COFFEE,4/7/12,12.6,32,2012,No Holiday,1,0,53.6,1
5990,2053,2,COFFEE,4/7/13,13.41,26,2013,No Holiday,1,0,62.6,1
5998,2053,2,COFFEE,4/7/14,12.37,46,2014,No Holiday,0,0,50.0,1
6006,2053,2,COFFEE,4/7/15,10.81,38,2015,Qing Ming Festival,0,0,64.4,1
6014,2053,2,COFFEE,4/8/12,12.6,30,2012,No Holiday,1,0,55.4,1
6022,2053,2,COFFEE,4/8/13,13.41,38,2013,No Holiday,0,0,59.0,1
6030,2053,2,COFFEE,4/8/14,12.37,50,2014,No Holiday,0,0,46.4,1
6038,2053,2,COFFEE,4/8/15,10.81,52,2015,No Holiday,0,0,64.4,1
6046,2053,2,COFFEE,4/9/12,12.6,44,2012,No Holiday,0,0,60.8,1
6054,2053,2,COFFEE,4/9/13,13.41,40,2013,No Holiday,0,0,66.2,1
6062,2053,2,COFFEE,4/9/14,12.37,52,2014,No Holiday,0,0,46.4,1
6070,2053,2,COFFEE,4/9/15,10.81,56,2015,No Holiday,0,0,66.2,1
6078,2053,2,COFFEE,5/1/12,10.47,44,2012,Labor Day,0,0,66.2,1
6086,2053,2,COFFEE,5/1/13,12.46,30,2013,Labor Day,0,0,64.4,1
6094,2053,2,COFFEE,5/1/14,11.48,36,2014,Labor Day,0,0,64.4,1
6102,2053,2,COFFEE,5/1/15,12.26,38,2015,Labor Day,0,0,68.0,1
6110,2053,2,COFFEE,5/10/12,10.47,58,2012,No Holiday,0,0,66.2,1
6118,2053,2,COFFEE,5/10/13,12.46,48,2013,No Holiday,0,0,75.2,1
6126,2053,2,COFFEE,5/10/14,11.48,40,2014,No Holiday,1,0,71.6,1
6134,2053,2,COFFEE,5/10/15,12.26,30,2015,No Holiday,1,0,59.0,1
6142,2053,2,COFFEE,5/11/12,10.47,62,2012,No Holiday,0,0,68.0,1
6150,2053,2,COFFEE,5/11/13,12.46,36,2013,No Holiday,1,0,66.2,1
6158,2053,2,COFFEE,5/11/14,11.48,40,2014,No Holiday,1,0,75.2,1
6166,2053,2,COFFEE,5/11/15,12.26,44,2015,No Holiday,0,0,51.8,1
6174,2053,2,COFFEE,5/12/12,10.47,42,2012,No Holiday,1,0,64.4,1
6182,2053,2,COFFEE,5/12/13,12.46,36,2013,No Holiday,1,0,64.4,1
6190,2053,2,COFFEE,5/12/14,11.48,50,2014,No Holiday,0,0,73.4,1
6198,2053,2,COFFEE,5/12/15,12.26,52,2015,No Holiday,0,0,71.6,1
6206,2053,2,COFFEE,5/13/12,10.47,40,2012,No Holiday,1,0,69.8,1
6214,2053,2,COFFEE,5/13/13,12.46,50,2013,No Holiday,0,0,68.0,1
6222,2053,2,COFFEE,5/13/14,11.48,56,2014,No Holiday,0,0,73.4,1
6230,2053,2,COFFEE,5/13/15,12.26,52,2015,No Holiday,0,0,73.4,1
6238,2053,2,COFFEE,5/14/12,10.47,60,2012,No Holiday,0,0,71.6,1
6246,2053,2,COFFEE,5/14/13,12.46,50,2013,No Holiday,0,0,66.2,1
6254,2053,2,COFFEE,5/14/14,11.48,48,2014,No Holiday,0,0,71.6,1
6262,2053,2,COFFEE,5/14/15,12.26,50,2015,No Holiday,0,0,62.6,1
6270,2053,2,COFFEE,5/15/12,10.47,56,2012,No Holiday,0,0,66.2,1
6278,2053,2,COFFEE,5/15/13,12.46,42,2013,No Holiday,0,0,68.0,1
6286,2053,2,COFFEE,5/15/14,11.48,54,2014,No Holiday,0,0,71.6,1
6294,2053,2,COFFEE,5/15/15,12.26,48,2015,No Holiday,0,0,71.6,1
6302,2053,2,COFFEE,5/16/12,10.47,58,2012,No Holiday,0,0,69.8,1
6310,2053,2,COFFEE,5/16/13,12.46,50,2013,No Holiday,0,0,69.8,1
6318,2053,2,COFFEE,5/16/14,11.48,54,2014,No Holiday,0,0,68.0,1
6326,2053,2,COFFEE,5/16/15,12.26,34,2015,No Holiday,1,0,69.8,1
6334,2053,2,COFFEE,5/17/12,10.47,64,2012,No Holiday,0,0,71.6,1
6342,2053,2,COFFEE,5/17/13,12.46,48,2013,No Holiday,0,0,73.4,1
6350,2053,2,COFFEE,5/17/14,11.48,40,2014,No Holiday,1,0,69.8,1
6358,2053,2,COFFEE,5/17/15,12.26,34,2015,No Holiday,1,0,71.6,1
6366,2053,2,COFFEE,5/18/12,10.47,62,2012,No Holiday,0,0,75.2,1
7,2053,2,COKE,1/1/12,12.6,30,2012,New Year,1,0,24.8,0
15,2053,2,COKE,1/1/13,13.41,30,2013,New Year,0,0,30.2,1
23,2053,2,COKE,1/1/14,12.37,44,2014,New Year,0,0,19.4,0
31,2053,2,COKE,1/1/15,10.81,36,2015,New Year,0,0,37.4,1
39,2053,2,COKE,1/10/12,12.6,58,2012,No Holiday,0,0,24.8,0
47,2053,2,COKE,1/10/13,13.41,48,2013,No Holiday,0,0,28.4,0
55,2053,2,COKE,1/10/14,12.37,54,2014,No Holiday,0,0,24.8,0
63,2053,2,COKE,1/10/15,10.81,48,2015,No Holiday,1,0,28.4,0
71,2053,2,COKE,1/11/12,12.6,52,2012,No Holiday,0,0,21.2,0
79,2053,2,COKE,1/11/13,13.41,54,2013,No Holiday,0,0,24.8,0
87,2053,2,COKE,1/11/14,12.37,42,2014,No Holiday,1,0,30.2,0
95,2053,2,COKE,1/11/15,10.81,36,2015,No Holiday,1,0,32.0,1
103,2053,2,COKE,1/12/12,12.6,60,2012,No Holiday,0,0,24.8,0
111,2053,2,COKE,1/12/13,13.41,40,2013,No Holiday,1,0,28.4,0
119,2053,2,COKE,1/12/14,12.37,40,2014,No Holiday,1,0,28.4,0
127,2053,2,COKE,1/12/15,10.81,64,2015,No Holiday,0,0,26.6,0
135,2053,2,COKE,1/13/12,12.6,58,2012,No Holiday,0,0,26.6,0
143,2053,2,COKE,1/13/13,13.41,32,2013,No Holiday,1,0,30.2,0
151,2053,2,COKE,1/13/14,12.37,60,2014,No Holiday,0,0,28.4,0
159,2053,2,COKE,1/13/15,10.81,66,2015,No Holiday,0,0,28.4,0
167,2053,2,COKE,1/14/12,12.6,42,2012,No Holiday,1,0,23.0,0
175,2053,2,COKE,1/14/13,13.41,48,2013,No Holiday,0,1,30.2,0
183,2053,2,COKE,1/14/14,12.37,52,2014,No Holiday,0,0,28.4,1
191,2053,2,COKE,1/14/15,10.81,66,2015,No Holiday,0,0,30.2,0
199,2053,2,COKE,1/15/12,12.6,32,2012,No Holiday,1,0,32.0,1
207,2053,2,COKE,1/15/13,13.41,50,2013,No Holiday,0,1,30.2,0
215,2053,2,COKE,1/15/14,12.37,54,2014,No Holiday,0,0,26.6,0
223,2053,2,COKE,1/15/15,10.81,56,2015,No Holiday,0,0,32.0,1
231,2053,2,COKE,1/16/12,12.6,56,2012,No Holiday,0,0,23.0,0
239,2053,2,COKE,1/16/13,13.41,46,2013,No Holiday,0,1,30.2,1
247,2053,2,COKE,1/16/14,12.37,56,2014,No Holiday,0,0,24.8,0
255,2053,2,COKE,1/16/15,10.81,60,2015,No Holiday,0,0,32.0,1
263,2053,2,COKE,1/17/12,12.6,54,2012,No Holiday,0,0,23.0,0
271,2053,2,COKE,1/17/13,13.41,42,2013,No Holiday,0,1,30.2,1
279,2053,2,COKE,1/17/14,12.37,54,2014,No Holiday,0,0,26.6,0
287,2053,2,COKE,1/17/15,10.81,48,2015,No Holiday,1,0,30.2,0
295,2053,2,COKE,1/18/12,12.6,58,2012,No Holiday,0,0,23.0,0
303,2053,2,COKE,1/18/13,13.41,40,2013,No Holiday,0,1,32.0,1
311,2053,2,COKE,1/18/14,12.37,40,2014,No Holiday,1,0,28.4,0
319,2053,2,COKE,1/18/15,10.81,40,2015,No Holiday,1,0,33.8,1
327,2053,2,COKE,1/19/12,12.6,54,2012,No Holiday,0,0,24.8,0
335,2053,2,COKE,1/19/13,13.41,32,2013,No Holiday,1,1,28.4,1
343,2053,2,COKE,1/19/14,12.37,34,2014,No Holiday,1,0,30.2,1
351,2053,2,COKE,1/19/15,10.81,56,2015,No Holiday,0,1,33.8,1
359,2053,2,COKE,1/2/12,12.6,34,2012,New Year,0,0,24.8,0
367,2053,2,COKE,1/2/13,13.41,40,2013,New Year,0,0,28.4,0
375,2053,2,COKE,1/2/14,12.37,40,2014,New Year,0,0,14.0,0
383,2053,2,COKE,1/2/15,10.81,60,2015,No Holiday,0,0,37.4,1
391,2053,2,COKE,1/20/12,12.6,58,2012,No Holiday,0,0,26.6,0
399,2053,2,COKE,1/20/13,13.41,36,2013,No Holiday,1,1,23.0,0
407,2053,2,COKE,1/20/14,12.37,56,2014,No Holiday,0,0,24.8,0
415,2053,2,COKE,1/20/15,10.81,54,2015,No Holiday,0,1,30.2,1
423,2053,2,COKE,1/21/12,12.6,40,2012,No Holiday,1,0,26.6,0
431,2053,2,COKE,1/21/13,13.41,50,2013,No Holiday,0,1,19.4,0
439,2053,2,COKE,1/21/14,12.37,60,2014,No Holiday,0,0,28.4,0
447,2053,2,COKE,1/21/15,10.81,68,2015,No Holiday,0,1,32.0,0
455,2053,2,COKE,1/22/12,12.6,34,2012,No Holiday,1,0,24.8,0
463,2053,2,COKE,1/22/13,13.41,38,2013,Luner New Year,0,1,17.6,0
471,2053,2,COKE,1/22/14,12.37,60,2014,No Holiday,0,0,28.4,0
479,2053,2,COKE,1/22/15,10.81,60,2015,No Holiday,0,1,32.0,1
487,2053,2,COKE,1/23/12,12.6,52,2012,No Holiday,0,0,23.0,0
495,2053,2,COKE,1/23/13,13.41,36,2013,Luner New Year,0,1,21.2,0
503,2053,2,COKE,1/23/14,12.37,54,2014,No Holiday,0,0,28.4,0
511,2053,2,COKE,1/23/15,10.81,58,2015,No Holiday,0,1,32.0,1
519,2053,2,COKE,1/24/12,12.6,56,2012,No Holiday,0,0,24.8,0
527,2053,2,COKE,1/24/13,13.41,40,2013,Luner New Year,0,1,23.0,0
535,2053,2,COKE,1/24/14,12.37,60,2014,No Holiday,0,0,26.6,0
543,2053,2,COKE,1/24/15,10.81,36,2015,No Holiday,1,1,35.6,1
551,2053,2,COKE,1/25/12,12.6,60,2012,No Holiday,0,0,23.0,0
559,2053,2,COKE,1/25/13,13.41,40,2013,Luner New Year,0,1,23.0,0
567,2053,2,COKE,1/25/14,12.37,42,2014,No Holiday,1,1,24.8,0
575,2053,2,COKE,1/25/15,10.81,40,2015,No Holiday,1,1,33.8,1
