Model comparasions/processedDataSets/Combined_Data.csv
,SELL_ID,SELL_CATEGORY,ITEM_NAME,CALENDAR_DATE,PRICE,QUANTITY,YEAR,HOLIDAY,IS_WEEKEND,IS_SCHOOLBREAK,AVERAGE_TEMPERATURE,IS_OUTDOOR
583,2053,2,COKE,1/26/12,12.6,52,2012,No Holiday,0,0,24.8,0
591,2053,2,COKE,1/26/13,13.41,30,2013,Luner New Year,1,1,26.6,0
599,2053,2,COKE,1/26/14,12.37,38,2014,No Holiday,1,1,26.6,0
607,2053,2,COKE,1/26/15,10.81,58,2015,No Holiday,0,1,32.0,1
615,2053,2,COKE,1/27/12,12.6,46,2012,No Holiday,0,0,32.0,1
623,2053,2,COKE,1/27/13,13.41,26,2013,Luner New Year,1,1,26.6,0
631,2053,2,COKE,1/27/14,12.37,58,2014,No Holiday,0,1,28.4,0
639,2053,2,COKE,1/27/15,10.81,54,2015,No Holiday,0,1,35.6,1
647,2053,2,COKE,1/28/12,12.6,34,2012,No Holiday,1,0,32.0,1
655,2053,2,COKE,1/28/13,13.41,32,2013,Luner New Year,0,1,23.0,0
663,2053,2,COKE,1/28/14,12.37,44,2014,No Holiday,0,1,32.0,1
671,2053,2,COKE,1/28/15,10.81,52,2015,No Holiday,0,1,32.0,1
679,2053,2,COKE,1/29/12,12.6,38,2012,No Holiday,1,0,23.0,0
687,2053,2,COKE,1/29/13,13.41,48,2013,No Holiday,0,1,23.0,0
695,2053,2,COKE,1/29/14,12.37,46,2014,No Holiday,0,1,32.0,1
703,2053,2,COKE,1/29/15,10.81,60,2015,No Holiday,0,1,33.8,1
711,2053,2,COKE,1/3/12,12.6,28,2012,New Year,0,0,32.0,1
719,2053,2,COKE,1/3/13,13.41,40,2013,New Year,0,0,26.6,0
727,2053,2,COKE,1/3/14,12.37,42,2014,New Year,0,0,17.6,0
735,2053,2,COKE,1/3/15,10.81,40,2015,No Holiday,1,0,35.6,1
743,2053,2,COKE,1/30/12,12.6,52,2012,No Holiday,0,0,28.4,0
751,2053,2,COKE,1/30/13,13.41,54,2013,No Holiday,0,1,23.0,0
759,2053,2,COKE,1/30/14,12.37,50,2014,No Holiday,0,1,30.2,1
767,2053,2,COKE,1/30/15,10.81,58,2015,No Holiday,0,1,33.8,1
775,2053,2,COKE,1/31/12,12.6,42,2012,No Holiday,0,0,32.0,1
783,2053,2,COKE,1/31/13,13.41,48,2013,No Holiday,0,1,23.0,0
791,2053,2,COKE,1/31/14,12.37,50,2014,No Holiday,0,1,30.2,1
799,2053,2,COKE,1/31/15,10.81,28,2015,Luner New Year,1,1,33.8,1
807,2053,2,COKE,1/4/12,12.6,42,2012,No Holiday,0,0,32.0,1
815,2053,2,COKE,1/4/13,13.41,48,2013,No Holiday,0,0,24.8,0
823,2053,2,COKE,1/4/14,12.37,42,2014,No Holiday,1,0,21.2,0
831,2053,2,COKE,1/4/15,10.81,36,2015,No Holiday,1,0,32.0,1
839,2053,2,COKE,1/5/12,12.6,58,2012,No Holiday,0,0,24.8,0
847,2053,2,COKE,1/5/13,13.41,32,2013,No Holiday,1,0,26.6,0
855,2053,2,COKE,1/5/14,12.37,42,2014,No Holiday,1,0,19.4,0
863,2053,2,COKE,1/5/15,10.81,54,2015,No Holiday,0,0,33.8,1
871,2053,2,COKE,1/6/12,12.6,54,2012,No Holiday,0,0,23.0,0
879,2053,2,COKE,1/6/13,13.41,40,2013,No Holiday,1,0,26.6,0
887,2053,2,COKE,1/6/14,12.37,60,2014,No Holiday,0,0,21.2,0
895,2053,2,COKE,1/6/15,10.81,52,2015,No Holiday,0,0,32.0,1
903,2053,2,COKE,1/7/12,12.6,42,2012,No Holiday,1,0,26.6,0
911,2053,2,COKE,1/7/13,13.41,52,2013,No Holiday,0,0,26.6,0
919,2053,2,COKE,1/7/14,12.37,52,2014,No Holiday,0,0,24.8,0
927,2053,2,COKE,1/7/15,10.81,52,2015,No Holiday,0,0,32.0,1
935,2053,2,COKE,1/8/12,12.6,42,2012,No Holiday,1,0,26.6,0
943,2053,2,COKE,1/8/13,13.41,48,2013,No Holiday,0,0,26.6,0
951,2053,2,COKE,1/8/14,12.37,60,2014,No Holiday,0,0,21.2,0
959,2053,2,COKE,1/8/15,10.81,72,2015,No Holiday,0,0,24.8,0
967,2053,2,COKE,1/9/12,12.6,54,2012,No Holiday,0,0,23.0,0
975,2053,2,COKE,1/9/13,13.41,50,2013,No Holiday,0,0,28.4,0
983,2053,2,COKE,1/9/14,12.37,52,2014,No Holiday,0,0,23.0,0
991,2053,2,COKE,1/9/15,10.81,64,2015,No Holiday,0,0,24.8,0
999,2053,2,COKE,10/1/12,12.42,34,2012,National Day,0,0,59.0,1
1007,2053,2,COKE,10/1/13,10.45,46,2013,National Day,0,0,66.2,1
1015,2053,2,COKE,10/1/14,12.77,28,2014,National Day,0,0,59.0,1
1023,2053,2,COKE,10/10/12,12.42,46,2012,No Holiday,0,0,62.6,1
1031,2053,2,COKE,10/10/13,10.45,56,2013,No Holiday,0,0,59.0,1
1039,2053,2,COKE,10/10/14,12.77,46,2014,No Holiday,0,0,60.8,1
1047,2053,2,COKE,10/11/12,12.42,48,2012,No Holiday,0,0,62.6,1
1055,2053,2,COKE,10/11/13,10.45,58,2013,No Holiday,0,0,60.8,1
1063,2053,2,COKE,10/11/14,12.77,34,2014,No Holiday,1,0,62.6,1
1071,2053,2,COKE,10/12/12,12.42,48,2012,No Holiday,0,0,62.6,1
1079,2053,2,COKE,10/12/13,10.45,44,2013,No Holiday,1,0,64.4,1
1087,2053,2,COKE,10/12/14,12.77,36,2014,No Holiday,1,0,64.4,1
1095,2053,2,COKE,10/13/12,12.42,38,2012,No Holiday,1,0,59.0,1
1103,2053,2,COKE,10/13/13,10.45,44,2013,No Holiday,1,0,55.4,1
1111,2053,2,COKE,10/13/14,12.77,44,2014,No Holiday,0,0,59.0,1
1119,2053,2,COKE,10/14/12,12.42,30,2012,No Holiday,1,0,57.2,1
1127,2053,2,COKE,10/14/13,10.45,56,2013,No Holiday,0,0,55.4,1
1135,2053,2,COKE,10/14/14,12.77,42,2014,No Holiday,0,0,48.2,1
1143,2053,2,COKE,10/15/12,12.42,50,2012,No Holiday,0,0,59.0,1
1151,2053,2,COKE,10/15/13,10.45,60,2013,No Holiday,0,0,55.4,1
1159,2053,2,COKE,10/15/14,12.77,44,2014,No Holiday,0,0,48.2,1
1167,2053,2,COKE,10/16/12,12.42,48,2012,No Holiday,0,0,57.2,1
1175,2053,2,COKE,10/16/13,10.45,58,2013,No Holiday,0,0,51.8,1
1183,2053,2,COKE,10/16/14,12.77,44,2014,No Holiday,0,0,53.6,1
1191,2053,2,COKE,10/17/12,12.42,46,2012,No Holiday,0,0,57.2,1
1199,2053,2,COKE,10/17/13,10.45,60,2013,No Holiday,0,0,51.8,1
1207,2053,2,COKE,10/17/14,12.77,46,2014,No Holiday,0,0,55.4,1
1215,2053,2,COKE,10/18/12,12.42,46,2012,No Holiday,0,0,59.0,1
1223,2053,2,COKE,10/18/13,10.45,62,2013,No Holiday,0,0,55.4,1
1231,2053,2,COKE,10/18/14,12.77,28,2014,No Holiday,1,0,55.4,1
1239,2053,2,COKE,10/19/12,12.42,48,2012,No Holiday,0,0,59.0,1
1247,2053,2,COKE,10/19/13,10.45,38,2013,No Holiday,1,0,57.2,1
1255,2053,2,COKE,10/19/14,12.77,34,2014,No Holiday,1,0,51.8,1
1263,2053,2,COKE,10/2/12,12.42,32,2012,National Day,0,0,57.2,1
1271,2053,2,COKE,10/2/13,10.45,38,2013,National Day,0,0,68.0,1
1279,2053,2,COKE,10/2/14,12.77,30,2014,National Day,0,0,62.6,1
1287,2053,2,COKE,10/20/12,12.42,30,2012,No Holiday,1,0,60.8,1
1295,2053,2,COKE,10/20/13,10.45,38,2013,No Holiday,1,0,59.0,1
1303,2053,2,COKE,10/20/14,12.77,48,2014,No Holiday,0,0,55.4,1
1311,2053,2,COKE,10/21/12,12.42,36,2012,No Holiday,1,0,57.2,1
1319,2053,2,COKE,10/21/13,10.45,56,2013,No Holiday,0,0,51.8,1
1327,2053,2,COKE,10/21/14,12.77,46,2014,No Holiday,0,0,53.6,1
1335,2053,2,COKE,10/22/12,12.42,50,2012,No Holiday,0,0,60.8,1
1343,2053,2,COKE,10/22/13,10.45,60,2013,No Holiday,0,0,50.0,1
1351,2053,2,COKE,10/22/14,12.77,42,2014,No Holiday,0,0,50.0,1
1359,2053,2,COKE,10/23/12,12.42,50,2012,No Holiday,0,0,50.0,1
1367,2053,2,COKE,10/23/13,10.45,56,2013,No Holiday,0,0,55.4,1
1375,2053,2,COKE,10/23/14,12.77,44,2014,No Holiday,0,0,48.2,1
1383,2053,2,COKE,10/24/12,12.42,52,2012,No Holiday,0,0,46.4,1
1391,2053,2,COKE,10/24/13,10.45,60,2013,No Holiday,0,0,57.2,1
1399,2053,2,COKE,10/24/14,12.77,44,2014,No Holiday,0,0,50.0,1
1407,2053,2,COKE,10/25/12,12.42,44,2012,No Holiday,0,0,50.0,1
1415,2053,2,COKE,10/25/13,10.45,60,2013,No Holiday,0,0,59.0,1
1423,2053,2,COKE,10/25/14,12.77,34,2014,No Holiday,1,0,51.8,1
1431,2053,2,COKE,10/26/12,12.42,48,2012,No Holiday,0,0,48.2,1
1439,2053,2,COKE,10/26/13,10.45,42,2013,No Holiday,1,0,57.2,1
1447,2053,2,COKE,10/26/14,12.77,34,2014,No Holiday,1,0,53.6,1
1455,2053,2,COKE,10/27/12,12.42,38,2012,No Holiday,1,0,50.0,1
1463,2053,2,COKE,10/27/13,10.45,46,2013,No Holiday,1,0,57.2,1
1471,2053,2,COKE,10/27/14,12.77,46,2014,No Holiday,0,0,53.6,1
1479,2053,2,COKE,10/28/12,12.42,36,2012,No Holiday,1,0,51.8,1
1487,2053,2,COKE,10/28/13,10.45,58,2013,No Holiday,0,0,53.6,1
1495,2053,2,COKE,10/28/14,12.77,50,2014,No Holiday,0,0,51.8,1
1503,2053,2,COKE,10/29/12,12.42,46,2012,No Holiday,0,0,53.6,1
1511,2053,2,COKE,10/29/13,10.45,56,2013,No Holiday,0,0,46.4,1
1519,2053,2,COKE,10/29/14,12.77,44,2014,No Holiday,0,0,48.2,1
1527,2053,2,COKE,10/3/12,12.42,32,2012,National Day,0,0,57.2,1
1535,2053,2,COKE,10/3/13,10.45,44,2013,National Day,0,0,66.2,1
1543,2053,2,COKE,10/3/14,12.77,28,2014,National Day,0,0,60.8,1
1551,2053,2,COKE,10/30/12,12.42,50,2012,No Holiday,0,0,53.6,1
1559,2053,2,COKE,10/30/13,10.45,64,2013,No Holiday,0,0,44.6,1
1567,2053,2,COKE,10/30/14,12.77,46,2014,No Holiday,0,0,50.0,1
1575,2053,2,COKE,10/31/12,12.42,52,2012,No Holiday,0,0,53.6,1
1583,2053,2,COKE,10/31/13,10.45,64,2013,No Holiday,0,0,44.6,1
1591,2053,2,COKE,10/31/14,12.77,46,2014,No Holiday,0,0,48.2,1
1599,2053,2,COKE,10/4/12,12.42,36,2012,National Day,0,0,60.8,1
1607,2053,2,COKE,10/4/13,10.45,46,2013,National Day,0,0,66.2,1
1615,2053,2,COKE,10/4/14,12.77,28,2014,National Day,1,0,64.4,1
1623,2053,2,COKE,10/5/12,12.42,32,2012,National Day,0,0,62.6,1
1631,2053,2,COKE,10/5/13,10.45,34,2013,National Day,1,0,62.6,1
1639,2053,2,COKE,10/5/14,12.77,28,2014,National Day,1,0,64.4,1
1647,2053,2,COKE,10/6/12,12.42,22,2012,National Day,1,0,62.6,1
1655,2053,2,COKE,10/6/13,10.45,34,2013,National Day,1,0,64.4,1
1663,2053,2,COKE,10/6/14,12.77,28,2014,National Day,0,0,62.6,1
1671,2053,2,COKE,10/7/12,12.42,28,2012,National Day,1,0,64.4,1
1679,2053,2,COKE,10/7/13,10.45,40,2013,National Day,0,0,64.4,1
1687,2053,2,COKE,10/7/14,12.77,34,2014,National Day,0,0,64.4,0
1695,2053,2,COKE,10/8/12,12.42,50,2012,No Holiday,0,0,66.2,1
1703,2053,2,COKE,10/8/13,10.45,62,2013,No Holiday,0,0,66.2,1
1711,2053,2,COKE,10/8/14,12.77,58,2014,No Holiday,0,0,62.6,0
1719,2053,2,COKE,10/9/12,12.42,52,2012,No Holiday,0,0,66.2,1
1727,2053,2,COKE,10/9/13,10.45,56,2013,No Holiday,0,0,60.8,1
1735,2053,2,COKE,10/9/14,12.77,50,2014,No Holiday,0,0,66.2,1
1743,2053,2,COKE,11/1/12,12.42,50,2012,No Holiday,0,0,51.8,1
1751,2053,2,COKE,11/1/13,10.45,58,2013,No Holiday,0,0,48.2,1
1759,2053,2,COKE,11/1/14,12.77,36,2014,No Holiday,1,0,46.4,1
1767,2053,2,COKE,11/10/12,12.42,32,2012,No Holiday,1,0,48.2,1
1775,2053,2,COKE,11/10/13,10.45,44,2013,No Holiday,1,0,35.6,1
1783,2053,2,COKE,11/10/14,12.77,44,2014,No Holiday,0,0,42.8,1
1791,2053,2,COKE,11/11/12,12.42,32,2012,No Holiday,1,0,50.0,1
1799,2053,2,COKE,11/11/13,10.45,56,2013,No Holiday,0,0,35.6,1
1807,2053,2,COKE,11/11/14,12.77,50,2014,No Holiday,0,0,44.6,1
1815,2053,2,COKE,11/12/12,12.42,44,2012,No Holiday,0,0,46.4,1
1823,2053,2,COKE,11/12/13,10.45,60,2013,No Holiday,0,0,37.4,1
1831,2053,2,COKE,11/12/14,12.77,42,2014,No Holiday,0,0,44.6,1
1839,2053,2,COKE,11/13/12,12.42,50,2012,No Holiday,0,0,42.8,1
1847,2053,2,COKE,11/13/13,10.45,62,2013,No Holiday,0,0,35.6,1
1855,2053,2,COKE,11/13/14,12.77,42,2014,No Holiday,0,0,46.4,1
1863,2053,2,COKE,11/14/12,12.42,44,2012,No Holiday,0,0,44.6,1
1871,2053,2,COKE,11/14/13,10.45,64,2013,No Holiday,0,0,37.4,1
1879,2053,2,COKE,11/14/14,12.77,46,2014,No Holiday,0,0,44.6,1
1887,2053,2,COKE,11/15/12,12.42,48,2012,No Holiday,0,0,44.6,1
1895,2053,2,COKE,11/15/13,10.45,64,2013,No Holiday,0,0,39.2,1
1903,2053,2,COKE,11/15/14,12.77,30,2014,No Holiday,1,0,48.2,1
1911,2053,2,COKE,11/16/12,12.42,44,2012,No Holiday,0,0,46.4,1
1919,2053,2,COKE,11/16/13,10.45,44,2013,No Holiday,1,0,39.2,1
1927,2053,2,COKE,11/16/14,12.77,34,2014,No Holiday,1,0,42.8,1
1935,2053,2,COKE,11/17/12,12.42,34,2012,No Holiday,1,0,41.0,1
1943,2053,2,COKE,11/17/13,10.45,42,2013,No Holiday,1,0,39.2,1
1951,2053,2,COKE,11/17/14,12.77,42,2014,No Holiday,0,0,39.2,1
1959,2053,2,COKE,11/18/12,12.42,30,2012,No Holiday,1,0,44.6,1
1967,2053,2,COKE,11/18/13,10.45,64,2013,No Holiday,0,0,42.8,1
1975,2053,2,COKE,11/18/14,12.77,42,2014,No Holiday,0,0,39.2,1
1983,2053,2,COKE,11/19/12,12.42,48,2012,No Holiday,0,0,37.4,1
1991,2053,2,COKE,11/19/13,10.45,60,2013,No Holiday,0,0,39.2,1
1999,2053,2,COKE,11/19/14,12.77,48,2014,No Holiday,0,0,39.2,1
2007,2053,2,COKE,11/2/12,12.42,48,2012,No Holiday,0,0,53.6,1
2015,2053,2,COKE,11/2/13,10.45,42,2013,No Holiday,1,0,50.0,1
2023,2053,2,COKE,11/2/14,12.77,32,2014,No Holiday,1,0,51.8,1
2031,2053,2,COKE,11/20/12,12.42,44,2012,No Holiday,0,0,37.4,1
2039,2053,2,COKE,11/20/13,10.45,58,2013,No Holiday,0,0,39.2,1
2047,2053,2,COKE,11/20/14,12.77,50,2014,No Holiday,0,0,39.2,1
2055,2053,2,COKE,11/21/12,12.42,48,2012,No Holiday,0,0,41.0,1
2063,2053,2,COKE,11/21/13,10.45,64,2013,No Holiday,0,0,41.0,1
2071,2053,2,COKE,11/21/14,12.77,44,2014,No Holiday,0,0,39.2,1
2079,2053,2,COKE,11/22/12,12.42,48,2012,No Holiday,0,0,39.2,1
2087,2053,2,COKE,11/22/13,10.45,64,2013,No Holiday,0,0,35.6,1
2095,2053,2,COKE,11/22/14,12.77,36,2014,No Holiday,1,0,41.0,1
2103,2053,2,COKE,11/23/12,12.42,50,2012,No Holiday,0,0,33.8,1
2111,2053,2,COKE,11/23/13,10.45,44,2013,No Holiday,1,0,32.0,1
2119,2053,2,COKE,11/23/14,12.77,32,2014,No Holiday,1,0,44.6,1
2127,2053,2,COKE,11/24/12,12.42,32,2012,No Holiday,1,0,35.6,1
2135,2053,2,COKE,11/24/13,10.45,42,2013,No Holiday,1,0,35.6,1
2143,2053,2,COKE,11/24/14,12.77,46,2014,No Holiday,0,0,39.2,1
2151,2053,2,COKE,11/25/12,12.42,36,2012,No Holiday,1,0,37.4,1
2159,2053,2,COKE,11/25/13,10.45,58,2013,No Holiday,0,0,37.4,1
2167,2053,2,COKE,11/25/14,12.77,46,2014,No Holiday,0,0,35.6,1
2175,2053,2,COKE,11/26/12,12.42,48,2012,No Holiday,0,0,39.2,1
2183,2053,2,COKE,11/26/13,10.45,64,2013,No Holiday,0,0,33.8,1
2191,2053,2,COKE,11/26/14,12.77,42,2014,No Holiday,0,0,33.8,1
2199,2053,2,COKE,11/27/12,12.42,44,2012,No Holiday,0,0,37.4,1
2207,2053,2,COKE,11/27/13,10.45,60,2013,No Holiday,0,0,35.6,1
2215,2053,2,COKE,11/27/14,12.77,46,2014,No Holiday,0,0,28.4,1
2223,2053,2,COKE,11/28/12,12.42,44,2012,No Holiday,0,0,35.6,1
2231,2053,2,COKE,11/28/13,10.45,72,2013,No Holiday,0,0,32.0,0
2239,2053,2,COKE,11/28/14,12.77,48,2014,No Holiday,0,0,33.8,1
2247,2053,2,COKE,11/29/12,12.42,44,2012,No Holiday,0,0,32.0,1
2255,2053,2,COKE,11/29/13,10.45,58,2013,No Holiday,0,0,32.0,1
2263,2053,2,COKE,11/29/14,12.77,28,2014,No Holiday,1,0,41.0,1
2271,2053,2,COKE,11/3/12,12.42,30,2012,No Holiday,1,0,51.8,1
2279,2053,2,COKE,11/3/13,10.45,44,2013,No Holiday,1,0,41.0,1
2287,2053,2,COKE,11/3/14,12.77,48,2014,No Holiday,0,0,50.0,1
2295,2053,2,COKE,11/30/12,12.42,48,2012,No Holiday,0,0,32.0,1
2303,2053,2,COKE,11/30/13,10.45,46,2013,No Holiday,1,0,28.4,0
2311,2053,2,COKE,11/30/14,12.77,30,2014,No Holiday,1,0,37.4,1
2319,2053,2,COKE,11/4/12,12.42,38,2012,No Holiday,1,0,51.8,1
2327,2053,2,COKE,11/4/13,10.45,64,2013,No Holiday,0,0,35.6,1
2335,2053,2,COKE,11/4/14,12.77,46,2014,No Holiday,0,0,51.8,1
2343,2053,2,COKE,11/5/12,12.42,52,2012,No Holiday,0,0,53.6,1
2351,2053,2,COKE,11/5/13,10.45,58,2013,No Holiday,0,0,39.2,1
2359,2053,2,COKE,11/5/14,12.77,48,2014,No Holiday,0,0,50.0,1
2367,2053,2,COKE,11/6/12,12.42,48,2012,No Holiday,0,0,51.8,1
2375,2053,2,COKE,11/6/13,10.45,60,2013,No Holiday,0,0,41.0,1
2383,2053,2,COKE,11/6/14,12.77,50,2014,No Holiday,0,0,50.0,1
2391,2053,2,COKE,11/7/12,12.42,52,2012,No Holiday,0,0,50.0,1
2399,2053,2,COKE,11/7/13,10.45,62,2013,No Holiday,0,0,41.0,1
2407,2053,2,COKE,11/7/14,12.77,46,2014,No Holiday,0,0,48.2,1
2415,2053,2,COKE,11/8/12,12.42,48,2012,No Holiday,0,0,46.4,1
2423,2053,2,COKE,11/8/13,10.45,58,2013,No Holiday,0,0,42.8,1
2431,2053,2,COKE,11/8/14,12.77,34,2014,No Holiday,1,0,48.2,1
2439,2053,2,COKE,11/9/12,12.42,44,2012,No Holiday,0,0,46.4,1
2447,2053,2,COKE,11/9/13,10.45,38,2013,No Holiday,1,0,42.8,1
2455,2053,2,COKE,11/9/14,12.77,34,2014,No Holiday,1,0,46.4,1
2463,2053,2,COKE,12/1/12,12.42,32,2012,No Holiday,1,0,33.8,1
2471,2053,2,COKE,12/1/13,10.45,52,2013,No Holiday,1,0,28.4,0
2479,2053,2,COKE,12/1/14,12.77,42,2014,No Holiday,0,0,39.2,1
2487,2053,2,COKE,12/10/12,12.42,52,2012,No Holiday,0,0,32.0,1
2495,2053,2,COKE,12/10/13,10.45,74,2013,No Holiday,0,0,24.8,0
2503,2053,2,COKE,12/10/14,12.77,48,2014,No Holiday,0,0,33.8,1
2511,2053,2,COKE,12/11/12,12.42,50,2012,No Holiday,0,0,33.8,1
2519,2053,2,COKE,12/11/13,10.45,70,2013,No Holiday,0,0,26.6,0
2527,2053,2,COKE,12/11/14,12.77,42,2014,No Holiday,0,0,33.8,1
2535,2053,2,COKE,12/12/12,12.42,50,2012,No Holiday,0,0,35.6,1
2543,2053,2,COKE,12/12/13,10.45,64,2013,No Holiday,0,0,30.2,1
2551,2053,2,COKE,12/12/14,12.77,58,2014,No Holiday,0,0,30.2,0
2559,2053,2,COKE,12/13/12,12.42,46,2012,No Holiday,0,0,32.0,1
2567,2053,2,COKE,12/13/13,10.45,56,2013,No Holiday,0,0,30.2,1
2575,2053,2,COKE,12/13/14,12.77,30,2014,No Holiday,1,0,32.0,1
2583,2053,2,COKE,12/14/12,12.42,52,2012,No Holiday,0,0,28.4,0
2591,2053,2,COKE,12/14/13,10.45,40,2013,No Holiday,1,0,30.2,1
2599,2053,2,COKE,12/14/14,12.77,36,2014,No Holiday,1,0,32.0,0
2607,2053,2,COKE,12/15/12,12.42,38,2012,No Holiday,1,0,24.8,0
2615,2053,2,COKE,12/15/13,10.45,44,2013,No Holiday,1,0,32.0,1
2623,2053,2,COKE,12/15/14,12.77,46,2014,No Holiday,0,0,32.0,1
2631,2053,2,COKE,12/16/12,12.42,44,2012,No Holiday,1,0,26.6,0
2639,2053,2,COKE,12/16/13,10.45,64,2013,No Holiday,0,0,32.0,1
2647,2053,2,COKE,12/16/14,10.81,54,2014,No Holiday,0,0,30.2,1
2655,2053,2,COKE,12/17/12,12.42,52,2012,No Holiday,0,0,26.6,0
2663,2053,2,COKE,12/17/13,10.45,72,2013,No Holiday,0,0,23.0,0
2671,2053,2,COKE,12/17/14,10.81,70,2014,No Holiday,0,0,28.4,0
2679,2053,2,COKE,12/18/12,12.42,58,2012,No Holiday,0,0,28.4,0
2687,2053,2,COKE,12/18/13,10.45,70,2013,No Holiday,0,0,26.6,0
2695,2053,2,COKE,12/18/14,10.81,68,2014,No Holiday,0,0,28.4,0
2703,2053,2,COKE,12/19/12,12.42,46,2012,No Holiday,0,0,30.2,1
2711,2053,2,COKE,12/19/13,10.45,74,2013,No Holiday,0,0,26.6,0
2719,2053,2,COKE,12/19/14,10.81,72,2014,No Holiday,0,0,26.6,0
2727,2053,2,COKE,12/2/12,12.42,36,2012,No Holiday,1,0,32.0,1
2735,2053,2,COKE,12/2/13,10.45,60,2013,No Holiday,0,0,30.2,1
2743,2053,2,COKE,12/2/14,12.77,50,2014,No Holiday,0,0,41.0,1
2751,2053,2,COKE,12/20/12,12.42,44,2012,No Holiday,0,0,30.2,1
2759,2053,2,COKE,12/20/13,10.45,62,2013,No Holiday,0,0,26.6,1
2767,2053,2,COKE,12/20/14,10.81,48,2014,No Holiday,1,0,28.4,0
2775,2053,2,COKE,12/21/12,12.42,58,2012,No Holiday,0,0,28.4,0
2783,2053,2,COKE,12/21/13,12.37,38,2013,No Holiday,1,0,24.8,0
2791,2053,2,COKE,12/21/14,10.81,52,2014,No Holiday,1,0,28.4,0
2799,2053,2,COKE,12/22/12,12.42,38,2012,No Holiday,1,0,28.4,0
2807,2053,2,COKE,12/22/13,12.37,38,2013,No Holiday,1,0,32.0,1
2815,2053,2,COKE,12/22/14,10.81,66,2014,No Holiday,0,0,30.2,0
2823,2053,2,COKE,12/23/12,12.42,38,2012,No Holiday,1,0,30.2,1
2831,2053,2,COKE,12/23/13,12.37,58,2013,No Holiday,0,0,14.0,0
2839,2053,2,COKE,12/23/14,10.81,64,2014,No Holiday,0,0,30.2,0
2847,2053,2,COKE,12/24/12,12.42,56,2012,No Holiday,0,0,30.2,0
2855,2053,2,COKE,12/24/13,12.37,54,2013,No Holiday,0,0,21.2,0
2863,2053,2,COKE,12/24/14,10.81,70,2014,No Holiday,0,0,30.2,0
2871,2053,2,COKE,12/25/12,12.42,58,2012,No Holiday,0,0,30.2,0
2879,2053,2,COKE,12/25/13,12.37,52,2013,No Holiday,0,0,21.2,0
2887,2053,2,COKE,12/25/14,10.81,60,2014,No Holiday,0,0,32.0,1
