Model comparasions/processedDataSets/Combined_Data.csv
,SELL_ID,SELL_CATEGORY,ITEM_NAME,CALENDAR_DATE,PRICE,QUANTITY,YEAR,HOLIDAY,IS_WEEKEND,IS_SCHOOLBREAK,AVERAGE_TEMPERATURE,IS_OUTDOOR
2895,2053,2,COKE,12/26/12,12.42,48,2012,No Holiday,0,0,30.2,1
2903,2053,2,COKE,12/26/13,12.37,60,2013,No Holiday,0,0,21.2,0
2911,2053,2,COKE,12/26/14,10.81,70,2014,No Holiday,0,0,26.6,0
2919,2053,2,COKE,12/27/12,13.41,42,2012,No Holiday,0,0,30.2,1
2927,2053,2,COKE,12/27/13,12.37,58,2013,No Holiday,0,0,21.2,0
2935,2053,2,COKE,12/27/14,10.81,44,2014,No Holiday,1,0,28.4,0
2943,2053,2,COKE,12/28/12,13.41,52,2012,No Holiday,0,0,30.2,0
2951,2053,2,COKE,12/28/13,12.37,44,2013,No Holiday,1,0,21.2,0
2959,2053,2,COKE,12/28/14,10.81,50,2014,No Holiday,1,0,28.4,0
2967,2053,2,COKE,12/29/12,13.41,32,2012,No Holiday,1,0,26.6,1
2975,2053,2,COKE,12/29/13,12.37,44,2013,No Holiday,1,0,21.2,0
2983,2053,2,COKE,12/29/14,10.81,64,2014,No Holiday,0,0,32.0,0
2991,2053,2,COKE,12/3/12,12.42,48,2012,No Holiday,0,0,32.0,1
2999,2053,2,COKE,12/3/13,10.45,66,2013,No Holiday,0,0,28.4,0
3007,2053,2,COKE,12/3/14,12.77,44,2014,No Holiday,0,0,42.8,1
3015,2053,2,COKE,12/30/12,13.41,28,2012,No Holiday,1,0,28.4,1
3023,2053,2,COKE,12/30/13,12.37,56,2013,No Holiday,0,0,21.2,0
3031,2053,2,COKE,12/30/14,10.81,52,2014,No Holiday,0,0,33.8,1
3039,2053,2,COKE,12/31/12,13.41,54,2012,No Holiday,0,0,30.2,0
3047,2053,2,COKE,12/31/13,12.37,58,2013,No Holiday,0,0,21.2,0
3055,2053,2,COKE,12/31/14,10.81,56,2014,No Holiday,0,0,35.6,1
3063,2053,2,COKE,12/4/12,12.42,44,2012,No Holiday,0,0,33.8,1
3071,2053,2,COKE,12/4/13,10.45,60,2013,No Holiday,0,0,28.4,1
3079,2053,2,COKE,12/4/14,12.77,48,2014,No Holiday,0,0,42.8,1
3087,2053,2,COKE,12/5/12,12.42,50,2012,No Holiday,0,0,32.0,1
3095,2053,2,COKE,12/5/13,10.45,74,2013,No Holiday,0,0,23.0,0
3103,2053,2,COKE,12/5/14,12.77,44,2014,No Holiday,0,0,39.2,1
3111,2053,2,COKE,12/6/12,12.42,44,2012,No Holiday,0,0,32.0,1
3119,2053,2,COKE,12/6/13,10.45,74,2013,No Holiday,0,0,24.8,0
3127,2053,2,COKE,12/6/14,12.77,30,2014,No Holiday,1,0,39.2,1
3135,2053,2,COKE,12/7/12,12.42,58,2012,No Holiday,0,0,30.2,0
3143,2053,2,COKE,12/7/13,10.45,46,2013,No Holiday,1,0,23.0,0
3151,2053,2,COKE,12/7/14,12.77,28,2014,No Holiday,1,0,39.2,1
3159,2053,2,COKE,12/8/12,12.42,44,2012,No Holiday,1,0,24.8,0
3167,2053,2,COKE,12/8/13,10.45,52,2013,No Holiday,1,0,21.2,0
3175,2053,2,COKE,12/8/14,12.77,50,2014,No Holiday,0,0,39.2,1
3183,2053,2,COKE,12/9/12,12.42,38,2012,No Holiday,1,0,28.4,1
3191,2053,2,COKE,12/9/13,10.45,72,2013,No Holiday,0,0,26.6,0
3199,2053,2,COKE,12/9/14,12.77,46,2014,No Holiday,0,0,33.8,1
3207,2053,2,COKE,2/1/12,12.6,48,2012,No Holiday,0,0,32.0,1
3215,2053,2,COKE,2/1/13,13.41,50,2013,No Holiday,0,1,19.4,0
3223,2053,2,COKE,2/1/14,12.37,36,2014,No Holiday,1,1,28.4,0
3231,2053,2,COKE,2/1/15,10.81,24,2015,Luner New Year,1,1,35.6,1
3239,2053,2,COKE,2/10/12,12.6,44,2012,No Holiday,0,0,32.0,1
3247,2053,2,COKE,2/10/13,13.41,34,2013,No Holiday,1,0,28.4,0
3255,2053,2,COKE,2/10/14,12.37,42,2014,Luner New Year,0,1,26.6,0
3263,2053,2,COKE,2/10/15,10.81,68,2015,No Holiday,0,1,23.0,0
3271,2053,2,COKE,2/11/12,12.6,40,2012,No Holiday,1,0,24.8,0
3279,2053,2,COKE,2/11/13,13.41,50,2013,No Holiday,0,0,32.0,0
3287,2053,2,COKE,2/11/14,12.37,44,2014,Luner New Year,0,1,26.6,0
3295,2053,2,COKE,2/11/15,10.81,66,2015,No Holiday,0,1,24.8,0
3303,2053,2,COKE,2/12/12,12.6,34,2012,No Holiday,1,0,24.8,0
3311,2053,2,COKE,2/12/13,13.41,44,2013,No Holiday,0,0,32.0,1
3319,2053,2,COKE,2/12/14,12.37,40,2014,Luner New Year,0,1,28.4,0
3327,2053,2,COKE,2/12/15,10.81,66,2015,No Holiday,0,1,28.4,0
3335,2053,2,COKE,2/13/12,12.6,46,2012,No Holiday,0,0,32.0,1
3343,2053,2,COKE,2/13/13,13.41,44,2013,No Holiday,0,0,33.8,1
3351,2053,2,COKE,2/13/14,12.37,38,2014,Luner New Year,0,1,33.8,1
3359,2053,2,COKE,2/13/15,10.81,66,2015,No Holiday,0,1,26.6,0
3367,2053,2,COKE,2/14/12,12.6,44,2012,No Holiday,0,0,32.0,1
3375,2053,2,COKE,2/14/13,13.41,46,2013,No Holiday,0,0,30.2,0
3383,2053,2,COKE,2/14/14,12.37,38,2014,Luner New Year,0,1,30.2,0
3391,2053,2,COKE,2/14/15,10.81,38,2015,No Holiday,1,1,30.2,1
3399,2053,2,COKE,2/15/12,12.6,48,2012,No Holiday,0,0,32.0,1
3407,2053,2,COKE,2/15/13,13.41,42,2013,No Holiday,0,0,32.0,1
3415,2053,2,COKE,2/15/14,12.37,32,2014,Luner New Year,1,1,30.2,0
3423,2053,2,COKE,2/15/15,10.81,38,2015,No Holiday,1,1,32.0,1
3431,2053,2,COKE,2/16/12,12.6,42,2012,No Holiday,0,0,32.0,1
3439,2053,2,COKE,2/16/13,13.41,32,2013,No Holiday,1,0,28.4,0
3447,2053,2,COKE,2/16/14,12.37,32,2014,No Holiday,1,1,32.0,1
3455,2053,2,COKE,2/16/15,10.81,56,2015,No Holiday,0,1,32.0,1
3463,2053,2,COKE,2/17/12,12.6,42,2012,No Holiday,0,0,32.0,1
3471,2053,2,COKE,2/17/13,13.41,36,2013,No Holiday,1,0,28.4,0
3479,2053,2,COKE,2/17/14,12.37,48,2014,No Holiday,0,1,33.8,1
3487,2053,2,COKE,2/17/15,10.81,60,2015,No Holiday,0,0,32.0,1
3495,2053,2,COKE,2/18/12,12.6,30,2012,No Holiday,1,0,32.0,1
3503,2053,2,COKE,2/18/13,13.41,52,2013,No Holiday,0,0,30.2,0
3511,2053,2,COKE,2/18/14,12.37,56,2014,No Holiday,0,1,28.4,0
3519,2053,2,COKE,2/18/15,10.81,60,2015,No Holiday,0,0,30.2,1
3527,2053,2,COKE,2/19/12,12.6,28,2012,No Holiday,1,0,37.4,1
3535,2053,2,COKE,2/19/13,13.41,42,2013,No Holiday,0,0,32.0,1
3543,2053,2,COKE,2/19/14,12.37,56,2014,No Holiday,0,1,28.4,0
3551,2053,2,COKE,2/19/15,10.81,52,2015,No Holiday,0,0,32.0,1
3559,2053,2,COKE,2/2/12,12.6,34,2012,Luner New Year,0,0,32.0,1
3567,2053,2,COKE,2/2/13,13.41,40,2013,No Holiday,1,1,21.2,0
3575,2053,2,COKE,2/2/14,12.37,44,2014,No Holiday,1,1,28.4,0
3583,2053,2,COKE,2/2/15,10.81,42,2015,Luner New Year,0,1,35.6,1
3591,2053,2,COKE,2/20/12,12.6,44,2012,No Holiday,0,0,37.4,1
3599,2053,2,COKE,2/20/13,13.41,44,2013,No Holiday,0,0,35.6,1
3607,2053,2,COKE,2/20/14,12.37,60,2014,No Holiday,0,0,30.2,0
3615,2053,2,COKE,2/20/15,10.81,52,2015,No Holiday,0,0,32.0,1
3623,2053,2,COKE,2/21/12,12.6,44,2012,No Holiday,0,0,39.2,1
3631,2053,2,COKE,2/21/13,13.41,40,2013,No Holiday,0,0,33.8,1
3639,2053,2,COKE,2/21/14,12.37,44,2014,No Holiday,0,0,33.8,1
3647,2053,2,COKE,2/21/15,10.81,40,2015,No Holiday,1,0,32.0,1
3655,2053,2,COKE,2/22/12,12.6,44,2012,No Holiday,0,0,39.2,1
3663,2053,2,COKE,2/22/13,13.41,46,2013,No Holiday,0,0,35.6,1
3671,2053,2,COKE,2/22/14,12.37,34,2014,No Holiday,1,0,33.8,1
3679,2053,2,COKE,2/22/15,10.81,42,2015,No Holiday,1,0,35.6,1
3687,2053,2,COKE,2/23/12,12.6,46,2012,No Holiday,0,0,42.8,1
3695,2053,2,COKE,2/23/13,13.41,26,2013,No Holiday,1,0,33.8,1
3703,2053,2,COKE,2/23/14,12.37,34,2014,No Holiday,1,0,37.4,1
3711,2053,2,COKE,2/23/15,10.81,52,2015,No Holiday,0,0,33.8,1
3719,2053,2,COKE,2/24/12,12.6,46,2012,No Holiday,0,0,39.2,1
3727,2053,2,COKE,2/24/13,13.41,28,2013,No Holiday,1,0,32.0,1
3735,2053,2,COKE,2/24/14,12.37,44,2014,No Holiday,0,0,33.8,1
3743,2053,2,COKE,2/24/15,10.81,58,2015,No Holiday,0,0,39.2,1
3751,2053,2,COKE,2/25/12,12.6,36,2012,No Holiday,1,0,37.4,1
3759,2053,2,COKE,2/25/13,13.41,38,2013,No Holiday,0,0,32.0,1
3767,2053,2,COKE,2/25/14,12.37,44,2014,No Holiday,0,0,28.4,1
3775,2053,2,COKE,2/25/15,10.81,56,2015,No Holiday,0,0,41.0,1
3783,2053,2,COKE,2/26/12,12.6,30,2012,No Holiday,1,0,32.0,1
3791,2053,2,COKE,2/26/13,13.41,42,2013,No Holiday,0,0,32.0,1
3799,2053,2,COKE,2/26/14,12.37,50,2014,No Holiday,0,0,37.4,1
3807,2053,2,COKE,2/26/15,10.81,56,2015,No Holiday,0,0,41.0,1
3815,2053,2,COKE,2/27/12,12.6,50,2012,No Holiday,0,0,30.2,1
3823,2053,2,COKE,2/27/13,13.41,42,2013,No Holiday,0,0,35.6,1
3831,2053,2,COKE,2/27/14,12.37,52,2014,No Holiday,0,0,42.8,1
3839,2053,2,COKE,2/27/15,10.81,60,2015,No Holiday,0,0,37.4,1
3847,2053,2,COKE,2/28/12,12.6,42,2012,No Holiday,0,0,33.8,1
3855,2053,2,COKE,2/28/13,13.41,44,2013,No Holiday,0,0,35.6,1
3863,2053,2,COKE,2/28/14,12.37,52,2014,No Holiday,0,0,41.0,1
3871,2053,2,COKE,2/28/15,10.81,42,2015,No Holiday,1,0,33.8,1
3879,2053,2,COKE,2/3/12,12.6,32,2012,Luner New Year,0,0,32.0,1
3887,2053,2,COKE,2/3/13,13.41,36,2013,No Holiday,1,1,26.6,0
3895,2053,2,COKE,2/3/14,12.37,44,2014,No Holiday,0,1,28.4,1
3903,2053,2,COKE,2/3/15,10.81,52,2015,Luner New Year,0,1,26.6,0
3911,2053,2,COKE,2/4/12,12.6,20,2012,Luner New Year,1,0,32.0,1
3919,2053,2,COKE,2/4/13,13.41,54,2013,No Holiday,0,1,30.2,0
3927,2053,2,COKE,2/4/14,12.37,56,2014,No Holiday,0,1,28.4,0
3935,2053,2,COKE,2/4/15,10.81,52,2015,Luner New Year,0,1,26.6,0
3943,2053,2,COKE,2/5/12,12.6,28,2012,Luner New Year,1,0,32.0,1
3951,2053,2,COKE,2/5/13,13.41,52,2013,No Holiday,0,1,30.2,0
3959,2053,2,COKE,2/5/14,12.37,54,2014,No Holiday,0,1,28.4,0
3967,2053,2,COKE,2/5/15,10.81,44,2015,Luner New Year,0,1,28.4,1
3975,2053,2,COKE,2/6/12,12.6,32,2012,Luner New Year,0,0,32.0,1
3983,2053,2,COKE,2/6/13,13.41,50,2013,No Holiday,0,1,19.4,0
3991,2053,2,COKE,2/6/14,12.37,54,2014,No Holiday,0,1,24.8,0
3999,2053,2,COKE,2/6/15,10.81,40,2015,Luner New Year,0,1,28.4,1
4007,2053,2,COKE,2/7/12,12.6,30,2012,Luner New Year,0,0,32.0,1
4015,2053,2,COKE,2/7/13,13.41,50,2013,No Holiday,0,0,23.0,0
4023,2053,2,COKE,2/7/14,12.37,60,2014,No Holiday,0,1,19.4,0
4031,2053,2,COKE,2/7/15,10.81,42,2015,No Holiday,1,1,26.6,1
4039,2053,2,COKE,2/8/12,12.6,30,2012,Luner New Year,0,0,32.0,1
4047,2053,2,COKE,2/8/13,13.41,50,2013,No Holiday,0,0,26.6,0
4055,2053,2,COKE,2/8/14,12.37,44,2014,No Holiday,1,1,23.0,0
4063,2053,2,COKE,2/8/15,10.81,52,2015,No Holiday,1,1,24.8,0
4071,2053,2,COKE,2/9/12,12.6,42,2012,No Holiday,0,0,32.0,1
4079,2053,2,COKE,2/9/13,13.41,36,2013,No Holiday,1,0,28.4,0
4087,2053,2,COKE,2/9/14,12.37,28,2014,Luner New Year,1,1,26.6,0
4095,2053,2,COKE,2/9/15,10.81,70,2015,No Holiday,0,1,21.2,0
4103,2053,2,COKE,3/1/12,12.6,50,2012,No Holiday,0,0,33.8,1
4132,2053,2,COKE,3/1/13,13.13,50,2013,No Holiday,0,0,39.2,1
4133,2053,2,COKE,3/1/13,13.13,50,2013,No Holiday,0,0,32.0,1
4134,2053,2,COKE,3/1/13,13.41,80,2013,No Holiday,0,0,39.2,1
4135,2053,2,COKE,3/1/13,13.41,80,2013,No Holiday,0,0,32.0,1
4143,2053,2,COKE,3/1/14,12.37,36,2014,No Holiday,1,0,33.8,1
4151,2053,2,COKE,3/1/15,10.81,40,2015,No Holiday,1,0,39.2,1
4159,2053,2,COKE,3/10/12,12.6,28,2012,No Holiday,1,0,46.4,1
4167,2053,2,COKE,3/10/13,13.41,26,2013,No Holiday,1,0,33.8,1
4175,2053,2,COKE,3/10/14,12.37,48,2014,No Holiday,0,0,39.2,1
4183,2053,2,COKE,3/10/15,10.81,52,2015,No Holiday,0,0,42.8,1
4191,2053,2,COKE,3/11/12,12.6,34,2012,No Holiday,1,0,50.0,1
4199,2053,2,COKE,3/11/13,13.41,50,2013,No Holiday,0,0,32.0,0
4207,2053,2,COKE,3/11/14,12.37,48,2014,No Holiday,0,0,46.4,1
4215,2053,2,COKE,3/11/15,10.81,56,2015,No Holiday,0,0,44.6,1
4223,2053,2,COKE,3/12/12,12.6,50,2012,No Holiday,0,0,55.4,1
4231,2053,2,COKE,3/12/13,13.41,38,2013,No Holiday,0,0,37.4,1
4239,2053,2,COKE,3/12/14,12.37,48,2014,No Holiday,0,0,39.2,1
4247,2053,2,COKE,3/12/15,10.81,60,2015,No Holiday,0,0,39.2,1
4255,2053,2,COKE,3/13/12,12.6,44,2012,No Holiday,0,0,50.0,1
4263,2053,2,COKE,3/13/13,13.41,44,2013,No Holiday,0,0,42.8,1
4271,2053,2,COKE,3/13/14,12.37,50,2014,No Holiday,0,0,37.4,1
4279,2053,2,COKE,3/13/15,10.81,52,2015,No Holiday,0,0,46.4,1
4287,2053,2,COKE,3/14/12,12.6,42,2012,No Holiday,0,0,41.0,1
4295,2053,2,COKE,3/14/13,13.41,40,2013,No Holiday,0,0,42.8,1
4303,2053,2,COKE,3/14/14,12.37,46,2014,No Holiday,0,0,41.0,1
4311,2053,2,COKE,3/14/15,10.81,36,2015,No Holiday,1,0,48.2,1
4319,2053,2,COKE,3/15/12,12.6,46,2012,No Holiday,0,0,37.4,1
4327,2053,2,COKE,3/15/13,13.41,38,2013,No Holiday,0,0,44.6,1
4335,2053,2,COKE,3/15/14,12.37,34,2014,No Holiday,1,0,46.4,1
4343,2053,2,COKE,3/15/15,10.81,38,2015,No Holiday,1,0,53.6,1
4351,2053,2,COKE,3/16/12,12.6,46,2012,No Holiday,0,0,42.8,1
4359,2053,2,COKE,3/16/13,13.41,28,2013,No Holiday,1,0,48.2,1
4367,2053,2,COKE,3/16/14,12.37,38,2014,No Holiday,1,0,48.2,1
4375,2053,2,COKE,3/16/15,10.81,52,2015,No Holiday,0,0,51.8,1
4383,2053,2,COKE,3/17/12,12.6,28,2012,No Holiday,1,0,50.0,1
4391,2053,2,COKE,3/17/13,13.41,26,2013,No Holiday,1,0,42.8,1
4399,2053,2,COKE,3/17/14,12.37,50,2014,No Holiday,0,0,53.6,1
4407,2053,2,COKE,3/17/15,10.81,58,2015,No Holiday,0,0,53.6,1
4415,2053,2,COKE,3/18/12,12.6,30,2012,No Holiday,1,0,44.6,1
4423,2053,2,COKE,3/18/13,13.41,40,2013,No Holiday,0,0,35.6,1
4431,2053,2,COKE,3/18/14,12.37,52,2014,No Holiday,0,0,42.8,1
4439,2053,2,COKE,3/18/15,10.81,58,2015,No Holiday,0,0,51.8,1
4447,2053,2,COKE,3/19/12,12.6,50,2012,No Holiday,0,0,46.4,1
4455,2053,2,COKE,3/19/13,13.41,38,2013,No Holiday,0,0,37.4,1
4463,2053,2,COKE,3/19/14,12.37,52,2014,No Holiday,0,0,32.0,1
4471,2053,2,COKE,3/19/15,10.81,54,2015,No Holiday,0,0,46.4,1
4479,2053,2,COKE,3/2/12,12.6,46,2012,No Holiday,0,0,35.6,1
4487,2053,2,COKE,3/2/13,13.41,26,2013,No Holiday,1,0,35.6,1
4495,2053,2,COKE,3/2/14,12.37,32,2014,No Holiday,1,0,33.8,1
4503,2053,2,COKE,3/2/15,10.81,52,2015,No Holiday,0,0,39.2,1
4511,2053,2,COKE,3/20/12,12.6,42,2012,No Holiday,0,0,44.6,1
4519,2053,2,COKE,3/20/13,13.41,38,2013,No Holiday,0,0,44.6,1
4527,2053,2,COKE,3/20/14,12.37,52,2014,No Holiday,0,0,39.2,1
4535,2053,2,COKE,3/20/15,10.81,54,2015,No Holiday,0,0,50.0,1
4543,2053,2,COKE,3/21/12,12.6,42,2012,No Holiday,0,0,37.4,1
4551,2053,2,COKE,3/21/13,13.41,40,2013,No Holiday,0,0,46.4,1
4559,2053,2,COKE,3/21/14,12.37,52,2014,No Holiday,0,0,46.4,1
4567,2053,2,COKE,3/21/15,10.81,36,2015,No Holiday,1,0,53.6,1
4575,2053,2,COKE,3/22/12,12.6,44,2012,No Holiday,0,0,39.2,1
4583,2053,2,COKE,3/22/13,13.41,40,2013,No Holiday,0,0,41.0,1
4591,2053,2,COKE,3/22/14,12.37,30,2014,No Holiday,1,0,42.8,1
4599,2053,2,COKE,3/22/15,10.81,36,2015,No Holiday,1,0,57.2,1
4607,2053,2,COKE,3/23/12,12.6,46,2012,No Holiday,0,0,42.8,1
4615,2053,2,COKE,3/23/13,13.41,26,2013,No Holiday,1,0,44.6,1
4623,2053,2,COKE,3/23/14,12.37,30,2014,No Holiday,1,0,42.8,1
4631,2053,2,COKE,3/23/15,10.81,60,2015,No Holiday,0,0,55.4,1
4639,2053,2,COKE,3/24/12,12.6,32,2012,No Holiday,1,0,42.8,1
4647,2053,2,COKE,3/24/13,13.41,30,2013,No Holiday,1,0,44.6,1
4655,2053,2,COKE,3/24/14,12.37,52,2014,No Holiday,0,0,39.2,1
4663,2053,2,COKE,3/24/15,10.81,58,2015,No Holiday,0,0,59.0,1
4671,2053,2,COKE,3/25/12,12.6,32,2012,No Holiday,1,0,42.8,1
4679,2053,2,COKE,3/25/13,13.41,38,2013,No Holiday,0,0,46.4,1
4687,2053,2,COKE,3/25/14,12.37,44,2014,No Holiday,0,0,42.8,1
4695,2053,2,COKE,3/25/15,10.81,54,2015,No Holiday,0,0,60.8,1
4703,2053,2,COKE,3/26/12,12.6,50,2012,No Holiday,0,0,46.4,1
4711,2053,2,COKE,3/26/13,13.41,44,2013,No Holiday,0,0,32.0,1
4719,2053,2,COKE,3/26/14,12.37,50,2014,No Holiday,0,0,48.2,1
4727,2053,2,COKE,3/26/15,10.81,60,2015,No Holiday,0,0,60.8,1
4735,2053,2,COKE,3/27/12,12.6,46,2012,No Holiday,0,0,48.2,1
4743,2053,2,COKE,3/27/13,13.41,42,2013,No Holiday,0,0,55.4,1
4751,2053,2,COKE,3/27/14,12.37,52,2014,No Holiday,0,0,50.0,1
4759,2053,2,COKE,3/27/15,10.81,54,2015,No Holiday,0,0,62.6,1
4767,2053,2,COKE,3/28/12,12.6,48,2012,No Holiday,0,0,50.0,1
4775,2053,2,COKE,3/28/13,13.41,46,2013,No Holiday,0,0,59.0,1
4783,2053,2,COKE,3/28/14,12.37,44,2014,No Holiday,0,0,41.0,1
4791,2053,2,COKE,3/28/15,10.81,36,2015,No Holiday,1,0,60.8,1
4799,2053,2,COKE,3/29/12,12.6,50,2012,No Holiday,0,0,51.8,1
4807,2053,2,COKE,3/29/13,13.41,40,2013,No Holiday,0,0,53.6,1
4815,2053,2,COKE,3/29/14,12.37,34,2014,No Holiday,1,0,42.8,1
4823,2053,2,COKE,3/29/15,10.81,36,2015,No Holiday,1,0,59.0,1
4831,2053,2,COKE,3/3/12,12.6,30,2012,No Holiday,1,0,35.6,1
4839,2053,2,COKE,3/3/13,13.41,34,2013,No Holiday,1,0,33.8,1
4847,2053,2,COKE,3/3/14,12.37,46,2014,No Holiday,0,0,44.6,1
4855,2053,2,COKE,3/3/15,10.81,52,2015,No Holiday,0,0,37.4,1
4863,2053,2,COKE,3/30/12,12.6,42,2012,No Holiday,0,0,57.2,1
4871,2053,2,COKE,3/30/13,13.41,28,2013,No Holiday,1,0,46.4,1
4879,2053,2,COKE,3/30/14,12.37,34,2014,No Holiday,1,0,42.8,1
4887,2053,2,COKE,3/30/15,10.81,56,2015,No Holiday,0,0,62.6,1
4895,2053,2,COKE,3/31/12,12.6,28,2012,No Holiday,1,0,57.2,1
4903,2053,2,COKE,3/31/13,13.41,30,2013,No Holiday,1,0,48.2,1
4911,2053,2,COKE,3/31/14,12.37,50,2014,No Holiday,0,0,48.2,1
4919,2053,2,COKE,3/31/15,10.81,56,2015,No Holiday,0,0,57.2,1
4927,2053,2,COKE,3/4/12,12.6,28,2012,No Holiday,1,0,41.0,1
4935,2053,2,COKE,3/4/13,13.41,42,2013,No Holiday,0,0,35.6,1
4943,2053,2,COKE,3/4/14,12.37,44,2014,No Holiday,0,0,46.4,1
4951,2053,2,COKE,3/4/15,10.81,52,2015,No Holiday,0,0,35.6,1
4959,2053,2,COKE,3/5/12,12.6,46,2012,No Holiday,0,0,44.6,1
4967,2053,2,COKE,3/5/13,13.41,42,2013,No Holiday,0,0,35.6,1
4975,2053,2,COKE,3/5/14,12.37,52,2014,No Holiday,0,0,50.0,1
4983,2053,2,COKE,3/5/15,10.81,56,2015,No Holiday,0,0,37.4,1
4991,2053,2,COKE,3/6/12,12.6,44,2012,No Holiday,0,0,39.2,1
4999,2053,2,COKE,3/6/13,13.41,44,2013,No Holiday,0,0,39.2,1
5007,2053,2,COKE,3/6/14,12.37,46,2014,No Holiday,0,0,46.4,1
5015,2053,2,COKE,3/6/15,10.81,56,2015,No Holiday,0,0,35.6,1
5023,2053,2,COKE,3/7/12,12.6,44,2012,No Holiday,0,0,39.2,1
5031,2053,2,COKE,3/7/13,13.41,44,2013,No Holiday,0,0,39.2,1
5039,2053,2,COKE,3/7/14,12.37,52,2014,No Holiday,0,0,50.0,1
5047,2053,2,COKE,3/7/15,10.81,44,2015,No Holiday,1,0,37.4,1
5055,2053,2,COKE,3/8/12,12.6,42,2012,No Holiday,0,0,39.2,1
5063,2053,2,COKE,3/8/13,13.41,44,2013,No Holiday,0,0,32.0,1
5071,2053,2,COKE,3/8/14,12.37,30,2014,No Holiday,1,0,53.6,1
5079,2053,2,COKE,3/8/15,10.81,36,2015,No Holiday,1,0,37.4,1
5087,2053,2,COKE,3/9/12,12.6,44,2012,No Holiday,0,0,41.0,1
5095,2053,2,COKE,3/9/13,13.41,34,2013,No Holiday,1,0,33.8,1
5103,2053,2,COKE,3/9/14,12.37,32,2014,No Holiday,1,0,44.6,1
5111,2053,2,COKE,3/9/15,10.81,56,2015,No Holiday,0,0,39.2,1
5119,2053,2,COKE,4/1/12,12.6,34,2012,No Holiday,1,0,44.6,1
5127,2053,2,COKE,4/1/13,13.41,46,2013,No Holiday,0,0,46.4,1
5135,2053,2,COKE,4/1/14,12.37,44,2014,No Holiday,0,0,46.4,1
5143,2053,2,COKE,4/1/15,10.81,60,2015,No Holiday,0,0,62.6,1
5151,2053,2,COKE,4/10/12,12.6,50,2012,No Holiday,0,0,50.0,1
5159,2053,2,COKE,4/10/13,13.41,42,2013,No Holiday,0,0,59.0,1
5167,2053,2,COKE,4/10/14,12.37,52,2014,No Holiday,0,0,46.4,1
5175,2053,2,COKE,4/10/15,10.81,54,2015,No Holiday,0,0,57.2,1
5183,2053,2,COKE,4/11/12,12.6,50,2012,No Holiday,0,0,57.2,1
5191,2053,2,COKE,4/11/13,13.41,40,2013,No Holiday,0,0,57.2,1
5199,2053,2,COKE,4/11/14,12.37,46,2014,No Holiday,0,0,48.2,1
5207,2053,2,COKE,4/11/15,10.81,38,2015,No Holiday,1,0,57.2,1
5215,2053,2,COKE,4/12/12,12.6,50,2012,No Holiday,0,0,62.6,1
5223,2053,2,COKE,4/12/13,13.41,44,2013,No Holiday,0,0,60.8,1
