Model comparasions/processedDataSets/Combined_Data.csv
,SELL_ID,SELL_CATEGORY,ITEM_NAME,CALENDAR_DATE,PRICE,QUANTITY,YEAR,HOLIDAY,IS_WEEKEND,IS_SCHOOLBREAK,AVERAGE_TEMPERATURE,IS_OUTDOOR
5231,2053,2,COKE,4/12/14,12.37,30,2014,No Holiday,1,0,59.0,1
5239,2053,2,COKE,4/12/15,10.81,40,2015,No Holiday,1,0,59.0,1
5247,2053,2,COKE,4/13/12,12.6,42,2012,No Holiday,0,0,66.2,1
5255,2053,2,COKE,4/13/13,13.41,26,2013,No Holiday,1,0,64.4,1
5263,2053,2,COKE,4/13/14,12.37,38,2014,No Holiday,1,0,57.2,1
5271,2053,2,COKE,4/13/15,10.81,60,2015,No Holiday,0,0,62.6,1
5279,2053,2,COKE,4/14/12,12.6,34,2012,No Holiday,1,0,69.8,1
5287,2053,2,COKE,4/14/13,13.41,28,2013,No Holiday,1,0,69.8,1
5295,2053,2,COKE,4/14/14,12.37,48,2014,No Holiday,0,0,50.0,1
5303,2053,2,COKE,4/14/15,10.81,56,2015,No Holiday,0,0,66.2,1
5311,2053,2,COKE,4/15/12,12.6,28,2012,No Holiday,1,0,60.8,1
5319,2053,2,COKE,4/15/13,13.41,44,2013,No Holiday,0,0,64.4,1
5327,2053,2,COKE,4/15/14,12.37,52,2014,No Holiday,0,0,55.4,1
5335,2053,2,COKE,4/15/15,12.26,50,2015,No Holiday,0,0,64.4,1
5343,2053,2,COKE,4/16/12,12.6,50,2012,No Holiday,0,0,66.2,1
5351,2053,2,COKE,4/16/13,13.41,42,2013,No Holiday,0,0,60.8,1
5359,2053,2,COKE,4/16/14,12.37,52,2014,No Holiday,0,0,53.6,1
5367,2053,2,COKE,4/16/15,12.26,50,2015,No Holiday,0,0,60.8,1
5375,2053,2,COKE,4/17/12,12.6,42,2012,No Holiday,0,0,57.2,1
5383,2053,2,COKE,4/17/13,13.41,42,2013,No Holiday,0,0,69.8,1
5391,2053,2,COKE,4/17/14,12.37,50,2014,No Holiday,0,0,55.4,1
5399,2053,2,COKE,4/17/15,12.26,46,2015,No Holiday,0,0,57.2,1
5407,2053,2,COKE,4/18/12,12.6,46,2012,No Holiday,0,0,57.2,1
5415,2053,2,COKE,4/18/13,13.41,42,2013,No Holiday,0,0,66.2,1
5423,2053,2,COKE,4/18/14,12.37,52,2014,No Holiday,0,0,50.0,1
5431,2053,2,COKE,4/18/15,12.26,32,2015,No Holiday,1,0,60.8,1
5439,2053,2,COKE,4/19/12,12.6,48,2012,No Holiday,0,0,62.6,1
5447,2053,2,COKE,4/19/13,13.41,44,2013,No Holiday,0,0,62.6,1
5455,2053,2,COKE,4/19/14,12.37,34,2014,No Holiday,1,0,41.0,1
5463,2053,2,COKE,4/19/15,12.26,34,2015,No Holiday,1,0,53.6,1
5471,2053,2,COKE,4/2/12,12.6,44,2012,No Holiday,0,0,44.6,1
5479,2053,2,COKE,4/2/13,13.41,26,2013,Qing Ming Festival,0,0,46.4,1
5487,2053,2,COKE,4/2/14,12.37,48,2014,No Holiday,0,0,53.6,1
5495,2053,2,COKE,4/2/15,10.81,56,2015,No Holiday,0,0,60.8,1
5503,2053,2,COKE,4/20/12,12.6,48,2012,No Holiday,0,0,66.2,1
5511,2053,2,COKE,4/20/13,13.41,26,2013,No Holiday,1,0,62.6,1
5519,2053,2,COKE,4/20/14,11.48,40,2014,No Holiday,1,0,50.0,1
5527,2053,2,COKE,4/20/15,12.26,46,2015,No Holiday,0,0,60.8,1
5535,2053,2,COKE,4/21/12,12.6,28,2012,No Holiday,1,0,53.6,1
5543,2053,2,COKE,4/21/13,13.41,32,2013,No Holiday,1,0,57.2,1
5551,2053,2,COKE,4/21/14,11.48,48,2014,No Holiday,0,0,53.6,1
5559,2053,2,COKE,4/21/15,12.26,46,2015,No Holiday,0,0,62.6,1
5567,2053,2,COKE,4/22/12,12.6,36,2012,No Holiday,1,0,57.2,1
5575,2053,2,COKE,4/22/13,13.41,46,2013,No Holiday,0,0,32.0,1
5583,2053,2,COKE,4/22/14,11.48,50,2014,No Holiday,0,0,57.2,1
5591,2053,2,COKE,4/22/15,12.26,50,2015,No Holiday,0,0,68.0,1
5599,2053,2,COKE,4/23/12,12.6,46,2012,No Holiday,0,0,55.4,1
5607,2053,2,COKE,4/23/13,13.41,46,2013,No Holiday,0,0,66.2,1
5615,2053,2,COKE,4/23/14,11.48,56,2014,No Holiday,0,0,53.6,1
5623,2053,2,COKE,4/23/15,12.26,50,2015,No Holiday,0,0,69.8,1
5631,2053,2,COKE,4/24/12,12.6,48,2012,No Holiday,0,0,60.8,1
5639,2053,2,COKE,4/24/13,13.41,46,2013,No Holiday,0,0,59.0,1
5647,2053,2,COKE,4/24/14,11.48,54,2014,No Holiday,0,0,60.8,1
5655,2053,2,COKE,4/24/15,12.26,48,2015,No Holiday,0,0,66.2,1
5663,2053,2,COKE,4/25/12,12.6,48,2012,No Holiday,0,0,55.4,1
5671,2053,2,COKE,4/25/13,12.46,42,2013,No Holiday,0,0,55.4,1
5679,2053,2,COKE,4/25/14,11.48,54,2014,No Holiday,0,0,59.0,1
5687,2053,2,COKE,4/25/15,12.26,32,2015,No Holiday,1,0,64.4,1
5695,2053,2,COKE,4/26/12,12.6,46,2012,No Holiday,0,0,53.6,1
5703,2053,2,COKE,4/26/13,12.46,44,2013,No Holiday,0,0,64.4,1
5711,2053,2,COKE,4/26/14,11.48,32,2014,No Holiday,1,0,60.8,1
5719,2053,2,COKE,4/26/15,12.26,38,2015,No Holiday,1,0,60.8,1
5727,2053,2,COKE,4/27/12,12.6,48,2012,No Holiday,0,0,60.8,1
5735,2053,2,COKE,4/27/13,12.46,36,2013,No Holiday,1,0,62.6,1
5743,2053,2,COKE,4/27/14,11.48,38,2014,No Holiday,1,0,60.8,1
5751,2053,2,COKE,4/27/15,12.26,48,2015,No Holiday,0,0,64.4,1
5759,2053,2,COKE,4/28/12,12.6,34,2012,No Holiday,1,0,64.4,1
5767,2053,2,COKE,4/28/13,12.46,38,2013,No Holiday,1,0,60.8,1
5775,2053,2,COKE,4/28/14,11.48,50,2014,No Holiday,0,0,59.0,1
5783,2053,2,COKE,4/28/15,12.26,50,2015,No Holiday,0,0,64.4,1
5791,2053,2,COKE,4/29/12,12.6,28,2012,No Holiday,1,0,62.6,1
5799,2053,2,COKE,4/29/13,12.46,36,2013,Labor Day,0,0,60.8,1
5807,2053,2,COKE,4/29/14,11.48,36,2014,Labor Day,0,0,68.0,1
5815,2053,2,COKE,4/29/15,12.26,44,2015,No Holiday,0,0,68.0,1
5823,2053,2,COKE,4/3/12,12.6,36,2012,Qing Ming Festival,0,0,48.2,1
5831,2053,2,COKE,4/3/13,13.41,30,2013,Qing Ming Festival,0,0,51.8,1
5839,2053,2,COKE,4/3/14,12.37,44,2014,No Holiday,0,0,50.0,1
5847,2053,2,COKE,4/3/15,10.81,56,2015,No Holiday,0,0,55.4,1
5855,2053,2,COKE,4/30/12,12.6,36,2012,Labor Day,0,0,62.6,1
5863,2053,2,COKE,4/30/13,12.46,34,2013,Labor Day,0,0,68.0,1
5871,2053,2,COKE,4/30/14,11.48,34,2014,Labor Day,0,0,64.4,1
5879,2053,2,COKE,4/30/15,12.26,46,2015,No Holiday,0,0,71.6,1
5887,2053,2,COKE,4/4/12,12.6,30,2012,Qing Ming Festival,0,0,53.6,1
5895,2053,2,COKE,4/4/13,13.41,30,2013,Qing Ming Festival,0,0,55.4,1
5903,2053,2,COKE,4/4/14,12.37,38,2014,Qing Ming Festival,0,0,48.2,1
5911,2053,2,COKE,4/4/15,10.81,40,2015,No Holiday,1,0,60.8,1
5919,2053,2,COKE,4/5/12,12.6,30,2012,Qing Ming Festival,0,0,57.2,1
5927,2053,2,COKE,4/5/13,13.41,44,2013,No Holiday,0,0,50.0,1
5935,2053,2,COKE,4/5/14,12.37,22,2014,Qing Ming Festival,1,0,44.6,1
5943,2053,2,COKE,4/5/15,10.81,24,2015,Qing Ming Festival,1,0,55.4,1
5951,2053,2,COKE,4/6/12,12.6,44,2012,No Holiday,0,0,55.4,1
5959,2053,2,COKE,4/6/13,13.41,26,2013,No Holiday,1,0,55.4,1
5967,2053,2,COKE,4/6/14,12.37,24,2014,Qing Ming Festival,1,0,46.4,1
5975,2053,2,COKE,4/6/15,10.81,42,2015,Qing Ming Festival,0,0,62.6,1
5983,2053,2,COKE,4/7/12,12.6,32,2012,No Holiday,1,0,53.6,1
5991,2053,2,COKE,4/7/13,13.41,26,2013,No Holiday,1,0,62.6,1
5999,2053,2,COKE,4/7/14,12.37,46,2014,No Holiday,0,0,50.0,1
6007,2053,2,COKE,4/7/15,10.81,38,2015,Qing Ming Festival,0,0,64.4,1
6015,2053,2,COKE,4/8/12,12.6,30,2012,No Holiday,1,0,55.4,1
6023,2053,2,COKE,4/8/13,13.41,38,2013,No Holiday,0,0,59.0,1
6031,2053,2,COKE,4/8/14,12.37,50,2014,No Holiday,0,0,46.4,1
6039,2053,2,COKE,4/8/15,10.81,52,2015,No Holiday,0,0,64.4,1
6047,2053,2,COKE,4/9/12,12.6,44,2012,No Holiday,0,0,60.8,1
6055,2053,2,COKE,4/9/13,13.41,40,2013,No Holiday,0,0,66.2,1
6063,2053,2,COKE,4/9/14,12.37,52,2014,No Holiday,0,0,46.4,1
6071,2053,2,COKE,4/9/15,10.81,56,2015,No Holiday,0,0,66.2,1
6079,2053,2,COKE,5/1/12,10.47,44,2012,Labor Day,0,0,66.2,1
6087,2053,2,COKE,5/1/13,12.46,30,2013,Labor Day,0,0,64.4,1
6095,2053,2,COKE,5/1/14,11.48,36,2014,Labor Day,0,0,64.4,1
6103,2053,2,COKE,5/1/15,12.26,38,2015,Labor Day,0,0,68.0,1
6111,2053,2,COKE,5/10/12,10.47,58,2012,No Holiday,0,0,66.2,1
6119,2053,2,COKE,5/10/13,12.46,48,2013,No Holiday,0,0,75.2,1
6127,2053,2,COKE,5/10/14,11.48,40,2014,No Holiday,1,0,71.6,1
6135,2053,2,COKE,5/10/15,12.26,30,2015,No Holiday,1,0,59.0,1
6143,2053,2,COKE,5/11/12,10.47,62,2012,No Holiday,0,0,68.0,1
6151,2053,2,COKE,5/11/13,12.46,36,2013,No Holiday,1,0,66.2,1
6159,2053,2,COKE,5/11/14,11.48,40,2014,No Holiday,1,0,75.2,1
6167,2053,2,COKE,5/11/15,12.26,44,2015,No Holiday,0,0,51.8,1
6175,2053,2,COKE,5/12/12,10.47,42,2012,No Holiday,1,0,64.4,1
6183,2053,2,COKE,5/12/13,12.46,36,2013,No Holiday,1,0,64.4,1
6191,2053,2,COKE,5/12/14,11.48,50,2014,No Holiday,0,0,73.4,1
6199,2053,2,COKE,5/12/15,12.26,52,2015,No Holiday,0,0,71.6,1
6207,2053,2,COKE,5/13/12,10.47,40,2012,No Holiday,1,0,69.8,1
6215,2053,2,COKE,5/13/13,12.46,50,2013,No Holiday,0,0,68.0,1
6223,2053,2,COKE,5/13/14,11.48,56,2014,No Holiday,0,0,73.4,1
6231,2053,2,COKE,5/13/15,12.26,52,2015,No Holiday,0,0,73.4,1
6239,2053,2,COKE,5/14/12,10.47,60,2012,No Holiday,0,0,71.6,1
6247,2053,2,COKE,5/14/13,12.46,50,2013,No Holiday,0,0,66.2,1
6255,2053,2,COKE,5/14/14,11.48,48,2014,No Holiday,0,0,71.6,1
6263,2053,2,COKE,5/14/15,12.26,50,2015,No Holiday,0,0,62.6,1
6271,2053,2,COKE,5/15/12,10.47,56,2012,No Holiday,0,0,66.2,1
6279,2053,2,COKE,5/15/13,12.46,42,2013,No Holiday,0,0,68.0,1
6287,2053,2,COKE,5/15/14,11.48,54,2014,No Holiday,0,0,71.6,1
6295,2053,2,COKE,5/15/15,12.26,48,2015,No Holiday,0,0,71.6,1
6303,2053,2,COKE,5/16/12,10.47,58,2012,No Holiday,0,0,69.8,1
6311,2053,2,COKE,5/16/13,12.46,50,2013,No Holiday,0,0,69.8,1
6319,2053,2,COKE,5/16/14,11.48,54,2014,No Holiday,0,0,68.0,1
6327,2053,2,COKE,5/16/15,12.26,34,2015,No Holiday,1,0,69.8,1
6335,2053,2,COKE,5/17/12,10.47,64,2012,No Holiday,0,0,71.6,1
6343,2053,2,COKE,5/17/13,12.46,48,2013,No Holiday,0,0,73.4,1
6351,2053,2,COKE,5/17/14,11.48,40,2014,No Holiday,1,0,69.8,1
6359,2053,2,COKE,5/17/15,12.26,34,2015,No Holiday,1,0,71.6,1
6367,2053,2,COKE,5/18/12,10.47,62,2012,No Holiday,0,0,75.2,1
